Dec 26 10:04:13 jammy-provider-cloud-0000007867 systemd[1]: Starting Devstack devstack@g-api.service...
Dec 26 10:04:14 jammy-provider-cloud-0000007867 devstack@g-api.service[104361]: [uWSGI] getting INI configuration from /etc/glance/glance-uwsgi.ini
Dec 26 10:04:14 jammy-provider-cloud-0000007867 devstack@g-api.service[104361]: *** Starting uWSGI 2.0.20-debian (64bit) on [Thu Dec 26 10:04:14 2024] ***
Dec 26 10:04:14 jammy-provider-cloud-0000007867 devstack@g-api.service[104361]: compiled with version: 11.2.0 on 21 March 2022 11:00:44
Dec 26 10:04:14 jammy-provider-cloud-0000007867 devstack@g-api.service[104361]: os: Linux-5.15.0-107-generic #117-Ubuntu SMP Fri Apr 26 12:26:49 UTC 2024
Dec 26 10:04:14 jammy-provider-cloud-0000007867 devstack@g-api.service[104361]: nodename: jammy-provider-cloud-0000007867
Dec 26 10:04:14 jammy-provider-cloud-0000007867 devstack@g-api.service[104361]: machine: x86_64
Dec 26 10:04:14 jammy-provider-cloud-0000007867 devstack@g-api.service[104361]: clock source: unix
Dec 26 10:04:14 jammy-provider-cloud-0000007867 devstack@g-api.service[104361]: pcre jit disabled
Dec 26 10:04:14 jammy-provider-cloud-0000007867 devstack@g-api.service[104361]: detected number of CPU cores: 4
Dec 26 10:04:14 jammy-provider-cloud-0000007867 devstack@g-api.service[104361]: current working directory: /
Dec 26 10:04:14 jammy-provider-cloud-0000007867 devstack@g-api.service[104361]: detected binary path: /usr/bin/uwsgi-core
Dec 26 10:04:14 jammy-provider-cloud-0000007867 devstack@g-api.service[104361]: your processes number limit is 31298
Dec 26 10:04:14 jammy-provider-cloud-0000007867 devstack@g-api.service[104361]: your memory page size is 4096 bytes
Dec 26 10:04:14 jammy-provider-cloud-0000007867 devstack@g-api.service[104361]: detected max file descriptor number: 2048
Dec 26 10:04:14 jammy-provider-cloud-0000007867 devstack@g-api.service[104361]: lock engine: pthread robust mutexes
Dec 26 10:04:14 jammy-provider-cloud-0000007867 devstack@g-api.service[104361]: thunder lock: enabled
Dec 26 10:04:14 jammy-provider-cloud-0000007867 devstack@g-api.service[104361]: uwsgi socket 0 bound to TCP address 127.0.0.1:60999 fd 4
Dec 26 10:04:14 jammy-provider-cloud-0000007867 devstack@g-api.service[104361]: Python version: 3.10.12 (main, Nov  6 2024, 20:22:13) [GCC 11.4.0]
Dec 26 10:04:14 jammy-provider-cloud-0000007867 devstack@g-api.service[104361]: PEP 405 virtualenv detected: /opt/stack/data/venv
Dec 26 10:04:14 jammy-provider-cloud-0000007867 devstack@g-api.service[104361]: Set PythonHome to /opt/stack/data/venv
Dec 26 10:04:14 jammy-provider-cloud-0000007867 devstack@g-api.service[104361]: Python main interpreter initialized at 0x55da76091e60
Dec 26 10:04:14 jammy-provider-cloud-0000007867 devstack@g-api.service[104361]: python threads support enabled
Dec 26 10:04:14 jammy-provider-cloud-0000007867 devstack@g-api.service[104361]: your server socket listen backlog is limited to 100 connections
Dec 26 10:04:14 jammy-provider-cloud-0000007867 devstack@g-api.service[104361]: your mercy for graceful operations on workers is 80 seconds
Dec 26 10:04:14 jammy-provider-cloud-0000007867 devstack@g-api.service[104361]: mapped 403077 bytes (393 KB) for 2 cores
Dec 26 10:04:14 jammy-provider-cloud-0000007867 devstack@g-api.service[104361]: *** Operational MODE: preforking ***
Dec 26 10:04:14 jammy-provider-cloud-0000007867 devstack@g-api.service[104361]: *** uWSGI is running in multiple interpreter mode ***
Dec 26 10:04:14 jammy-provider-cloud-0000007867 devstack@g-api.service[104361]: spawned uWSGI master process (pid: 104361)
Dec 26 10:04:14 jammy-provider-cloud-0000007867 systemd[1]: Started Devstack devstack@g-api.service.
Dec 26 10:04:14 jammy-provider-cloud-0000007867 devstack@g-api.service[104361]: spawned uWSGI worker 1 (pid: 104362, cores: 1)
Dec 26 10:04:14 jammy-provider-cloud-0000007867 devstack@g-api.service[104361]: spawned uWSGI worker 2 (pid: 104363, cores: 1)
Dec 26 10:04:14 jammy-provider-cloud-0000007867 devstack@g-api.service[104361]: running "unix_signal:15 gracefully_kill_them_all" (master-start)...
Dec 26 10:04:14 jammy-provider-cloud-0000007867 devstack@g-api.service[104363]: INFO glance.async_ [-] Threadpool model set to 'NativeThreadPoolModel'
Dec 26 10:04:14 jammy-provider-cloud-0000007867 devstack@g-api.service[104362]: INFO glance.async_ [-] Threadpool model set to 'NativeThreadPoolModel'
Dec 26 10:04:14 jammy-provider-cloud-0000007867 devstack@g-api.service[104363]: DEBUG oslo_concurrency.processutils [-] Running cmd (subprocess): grep -F node.session.scan /sbin/iscsiadm {{(pid=104363) execute /opt/stack/data/venv/lib/python3.10/site-packages/oslo_concurrency/processutils.py:383}}
Dec 26 10:04:14 jammy-provider-cloud-0000007867 devstack@g-api.service[104362]: DEBUG oslo_concurrency.processutils [-] Running cmd (subprocess): grep -F node.session.scan /sbin/iscsiadm {{(pid=104362) execute /opt/stack/data/venv/lib/python3.10/site-packages/oslo_concurrency/processutils.py:383}}
Dec 26 10:04:14 jammy-provider-cloud-0000007867 devstack@g-api.service[104363]: DEBUG oslo_concurrency.processutils [-] CMD "grep -F node.session.scan /sbin/iscsiadm" returned: 0 in 0.029s {{(pid=104363) execute /opt/stack/data/venv/lib/python3.10/site-packages/oslo_concurrency/processutils.py:421}}
Dec 26 10:04:14 jammy-provider-cloud-0000007867 devstack@g-api.service[104362]: DEBUG oslo_concurrency.processutils [-] CMD "grep -F node.session.scan /sbin/iscsiadm" returned: 0 in 0.017s {{(pid=104362) execute /opt/stack/data/venv/lib/python3.10/site-packages/oslo_concurrency/processutils.py:421}}
Dec 26 10:04:15 jammy-provider-cloud-0000007867 devstack@g-api.service[104362]: DEBUG glance_store.common.attachment_state_manager [-] Initialising _AttachmentStateManager {{(pid=104362) __init__ /opt/stack/data/venv/lib/python3.10/site-packages/glance_store/common/attachment_state_manager.py:86}}
Dec 26 10:04:15 jammy-provider-cloud-0000007867 devstack@g-api.service[104363]: DEBUG glance_store.common.attachment_state_manager [-] Initialising _AttachmentStateManager {{(pid=104363) __init__ /opt/stack/data/venv/lib/python3.10/site-packages/glance_store/common/attachment_state_manager.py:86}}
Dec 26 10:04:15 jammy-provider-cloud-0000007867 devstack@g-api.service[104363]: DEBUG glance_store.backend [-] Attempting to import store cinder {{(pid=104363) _load_store /opt/stack/data/venv/lib/python3.10/site-packages/glance_store/backend.py:216}}
Dec 26 10:04:15 jammy-provider-cloud-0000007867 devstack@g-api.service[104363]: DEBUG glance_store.backend [-] Attempting to import store file {{(pid=104363) _load_store /opt/stack/data/venv/lib/python3.10/site-packages/glance_store/backend.py:216}}
Dec 26 10:04:15 jammy-provider-cloud-0000007867 devstack@g-api.service[104363]: DEBUG glance_store.backend [-] Attempting to import store glance.store.cinder.Store {{(pid=104363) _load_store /opt/stack/data/venv/lib/python3.10/site-packages/glance_store/backend.py:216}}
Dec 26 10:04:15 jammy-provider-cloud-0000007867 devstack@g-api.service[104363]: DEBUG glance_store.backend [-] Attempting to import store glance.store.filesystem.Store {{(pid=104363) _load_store /opt/stack/data/venv/lib/python3.10/site-packages/glance_store/backend.py:216}}
Dec 26 10:04:15 jammy-provider-cloud-0000007867 devstack@g-api.service[104363]: DEBUG glance_store.backend [-] Attempting to import store glance.store.http.Store {{(pid=104363) _load_store /opt/stack/data/venv/lib/python3.10/site-packages/glance_store/backend.py:216}}
Dec 26 10:04:15 jammy-provider-cloud-0000007867 devstack@g-api.service[104363]: DEBUG glance_store.backend [-] Attempting to import store glance.store.rbd.Store {{(pid=104363) _load_store /opt/stack/data/venv/lib/python3.10/site-packages/glance_store/backend.py:216}}
Dec 26 10:04:15 jammy-provider-cloud-0000007867 devstack@g-api.service[104363]: DEBUG glance_store.backend [-] Attempting to import store glance.store.s3.Store {{(pid=104363) _load_store /opt/stack/data/venv/lib/python3.10/site-packages/glance_store/backend.py:216}}
Dec 26 10:04:15 jammy-provider-cloud-0000007867 devstack@g-api.service[104363]: DEBUG glance_store.backend [-] Attempting to import store glance.store.swift.Store {{(pid=104363) _load_store /opt/stack/data/venv/lib/python3.10/site-packages/glance_store/backend.py:216}}
Dec 26 10:04:15 jammy-provider-cloud-0000007867 devstack@g-api.service[104363]: DEBUG glance_store.backend [-] Attempting to import store glance.store.vmware_datastore.Store {{(pid=104363) _load_store /opt/stack/data/venv/lib/python3.10/site-packages/glance_store/backend.py:216}}
Dec 26 10:04:15 jammy-provider-cloud-0000007867 devstack@g-api.service[104363]: DEBUG glance_store.backend [-] Attempting to import store http {{(pid=104363) _load_store /opt/stack/data/venv/lib/python3.10/site-packages/glance_store/backend.py:216}}
Dec 26 10:04:15 jammy-provider-cloud-0000007867 devstack@g-api.service[104363]: DEBUG glance_store.backend [-] Attempting to import store no_conf {{(pid=104363) _load_store /opt/stack/data/venv/lib/python3.10/site-packages/glance_store/backend.py:216}}
Dec 26 10:04:15 jammy-provider-cloud-0000007867 devstack@g-api.service[104363]: DEBUG glance_store.backend [-] Attempting to import store rbd {{(pid=104363) _load_store /opt/stack/data/venv/lib/python3.10/site-packages/glance_store/backend.py:216}}
Dec 26 10:04:15 jammy-provider-cloud-0000007867 devstack@g-api.service[104363]: DEBUG glance_store.backend [-] Attempting to import store s3 {{(pid=104363) _load_store /opt/stack/data/venv/lib/python3.10/site-packages/glance_store/backend.py:216}}
Dec 26 10:04:15 jammy-provider-cloud-0000007867 devstack@g-api.service[104363]: DEBUG glance_store.backend [-] Attempting to import store swift {{(pid=104363) _load_store /opt/stack/data/venv/lib/python3.10/site-packages/glance_store/backend.py:216}}
Dec 26 10:04:15 jammy-provider-cloud-0000007867 devstack@g-api.service[104363]: DEBUG glance_store.backend [-] Attempting to import store vmware {{(pid=104363) _load_store /opt/stack/data/venv/lib/python3.10/site-packages/glance_store/backend.py:216}}
Dec 26 10:04:15 jammy-provider-cloud-0000007867 devstack@g-api.service[104363]: DEBUG glance_store.backend [-] Registering options for group glance_store {{(pid=104363) register_opts /opt/stack/data/venv/lib/python3.10/site-packages/glance_store/backend.py:145}}
Dec 26 10:04:15 jammy-provider-cloud-0000007867 devstack@g-api.service[104363]: DEBUG glance_store.backend [-] Registering options for group glance_store {{(pid=104363) register_opts /opt/stack/data/venv/lib/python3.10/site-packages/glance_store/backend.py:145}}
Dec 26 10:04:15 jammy-provider-cloud-0000007867 devstack@g-api.service[104363]: DEBUG glance_store.backend [-] Attempting to import store file {{(pid=104363) _load_store /opt/stack/data/venv/lib/python3.10/site-packages/glance_store/backend.py:216}}
Dec 26 10:04:15 jammy-provider-cloud-0000007867 devstack@g-api.service[104363]: DEBUG glance_store.capabilities [-] Store glance_store._drivers.filesystem.Store doesn't support updating dynamic storage capabilities. Please overwrite 'update_capabilities' method of the store to implement updating logics if needed. {{(pid=104363) update_capabilities /opt/stack/data/venv/lib/python3.10/site-packages/glance_store/capabilities.py:91}}
Dec 26 10:04:15 jammy-provider-cloud-0000007867 devstack@g-api.service[104363]: DEBUG glance_store.backend [-] Registering store file with schemes ('file', 'filesystem') {{(pid=104363) create_stores /opt/stack/data/venv/lib/python3.10/site-packages/glance_store/backend.py:262}}
Dec 26 10:04:15 jammy-provider-cloud-0000007867 devstack@g-api.service[104363]: DEBUG glance_store.driver [-] Late loading location class glance_store._drivers.filesystem.StoreLocation {{(pid=104363) get_store_location_class /opt/stack/data/venv/lib/python3.10/site-packages/glance_store/driver.py:133}}
Dec 26 10:04:15 jammy-provider-cloud-0000007867 devstack@g-api.service[104363]: DEBUG glance_store.location [-] Registering scheme file with {'store': <glance_store._drivers.filesystem.Store object at 0x7f0d24f66950>, 'location_class': <class 'glance_store._drivers.filesystem.StoreLocation'>, 'store_entry': 'file'} {{(pid=104363) register_scheme_map /opt/stack/data/venv/lib/python3.10/site-packages/glance_store/location.py:146}}
Dec 26 10:04:15 jammy-provider-cloud-0000007867 devstack@g-api.service[104363]: DEBUG glance_store.location [-] Registering scheme filesystem with {'store': <glance_store._drivers.filesystem.Store object at 0x7f0d24f66950>, 'location_class': <class 'glance_store._drivers.filesystem.StoreLocation'>, 'store_entry': 'file'} {{(pid=104363) register_scheme_map /opt/stack/data/venv/lib/python3.10/site-packages/glance_store/location.py:146}}
Dec 26 10:04:15 jammy-provider-cloud-0000007867 devstack@g-api.service[104363]: DEBUG glance_store.backend [-] Attempting to import store http {{(pid=104363) _load_store /opt/stack/data/venv/lib/python3.10/site-packages/glance_store/backend.py:216}}
Dec 26 10:04:15 jammy-provider-cloud-0000007867 devstack@g-api.service[104363]: DEBUG glance_store.capabilities [-] Store glance_store._drivers.http.Store doesn't support updating dynamic storage capabilities. Please overwrite 'update_capabilities' method of the store to implement updating logics if needed. {{(pid=104363) update_capabilities /opt/stack/data/venv/lib/python3.10/site-packages/glance_store/capabilities.py:91}}
Dec 26 10:04:15 jammy-provider-cloud-0000007867 devstack@g-api.service[104363]: DEBUG glance_store.backend [-] Registering store http with schemes ('http', 'https') {{(pid=104363) create_stores /opt/stack/data/venv/lib/python3.10/site-packages/glance_store/backend.py:262}}
Dec 26 10:04:15 jammy-provider-cloud-0000007867 devstack@g-api.service[104363]: DEBUG glance_store.driver [-] Late loading location class glance_store._drivers.http.StoreLocation {{(pid=104363) get_store_location_class /opt/stack/data/venv/lib/python3.10/site-packages/glance_store/driver.py:133}}
Dec 26 10:04:15 jammy-provider-cloud-0000007867 devstack@g-api.service[104363]: DEBUG glance_store.location [-] Registering scheme http with {'store': <glance_store._drivers.http.Store object at 0x7f0d24f67400>, 'location_class': <class 'glance_store._drivers.http.StoreLocation'>, 'store_entry': 'http'} {{(pid=104363) register_scheme_map /opt/stack/data/venv/lib/python3.10/site-packages/glance_store/location.py:146}}
Dec 26 10:04:15 jammy-provider-cloud-0000007867 devstack@g-api.service[104363]: DEBUG glance_store.location [-] Registering scheme https with {'store': <glance_store._drivers.http.Store object at 0x7f0d24f67400>, 'location_class': <class 'glance_store._drivers.http.StoreLocation'>, 'store_entry': 'http'} {{(pid=104363) register_scheme_map /opt/stack/data/venv/lib/python3.10/site-packages/glance_store/location.py:146}}
Dec 26 10:04:15 jammy-provider-cloud-0000007867 devstack@g-api.service[104363]: DEBUG glance.sqlite_migration [-] SQLite caching database not located, skipping migration {{(pid=104363) get_db_path /opt/stack/glance/glance/sqlite_migration.py:68}}
Dec 26 10:04:15 jammy-provider-cloud-0000007867 devstack@g-api.service[104363]: WARNING glance.common.wsgi_app [-] Import methods are enabled but staging directory /tmp/staging/ does not exist; Imports will fail!
Dec 26 10:04:15 jammy-provider-cloud-0000007867 devstack@g-api.service[104362]: DEBUG glance_store.backend [-] Attempting to import store cinder {{(pid=104362) _load_store /opt/stack/data/venv/lib/python3.10/site-packages/glance_store/backend.py:216}}
Dec 26 10:04:15 jammy-provider-cloud-0000007867 devstack@g-api.service[104362]: DEBUG glance_store.backend [-] Attempting to import store file {{(pid=104362) _load_store /opt/stack/data/venv/lib/python3.10/site-packages/glance_store/backend.py:216}}
Dec 26 10:04:15 jammy-provider-cloud-0000007867 devstack@g-api.service[104362]: DEBUG glance_store.backend [-] Attempting to import store glance.store.cinder.Store {{(pid=104362) _load_store /opt/stack/data/venv/lib/python3.10/site-packages/glance_store/backend.py:216}}
Dec 26 10:04:15 jammy-provider-cloud-0000007867 devstack@g-api.service[104362]: DEBUG glance_store.backend [-] Attempting to import store glance.store.filesystem.Store {{(pid=104362) _load_store /opt/stack/data/venv/lib/python3.10/site-packages/glance_store/backend.py:216}}
Dec 26 10:04:15 jammy-provider-cloud-0000007867 devstack@g-api.service[104362]: DEBUG glance_store.backend [-] Attempting to import store glance.store.http.Store {{(pid=104362) _load_store /opt/stack/data/venv/lib/python3.10/site-packages/glance_store/backend.py:216}}
Dec 26 10:04:15 jammy-provider-cloud-0000007867 devstack@g-api.service[104362]: DEBUG glance_store.backend [-] Attempting to import store glance.store.rbd.Store {{(pid=104362) _load_store /opt/stack/data/venv/lib/python3.10/site-packages/glance_store/backend.py:216}}
Dec 26 10:04:15 jammy-provider-cloud-0000007867 devstack@g-api.service[104362]: DEBUG glance_store.backend [-] Attempting to import store glance.store.s3.Store {{(pid=104362) _load_store /opt/stack/data/venv/lib/python3.10/site-packages/glance_store/backend.py:216}}
Dec 26 10:04:15 jammy-provider-cloud-0000007867 devstack@g-api.service[104362]: DEBUG glance_store.backend [-] Attempting to import store glance.store.swift.Store {{(pid=104362) _load_store /opt/stack/data/venv/lib/python3.10/site-packages/glance_store/backend.py:216}}
Dec 26 10:04:15 jammy-provider-cloud-0000007867 devstack@g-api.service[104362]: DEBUG glance_store.backend [-] Attempting to import store glance.store.vmware_datastore.Store {{(pid=104362) _load_store /opt/stack/data/venv/lib/python3.10/site-packages/glance_store/backend.py:216}}
Dec 26 10:04:15 jammy-provider-cloud-0000007867 devstack@g-api.service[104362]: DEBUG glance_store.backend [-] Attempting to import store http {{(pid=104362) _load_store /opt/stack/data/venv/lib/python3.10/site-packages/glance_store/backend.py:216}}
Dec 26 10:04:15 jammy-provider-cloud-0000007867 devstack@g-api.service[104362]: DEBUG glance_store.backend [-] Attempting to import store no_conf {{(pid=104362) _load_store /opt/stack/data/venv/lib/python3.10/site-packages/glance_store/backend.py:216}}
Dec 26 10:04:15 jammy-provider-cloud-0000007867 devstack@g-api.service[104362]: DEBUG glance_store.backend [-] Attempting to import store rbd {{(pid=104362) _load_store /opt/stack/data/venv/lib/python3.10/site-packages/glance_store/backend.py:216}}
Dec 26 10:04:15 jammy-provider-cloud-0000007867 devstack@g-api.service[104362]: DEBUG glance_store.backend [-] Attempting to import store s3 {{(pid=104362) _load_store /opt/stack/data/venv/lib/python3.10/site-packages/glance_store/backend.py:216}}
Dec 26 10:04:15 jammy-provider-cloud-0000007867 devstack@g-api.service[104362]: DEBUG glance_store.backend [-] Attempting to import store swift {{(pid=104362) _load_store /opt/stack/data/venv/lib/python3.10/site-packages/glance_store/backend.py:216}}
Dec 26 10:04:15 jammy-provider-cloud-0000007867 devstack@g-api.service[104362]: DEBUG glance_store.backend [-] Attempting to import store vmware {{(pid=104362) _load_store /opt/stack/data/venv/lib/python3.10/site-packages/glance_store/backend.py:216}}
Dec 26 10:04:15 jammy-provider-cloud-0000007867 devstack@g-api.service[104362]: DEBUG glance_store.backend [-] Registering options for group glance_store {{(pid=104362) register_opts /opt/stack/data/venv/lib/python3.10/site-packages/glance_store/backend.py:145}}
Dec 26 10:04:15 jammy-provider-cloud-0000007867 devstack@g-api.service[104362]: DEBUG glance_store.backend [-] Registering options for group glance_store {{(pid=104362) register_opts /opt/stack/data/venv/lib/python3.10/site-packages/glance_store/backend.py:145}}
Dec 26 10:04:15 jammy-provider-cloud-0000007867 devstack@g-api.service[104362]: DEBUG glance_store.backend [-] Attempting to import store file {{(pid=104362) _load_store /opt/stack/data/venv/lib/python3.10/site-packages/glance_store/backend.py:216}}
Dec 26 10:04:15 jammy-provider-cloud-0000007867 devstack@g-api.service[104362]: DEBUG glance_store.capabilities [-] Store glance_store._drivers.filesystem.Store doesn't support updating dynamic storage capabilities. Please overwrite 'update_capabilities' method of the store to implement updating logics if needed. {{(pid=104362) update_capabilities /opt/stack/data/venv/lib/python3.10/site-packages/glance_store/capabilities.py:91}}
Dec 26 10:04:15 jammy-provider-cloud-0000007867 devstack@g-api.service[104362]: DEBUG glance_store.backend [-] Registering store file with schemes ('file', 'filesystem') {{(pid=104362) create_stores /opt/stack/data/venv/lib/python3.10/site-packages/glance_store/backend.py:262}}
Dec 26 10:04:15 jammy-provider-cloud-0000007867 devstack@g-api.service[104362]: DEBUG glance_store.driver [-] Late loading location class glance_store._drivers.filesystem.StoreLocation {{(pid=104362) get_store_location_class /opt/stack/data/venv/lib/python3.10/site-packages/glance_store/driver.py:133}}
Dec 26 10:04:15 jammy-provider-cloud-0000007867 devstack@g-api.service[104362]: DEBUG glance_store.location [-] Registering scheme file with {'store': <glance_store._drivers.filesystem.Store object at 0x7f0d24f66950>, 'location_class': <class 'glance_store._drivers.filesystem.StoreLocation'>, 'store_entry': 'file'} {{(pid=104362) register_scheme_map /opt/stack/data/venv/lib/python3.10/site-packages/glance_store/location.py:146}}
Dec 26 10:04:15 jammy-provider-cloud-0000007867 devstack@g-api.service[104362]: DEBUG glance_store.location [-] Registering scheme filesystem with {'store': <glance_store._drivers.filesystem.Store object at 0x7f0d24f66950>, 'location_class': <class 'glance_store._drivers.filesystem.StoreLocation'>, 'store_entry': 'file'} {{(pid=104362) register_scheme_map /opt/stack/data/venv/lib/python3.10/site-packages/glance_store/location.py:146}}
Dec 26 10:04:15 jammy-provider-cloud-0000007867 devstack@g-api.service[104362]: DEBUG glance_store.backend [-] Attempting to import store http {{(pid=104362) _load_store /opt/stack/data/venv/lib/python3.10/site-packages/glance_store/backend.py:216}}
Dec 26 10:04:15 jammy-provider-cloud-0000007867 devstack@g-api.service[104362]: DEBUG glance_store.capabilities [-] Store glance_store._drivers.http.Store doesn't support updating dynamic storage capabilities. Please overwrite 'update_capabilities' method of the store to implement updating logics if needed. {{(pid=104362) update_capabilities /opt/stack/data/venv/lib/python3.10/site-packages/glance_store/capabilities.py:91}}
Dec 26 10:04:15 jammy-provider-cloud-0000007867 devstack@g-api.service[104362]: DEBUG glance_store.backend [-] Registering store http with schemes ('http', 'https') {{(pid=104362) create_stores /opt/stack/data/venv/lib/python3.10/site-packages/glance_store/backend.py:262}}
Dec 26 10:04:15 jammy-provider-cloud-0000007867 devstack@g-api.service[104362]: DEBUG glance_store.driver [-] Late loading location class glance_store._drivers.http.StoreLocation {{(pid=104362) get_store_location_class /opt/stack/data/venv/lib/python3.10/site-packages/glance_store/driver.py:133}}
Dec 26 10:04:15 jammy-provider-cloud-0000007867 devstack@g-api.service[104362]: DEBUG glance_store.location [-] Registering scheme http with {'store': <glance_store._drivers.http.Store object at 0x7f0d24f67400>, 'location_class': <class 'glance_store._drivers.http.StoreLocation'>, 'store_entry': 'http'} {{(pid=104362) register_scheme_map /opt/stack/data/venv/lib/python3.10/site-packages/glance_store/location.py:146}}
Dec 26 10:04:15 jammy-provider-cloud-0000007867 devstack@g-api.service[104362]: DEBUG glance_store.location [-] Registering scheme https with {'store': <glance_store._drivers.http.Store object at 0x7f0d24f67400>, 'location_class': <class 'glance_store._drivers.http.StoreLocation'>, 'store_entry': 'http'} {{(pid=104362) register_scheme_map /opt/stack/data/venv/lib/python3.10/site-packages/glance_store/location.py:146}}
Dec 26 10:04:15 jammy-provider-cloud-0000007867 devstack@g-api.service[104362]: DEBUG glance.sqlite_migration [-] SQLite caching database not located, skipping migration {{(pid=104362) get_db_path /opt/stack/glance/glance/sqlite_migration.py:68}}
Dec 26 10:04:15 jammy-provider-cloud-0000007867 devstack@g-api.service[104362]: WARNING glance.common.wsgi_app [-] Import methods are enabled but staging directory /tmp/staging/ does not exist; Imports will fail!
Dec 26 10:04:15 jammy-provider-cloud-0000007867 devstack@g-api.service[104363]: DEBUG glance.common.config [None req-a9dfa847-a487-488e-8ff9-e79c71f95981 None None] Loading glance-api-keystone+cachemanagement from /etc/glance/glance-api-paste.ini {{(pid=104363) load_paste_app /opt/stack/glance/glance/common/config.py:723}}
Dec 26 10:04:15 jammy-provider-cloud-0000007867 devstack@g-api.service[104362]: DEBUG glance.common.config [None req-a8afb66a-3f9e-472d-8d8d-5152d194d21b None None] Loading glance-api-keystone+cachemanagement from /etc/glance/glance-api-paste.ini {{(pid=104362) load_paste_app /opt/stack/glance/glance/common/config.py:723}}
Dec 26 10:04:15 jammy-provider-cloud-0000007867 devstack@g-api.service[104363]: INFO glance.image_cache [None req-a9dfa847-a487-488e-8ff9-e79c71f95981 None None] Image cache loaded driver 'centralized_db'.
Dec 26 10:04:16 jammy-provider-cloud-0000007867 devstack@g-api.service[104363]: INFO dbcounter [None req-a9dfa847-a487-488e-8ff9-e79c71f95981 None None] Registered counter for database glance
Dec 26 10:04:16 jammy-provider-cloud-0000007867 devstack@g-api.service[104362]: INFO glance.image_cache [None req-a8afb66a-3f9e-472d-8d8d-5152d194d21b None None] Image cache loaded driver 'centralized_db'.
Dec 26 10:04:16 jammy-provider-cloud-0000007867 devstack@g-api.service[104363]: DEBUG oslo_db.sqlalchemy.engines [None req-a9dfa847-a487-488e-8ff9-e79c71f95981 None None] MySQL server mode set to STRICT_TRANS_TABLES,STRICT_ALL_TABLES,NO_ZERO_IN_DATE,NO_ZERO_DATE,ERROR_FOR_DIVISION_BY_ZERO,TRADITIONAL,NO_ENGINE_SUBSTITUTION {{(pid=104363) _check_effective_sql_mode /opt/stack/data/venv/lib/python3.10/site-packages/oslo_db/sqlalchemy/engines.py:395}}
Dec 26 10:04:16 jammy-provider-cloud-0000007867 devstack@g-api.service[104362]: INFO dbcounter [None req-a8afb66a-3f9e-472d-8d8d-5152d194d21b None None] Registered counter for database glance
Dec 26 10:04:16 jammy-provider-cloud-0000007867 devstack@g-api.service[104363]: DEBUG dbcounter [-] [104363] Writer thread running {{(pid=104363) stat_writer /opt/stack/data/venv/lib/python3.10/site-packages/dbcounter.py:102}}
Dec 26 10:04:16 jammy-provider-cloud-0000007867 devstack@g-api.service[104362]: DEBUG oslo_db.sqlalchemy.engines [None req-a8afb66a-3f9e-472d-8d8d-5152d194d21b None None] MySQL server mode set to STRICT_TRANS_TABLES,STRICT_ALL_TABLES,NO_ZERO_IN_DATE,NO_ZERO_DATE,ERROR_FOR_DIVISION_BY_ZERO,TRADITIONAL,NO_ENGINE_SUBSTITUTION {{(pid=104362) _check_effective_sql_mode /opt/stack/data/venv/lib/python3.10/site-packages/oslo_db/sqlalchemy/engines.py:395}}
Dec 26 10:04:16 jammy-provider-cloud-0000007867 devstack@g-api.service[104363]: INFO glance.image_cache [None req-a9dfa847-a487-488e-8ff9-e79c71f95981 None None] Image cache loaded driver 'centralized_db'.
Dec 26 10:04:16 jammy-provider-cloud-0000007867 devstack@g-api.service[104363]: DEBUG glance.image_cache.drivers.centralized_db [None req-a9dfa847-a487-488e-8ff9-e79c71f95981 None None] Node reference is already recorded, ignoring it {{(pid=104363) configure /opt/stack/glance/glance/image_cache/drivers/centralized_db.py:71}}
Dec 26 10:04:16 jammy-provider-cloud-0000007867 devstack@g-api.service[104362]: DEBUG dbcounter [-] [104362] Writer thread running {{(pid=104362) stat_writer /opt/stack/data/venv/lib/python3.10/site-packages/dbcounter.py:102}}
Dec 26 10:04:16 jammy-provider-cloud-0000007867 devstack@g-api.service[104363]: DEBUG glance.api.v2.cached_images [None req-a9dfa847-a487-488e-8ff9-e79c71f95981 None None] Started cache worker thread {{(pid=104363) __init__ /opt/stack/glance/glance/api/v2/cached_images.py:69}}
Dec 26 10:04:16 jammy-provider-cloud-0000007867 devstack@g-api.service[104363]: INFO glance.image_cache [None req-a9dfa847-a487-488e-8ff9-e79c71f95981 None None] Image cache loaded driver 'centralized_db'.
Dec 26 10:04:16 jammy-provider-cloud-0000007867 devstack@g-api.service[104362]: DEBUG glance.image_cache.drivers.centralized_db [None req-a8afb66a-3f9e-472d-8d8d-5152d194d21b None None] Node reference is already recorded, ignoring it {{(pid=104362) configure /opt/stack/glance/glance/image_cache/drivers/centralized_db.py:71}}
Dec 26 10:04:16 jammy-provider-cloud-0000007867 devstack@g-api.service[104362]: INFO glance.image_cache [None req-a8afb66a-3f9e-472d-8d8d-5152d194d21b None None] Image cache loaded driver 'centralized_db'.
Dec 26 10:04:16 jammy-provider-cloud-0000007867 devstack@g-api.service[104363]: DEBUG glance.image_cache.drivers.centralized_db [None req-a9dfa847-a487-488e-8ff9-e79c71f95981 None None] Node reference is already recorded, ignoring it {{(pid=104363) configure /opt/stack/glance/glance/image_cache/drivers/centralized_db.py:71}}
Dec 26 10:04:16 jammy-provider-cloud-0000007867 devstack@g-api.service[104363]: INFO glance.api.middleware.cache_manage [None req-a9dfa847-a487-488e-8ff9-e79c71f95981 None None] Initialized image cache management middleware
Dec 26 10:04:16 jammy-provider-cloud-0000007867 devstack@g-api.service[104363]: INFO glance.image_cache [None req-a9dfa847-a487-488e-8ff9-e79c71f95981 None None] Image cache loaded driver 'centralized_db'.
Dec 26 10:04:16 jammy-provider-cloud-0000007867 devstack@g-api.service[104362]: DEBUG glance.image_cache.drivers.centralized_db [None req-a8afb66a-3f9e-472d-8d8d-5152d194d21b None None] Node reference is already recorded, ignoring it {{(pid=104362) configure /opt/stack/glance/glance/image_cache/drivers/centralized_db.py:71}}
Dec 26 10:04:16 jammy-provider-cloud-0000007867 devstack@g-api.service[104362]: DEBUG glance.api.v2.cached_images [None req-a8afb66a-3f9e-472d-8d8d-5152d194d21b None None] Started cache worker thread {{(pid=104362) __init__ /opt/stack/glance/glance/api/v2/cached_images.py:69}}
Dec 26 10:04:16 jammy-provider-cloud-0000007867 devstack@g-api.service[104362]: INFO glance.image_cache [None req-a8afb66a-3f9e-472d-8d8d-5152d194d21b None None] Image cache loaded driver 'centralized_db'.
Dec 26 10:04:16 jammy-provider-cloud-0000007867 devstack@g-api.service[104363]: DEBUG glance.image_cache.drivers.centralized_db [None req-a9dfa847-a487-488e-8ff9-e79c71f95981 None None] Node reference is already recorded, ignoring it {{(pid=104363) configure /opt/stack/glance/glance/image_cache/drivers/centralized_db.py:71}}
Dec 26 10:04:16 jammy-provider-cloud-0000007867 devstack@g-api.service[104363]: INFO glance.api.middleware.cache [None req-a9dfa847-a487-488e-8ff9-e79c71f95981 None None] Initialized image cache middleware
Dec 26 10:04:16 jammy-provider-cloud-0000007867 devstack@g-api.service[104362]: DEBUG glance.image_cache.drivers.centralized_db [None req-a8afb66a-3f9e-472d-8d8d-5152d194d21b None None] Node reference is already recorded, ignoring it {{(pid=104362) configure /opt/stack/glance/glance/image_cache/drivers/centralized_db.py:71}}
Dec 26 10:04:16 jammy-provider-cloud-0000007867 devstack@g-api.service[104363]: WARNING keystonemiddleware.auth_token [None req-a9dfa847-a487-488e-8ff9-e79c71f95981 None None] AuthToken middleware is set with keystone_authtoken.service_token_roles_required set to False. This is backwards compatible but deprecated behaviour. Please set this to True.
Dec 26 10:04:16 jammy-provider-cloud-0000007867 devstack@g-api.service[104362]: INFO glance.api.middleware.cache_manage [None req-a8afb66a-3f9e-472d-8d8d-5152d194d21b None None] Initialized image cache management middleware
Dec 26 10:04:16 jammy-provider-cloud-0000007867 devstack@g-api.service[104362]: INFO glance.image_cache [None req-a8afb66a-3f9e-472d-8d8d-5152d194d21b None None] Image cache loaded driver 'centralized_db'.
Dec 26 10:04:16 jammy-provider-cloud-0000007867 devstack@g-api.service[104363]: WARNING keystonemiddleware.auth_token [None req-a9dfa847-a487-488e-8ff9-e79c71f95981 None None] Configuring www_authenticate_uri to point to the public identity endpoint is required; clients may not be able to authenticate against an admin endpoint
Dec 26 10:04:16 jammy-provider-cloud-0000007867 devstack@g-api.service[104363]: DEBUG glance.common.config [None req-a9dfa847-a487-488e-8ff9-e79c71f95981 None None] ******************************************************************************** {{(pid=104363) log_opt_values /opt/stack/data/venv/lib/python3.10/site-packages/oslo_config/cfg.py:2804}}
Dec 26 10:04:16 jammy-provider-cloud-0000007867 devstack@g-api.service[104362]: DEBUG glance.image_cache.drivers.centralized_db [None req-a8afb66a-3f9e-472d-8d8d-5152d194d21b None None] Node reference is already recorded, ignoring it {{(pid=104362) configure /opt/stack/glance/glance/image_cache/drivers/centralized_db.py:71}}
Dec 26 10:04:16 jammy-provider-cloud-0000007867 devstack@g-api.service[104363]: DEBUG glance.common.config [None req-a9dfa847-a487-488e-8ff9-e79c71f95981 None None] Configuration options gathered from: {{(pid=104363) log_opt_values /opt/stack/data/venv/lib/python3.10/site-packages/oslo_config/cfg.py:2805}}
Dec 26 10:04:16 jammy-provider-cloud-0000007867 devstack@g-api.service[104363]: DEBUG glance.common.config [None req-a9dfa847-a487-488e-8ff9-e79c71f95981 None None] command line args: [] {{(pid=104363) log_opt_values /opt/stack/data/venv/lib/python3.10/site-packages/oslo_config/cfg.py:2806}}
Dec 26 10:04:16 jammy-provider-cloud-0000007867 devstack@g-api.service[104363]: DEBUG glance.common.config [None req-a9dfa847-a487-488e-8ff9-e79c71f95981 None None] config files: ['/etc/glance/glance-image-import.conf', '/etc/glance/glance-api.conf'] {{(pid=104363) log_opt_values /opt/stack/data/venv/lib/python3.10/site-packages/oslo_config/cfg.py:2807}}
Dec 26 10:04:16 jammy-provider-cloud-0000007867 devstack@g-api.service[104363]: DEBUG glance.common.config [None req-a9dfa847-a487-488e-8ff9-e79c71f95981 None None] ================================================================================ {{(pid=104363) log_opt_values /opt/stack/data/venv/lib/python3.10/site-packages/oslo_config/cfg.py:2809}}
Dec 26 10:04:16 jammy-provider-cloud-0000007867 devstack@g-api.service[104363]: DEBUG glance.common.config [None req-a9dfa847-a487-488e-8ff9-e79c71f95981 None None] allow_anonymous_access         = False {{(pid=104363) log_opt_values /opt/stack/data/venv/lib/python3.10/site-packages/oslo_config/cfg.py:2817}}
Dec 26 10:04:16 jammy-provider-cloud-0000007867 devstack@g-api.service[104363]: DEBUG glance.common.config [None req-a9dfa847-a487-488e-8ff9-e79c71f95981 None None] api_limit_max                  = 1000 {{(pid=104363) log_opt_values /opt/stack/data/venv/lib/python3.10/site-packages/oslo_config/cfg.py:2817}}
Dec 26 10:04:16 jammy-provider-cloud-0000007867 devstack@g-api.service[104363]: DEBUG glance.common.config [None req-a9dfa847-a487-488e-8ff9-e79c71f95981 None None] backlog                        = 4096 {{(pid=104363) log_opt_values /opt/stack/data/venv/lib/python3.10/site-packages/oslo_config/cfg.py:2817}}
Dec 26 10:04:16 jammy-provider-cloud-0000007867 devstack@g-api.service[104363]: DEBUG glance.common.config [None req-a9dfa847-a487-488e-8ff9-e79c71f95981 None None] bind_host                      = 0.0.0.0 {{(pid=104363) log_opt_values /opt/stack/data/venv/lib/python3.10/site-packages/oslo_config/cfg.py:2817}}
Dec 26 10:04:16 jammy-provider-cloud-0000007867 devstack@g-api.service[104363]: DEBUG glance.common.config [None req-a9dfa847-a487-488e-8ff9-e79c71f95981 None None] bind_port                      = None {{(pid=104363) log_opt_values /opt/stack/data/venv/lib/python3.10/site-packages/oslo_config/cfg.py:2817}}
Dec 26 10:04:16 jammy-provider-cloud-0000007867 devstack@g-api.service[104363]: DEBUG glance.common.config [None req-a9dfa847-a487-488e-8ff9-e79c71f95981 None None] client_socket_timeout          = 900 {{(pid=104363) log_opt_values /opt/stack/data/venv/lib/python3.10/site-packages/oslo_config/cfg.py:2817}}
Dec 26 10:04:16 jammy-provider-cloud-0000007867 devstack@g-api.service[104363]: DEBUG glance.common.config [None req-a9dfa847-a487-488e-8ff9-e79c71f95981 None None] config_dir                     = [] {{(pid=104363) log_opt_values /opt/stack/data/venv/lib/python3.10/site-packages/oslo_config/cfg.py:2817}}
Dec 26 10:04:16 jammy-provider-cloud-0000007867 devstack@g-api.service[104363]: DEBUG glance.common.config [None req-a9dfa847-a487-488e-8ff9-e79c71f95981 None None] config_file                    = ['/etc/glance/glance-image-import.conf', '/etc/glance/glance-api.conf'] {{(pid=104363) log_opt_values /opt/stack/data/venv/lib/python3.10/site-packages/oslo_config/cfg.py:2817}}
Dec 26 10:04:16 jammy-provider-cloud-0000007867 devstack@g-api.service[104363]: DEBUG glance.common.config [None req-a9dfa847-a487-488e-8ff9-e79c71f95981 None None] config_source                  = [] {{(pid=104363) log_opt_values /opt/stack/data/venv/lib/python3.10/site-packages/oslo_config/cfg.py:2817}}
Dec 26 10:04:16 jammy-provider-cloud-0000007867 devstack@g-api.service[104363]: DEBUG glance.common.config [None req-a9dfa847-a487-488e-8ff9-e79c71f95981 None None] control_exchange               = glance {{(pid=104363) log_opt_values /opt/stack/data/venv/lib/python3.10/site-packages/oslo_config/cfg.py:2817}}
Dec 26 10:04:16 jammy-provider-cloud-0000007867 devstack@g-api.service[104363]: DEBUG glance.common.config [None req-a9dfa847-a487-488e-8ff9-e79c71f95981 None None] debug                          = True {{(pid=104363) log_opt_values /opt/stack/data/venv/lib/python3.10/site-packages/oslo_config/cfg.py:2817}}
Dec 26 10:04:16 jammy-provider-cloud-0000007867 devstack@g-api.service[104363]: DEBUG glance.common.config [None req-a9dfa847-a487-488e-8ff9-e79c71f95981 None None] default_log_levels             = ['amqp=WARN', 'amqplib=WARN', 'boto=WARN', 'qpid=WARN', 'sqlalchemy=WARN', 'suds=INFO', 'oslo.messaging=INFO', 'oslo_messaging=INFO', 'iso8601=WARN', 'requests.packages.urllib3.connectionpool=WARN', 'urllib3.connectionpool=WARN', 'websocket=WARN', 'requests.packages.urllib3.util.retry=WARN', 'urllib3.util.retry=WARN', 'keystonemiddleware=WARN', 'routes.middleware=WARN', 'stevedore=WARN', 'taskflow=WARN', 'keystoneauth=WARN', 'oslo.cache=INFO', 'oslo_policy=INFO', 'dogpile.core.dogpile=INFO'] {{(pid=104363) log_opt_values /opt/stack/data/venv/lib/python3.10/site-packages/oslo_config/cfg.py:2817}}
Dec 26 10:04:16 jammy-provider-cloud-0000007867 devstack@g-api.service[104363]: DEBUG glance.common.config [None req-a9dfa847-a487-488e-8ff9-e79c71f95981 None None] default_publisher_id           = image.localhost {{(pid=104363) log_opt_values /opt/stack/data/venv/lib/python3.10/site-packages/oslo_config/cfg.py:2817}}
Dec 26 10:04:16 jammy-provider-cloud-0000007867 devstack@g-api.service[104363]: DEBUG glance.common.config [None req-a9dfa847-a487-488e-8ff9-e79c71f95981 None None] delayed_delete                 = False {{(pid=104363) log_opt_values /opt/stack/data/venv/lib/python3.10/site-packages/oslo_config/cfg.py:2817}}
Dec 26 10:04:16 jammy-provider-cloud-0000007867 devstack@g-api.service[104363]: DEBUG glance.common.config [None req-a9dfa847-a487-488e-8ff9-e79c71f95981 None None] digest_algorithm               = sha256 {{(pid=104363) log_opt_values /opt/stack/data/venv/lib/python3.10/site-packages/oslo_config/cfg.py:2817}}
Dec 26 10:04:16 jammy-provider-cloud-0000007867 devstack@g-api.service[104363]: DEBUG glance.common.config [None req-a9dfa847-a487-488e-8ff9-e79c71f95981 None None] disabled_notifications         = [] {{(pid=104363) log_opt_values /opt/stack/data/venv/lib/python3.10/site-packages/oslo_config/cfg.py:2817}}
Dec 26 10:04:16 jammy-provider-cloud-0000007867 devstack@g-api.service[104363]: DEBUG glance.common.config [None req-a9dfa847-a487-488e-8ff9-e79c71f95981 None None] do_secure_hash                 = True {{(pid=104363) log_opt_values /opt/stack/data/venv/lib/python3.10/site-packages/oslo_config/cfg.py:2817}}
Dec 26 10:04:16 jammy-provider-cloud-0000007867 devstack@g-api.service[104363]: DEBUG glance.common.config [None req-a9dfa847-a487-488e-8ff9-e79c71f95981 None None] enabled_backends               = None {{(pid=104363) log_opt_values /opt/stack/data/venv/lib/python3.10/site-packages/oslo_config/cfg.py:2817}}
Dec 26 10:04:16 jammy-provider-cloud-0000007867 devstack@g-api.service[104363]: DEBUG glance.common.config [None req-a9dfa847-a487-488e-8ff9-e79c71f95981 None None] enabled_import_methods         = ['glance-direct', 'web-download', 'copy-image'] {{(pid=104363) log_opt_values /opt/stack/data/venv/lib/python3.10/site-packages/oslo_config/cfg.py:2817}}
Dec 26 10:04:16 jammy-provider-cloud-0000007867 devstack@g-api.service[104363]: DEBUG glance.common.config [None req-a9dfa847-a487-488e-8ff9-e79c71f95981 None None] hashing_algorithm              = sha512 {{(pid=104363) log_opt_values /opt/stack/data/venv/lib/python3.10/site-packages/oslo_config/cfg.py:2817}}
Dec 26 10:04:16 jammy-provider-cloud-0000007867 devstack@g-api.service[104363]: DEBUG glance.common.config [None req-a9dfa847-a487-488e-8ff9-e79c71f95981 None None] http_keepalive                 = True {{(pid=104363) log_opt_values /opt/stack/data/venv/lib/python3.10/site-packages/oslo_config/cfg.py:2817}}
Dec 26 10:04:16 jammy-provider-cloud-0000007867 devstack@g-api.service[104363]: DEBUG glance.common.config [None req-a9dfa847-a487-488e-8ff9-e79c71f95981 None None] http_retries                   = 3 {{(pid=104363) log_opt_values /opt/stack/data/venv/lib/python3.10/site-packages/oslo_config/cfg.py:2817}}
Dec 26 10:04:16 jammy-provider-cloud-0000007867 devstack@g-api.service[104363]: DEBUG glance.common.config [None req-a9dfa847-a487-488e-8ff9-e79c71f95981 None None] image_cache_dir                = /opt/stack/data/glance/cache/ {{(pid=104363) log_opt_values /opt/stack/data/venv/lib/python3.10/site-packages/oslo_config/cfg.py:2817}}
Dec 26 10:04:16 jammy-provider-cloud-0000007867 devstack@g-api.service[104363]: DEBUG glance.common.config [None req-a9dfa847-a487-488e-8ff9-e79c71f95981 None None] image_cache_driver             = centralized_db {{(pid=104363) log_opt_values /opt/stack/data/venv/lib/python3.10/site-packages/oslo_config/cfg.py:2817}}
Dec 26 10:04:16 jammy-provider-cloud-0000007867 devstack@g-api.service[104363]: DEBUG glance.common.config [None req-a9dfa847-a487-488e-8ff9-e79c71f95981 None None] image_cache_max_size           = 10737418240 {{(pid=104363) log_opt_values /opt/stack/data/venv/lib/python3.10/site-packages/oslo_config/cfg.py:2817}}
Dec 26 10:04:16 jammy-provider-cloud-0000007867 devstack@g-api.service[104363]: DEBUG glance.common.config [None req-a9dfa847-a487-488e-8ff9-e79c71f95981 None None] image_cache_sqlite_db          = cache.db {{(pid=104363) log_opt_values /opt/stack/data/venv/lib/python3.10/site-packages/oslo_config/cfg.py:2817}}
Dec 26 10:04:16 jammy-provider-cloud-0000007867 devstack@g-api.service[104363]: DEBUG glance.common.config [None req-a9dfa847-a487-488e-8ff9-e79c71f95981 None None] image_cache_stall_time         = 86400 {{(pid=104363) log_opt_values /opt/stack/data/venv/lib/python3.10/site-packages/oslo_config/cfg.py:2817}}
Dec 26 10:04:16 jammy-provider-cloud-0000007867 devstack@g-api.service[104363]: DEBUG glance.common.config [None req-a9dfa847-a487-488e-8ff9-e79c71f95981 None None] image_location_quota           = 10 {{(pid=104363) log_opt_values /opt/stack/data/venv/lib/python3.10/site-packages/oslo_config/cfg.py:2817}}
Dec 26 10:04:16 jammy-provider-cloud-0000007867 devstack@g-api.service[104362]: INFO glance.api.middleware.cache [None req-a8afb66a-3f9e-472d-8d8d-5152d194d21b None None] Initialized image cache middleware
Dec 26 10:04:16 jammy-provider-cloud-0000007867 devstack@g-api.service[104363]: DEBUG glance.common.config [None req-a9dfa847-a487-488e-8ff9-e79c71f95981 None None] image_member_quota             = 128 {{(pid=104363) log_opt_values /opt/stack/data/venv/lib/python3.10/site-packages/oslo_config/cfg.py:2817}}
Dec 26 10:04:16 jammy-provider-cloud-0000007867 devstack@g-api.service[104363]: DEBUG glance.common.config [None req-a9dfa847-a487-488e-8ff9-e79c71f95981 None None] image_property_quota           = 128 {{(pid=104363) log_opt_values /opt/stack/data/venv/lib/python3.10/site-packages/oslo_config/cfg.py:2817}}
Dec 26 10:04:16 jammy-provider-cloud-0000007867 devstack@g-api.service[104363]: DEBUG glance.common.config [None req-a9dfa847-a487-488e-8ff9-e79c71f95981 None None] image_size_cap                 = 1099511627776 {{(pid=104363) log_opt_values /opt/stack/data/venv/lib/python3.10/site-packages/oslo_config/cfg.py:2817}}
Dec 26 10:04:16 jammy-provider-cloud-0000007867 devstack@g-api.service[104363]: DEBUG glance.common.config [None req-a9dfa847-a487-488e-8ff9-e79c71f95981 None None] image_tag_quota                = 128 {{(pid=104363) log_opt_values /opt/stack/data/venv/lib/python3.10/site-packages/oslo_config/cfg.py:2817}}
Dec 26 10:04:16 jammy-provider-cloud-0000007867 devstack@g-api.service[104363]: DEBUG glance.common.config [None req-a9dfa847-a487-488e-8ff9-e79c71f95981 None None] instance_format                = [instance: %(uuid)s]  {{(pid=104363) log_opt_values /opt/stack/data/venv/lib/python3.10/site-packages/oslo_config/cfg.py:2817}}
Dec 26 10:04:16 jammy-provider-cloud-0000007867 devstack@g-api.service[104363]: DEBUG glance.common.config [None req-a9dfa847-a487-488e-8ff9-e79c71f95981 None None] instance_uuid_format           = [instance: %(uuid)s]  {{(pid=104363) log_opt_values /opt/stack/data/venv/lib/python3.10/site-packages/oslo_config/cfg.py:2817}}
Dec 26 10:04:16 jammy-provider-cloud-0000007867 devstack@g-api.service[104363]: DEBUG glance.common.config [None req-a9dfa847-a487-488e-8ff9-e79c71f95981 None None] limit_param_default            = 25 {{(pid=104363) log_opt_values /opt/stack/data/venv/lib/python3.10/site-packages/oslo_config/cfg.py:2817}}
Dec 26 10:04:16 jammy-provider-cloud-0000007867 devstack@g-api.service[104363]: DEBUG glance.common.config [None req-a9dfa847-a487-488e-8ff9-e79c71f95981 None None] log_color                      = True {{(pid=104363) log_opt_values /opt/stack/data/venv/lib/python3.10/site-packages/oslo_config/cfg.py:2817}}
Dec 26 10:04:16 jammy-provider-cloud-0000007867 devstack@g-api.service[104363]: DEBUG glance.common.config [None req-a9dfa847-a487-488e-8ff9-e79c71f95981 None None] log_config_append              = None {{(pid=104363) log_opt_values /opt/stack/data/venv/lib/python3.10/site-packages/oslo_config/cfg.py:2817}}
Dec 26 10:04:16 jammy-provider-cloud-0000007867 devstack@g-api.service[104363]: DEBUG glance.common.config [None req-a9dfa847-a487-488e-8ff9-e79c71f95981 None None] log_date_format                = %Y-%m-%d %H:%M:%S {{(pid=104363) log_opt_values /opt/stack/data/venv/lib/python3.10/site-packages/oslo_config/cfg.py:2817}}
Dec 26 10:04:16 jammy-provider-cloud-0000007867 devstack@g-api.service[104363]: DEBUG glance.common.config [None req-a9dfa847-a487-488e-8ff9-e79c71f95981 None None] log_dir                        = None {{(pid=104363) log_opt_values /opt/stack/data/venv/lib/python3.10/site-packages/oslo_config/cfg.py:2817}}
Dec 26 10:04:16 jammy-provider-cloud-0000007867 devstack@g-api.service[104363]: DEBUG glance.common.config [None req-a9dfa847-a487-488e-8ff9-e79c71f95981 None None] log_file                       = None {{(pid=104363) log_opt_values /opt/stack/data/venv/lib/python3.10/site-packages/oslo_config/cfg.py:2817}}
Dec 26 10:04:16 jammy-provider-cloud-0000007867 devstack@g-api.service[104363]: DEBUG glance.common.config [None req-a9dfa847-a487-488e-8ff9-e79c71f95981 None None] log_rotate_interval            = 1 {{(pid=104363) log_opt_values /opt/stack/data/venv/lib/python3.10/site-packages/oslo_config/cfg.py:2817}}
Dec 26 10:04:16 jammy-provider-cloud-0000007867 devstack@g-api.service[104363]: DEBUG glance.common.config [None req-a9dfa847-a487-488e-8ff9-e79c71f95981 None None] log_rotate_interval_type       = days {{(pid=104363) log_opt_values /opt/stack/data/venv/lib/python3.10/site-packages/oslo_config/cfg.py:2817}}
Dec 26 10:04:16 jammy-provider-cloud-0000007867 devstack@g-api.service[104363]: DEBUG glance.common.config [None req-a9dfa847-a487-488e-8ff9-e79c71f95981 None None] log_rotation_type              = none {{(pid=104363) log_opt_values /opt/stack/data/venv/lib/python3.10/site-packages/oslo_config/cfg.py:2817}}
Dec 26 10:04:16 jammy-provider-cloud-0000007867 devstack@g-api.service[104363]: DEBUG glance.common.config [None req-a9dfa847-a487-488e-8ff9-e79c71f95981 None None] logging_context_format_string  = %(color)s%(levelname)s %(name)s [%(global_request_id)s %(request_id)s %(project_name)s %(user_name)s%(color)s] %(instance)s%(color)s%(message)s {{(pid=104363) log_opt_values /opt/stack/data/venv/lib/python3.10/site-packages/oslo_config/cfg.py:2817}}
Dec 26 10:04:16 jammy-provider-cloud-0000007867 devstack@g-api.service[104363]: DEBUG glance.common.config [None req-a9dfa847-a487-488e-8ff9-e79c71f95981 None None] logging_debug_format_suffix    = {{(pid=%(process)d) %(funcName)s %(pathname)s:%(lineno)d}} {{(pid=104363) log_opt_values /opt/stack/data/venv/lib/python3.10/site-packages/oslo_config/cfg.py:2817}}
Dec 26 10:04:16 jammy-provider-cloud-0000007867 devstack@g-api.service[104363]: DEBUG glance.common.config [None req-a9dfa847-a487-488e-8ff9-e79c71f95981 None None] logging_default_format_string  = %(color)s%(levelname)s %(name)s [-%(color)s] %(instance)s%(color)s%(message)s {{(pid=104363) log_opt_values /opt/stack/data/venv/lib/python3.10/site-packages/oslo_config/cfg.py:2817}}
