May 19 02:44:32 ubuntu systemd[1]: Starting devstack@g-api.service - Devstack devstack@g-api.service...
May 19 02:44:32 ubuntu devstack@g-api.service[114748]: [uWSGI] getting INI configuration from /etc/glance/glance-uwsgi.ini
May 19 02:44:32 ubuntu devstack@g-api.service[114748]: *** Starting uWSGI 2.0.24-debian (64bit) on [Tue May 19 02:44:32 2026] ***
May 19 02:44:32 ubuntu devstack@g-api.service[114748]: compiled with version: 13.2.0 on 17 April 2024 16:23:48
May 19 02:44:32 ubuntu devstack@g-api.service[114748]: os: Linux-6.8.0-100-generic #100-Ubuntu SMP PREEMPT_DYNAMIC Tue Jan 13 16:40:06 UTC 2026
May 19 02:44:32 ubuntu devstack@g-api.service[114748]: nodename: ubuntu
May 19 02:44:32 ubuntu devstack@g-api.service[114748]: machine: x86_64
May 19 02:44:32 ubuntu devstack@g-api.service[114748]: clock source: unix
May 19 02:44:32 ubuntu devstack@g-api.service[114748]: pcre jit disabled
May 19 02:44:32 ubuntu devstack@g-api.service[114748]: detected number of CPU cores: 4
May 19 02:44:32 ubuntu devstack@g-api.service[114748]: current working directory: /
May 19 02:44:32 ubuntu devstack@g-api.service[114748]: detected binary path: /usr/bin/uwsgi-core
May 19 02:44:32 ubuntu devstack@g-api.service[114748]: your processes number limit is 31446
May 19 02:44:32 ubuntu devstack@g-api.service[114748]: your memory page size is 4096 bytes
May 19 02:44:32 ubuntu devstack@g-api.service[114748]: detected max file descriptor number: 2048
May 19 02:44:32 ubuntu devstack@g-api.service[114748]: lock engine: pthread robust mutexes
May 19 02:44:32 ubuntu devstack@g-api.service[114748]: thunder lock: enabled
May 19 02:44:32 ubuntu devstack@g-api.service[114748]: uwsgi socket 0 bound to TCP address 127.0.0.1:60999 fd 4
May 19 02:44:32 ubuntu devstack@g-api.service[114748]: Python version: 3.12.3 (main, Mar 23 2026, 19:04:32) [GCC 13.3.0]
May 19 02:44:32 ubuntu devstack@g-api.service[114748]: PEP 405 virtualenv detected: /opt/stack/data/venv
May 19 02:44:32 ubuntu devstack@g-api.service[114748]: Set PythonHome to /opt/stack/data/venv
May 19 02:44:32 ubuntu devstack@g-api.service[114748]: Python main interpreter initialized at 0x7c1c90ea3668
May 19 02:44:32 ubuntu devstack@g-api.service[114748]: python threads support enabled
May 19 02:44:32 ubuntu devstack@g-api.service[114748]: your server socket listen backlog is limited to 100 connections
May 19 02:44:32 ubuntu devstack@g-api.service[114748]: your mercy for graceful operations on workers is 80 seconds
May 19 02:44:32 ubuntu devstack@g-api.service[114748]: mapped 403077 bytes (393 KB) for 2 cores
May 19 02:44:32 ubuntu devstack@g-api.service[114748]: *** Operational MODE: preforking ***
May 19 02:44:32 ubuntu devstack@g-api.service[114748]: *** uWSGI is running in multiple interpreter mode ***
May 19 02:44:32 ubuntu devstack@g-api.service[114748]: spawned uWSGI master process (pid: 114748)
May 19 02:44:32 ubuntu devstack@g-api.service[114748]: spawned uWSGI worker 1 (pid: 114749, cores: 1)
May 19 02:44:32 ubuntu devstack@g-api.service[114748]: spawned uWSGI worker 2 (pid: 114750, cores: 1)
May 19 02:44:32 ubuntu devstack@g-api.service[114748]: running "unix_signal:15 gracefully_kill_them_all" (master-start)...
May 19 02:44:32 ubuntu systemd[1]: Started devstack@g-api.service - Devstack devstack@g-api.service.
May 19 02:44:33 ubuntu devstack@g-api.service[114749]: /opt/stack/data/venv/lib/python3.12/site-packages/oslo_utils/importutils.py:77: EventletDeprecationWarning:
May 19 02:44:33 ubuntu devstack@g-api.service[114749]: Eventlet is deprecated. It is currently being maintained in bugfix mode, and
May 19 02:44:33 ubuntu devstack@g-api.service[114749]: we strongly recommend against using it for new projects.
May 19 02:44:33 ubuntu devstack@g-api.service[114749]: If you are already using Eventlet, we recommend migrating to a different
May 19 02:44:33 ubuntu devstack@g-api.service[114749]: framework.  For more detail see
May 19 02:44:33 ubuntu devstack@g-api.service[114749]: https://eventlet.readthedocs.io/en/latest/asyncio/migration.html
May 19 02:44:33 ubuntu devstack@g-api.service[114749]:   __import__(import_str)
May 19 02:44:33 ubuntu devstack@g-api.service[114750]: /opt/stack/data/venv/lib/python3.12/site-packages/oslo_utils/importutils.py:77: EventletDeprecationWarning:
May 19 02:44:33 ubuntu devstack@g-api.service[114750]: Eventlet is deprecated. It is currently being maintained in bugfix mode, and
May 19 02:44:33 ubuntu devstack@g-api.service[114750]: we strongly recommend against using it for new projects.
May 19 02:44:33 ubuntu devstack@g-api.service[114750]: If you are already using Eventlet, we recommend migrating to a different
May 19 02:44:33 ubuntu devstack@g-api.service[114750]: framework.  For more detail see
May 19 02:44:33 ubuntu devstack@g-api.service[114750]: https://eventlet.readthedocs.io/en/latest/asyncio/migration.html
May 19 02:44:33 ubuntu devstack@g-api.service[114750]:   __import__(import_str)
May 19 02:44:33 ubuntu devstack@g-api.service[114749]: INFO glance.async_ [-] Threadpool model set to 'NativeThreadPoolModel'
May 19 02:44:33 ubuntu devstack@g-api.service[114749]: DEBUG oslo_concurrency.processutils [-] Running cmd (subprocess): grep -F node.session.scan /sbin/iscsiadm {{(pid=114749) execute /opt/stack/data/venv/lib/python3.12/site-packages/oslo_concurrency/processutils.py:440}}
May 19 02:44:33 ubuntu devstack@g-api.service[114749]: DEBUG oslo_concurrency.processutils [-] CMD "grep -F node.session.scan /sbin/iscsiadm" returned: 0 in 0.014s {{(pid=114749) execute /opt/stack/data/venv/lib/python3.12/site-packages/oslo_concurrency/processutils.py:468}}
May 19 02:44:33 ubuntu devstack@g-api.service[114750]: INFO glance.async_ [-] Threadpool model set to 'NativeThreadPoolModel'
May 19 02:44:33 ubuntu devstack@g-api.service[114750]: DEBUG oslo_concurrency.processutils [-] Running cmd (subprocess): grep -F node.session.scan /sbin/iscsiadm {{(pid=114750) execute /opt/stack/data/venv/lib/python3.12/site-packages/oslo_concurrency/processutils.py:440}}
May 19 02:44:33 ubuntu devstack@g-api.service[114750]: DEBUG oslo_concurrency.processutils [-] CMD "grep -F node.session.scan /sbin/iscsiadm" returned: 0 in 0.010s {{(pid=114750) execute /opt/stack/data/venv/lib/python3.12/site-packages/oslo_concurrency/processutils.py:468}}
May 19 02:44:34 ubuntu devstack@g-api.service[114749]: DEBUG glance_store.backend [-] Attempting to import store cinder {{(pid=114749) _load_store /opt/stack/data/venv/lib/python3.12/site-packages/glance_store/backend.py:215}}
May 19 02:44:34 ubuntu devstack@g-api.service[114749]: DEBUG glance_store.backend [-] Attempting to import store file {{(pid=114749) _load_store /opt/stack/data/venv/lib/python3.12/site-packages/glance_store/backend.py:215}}
May 19 02:44:34 ubuntu devstack@g-api.service[114749]: DEBUG glance_store.backend [-] Attempting to import store glance.store.cinder.Store {{(pid=114749) _load_store /opt/stack/data/venv/lib/python3.12/site-packages/glance_store/backend.py:215}}
May 19 02:44:34 ubuntu devstack@g-api.service[114749]: DEBUG glance_store.backend [-] Attempting to import store glance.store.filesystem.Store {{(pid=114749) _load_store /opt/stack/data/venv/lib/python3.12/site-packages/glance_store/backend.py:215}}
May 19 02:44:34 ubuntu devstack@g-api.service[114749]: DEBUG glance_store.backend [-] Attempting to import store glance.store.http.Store {{(pid=114749) _load_store /opt/stack/data/venv/lib/python3.12/site-packages/glance_store/backend.py:215}}
May 19 02:44:34 ubuntu devstack@g-api.service[114749]: DEBUG glance_store.backend [-] Attempting to import store glance.store.rbd.Store {{(pid=114749) _load_store /opt/stack/data/venv/lib/python3.12/site-packages/glance_store/backend.py:215}}
May 19 02:44:34 ubuntu devstack@g-api.service[114749]: DEBUG glance_store.backend [-] Attempting to import store glance.store.s3.Store {{(pid=114749) _load_store /opt/stack/data/venv/lib/python3.12/site-packages/glance_store/backend.py:215}}
May 19 02:44:34 ubuntu devstack@g-api.service[114749]: DEBUG glance_store.backend [-] Attempting to import store glance.store.swift.Store {{(pid=114749) _load_store /opt/stack/data/venv/lib/python3.12/site-packages/glance_store/backend.py:215}}
May 19 02:44:34 ubuntu devstack@g-api.service[114749]: DEBUG glance_store.backend [-] Attempting to import store glance.store.vmware_datastore.Store {{(pid=114749) _load_store /opt/stack/data/venv/lib/python3.12/site-packages/glance_store/backend.py:215}}
May 19 02:44:34 ubuntu devstack@g-api.service[114749]: DEBUG glance_store.backend [-] Attempting to import store http {{(pid=114749) _load_store /opt/stack/data/venv/lib/python3.12/site-packages/glance_store/backend.py:215}}
May 19 02:44:34 ubuntu devstack@g-api.service[114749]: DEBUG glance_store.backend [-] Attempting to import store no_conf {{(pid=114749) _load_store /opt/stack/data/venv/lib/python3.12/site-packages/glance_store/backend.py:215}}
May 19 02:44:34 ubuntu devstack@g-api.service[114749]: DEBUG glance_store.backend [-] Attempting to import store rbd {{(pid=114749) _load_store /opt/stack/data/venv/lib/python3.12/site-packages/glance_store/backend.py:215}}
May 19 02:44:34 ubuntu devstack@g-api.service[114749]: DEBUG glance_store.backend [-] Attempting to import store s3 {{(pid=114749) _load_store /opt/stack/data/venv/lib/python3.12/site-packages/glance_store/backend.py:215}}
May 19 02:44:34 ubuntu devstack@g-api.service[114749]: DEBUG glance_store.backend [-] Attempting to import store swift {{(pid=114749) _load_store /opt/stack/data/venv/lib/python3.12/site-packages/glance_store/backend.py:215}}
May 19 02:44:34 ubuntu devstack@g-api.service[114749]: DEBUG glance_store.backend [-] Attempting to import store vmware {{(pid=114749) _load_store /opt/stack/data/venv/lib/python3.12/site-packages/glance_store/backend.py:215}}
May 19 02:44:34 ubuntu devstack@g-api.service[114749]: DEBUG glance_store.backend [-] Registering options for group glance_store {{(pid=114749) register_opts /opt/stack/data/venv/lib/python3.12/site-packages/glance_store/backend.py:144}}
May 19 02:44:34 ubuntu devstack@g-api.service[114749]: DEBUG glance_store.backend [-] Registering options for group glance_store {{(pid=114749) register_opts /opt/stack/data/venv/lib/python3.12/site-packages/glance_store/backend.py:144}}
May 19 02:44:34 ubuntu devstack@g-api.service[114749]: DEBUG glance_store.backend [-] Attempting to import store file {{(pid=114749) _load_store /opt/stack/data/venv/lib/python3.12/site-packages/glance_store/backend.py:215}}
May 19 02:44:34 ubuntu devstack@g-api.service[114749]: DEBUG glance_store.capabilities [-] Store glance_store._drivers.filesystem.Store doesn't support updating dynamic storage capabilities. Please overwrite 'update_capabilities' method of the store to implement updating logics if needed. {{(pid=114749) update_capabilities /opt/stack/data/venv/lib/python3.12/site-packages/glance_store/capabilities.py:91}}
May 19 02:44:34 ubuntu devstack@g-api.service[114749]: DEBUG glance_store.backend [-] Registering store file with schemes ('file', 'filesystem') {{(pid=114749) create_stores /opt/stack/data/venv/lib/python3.12/site-packages/glance_store/backend.py:261}}
May 19 02:44:34 ubuntu devstack@g-api.service[114749]: DEBUG glance_store.driver [-] Late loading location class glance_store._drivers.filesystem.StoreLocation {{(pid=114749) get_store_location_class /opt/stack/data/venv/lib/python3.12/site-packages/glance_store/driver.py:134}}
May 19 02:44:34 ubuntu devstack@g-api.service[114749]: DEBUG glance_store.location [-] Registering scheme file with {'store': <glance_store._drivers.filesystem.Store object at 0x7c1c8c093c50>, 'location_class': <class 'glance_store._drivers.filesystem.StoreLocation'>, 'store_entry': 'file'} {{(pid=114749) register_scheme_map /opt/stack/data/venv/lib/python3.12/site-packages/glance_store/location.py:146}}
May 19 02:44:34 ubuntu devstack@g-api.service[114749]: DEBUG glance_store.location [-] Registering scheme filesystem with {'store': <glance_store._drivers.filesystem.Store object at 0x7c1c8c093c50>, 'location_class': <class 'glance_store._drivers.filesystem.StoreLocation'>, 'store_entry': 'file'} {{(pid=114749) register_scheme_map /opt/stack/data/venv/lib/python3.12/site-packages/glance_store/location.py:146}}
May 19 02:44:34 ubuntu devstack@g-api.service[114749]: DEBUG glance_store.backend [-] Attempting to import store http {{(pid=114749) _load_store /opt/stack/data/venv/lib/python3.12/site-packages/glance_store/backend.py:215}}
May 19 02:44:34 ubuntu devstack@g-api.service[114749]: DEBUG glance_store.capabilities [-] Store glance_store._drivers.http.Store doesn't support updating dynamic storage capabilities. Please overwrite 'update_capabilities' method of the store to implement updating logics if needed. {{(pid=114749) update_capabilities /opt/stack/data/venv/lib/python3.12/site-packages/glance_store/capabilities.py:91}}
May 19 02:44:34 ubuntu devstack@g-api.service[114749]: DEBUG glance_store.backend [-] Registering store http with schemes ('http', 'https') {{(pid=114749) create_stores /opt/stack/data/venv/lib/python3.12/site-packages/glance_store/backend.py:261}}
May 19 02:44:34 ubuntu devstack@g-api.service[114749]: DEBUG glance_store.driver [-] Late loading location class glance_store._drivers.http.StoreLocation {{(pid=114749) get_store_location_class /opt/stack/data/venv/lib/python3.12/site-packages/glance_store/driver.py:134}}
May 19 02:44:34 ubuntu devstack@g-api.service[114749]: DEBUG glance_store.location [-] Registering scheme http with {'store': <glance_store._drivers.http.Store object at 0x7c1c8c1f2090>, 'location_class': <class 'glance_store._drivers.http.StoreLocation'>, 'store_entry': 'http'} {{(pid=114749) register_scheme_map /opt/stack/data/venv/lib/python3.12/site-packages/glance_store/location.py:146}}
May 19 02:44:34 ubuntu devstack@g-api.service[114749]: DEBUG glance_store.location [-] Registering scheme https with {'store': <glance_store._drivers.http.Store object at 0x7c1c8c1f2090>, 'location_class': <class 'glance_store._drivers.http.StoreLocation'>, 'store_entry': 'http'} {{(pid=114749) register_scheme_map /opt/stack/data/venv/lib/python3.12/site-packages/glance_store/location.py:146}}
May 19 02:44:34 ubuntu devstack@g-api.service[114749]: DEBUG glance.sqlite_migration [-] SQLite caching database not located, skipping migration {{(pid=114749) get_db_path /opt/stack/glance/glance/sqlite_migration.py:68}}
May 19 02:44:34 ubuntu devstack@g-api.service[114749]: WARNING glance.common.wsgi_app [-] Import methods are enabled but staging directory /tmp/staging/ does not exist; Imports will fail!
May 19 02:44:34 ubuntu devstack@g-api.service[114750]: DEBUG glance_store.backend [-] Attempting to import store cinder {{(pid=114750) _load_store /opt/stack/data/venv/lib/python3.12/site-packages/glance_store/backend.py:215}}
May 19 02:44:34 ubuntu devstack@g-api.service[114750]: DEBUG glance_store.backend [-] Attempting to import store file {{(pid=114750) _load_store /opt/stack/data/venv/lib/python3.12/site-packages/glance_store/backend.py:215}}
May 19 02:44:34 ubuntu devstack@g-api.service[114750]: DEBUG glance_store.backend [-] Attempting to import store glance.store.cinder.Store {{(pid=114750) _load_store /opt/stack/data/venv/lib/python3.12/site-packages/glance_store/backend.py:215}}
May 19 02:44:34 ubuntu devstack@g-api.service[114750]: DEBUG glance_store.backend [-] Attempting to import store glance.store.filesystem.Store {{(pid=114750) _load_store /opt/stack/data/venv/lib/python3.12/site-packages/glance_store/backend.py:215}}
May 19 02:44:34 ubuntu devstack@g-api.service[114750]: DEBUG glance_store.backend [-] Attempting to import store glance.store.http.Store {{(pid=114750) _load_store /opt/stack/data/venv/lib/python3.12/site-packages/glance_store/backend.py:215}}
May 19 02:44:34 ubuntu devstack@g-api.service[114750]: DEBUG glance_store.backend [-] Attempting to import store glance.store.rbd.Store {{(pid=114750) _load_store /opt/stack/data/venv/lib/python3.12/site-packages/glance_store/backend.py:215}}
May 19 02:44:34 ubuntu devstack@g-api.service[114750]: DEBUG glance_store.backend [-] Attempting to import store glance.store.s3.Store {{(pid=114750) _load_store /opt/stack/data/venv/lib/python3.12/site-packages/glance_store/backend.py:215}}
May 19 02:44:34 ubuntu devstack@g-api.service[114750]: DEBUG glance_store.backend [-] Attempting to import store glance.store.swift.Store {{(pid=114750) _load_store /opt/stack/data/venv/lib/python3.12/site-packages/glance_store/backend.py:215}}
May 19 02:44:34 ubuntu devstack@g-api.service[114750]: DEBUG glance_store.backend [-] Attempting to import store glance.store.vmware_datastore.Store {{(pid=114750) _load_store /opt/stack/data/venv/lib/python3.12/site-packages/glance_store/backend.py:215}}
May 19 02:44:34 ubuntu devstack@g-api.service[114750]: DEBUG glance_store.backend [-] Attempting to import store http {{(pid=114750) _load_store /opt/stack/data/venv/lib/python3.12/site-packages/glance_store/backend.py:215}}
May 19 02:44:34 ubuntu devstack@g-api.service[114750]: DEBUG glance_store.backend [-] Attempting to import store no_conf {{(pid=114750) _load_store /opt/stack/data/venv/lib/python3.12/site-packages/glance_store/backend.py:215}}
May 19 02:44:34 ubuntu devstack@g-api.service[114750]: DEBUG glance_store.backend [-] Attempting to import store rbd {{(pid=114750) _load_store /opt/stack/data/venv/lib/python3.12/site-packages/glance_store/backend.py:215}}
May 19 02:44:34 ubuntu devstack@g-api.service[114750]: DEBUG glance_store.backend [-] Attempting to import store s3 {{(pid=114750) _load_store /opt/stack/data/venv/lib/python3.12/site-packages/glance_store/backend.py:215}}
May 19 02:44:34 ubuntu devstack@g-api.service[114750]: DEBUG glance_store.backend [-] Attempting to import store swift {{(pid=114750) _load_store /opt/stack/data/venv/lib/python3.12/site-packages/glance_store/backend.py:215}}
May 19 02:44:34 ubuntu devstack@g-api.service[114750]: DEBUG glance_store.backend [-] Attempting to import store vmware {{(pid=114750) _load_store /opt/stack/data/venv/lib/python3.12/site-packages/glance_store/backend.py:215}}
May 19 02:44:34 ubuntu devstack@g-api.service[114750]: DEBUG glance_store.backend [-] Registering options for group glance_store {{(pid=114750) register_opts /opt/stack/data/venv/lib/python3.12/site-packages/glance_store/backend.py:144}}
May 19 02:44:34 ubuntu devstack@g-api.service[114750]: DEBUG glance_store.backend [-] Registering options for group glance_store {{(pid=114750) register_opts /opt/stack/data/venv/lib/python3.12/site-packages/glance_store/backend.py:144}}
May 19 02:44:34 ubuntu devstack@g-api.service[114750]: DEBUG glance_store.backend [-] Attempting to import store file {{(pid=114750) _load_store /opt/stack/data/venv/lib/python3.12/site-packages/glance_store/backend.py:215}}
May 19 02:44:34 ubuntu devstack@g-api.service[114750]: DEBUG glance_store.capabilities [-] Store glance_store._drivers.filesystem.Store doesn't support updating dynamic storage capabilities. Please overwrite 'update_capabilities' method of the store to implement updating logics if needed. {{(pid=114750) update_capabilities /opt/stack/data/venv/lib/python3.12/site-packages/glance_store/capabilities.py:91}}
May 19 02:44:34 ubuntu devstack@g-api.service[114750]: DEBUG glance_store.backend [-] Registering store file with schemes ('file', 'filesystem') {{(pid=114750) create_stores /opt/stack/data/venv/lib/python3.12/site-packages/glance_store/backend.py:261}}
May 19 02:44:34 ubuntu devstack@g-api.service[114750]: DEBUG glance_store.driver [-] Late loading location class glance_store._drivers.filesystem.StoreLocation {{(pid=114750) get_store_location_class /opt/stack/data/venv/lib/python3.12/site-packages/glance_store/driver.py:134}}
May 19 02:44:34 ubuntu devstack@g-api.service[114750]: DEBUG glance_store.location [-] Registering scheme file with {'store': <glance_store._drivers.filesystem.Store object at 0x7c1c8c0964b0>, 'location_class': <class 'glance_store._drivers.filesystem.StoreLocation'>, 'store_entry': 'file'} {{(pid=114750) register_scheme_map /opt/stack/data/venv/lib/python3.12/site-packages/glance_store/location.py:146}}
May 19 02:44:34 ubuntu devstack@g-api.service[114750]: DEBUG glance_store.location [-] Registering scheme filesystem with {'store': <glance_store._drivers.filesystem.Store object at 0x7c1c8c0964b0>, 'location_class': <class 'glance_store._drivers.filesystem.StoreLocation'>, 'store_entry': 'file'} {{(pid=114750) register_scheme_map /opt/stack/data/venv/lib/python3.12/site-packages/glance_store/location.py:146}}
May 19 02:44:34 ubuntu devstack@g-api.service[114750]: DEBUG glance_store.backend [-] Attempting to import store http {{(pid=114750) _load_store /opt/stack/data/venv/lib/python3.12/site-packages/glance_store/backend.py:215}}
May 19 02:44:34 ubuntu devstack@g-api.service[114750]: DEBUG glance_store.capabilities [-] Store glance_store._drivers.http.Store doesn't support updating dynamic storage capabilities. Please overwrite 'update_capabilities' method of the store to implement updating logics if needed. {{(pid=114750) update_capabilities /opt/stack/data/venv/lib/python3.12/site-packages/glance_store/capabilities.py:91}}
May 19 02:44:34 ubuntu devstack@g-api.service[114750]: DEBUG glance_store.backend [-] Registering store http with schemes ('http', 'https') {{(pid=114750) create_stores /opt/stack/data/venv/lib/python3.12/site-packages/glance_store/backend.py:261}}
May 19 02:44:34 ubuntu devstack@g-api.service[114750]: DEBUG glance_store.driver [-] Late loading location class glance_store._drivers.http.StoreLocation {{(pid=114750) get_store_location_class /opt/stack/data/venv/lib/python3.12/site-packages/glance_store/driver.py:134}}
May 19 02:44:34 ubuntu devstack@g-api.service[114750]: DEBUG glance_store.location [-] Registering scheme http with {'store': <glance_store._drivers.http.Store object at 0x7c1c8c4a42f0>, 'location_class': <class 'glance_store._drivers.http.StoreLocation'>, 'store_entry': 'http'} {{(pid=114750) register_scheme_map /opt/stack/data/venv/lib/python3.12/site-packages/glance_store/location.py:146}}
May 19 02:44:34 ubuntu devstack@g-api.service[114750]: DEBUG glance_store.location [-] Registering scheme https with {'store': <glance_store._drivers.http.Store object at 0x7c1c8c4a42f0>, 'location_class': <class 'glance_store._drivers.http.StoreLocation'>, 'store_entry': 'http'} {{(pid=114750) register_scheme_map /opt/stack/data/venv/lib/python3.12/site-packages/glance_store/location.py:146}}
May 19 02:44:34 ubuntu devstack@g-api.service[114750]: DEBUG glance.sqlite_migration [-] SQLite caching database not located, skipping migration {{(pid=114750) get_db_path /opt/stack/glance/glance/sqlite_migration.py:68}}
May 19 02:44:34 ubuntu devstack@g-api.service[114750]: WARNING glance.common.wsgi_app [-] Import methods are enabled but staging directory /tmp/staging/ does not exist; Imports will fail!
May 19 02:44:34 ubuntu devstack@g-api.service[114749]: DEBUG glance.common.config [None req-ea2730ed-73f8-4607-aa4b-043b70df87a7 None None] Loading glance-api-keystone+cachemanagement from /etc/glance/glance-api-paste.ini {{(pid=114749) load_paste_app /opt/stack/glance/glance/common/config.py:758}}
May 19 02:44:34 ubuntu devstack@g-api.service[114750]: DEBUG glance.common.config [None req-3422340d-fb1d-4756-8ac7-88e510a0b0ee None None] Loading glance-api-keystone+cachemanagement from /etc/glance/glance-api-paste.ini {{(pid=114750) load_paste_app /opt/stack/glance/glance/common/config.py:758}}
May 19 02:44:35 ubuntu devstack@g-api.service[114750]: INFO glance.image_cache [None req-3422340d-fb1d-4756-8ac7-88e510a0b0ee None None] Image cache loaded driver 'centralized_db'.
May 19 02:44:35 ubuntu devstack@g-api.service[114749]: INFO glance.image_cache [None req-ea2730ed-73f8-4607-aa4b-043b70df87a7 None None] Image cache loaded driver 'centralized_db'.
May 19 02:44:35 ubuntu devstack@g-api.service[114750]: INFO dbcounter [None req-3422340d-fb1d-4756-8ac7-88e510a0b0ee None None] Registered counter for database glance
May 19 02:44:35 ubuntu devstack@g-api.service[114749]: INFO dbcounter [None req-ea2730ed-73f8-4607-aa4b-043b70df87a7 None None] Registered counter for database glance
May 19 02:44:35 ubuntu devstack@g-api.service[114750]: DEBUG oslo_db.sqlalchemy.engines [None req-3422340d-fb1d-4756-8ac7-88e510a0b0ee None None] MySQL server mode set to STRICT_TRANS_TABLES,STRICT_ALL_TABLES,NO_ZERO_IN_DATE,NO_ZERO_DATE,ERROR_FOR_DIVISION_BY_ZERO,TRADITIONAL,NO_ENGINE_SUBSTITUTION {{(pid=114750) _check_effective_sql_mode /opt/stack/data/venv/lib/python3.12/site-packages/oslo_db/sqlalchemy/engines.py:325}}
May 19 02:44:35 ubuntu devstack@g-api.service[114749]: DEBUG oslo_db.sqlalchemy.engines [None req-ea2730ed-73f8-4607-aa4b-043b70df87a7 None None] MySQL server mode set to STRICT_TRANS_TABLES,STRICT_ALL_TABLES,NO_ZERO_IN_DATE,NO_ZERO_DATE,ERROR_FOR_DIVISION_BY_ZERO,TRADITIONAL,NO_ENGINE_SUBSTITUTION {{(pid=114749) _check_effective_sql_mode /opt/stack/data/venv/lib/python3.12/site-packages/oslo_db/sqlalchemy/engines.py:325}}
May 19 02:44:35 ubuntu devstack@g-api.service[114750]: DEBUG dbcounter [-] [114750] Writer thread running {{(pid=114750) stat_writer /opt/stack/data/venv/lib/python3.12/site-packages/dbcounter.py:102}}
May 19 02:44:35 ubuntu devstack@g-api.service[114749]: DEBUG dbcounter [-] [114749] Writer thread running {{(pid=114749) stat_writer /opt/stack/data/venv/lib/python3.12/site-packages/dbcounter.py:102}}
May 19 02:44:35 ubuntu devstack@g-api.service[114749]: DEBUG glance.image_cache.drivers.centralized_db [None req-ea2730ed-73f8-4607-aa4b-043b70df87a7 None None] Node reference is already recorded, ignoring it {{(pid=114749) configure /opt/stack/glance/glance/image_cache/drivers/centralized_db.py:71}}
May 19 02:44:35 ubuntu devstack@g-api.service[114750]: INFO glance.image_cache [None req-3422340d-fb1d-4756-8ac7-88e510a0b0ee None None] Image cache loaded driver 'centralized_db'.
May 19 02:44:35 ubuntu devstack@g-api.service[114749]: INFO glance.image_cache [None req-ea2730ed-73f8-4607-aa4b-043b70df87a7 None None] Image cache loaded driver 'centralized_db'.
May 19 02:44:35 ubuntu devstack@g-api.service[114750]: DEBUG glance.image_cache.drivers.centralized_db [None req-3422340d-fb1d-4756-8ac7-88e510a0b0ee None None] Node reference is already recorded, ignoring it {{(pid=114750) configure /opt/stack/glance/glance/image_cache/drivers/centralized_db.py:71}}
May 19 02:44:35 ubuntu devstack@g-api.service[114750]: DEBUG glance.api.v2.cached_images [None req-3422340d-fb1d-4756-8ac7-88e510a0b0ee None None] Started cache worker thread {{(pid=114750) __init__ /opt/stack/glance/glance/api/v2/cached_images.py:69}}
May 19 02:44:35 ubuntu devstack@g-api.service[114750]: INFO glance.image_cache [None req-3422340d-fb1d-4756-8ac7-88e510a0b0ee None None] Image cache loaded driver 'centralized_db'.
May 19 02:44:35 ubuntu devstack@g-api.service[114749]: DEBUG glance.image_cache.drivers.centralized_db [None req-ea2730ed-73f8-4607-aa4b-043b70df87a7 None None] Node reference is already recorded, ignoring it {{(pid=114749) configure /opt/stack/glance/glance/image_cache/drivers/centralized_db.py:71}}
May 19 02:44:35 ubuntu devstack@g-api.service[114749]: DEBUG glance.api.v2.cached_images [None req-ea2730ed-73f8-4607-aa4b-043b70df87a7 None None] Started cache worker thread {{(pid=114749) __init__ /opt/stack/glance/glance/api/v2/cached_images.py:69}}
May 19 02:44:35 ubuntu devstack@g-api.service[114749]: INFO glance.image_cache [None req-ea2730ed-73f8-4607-aa4b-043b70df87a7 None None] Image cache loaded driver 'centralized_db'.
May 19 02:44:35 ubuntu devstack@g-api.service[114750]: DEBUG glance.image_cache.drivers.centralized_db [None req-3422340d-fb1d-4756-8ac7-88e510a0b0ee None None] Node reference is already recorded, ignoring it {{(pid=114750) configure /opt/stack/glance/glance/image_cache/drivers/centralized_db.py:71}}
May 19 02:44:35 ubuntu devstack@g-api.service[114750]: INFO glance.api.middleware.cache_manage [None req-3422340d-fb1d-4756-8ac7-88e510a0b0ee None None] Initialized image cache management middleware
May 19 02:44:35 ubuntu devstack@g-api.service[114750]: INFO glance.image_cache [None req-3422340d-fb1d-4756-8ac7-88e510a0b0ee None None] Image cache loaded driver 'centralized_db'.
May 19 02:44:35 ubuntu devstack@g-api.service[114749]: DEBUG glance.image_cache.drivers.centralized_db [None req-ea2730ed-73f8-4607-aa4b-043b70df87a7 None None] Node reference is already recorded, ignoring it {{(pid=114749) configure /opt/stack/glance/glance/image_cache/drivers/centralized_db.py:71}}
May 19 02:44:35 ubuntu devstack@g-api.service[114749]: INFO glance.api.middleware.cache_manage [None req-ea2730ed-73f8-4607-aa4b-043b70df87a7 None None] Initialized image cache management middleware
May 19 02:44:35 ubuntu devstack@g-api.service[114749]: INFO glance.image_cache [None req-ea2730ed-73f8-4607-aa4b-043b70df87a7 None None] Image cache loaded driver 'centralized_db'.
May 19 02:44:35 ubuntu devstack@g-api.service[114750]: DEBUG glance.image_cache.drivers.centralized_db [None req-3422340d-fb1d-4756-8ac7-88e510a0b0ee None None] Node reference is already recorded, ignoring it {{(pid=114750) configure /opt/stack/glance/glance/image_cache/drivers/centralized_db.py:71}}
May 19 02:44:35 ubuntu devstack@g-api.service[114750]: INFO glance.api.middleware.cache [None req-3422340d-fb1d-4756-8ac7-88e510a0b0ee None None] Initialized image cache middleware
May 19 02:44:35 ubuntu devstack@g-api.service[114749]: DEBUG glance.image_cache.drivers.centralized_db [None req-ea2730ed-73f8-4607-aa4b-043b70df87a7 None None] Node reference is already recorded, ignoring it {{(pid=114749) configure /opt/stack/glance/glance/image_cache/drivers/centralized_db.py:71}}
May 19 02:44:35 ubuntu devstack@g-api.service[114749]: INFO glance.api.middleware.cache [None req-ea2730ed-73f8-4607-aa4b-043b70df87a7 None None] Initialized image cache middleware
May 19 02:44:35 ubuntu devstack@g-api.service[114750]: WARNING keystonemiddleware.auth_token [None req-3422340d-fb1d-4756-8ac7-88e510a0b0ee None None] AuthToken middleware is set with keystone_authtoken.service_token_roles_required set to False. This is backwards compatible but deprecated behaviour. Please set this to True.
May 19 02:44:35 ubuntu devstack@g-api.service[114749]: WARNING keystonemiddleware.auth_token [None req-ea2730ed-73f8-4607-aa4b-043b70df87a7 None None] AuthToken middleware is set with keystone_authtoken.service_token_roles_required set to False. This is backwards compatible but deprecated behaviour. Please set this to True.
May 19 02:44:35 ubuntu devstack@g-api.service[114750]: DEBUG glance.common.config [None req-3422340d-fb1d-4756-8ac7-88e510a0b0ee None None] ******************************************************************************** {{(pid=114750) log_opt_values /opt/stack/data/venv/lib/python3.12/site-packages/oslo_config/cfg.py:2979}}
May 19 02:44:35 ubuntu devstack@g-api.service[114750]: DEBUG glance.common.config [None req-3422340d-fb1d-4756-8ac7-88e510a0b0ee None None] Configuration options gathered from: {{(pid=114750) log_opt_values /opt/stack/data/venv/lib/python3.12/site-packages/oslo_config/cfg.py:2980}}
May 19 02:44:35 ubuntu devstack@g-api.service[114750]: DEBUG glance.common.config [None req-3422340d-fb1d-4756-8ac7-88e510a0b0ee None None] command line args: [] {{(pid=114750) log_opt_values /opt/stack/data/venv/lib/python3.12/site-packages/oslo_config/cfg.py:2981}}
May 19 02:44:35 ubuntu devstack@g-api.service[114750]: DEBUG glance.common.config [None req-3422340d-fb1d-4756-8ac7-88e510a0b0ee None None] config files: ['/etc/glance/glance-image-import.conf', '/etc/glance/glance-api.conf'] {{(pid=114750) log_opt_values /opt/stack/data/venv/lib/python3.12/site-packages/oslo_config/cfg.py:2982}}
May 19 02:44:35 ubuntu devstack@g-api.service[114750]: DEBUG glance.common.config [None req-3422340d-fb1d-4756-8ac7-88e510a0b0ee None None] ================================================================================ {{(pid=114750) log_opt_values /opt/stack/data/venv/lib/python3.12/site-packages/oslo_config/cfg.py:2987}}
May 19 02:44:35 ubuntu devstack@g-api.service[114750]: DEBUG glance.common.config [None req-3422340d-fb1d-4756-8ac7-88e510a0b0ee None None] allow_anonymous_access         = False {{(pid=114750) log_opt_values /opt/stack/data/venv/lib/python3.12/site-packages/oslo_config/cfg.py:2995}}
May 19 02:44:35 ubuntu devstack@g-api.service[114750]: DEBUG glance.common.config [None req-3422340d-fb1d-4756-8ac7-88e510a0b0ee None None] api_limit_max                  = 1000 {{(pid=114750) log_opt_values /opt/stack/data/venv/lib/python3.12/site-packages/oslo_config/cfg.py:2995}}
May 19 02:44:35 ubuntu devstack@g-api.service[114750]: DEBUG glance.common.config [None req-3422340d-fb1d-4756-8ac7-88e510a0b0ee None None] backlog                        = 4096 {{(pid=114750) log_opt_values /opt/stack/data/venv/lib/python3.12/site-packages/oslo_config/cfg.py:2995}}
May 19 02:44:35 ubuntu devstack@g-api.service[114750]: DEBUG glance.common.config [None req-3422340d-fb1d-4756-8ac7-88e510a0b0ee None None] bind_host                      = 0.0.0.0 {{(pid=114750) log_opt_values /opt/stack/data/venv/lib/python3.12/site-packages/oslo_config/cfg.py:2995}}
May 19 02:44:35 ubuntu devstack@g-api.service[114750]: DEBUG glance.common.config [None req-3422340d-fb1d-4756-8ac7-88e510a0b0ee None None] bind_port                      = None {{(pid=114750) log_opt_values /opt/stack/data/venv/lib/python3.12/site-packages/oslo_config/cfg.py:2995}}
May 19 02:44:35 ubuntu devstack@g-api.service[114750]: DEBUG glance.common.config [None req-3422340d-fb1d-4756-8ac7-88e510a0b0ee None None] client_socket_timeout          = 900 {{(pid=114750) log_opt_values /opt/stack/data/venv/lib/python3.12/site-packages/oslo_config/cfg.py:2995}}
May 19 02:44:35 ubuntu devstack@g-api.service[114750]: DEBUG glance.common.config [None req-3422340d-fb1d-4756-8ac7-88e510a0b0ee None None] config_dir                     = [] {{(pid=114750) log_opt_values /opt/stack/data/venv/lib/python3.12/site-packages/oslo_config/cfg.py:2995}}
May 19 02:44:35 ubuntu devstack@g-api.service[114750]: DEBUG glance.common.config [None req-3422340d-fb1d-4756-8ac7-88e510a0b0ee None None] config_file                    = ['/etc/glance/glance-image-import.conf', '/etc/glance/glance-api.conf'] {{(pid=114750) log_opt_values /opt/stack/data/venv/lib/python3.12/site-packages/oslo_config/cfg.py:2995}}
May 19 02:44:35 ubuntu devstack@g-api.service[114750]: DEBUG glance.common.config [None req-3422340d-fb1d-4756-8ac7-88e510a0b0ee None None] config_source                  = [] {{(pid=114750) log_opt_values /opt/stack/data/venv/lib/python3.12/site-packages/oslo_config/cfg.py:2995}}
May 19 02:44:35 ubuntu devstack@g-api.service[114750]: DEBUG glance.common.config [None req-3422340d-fb1d-4756-8ac7-88e510a0b0ee None None] control_exchange               = glance {{(pid=114750) log_opt_values /opt/stack/data/venv/lib/python3.12/site-packages/oslo_config/cfg.py:2995}}
May 19 02:44:35 ubuntu devstack@g-api.service[114750]: DEBUG glance.common.config [None req-3422340d-fb1d-4756-8ac7-88e510a0b0ee None None] debug                          = True {{(pid=114750) log_opt_values /opt/stack/data/venv/lib/python3.12/site-packages/oslo_config/cfg.py:2995}}
May 19 02:44:35 ubuntu devstack@g-api.service[114750]: DEBUG glance.common.config [None req-3422340d-fb1d-4756-8ac7-88e510a0b0ee None None] default_log_levels             = ['amqp=WARN', 'boto=WARN', 'sqlalchemy=WARN', 'suds=INFO', 'oslo.messaging=INFO', 'oslo_messaging=INFO', 'iso8601=WARN', 'requests.packages.urllib3.connectionpool=WARN', 'urllib3.connectionpool=WARN', 'websocket=WARN', 'requests.packages.urllib3.util.retry=WARN', 'urllib3.util.retry=WARN', 'keystonemiddleware=WARN', 'routes.middleware=WARN', 'stevedore=WARN', 'taskflow=WARN', 'keystoneauth=WARN', 'oslo.cache=INFO', 'oslo_policy=INFO', 'dogpile.core.dogpile=INFO'] {{(pid=114750) log_opt_values /opt/stack/data/venv/lib/python3.12/site-packages/oslo_config/cfg.py:2995}}
May 19 02:44:35 ubuntu devstack@g-api.service[114750]: DEBUG glance.common.config [None req-3422340d-fb1d-4756-8ac7-88e510a0b0ee None None] default_publisher_id           = image.localhost {{(pid=114750) log_opt_values /opt/stack/data/venv/lib/python3.12/site-packages/oslo_config/cfg.py:2995}}
May 19 02:44:35 ubuntu devstack@g-api.service[114750]: DEBUG glance.common.config [None req-3422340d-fb1d-4756-8ac7-88e510a0b0ee None None] delayed_delete                 = False {{(pid=114750) log_opt_values /opt/stack/data/venv/lib/python3.12/site-packages/oslo_config/cfg.py:2995}}
May 19 02:44:35 ubuntu devstack@g-api.service[114750]: DEBUG glance.common.config [None req-3422340d-fb1d-4756-8ac7-88e510a0b0ee None None] digest_algorithm               = sha256 {{(pid=114750) log_opt_values /opt/stack/data/venv/lib/python3.12/site-packages/oslo_config/cfg.py:2995}}
May 19 02:44:35 ubuntu devstack@g-api.service[114750]: DEBUG glance.common.config [None req-3422340d-fb1d-4756-8ac7-88e510a0b0ee None None] disabled_notifications         = [] {{(pid=114750) log_opt_values /opt/stack/data/venv/lib/python3.12/site-packages/oslo_config/cfg.py:2995}}
May 19 02:44:35 ubuntu devstack@g-api.service[114750]: DEBUG glance.common.config [None req-3422340d-fb1d-4756-8ac7-88e510a0b0ee None None] do_secure_hash                 = True {{(pid=114750) log_opt_values /opt/stack/data/venv/lib/python3.12/site-packages/oslo_config/cfg.py:2995}}
May 19 02:44:35 ubuntu devstack@g-api.service[114750]: DEBUG glance.common.config [None req-3422340d-fb1d-4756-8ac7-88e510a0b0ee None None] enabled_backends               = None {{(pid=114750) log_opt_values /opt/stack/data/venv/lib/python3.12/site-packages/oslo_config/cfg.py:2995}}
May 19 02:44:35 ubuntu devstack@g-api.service[114750]: DEBUG glance.common.config [None req-3422340d-fb1d-4756-8ac7-88e510a0b0ee None None] enabled_import_methods         = ['glance-direct', 'web-download', 'copy-image'] {{(pid=114750) log_opt_values /opt/stack/data/venv/lib/python3.12/site-packages/oslo_config/cfg.py:2995}}
May 19 02:44:35 ubuntu devstack@g-api.service[114750]: DEBUG glance.common.config [None req-3422340d-fb1d-4756-8ac7-88e510a0b0ee None None] hashing_algorithm              = sha512 {{(pid=114750) log_opt_values /opt/stack/data/venv/lib/python3.12/site-packages/oslo_config/cfg.py:2995}}
May 19 02:44:35 ubuntu devstack@g-api.service[114750]: DEBUG glance.common.config [None req-3422340d-fb1d-4756-8ac7-88e510a0b0ee None None] http_keepalive                 = True {{(pid=114750) log_opt_values /opt/stack/data/venv/lib/python3.12/site-packages/oslo_config/cfg.py:2995}}
May 19 02:44:35 ubuntu devstack@g-api.service[114750]: DEBUG glance.common.config [None req-3422340d-fb1d-4756-8ac7-88e510a0b0ee None None] http_retries                   = 3 {{(pid=114750) log_opt_values /opt/stack/data/venv/lib/python3.12/site-packages/oslo_config/cfg.py:2995}}
May 19 02:44:35 ubuntu devstack@g-api.service[114750]: DEBUG glance.common.config [None req-3422340d-fb1d-4756-8ac7-88e510a0b0ee None None] image_cache_dir                = /opt/stack/data/glance/cache/ {{(pid=114750) log_opt_values /opt/stack/data/venv/lib/python3.12/site-packages/oslo_config/cfg.py:2995}}
May 19 02:44:35 ubuntu devstack@g-api.service[114750]: DEBUG glance.common.config [None req-3422340d-fb1d-4756-8ac7-88e510a0b0ee None None] image_cache_driver             = centralized_db {{(pid=114750) log_opt_values /opt/stack/data/venv/lib/python3.12/site-packages/oslo_config/cfg.py:2995}}
May 19 02:44:35 ubuntu devstack@g-api.service[114750]: DEBUG glance.common.config [None req-3422340d-fb1d-4756-8ac7-88e510a0b0ee None None] image_cache_max_size           = 10737418240 {{(pid=114750) log_opt_values /opt/stack/data/venv/lib/python3.12/site-packages/oslo_config/cfg.py:2995}}
May 19 02:44:35 ubuntu devstack@g-api.service[114750]: DEBUG glance.common.config [None req-3422340d-fb1d-4756-8ac7-88e510a0b0ee None None] image_cache_sqlite_db          = cache.db {{(pid=114750) log_opt_values /opt/stack/data/venv/lib/python3.12/site-packages/oslo_config/cfg.py:2995}}
May 19 02:44:35 ubuntu devstack@g-api.service[114750]: DEBUG glance.common.config [None req-3422340d-fb1d-4756-8ac7-88e510a0b0ee None None] image_cache_stall_time         = 86400 {{(pid=114750) log_opt_values /opt/stack/data/venv/lib/python3.12/site-packages/oslo_config/cfg.py:2995}}
May 19 02:44:35 ubuntu devstack@g-api.service[114750]: DEBUG glance.common.config [None req-3422340d-fb1d-4756-8ac7-88e510a0b0ee None None] image_location_quota           = 10 {{(pid=114750) log_opt_values /opt/stack/data/venv/lib/python3.12/site-packages/oslo_config/cfg.py:2995}}
May 19 02:44:35 ubuntu devstack@g-api.service[114750]: DEBUG glance.common.config [None req-3422340d-fb1d-4756-8ac7-88e510a0b0ee None None] image_member_quota             = 128 {{(pid=114750) log_opt_values /opt/stack/data/venv/lib/python3.12/site-packages/oslo_config/cfg.py:2995}}
May 19 02:44:35 ubuntu devstack@g-api.service[114750]: DEBUG glance.common.config [None req-3422340d-fb1d-4756-8ac7-88e510a0b0ee None None] image_property_quota           = 128 {{(pid=114750) log_opt_values /opt/stack/data/venv/lib/python3.12/site-packages/oslo_config/cfg.py:2995}}
May 19 02:44:35 ubuntu devstack@g-api.service[114750]: DEBUG glance.common.config [None req-3422340d-fb1d-4756-8ac7-88e510a0b0ee None None] image_size_cap                 = 1099511627776 {{(pid=114750) log_opt_values /opt/stack/data/venv/lib/python3.12/site-packages/oslo_config/cfg.py:2995}}
May 19 02:44:35 ubuntu devstack@g-api.service[114750]: DEBUG glance.common.config [None req-3422340d-fb1d-4756-8ac7-88e510a0b0ee None None] image_tag_quota                = 128 {{(pid=114750) log_opt_values /opt/stack/data/venv/lib/python3.12/site-packages/oslo_config/cfg.py:2995}}
May 19 02:44:35 ubuntu devstack@g-api.service[114750]: DEBUG glance.common.config [None req-3422340d-fb1d-4756-8ac7-88e510a0b0ee None None] instance_format                = [instance: %(uuid)s]  {{(pid=114750) log_opt_values /opt/stack/data/venv/lib/python3.12/site-packages/oslo_config/cfg.py:2995}}
May 19 02:44:35 ubuntu devstack@g-api.service[114750]: DEBUG glance.common.config [None req-3422340d-fb1d-4756-8ac7-88e510a0b0ee None None] instance_uuid_format           = [instance: %(uuid)s]  {{(pid=114750) log_opt_values /opt/stack/data/venv/lib/python3.12/site-packages/oslo_config/cfg.py:2995}}
May 19 02:44:35 ubuntu devstack@g-api.service[114750]: DEBUG glance.common.config [None req-3422340d-fb1d-4756-8ac7-88e510a0b0ee None None] limit_param_default            = 25 {{(pid=114750) log_opt_values /opt/stack/data/venv/lib/python3.12/site-packages/oslo_config/cfg.py:2995}}
May 19 02:44:35 ubuntu devstack@g-api.service[114750]: DEBUG glance.common.config [None req-3422340d-fb1d-4756-8ac7-88e510a0b0ee None None] log_color                      = True {{(pid=114750) log_opt_values /opt/stack/data/venv/lib/python3.12/site-packages/oslo_config/cfg.py:2995}}
May 19 02:44:35 ubuntu devstack@g-api.service[114750]: DEBUG glance.common.config [None req-3422340d-fb1d-4756-8ac7-88e510a0b0ee None None] log_config_append              = None {{(pid=114750) log_opt_values /opt/stack/data/venv/lib/python3.12/site-packages/oslo_config/cfg.py:2995}}
May 19 02:44:35 ubuntu devstack@g-api.service[114750]: DEBUG glance.common.config [None req-3422340d-fb1d-4756-8ac7-88e510a0b0ee None None] log_date_format                = %Y-%m-%d %H:%M:%S {{(pid=114750) log_opt_values /opt/stack/data/venv/lib/python3.12/site-packages/oslo_config/cfg.py:2995}}
May 19 02:44:35 ubuntu devstack@g-api.service[114750]: DEBUG glance.common.config [None req-3422340d-fb1d-4756-8ac7-88e510a0b0ee None None] log_dir                        = None {{(pid=114750) log_opt_values /opt/stack/data/venv/lib/python3.12/site-packages/oslo_config/cfg.py:2995}}
May 19 02:44:35 ubuntu devstack@g-api.service[114750]: DEBUG glance.common.config [None req-3422340d-fb1d-4756-8ac7-88e510a0b0ee None None] log_file                       = None {{(pid=114750) log_opt_values /opt/stack/data/venv/lib/python3.12/site-packages/oslo_config/cfg.py:2995}}
May 19 02:44:35 ubuntu devstack@g-api.service[114750]: DEBUG glance.common.config [None req-3422340d-fb1d-4756-8ac7-88e510a0b0ee None None] log_rotate_interval            = 1 {{(pid=114750) log_opt_values /opt/stack/data/venv/lib/python3.12/site-packages/oslo_config/cfg.py:2995}}
May 19 02:44:35 ubuntu devstack@g-api.service[114750]: DEBUG glance.common.config [None req-3422340d-fb1d-4756-8ac7-88e510a0b0ee None None] log_rotate_interval_type       = days {{(pid=114750) log_opt_values /opt/stack/data/venv/lib/python3.12/site-packages/oslo_config/cfg.py:2995}}
May 19 02:44:35 ubuntu devstack@g-api.service[114750]: DEBUG glance.common.config [None req-3422340d-fb1d-4756-8ac7-88e510a0b0ee None None] log_rotation_type              = none {{(pid=114750) log_opt_values /opt/stack/data/venv/lib/python3.12/site-packages/oslo_config/cfg.py:2995}}
May 19 02:44:35 ubuntu devstack@g-api.service[114750]: DEBUG glance.common.config [None req-3422340d-fb1d-4756-8ac7-88e510a0b0ee None None] logging_context_format_string  = %(color)s%(levelname)s %(name)s [%(global_request_id)s %(request_id)s %(project_name)s %(user_name)s%(color)s] %(instance)s%(color)s%(message)s {{(pid=114750) log_opt_values /opt/stack/data/venv/lib/python3.12/site-packages/oslo_config/cfg.py:2995}}
May 19 02:44:35 ubuntu devstack@g-api.service[114750]: DEBUG glance.common.config [None req-3422340d-fb1d-4756-8ac7-88e510a0b0ee None None] logging_debug_format_suffix    = {{(pid=%(process)d) %(funcName)s %(pathname)s:%(lineno)d}} {{(pid=114750) log_opt_values /opt/stack/data/venv/lib/python3.12/site-packages/oslo_config/cfg.py:2995}}
May 19 02:44:35 ubuntu devstack@g-api.service[114750]: DEBUG glance.common.config [None req-3422340d-fb1d-4756-8ac7-88e510a0b0ee None None] logging_default_format_string  = %(color)s%(levelname)s %(name)s [-%(color)s] %(instance)s%(color)s%(message)s {{(pid=114750) log_opt_values /opt/stack/data/venv/lib/python3.12/site-packages/oslo_config/cfg.py:2995}}
May 19 02:44:35 ubuntu devstack@g-api.service[114749]: DEBUG glance.common.config [None req-ea2730ed-73f8-4607-aa4b-043b70df87a7 None None] ******************************************************************************** {{(pid=114749) log_opt_values /opt/stack/data/venv/lib/python3.12/site-packages/oslo_config/cfg.py:2979}}
May 19 02:44:35 ubuntu devstack@g-api.service[114750]: DEBUG glance.common.config [None req-3422340d-fb1d-4756-8ac7-88e510a0b0ee None None] logging_exception_prefix       = ERROR %(name)s %(instance)s {{(pid=114750) log_opt_values /opt/stack/data/venv/lib/python3.12/site-packages/oslo_config/cfg.py:2995}}
May 19 02:44:35 ubuntu devstack@g-api.service[114750]: DEBUG glance.common.config [None req-3422340d-fb1d-4756-8ac7-88e510a0b0ee None None] logging_user_identity_format   = %(user)s %(project)s %(domain)s %(system_scope)s %(user_domain)s %(project_domain)s {{(pid=114750) log_opt_values /opt/stack/data/venv/lib/python3.12/site-packages/oslo_config/cfg.py:2995}}
May 19 02:44:35 ubuntu devstack@g-api.service[114749]: DEBUG glance.common.config [None req-ea2730ed-73f8-4607-aa4b-043b70df87a7 None None] Configuration options gathered from: {{(pid=114749) log_opt_values /opt/stack/data/venv/lib/python3.12/site-packages/oslo_config/cfg.py:2980}}
May 19 02:44:35 ubuntu devstack@g-api.service[114750]: DEBUG glance.common.config [None req-3422340d-fb1d-4756-8ac7-88e510a0b0ee None None] max_header_line                = 16384 {{(pid=114750) log_opt_values /opt/stack/data/venv/lib/python3.12/site-packages/oslo_config/cfg.py:2995}}
May 19 02:44:35 ubuntu devstack@g-api.service[114750]: DEBUG glance.common.config [None req-3422340d-fb1d-4756-8ac7-88e510a0b0ee None None] max_logfile_count              = 30 {{(pid=114750) log_opt_values /opt/stack/data/venv/lib/python3.12/site-packages/oslo_config/cfg.py:2995}}
May 19 02:44:35 ubuntu devstack@g-api.service[114750]: DEBUG glance.common.config [None req-3422340d-fb1d-4756-8ac7-88e510a0b0ee None None] max_logfile_size_mb            = 200 {{(pid=114750) log_opt_values /opt/stack/data/venv/lib/python3.12/site-packages/oslo_config/cfg.py:2995}}
May 19 02:44:35 ubuntu devstack@g-api.service[114749]: DEBUG glance.common.config [None req-ea2730ed-73f8-4607-aa4b-043b70df87a7 None None] command line args: [] {{(pid=114749) log_opt_values /opt/stack/data/venv/lib/python3.12/site-packages/oslo_config/cfg.py:2981}}
May 19 02:44:35 ubuntu devstack@g-api.service[114750]: DEBUG glance.common.config [None req-3422340d-fb1d-4756-8ac7-88e510a0b0ee None None] max_request_id_length          = 64 {{(pid=114750) log_opt_values /opt/stack/data/venv/lib/python3.12/site-packages/oslo_config/cfg.py:2995}}
May 19 02:44:35 ubuntu devstack@g-api.service[114750]: DEBUG glance.common.config [None req-3422340d-fb1d-4756-8ac7-88e510a0b0ee None None] metadata_encryption_key        = **** {{(pid=114750) log_opt_values /opt/stack/data/venv/lib/python3.12/site-packages/oslo_config/cfg.py:2995}}
May 19 02:44:35 ubuntu devstack@g-api.service[114749]: DEBUG glance.common.config [None req-ea2730ed-73f8-4607-aa4b-043b70df87a7 None None] config files: ['/etc/glance/glance-image-import.conf', '/etc/glance/glance-api.conf'] {{(pid=114749) log_opt_values /opt/stack/data/venv/lib/python3.12/site-packages/oslo_config/cfg.py:2982}}
May 19 02:44:35 ubuntu devstack@g-api.service[114750]: DEBUG glance.common.config [None req-3422340d-fb1d-4756-8ac7-88e510a0b0ee None None] node_staging_uri               = file:///tmp/staging/ {{(pid=114750) log_opt_values /opt/stack/data/venv/lib/python3.12/site-packages/oslo_config/cfg.py:2995}}
