Apr 14 19:23:24 ubuntu devstack@keystone.service[67716]: DEBUG keystone.server.flask.request_processing.middleware.auth_context [None req-9156ec83-c96e-4b8a-9830-9a5732ef390f None admin] RBAC: auth_context: {'token': <TokenModel (audit_id=pL_1Rza0RRKO2k7c-SeRPw, audit_chain_id=['pL_1Rza0RRKO2k7c-SeRPw']) at 0x76bf0dc54200>, 'domain_id': None, 'trust_id': None, 'trustor_id': None, 'trustee_id': None, 'domain_name': None, 'group_ids': [], 'user_id': '89ec44c3d2164736960bee04f6a7cdcd', 'user_domain_id': 'default', 'system_scope': 'all', 'project_id': None, 'project_domain_id': None, 'roles': ['admin', 'manager', 'member', 'reader'], 'is_admin_project': True, 'service_user_id': None, 'service_user_domain_id': None, 'service_project_id': None, 'service_project_domain_id': None, 'service_roles': []} {{(pid=67716) fill_context /opt/stack/keystone/keystone/server/flask/request_processing/middleware/auth_context.py:509}}
Apr 14 19:23:24 ubuntu devstack@keystone.service[67716]: DEBUG keystone.server.flask.request_processing.req_logging [None req-9156ec83-c96e-4b8a-9830-9a5732ef390f None admin] REQUEST_METHOD: `GET` {{(pid=67716) log_request_info /opt/stack/keystone/keystone/server/flask/request_processing/req_logging.py:26}}
Apr 14 19:23:24 ubuntu devstack@keystone.service[67716]: DEBUG keystone.server.flask.request_processing.req_logging [None req-9156ec83-c96e-4b8a-9830-9a5732ef390f None admin] SCRIPT_NAME: `/identity` {{(pid=67716) log_request_info /opt/stack/keystone/keystone/server/flask/request_processing/req_logging.py:27}}
Apr 14 19:23:24 ubuntu devstack@keystone.service[67716]: DEBUG keystone.server.flask.request_processing.req_logging [None req-9156ec83-c96e-4b8a-9830-9a5732ef390f None admin] PATH_INFO: `/v3/domains` {{(pid=67716) log_request_info /opt/stack/keystone/keystone/server/flask/request_processing/req_logging.py:28}}
Apr 14 19:23:24 ubuntu devstack@keystone.service[67716]: DEBUG keystone.common.rbac_enforcer.enforcer [None req-9156ec83-c96e-4b8a-9830-9a5732ef390f None admin] RBAC: Adding query filter params (name=Default) {{(pid=67716) _extract_filter_values /opt/stack/keystone/keystone/common/rbac_enforcer/enforcer.py:176}}
Apr 14 19:23:24 ubuntu devstack@keystone.service[67716]: DEBUG keystone.common.rbac_enforcer.enforcer [None req-9156ec83-c96e-4b8a-9830-9a5732ef390f None admin] RBAC: Authorizing `identity:list_domains()` {{(pid=67716) enforce_call /opt/stack/keystone/keystone/common/rbac_enforcer/enforcer.py:494}}
Apr 14 19:23:24 ubuntu devstack@keystone.service[67716]: DEBUG keystone.common.rbac_enforcer.enforcer [None req-9156ec83-c96e-4b8a-9830-9a5732ef390f None admin] RBAC: Authorization granted {{(pid=67716) enforce_call /opt/stack/keystone/keystone/common/rbac_enforcer/enforcer.py:505}}
Apr 14 19:23:24 ubuntu devstack@keystone.service[67717]: DEBUG keystone.server.flask.request_processing.middleware.auth_context [None req-41deb9af-5ea7-4d35-bfb6-fb57f765e574 None admin] Validating token access rules against request {{(pid=67717) validate_allowed_request /opt/stack/data/venv/lib/python3.12/site-packages/keystonemiddleware/auth_token/__init__.py:545}}
Apr 14 19:23:24 ubuntu devstack@keystone.service[67716]: [pid: 67716|app: 0|req: 10/21] 10.120.125.137 () {58 vars in 1190 bytes} [Tue Apr 14 19:23:24 2026] GET /identity/v3/domains?name=Default => generated 310 bytes in 89 msecs (HTTP/1.1 200) 5 headers in 177 bytes (1 switches on core 0)
Apr 14 19:23:24 ubuntu devstack@keystone.service[67717]: DEBUG keystone.server.flask.request_processing.middleware.auth_context [None req-2c82ff9f-165d-4185-8c35-f03ee8c7296f None admin] RBAC: auth_context: {'token': <TokenModel (audit_id=wK9zhyjoTMiceKtNT-y8Dw, audit_chain_id=['wK9zhyjoTMiceKtNT-y8Dw']) at 0x76bf0dee7b60>, 'domain_id': None, 'trust_id': None, 'trustor_id': None, 'trustee_id': None, 'domain_name': None, 'group_ids': [], 'user_id': '89ec44c3d2164736960bee04f6a7cdcd', 'user_domain_id': 'default', 'system_scope': 'all', 'project_id': None, 'project_domain_id': None, 'roles': ['admin', 'manager', 'member', 'reader'], 'is_admin_project': True, 'service_user_id': None, 'service_user_domain_id': None, 'service_project_id': None, 'service_project_domain_id': None, 'service_roles': []} {{(pid=67717) fill_context /opt/stack/keystone/keystone/server/flask/request_processing/middleware/auth_context.py:509}}
Apr 14 19:23:24 ubuntu devstack@keystone.service[67717]: DEBUG keystone.server.flask.request_processing.req_logging [None req-2c82ff9f-165d-4185-8c35-f03ee8c7296f None admin] REQUEST_METHOD: `PUT` {{(pid=67717) log_request_info /opt/stack/keystone/keystone/server/flask/request_processing/req_logging.py:26}}
Apr 14 19:23:24 ubuntu devstack@keystone.service[67717]: DEBUG keystone.server.flask.request_processing.req_logging [None req-2c82ff9f-165d-4185-8c35-f03ee8c7296f None admin] SCRIPT_NAME: `/identity` {{(pid=67717) log_request_info /opt/stack/keystone/keystone/server/flask/request_processing/req_logging.py:27}}
Apr 14 19:23:24 ubuntu devstack@keystone.service[67717]: DEBUG keystone.server.flask.request_processing.req_logging [None req-2c82ff9f-165d-4185-8c35-f03ee8c7296f None admin] PATH_INFO: `/v3/domains/default/users/89ec44c3d2164736960bee04f6a7cdcd/roles/ba7d993be66b42a1a54d218da70a7ad2` {{(pid=67717) log_request_info /opt/stack/keystone/keystone/server/flask/request_processing/req_logging.py:28}}
Apr 14 19:23:24 ubuntu devstack@keystone.service[67717]: DEBUG keystone.common.rbac_enforcer.enforcer [None req-2c82ff9f-165d-4185-8c35-f03ee8c7296f None admin] RBAC: Authorizing `identity:create_grant(domain_id=default, user_id=89ec44c3d2164736960bee04f6a7cdcd, role_id=ba7d993be66b42a1a54d218da70a7ad2)` {{(pid=67717) enforce_call /opt/stack/keystone/keystone/common/rbac_enforcer/enforcer.py:494}}
Apr 14 19:23:24 ubuntu devstack@keystone.service[67717]: DEBUG keystone.common.rbac_enforcer.enforcer [None req-2c82ff9f-165d-4185-8c35-f03ee8c7296f None admin] RBAC: Authorization granted {{(pid=67717) enforce_call /opt/stack/keystone/keystone/common/rbac_enforcer/enforcer.py:505}}
Apr 14 19:23:24 ubuntu devstack@keystone.service[67717]: [pid: 67717|app: 0|req: 12/22] 10.120.125.137 () {60 vars in 1429 bytes} [Tue Apr 14 19:23:24 2026] PUT /identity/v3/domains/default/users/89ec44c3d2164736960bee04f6a7cdcd/roles/ba7d993be66b42a1a54d218da70a7ad2 => generated 0 bytes in 138 msecs (HTTP/1.1 204) 3 headers in 132 bytes (0 switches on core 0)
Apr 14 19:23:26 ubuntu devstack@keystone.service[67716]: DEBUG keystone.server.flask.request_processing.req_logging [None req-d096475f-a33f-4ad8-89ac-89abd2e9f941 None None] REQUEST_METHOD: `GET` {{(pid=67716) log_request_info /opt/stack/keystone/keystone/server/flask/request_processing/req_logging.py:26}}
Apr 14 19:23:26 ubuntu devstack@keystone.service[67716]: DEBUG keystone.server.flask.request_processing.req_logging [None req-d096475f-a33f-4ad8-89ac-89abd2e9f941 None None] SCRIPT_NAME: `/identity` {{(pid=67716) log_request_info /opt/stack/keystone/keystone/server/flask/request_processing/req_logging.py:27}}
Apr 14 19:23:26 ubuntu devstack@keystone.service[67716]: DEBUG keystone.server.flask.request_processing.req_logging [None req-d096475f-a33f-4ad8-89ac-89abd2e9f941 None None] PATH_INFO: `/` {{(pid=67716) log_request_info /opt/stack/keystone/keystone/server/flask/request_processing/req_logging.py:28}}
Apr 14 19:23:26 ubuntu devstack@keystone.service[67716]: [pid: 67716|app: 0|req: 11/23] 10.120.125.137 () {56 vars in 951 bytes} [Tue Apr 14 19:23:26 2026] GET /identity => generated 271 bytes in 1 msecs (HTTP/1.1 300) 6 headers in 235 bytes (1 switches on core 0)
Apr 14 19:23:26 ubuntu devstack@keystone.service[67717]: DEBUG keystone.server.flask.request_processing.req_logging [None req-a187aba2-922b-4285-8ad2-131d80d60171 None None] REQUEST_METHOD: `POST` {{(pid=67717) log_request_info /opt/stack/keystone/keystone/server/flask/request_processing/req_logging.py:26}}
Apr 14 19:23:26 ubuntu devstack@keystone.service[67717]: DEBUG keystone.server.flask.request_processing.req_logging [None req-a187aba2-922b-4285-8ad2-131d80d60171 None None] SCRIPT_NAME: `/identity` {{(pid=67717) log_request_info /opt/stack/keystone/keystone/server/flask/request_processing/req_logging.py:27}}
Apr 14 19:23:26 ubuntu devstack@keystone.service[67717]: DEBUG keystone.server.flask.request_processing.req_logging [None req-a187aba2-922b-4285-8ad2-131d80d60171 None None] PATH_INFO: `/v3/auth/tokens` {{(pid=67717) log_request_info /opt/stack/keystone/keystone/server/flask/request_processing/req_logging.py:28}}
Apr 14 19:23:26 ubuntu devstack@keystone.service[67717]: WARNING keystone.common.password_hashing [None req-a187aba2-922b-4285-8ad2-131d80d60171 None None] Truncating password to algorithm specific maximum length 72 characters.
Apr 14 19:23:26 ubuntu devstack@keystone.service[67717]: DEBUG keystone.auth.core [None req-a187aba2-922b-4285-8ad2-131d80d60171 None None] MFA Rules not processed for user `89ec44c3d2164736960bee04f6a7cdcd`. Rule list: `[]` (Enabled: `True`). {{(pid=67717) check_auth_methods_against_rules /opt/stack/keystone/keystone/auth/core.py:476}}
Apr 14 19:23:26 ubuntu devstack@keystone.service[67717]: DEBUG keystone.common.fernet_utils [None req-a187aba2-922b-4285-8ad2-131d80d60171 None None] Loaded 2 Fernet keys from /etc/keystone/fernet-keys/, but `[fernet_tokens] max_active_keys = 3`; perhaps there have not been enough key rotations to reach `max_active_keys` yet? {{(pid=67717) load_keys /opt/stack/keystone/keystone/common/fernet_utils.py:297}}
Apr 14 19:23:26 ubuntu devstack@keystone.service[67717]: [pid: 67717|app: 0|req: 13/24] 10.120.125.137 () {60 vars in 1048 bytes} [Tue Apr 14 19:23:26 2026] POST /identity/v3/auth/tokens => generated 863 bytes in 59 msecs (HTTP/1.1 201) 6 headers in 363 bytes (1 switches on core 0)
Apr 14 19:23:26 ubuntu devstack@keystone.service[67716]: DEBUG keystone.server.flask.request_processing.req_logging [None req-e09aee88-98ac-4173-96e3-b218c60ae73a None None] REQUEST_METHOD: `GET` {{(pid=67716) log_request_info /opt/stack/keystone/keystone/server/flask/request_processing/req_logging.py:26}}
Apr 14 19:23:26 ubuntu devstack@keystone.service[67716]: DEBUG keystone.server.flask.request_processing.req_logging [None req-e09aee88-98ac-4173-96e3-b218c60ae73a None None] SCRIPT_NAME: `/identity` {{(pid=67716) log_request_info /opt/stack/keystone/keystone/server/flask/request_processing/req_logging.py:27}}
Apr 14 19:23:26 ubuntu devstack@keystone.service[67716]: DEBUG keystone.server.flask.request_processing.req_logging [None req-e09aee88-98ac-4173-96e3-b218c60ae73a None None] PATH_INFO: `/` {{(pid=67716) log_request_info /opt/stack/keystone/keystone/server/flask/request_processing/req_logging.py:28}}
Apr 14 19:23:26 ubuntu devstack@keystone.service[67716]: [pid: 67716|app: 0|req: 12/25] 10.120.125.137 () {56 vars in 951 bytes} [Tue Apr 14 19:23:26 2026] GET /identity => generated 271 bytes in 1 msecs (HTTP/1.1 300) 6 headers in 235 bytes (1 switches on core 0)
Apr 14 19:23:26 ubuntu devstack@keystone.service[67717]: DEBUG keystone.server.flask.request_processing.req_logging [None req-5c0c0b63-c812-4716-bd30-93db96b41829 None None] REQUEST_METHOD: `GET` {{(pid=67717) log_request_info /opt/stack/keystone/keystone/server/flask/request_processing/req_logging.py:26}}
Apr 14 19:23:26 ubuntu devstack@keystone.service[67717]: DEBUG keystone.server.flask.request_processing.req_logging [None req-5c0c0b63-c812-4716-bd30-93db96b41829 None None] SCRIPT_NAME: `/identity` {{(pid=67717) log_request_info /opt/stack/keystone/keystone/server/flask/request_processing/req_logging.py:27}}
Apr 14 19:23:26 ubuntu devstack@keystone.service[67717]: DEBUG keystone.server.flask.request_processing.req_logging [None req-5c0c0b63-c812-4716-bd30-93db96b41829 None None] PATH_INFO: `/` {{(pid=67717) log_request_info /opt/stack/keystone/keystone/server/flask/request_processing/req_logging.py:28}}
Apr 14 19:23:26 ubuntu devstack@keystone.service[67717]: [pid: 67717|app: 0|req: 14/26] 10.120.125.137 () {56 vars in 951 bytes} [Tue Apr 14 19:23:26 2026] GET /identity => generated 271 bytes in 1 msecs (HTTP/1.1 300) 6 headers in 235 bytes (1 switches on core 0)
Apr 14 19:23:27 ubuntu devstack@keystone.service[67716]: DEBUG keystone.server.flask.request_processing.req_logging [None req-5b497695-de05-4b81-b08f-d47bc21a155d None None] REQUEST_METHOD: `POST` {{(pid=67716) log_request_info /opt/stack/keystone/keystone/server/flask/request_processing/req_logging.py:26}}
Apr 14 19:23:27 ubuntu devstack@keystone.service[67716]: DEBUG keystone.server.flask.request_processing.req_logging [None req-5b497695-de05-4b81-b08f-d47bc21a155d None None] SCRIPT_NAME: `/identity` {{(pid=67716) log_request_info /opt/stack/keystone/keystone/server/flask/request_processing/req_logging.py:27}}
Apr 14 19:23:27 ubuntu devstack@keystone.service[67716]: DEBUG keystone.server.flask.request_processing.req_logging [None req-5b497695-de05-4b81-b08f-d47bc21a155d None None] PATH_INFO: `/v3/auth/tokens` {{(pid=67716) log_request_info /opt/stack/keystone/keystone/server/flask/request_processing/req_logging.py:28}}
Apr 14 19:23:27 ubuntu devstack@keystone.service[67716]: WARNING keystone.common.password_hashing [None req-5b497695-de05-4b81-b08f-d47bc21a155d None None] Truncating password to algorithm specific maximum length 72 characters.
Apr 14 19:23:27 ubuntu devstack@keystone.service[67716]: DEBUG keystone.auth.core [None req-5b497695-de05-4b81-b08f-d47bc21a155d None None] MFA Rules not processed for user `89ec44c3d2164736960bee04f6a7cdcd`. Rule list: `[]` (Enabled: `True`). {{(pid=67716) check_auth_methods_against_rules /opt/stack/keystone/keystone/auth/core.py:476}}
Apr 14 19:23:27 ubuntu devstack@keystone.service[67716]: DEBUG keystone.common.fernet_utils [None req-5b497695-de05-4b81-b08f-d47bc21a155d None None] Loaded 2 Fernet keys from /etc/keystone/fernet-keys/, but `[fernet_tokens] max_active_keys = 3`; perhaps there have not been enough key rotations to reach `max_active_keys` yet? {{(pid=67716) load_keys /opt/stack/keystone/keystone/common/fernet_utils.py:297}}
Apr 14 19:23:27 ubuntu devstack@keystone.service[67717]: DEBUG keystone.server.flask.request_processing.req_logging [None req-6b9dd3df-d6a8-4a9a-bb1f-460f20a1afab None None] REQUEST_METHOD: `POST` {{(pid=67717) log_request_info /opt/stack/keystone/keystone/server/flask/request_processing/req_logging.py:26}}
Apr 14 19:23:27 ubuntu devstack@keystone.service[67717]: DEBUG keystone.server.flask.request_processing.req_logging [None req-6b9dd3df-d6a8-4a9a-bb1f-460f20a1afab None None] SCRIPT_NAME: `/identity` {{(pid=67717) log_request_info /opt/stack/keystone/keystone/server/flask/request_processing/req_logging.py:27}}
Apr 14 19:23:27 ubuntu devstack@keystone.service[67717]: DEBUG keystone.server.flask.request_processing.req_logging [None req-6b9dd3df-d6a8-4a9a-bb1f-460f20a1afab None None] PATH_INFO: `/v3/auth/tokens` {{(pid=67717) log_request_info /opt/stack/keystone/keystone/server/flask/request_processing/req_logging.py:28}}
Apr 14 19:23:27 ubuntu devstack@keystone.service[67717]: WARNING keystone.common.password_hashing [None req-6b9dd3df-d6a8-4a9a-bb1f-460f20a1afab None None] Truncating password to algorithm specific maximum length 72 characters.
Apr 14 19:23:27 ubuntu devstack@keystone.service[67717]: DEBUG keystone.auth.core [None req-6b9dd3df-d6a8-4a9a-bb1f-460f20a1afab None None] MFA Rules not processed for user `89ec44c3d2164736960bee04f6a7cdcd`. Rule list: `[]` (Enabled: `True`). {{(pid=67717) check_auth_methods_against_rules /opt/stack/keystone/keystone/auth/core.py:476}}
Apr 14 19:23:27 ubuntu devstack@keystone.service[67717]: DEBUG keystone.common.fernet_utils [None req-6b9dd3df-d6a8-4a9a-bb1f-460f20a1afab None None] Loaded 2 Fernet keys from /etc/keystone/fernet-keys/, but `[fernet_tokens] max_active_keys = 3`; perhaps there have not been enough key rotations to reach `max_active_keys` yet? {{(pid=67717) load_keys /opt/stack/keystone/keystone/common/fernet_utils.py:297}}
Apr 14 19:23:27 ubuntu devstack@keystone.service[67716]: [pid: 67716|app: 0|req: 13/27] 10.120.125.137 () {60 vars in 1047 bytes} [Tue Apr 14 19:23:27 2026] POST /identity/v3/auth/tokens => generated 863 bytes in 79 msecs (HTTP/1.1 201) 6 headers in 363 bytes (1 switches on core 0)
Apr 14 19:23:27 ubuntu devstack@keystone.service[67717]: [pid: 67717|app: 0|req: 15/28] 10.120.125.137 () {60 vars in 1047 bytes} [Tue Apr 14 19:23:27 2026] POST /identity/v3/auth/tokens => generated 863 bytes in 67 msecs (HTTP/1.1 201) 6 headers in 363 bytes (1 switches on core 0)
Apr 14 19:23:27 ubuntu devstack@keystone.service[67716]: DEBUG keystone.server.flask.request_processing.req_logging [None req-7842f4fa-eef0-402e-88c7-ef740a888574 None None] REQUEST_METHOD: `GET` {{(pid=67716) log_request_info /opt/stack/keystone/keystone/server/flask/request_processing/req_logging.py:26}}
Apr 14 19:23:27 ubuntu devstack@keystone.service[67716]: DEBUG keystone.server.flask.request_processing.req_logging [None req-7842f4fa-eef0-402e-88c7-ef740a888574 None None] SCRIPT_NAME: `/identity` {{(pid=67716) log_request_info /opt/stack/keystone/keystone/server/flask/request_processing/req_logging.py:27}}
Apr 14 19:23:27 ubuntu devstack@keystone.service[67716]: DEBUG keystone.server.flask.request_processing.req_logging [None req-7842f4fa-eef0-402e-88c7-ef740a888574 None None] PATH_INFO: `/` {{(pid=67716) log_request_info /opt/stack/keystone/keystone/server/flask/request_processing/req_logging.py:28}}
Apr 14 19:23:27 ubuntu devstack@keystone.service[67716]: [pid: 67716|app: 0|req: 14/29] 10.120.125.137 () {56 vars in 951 bytes} [Tue Apr 14 19:23:27 2026] GET /identity => generated 271 bytes in 1 msecs (HTTP/1.1 300) 6 headers in 235 bytes (1 switches on core 0)
Apr 14 19:23:27 ubuntu devstack@keystone.service[67717]: DEBUG keystone.server.flask.request_processing.req_logging [None req-5df5d06f-c24a-4093-87d9-95bcc314d5e7 None None] REQUEST_METHOD: `GET` {{(pid=67717) log_request_info /opt/stack/keystone/keystone/server/flask/request_processing/req_logging.py:26}}
Apr 14 19:23:27 ubuntu devstack@keystone.service[67717]: DEBUG keystone.server.flask.request_processing.req_logging [None req-5df5d06f-c24a-4093-87d9-95bcc314d5e7 None None] SCRIPT_NAME: `/identity` {{(pid=67717) log_request_info /opt/stack/keystone/keystone/server/flask/request_processing/req_logging.py:27}}
Apr 14 19:23:27 ubuntu devstack@keystone.service[67717]: DEBUG keystone.server.flask.request_processing.req_logging [None req-5df5d06f-c24a-4093-87d9-95bcc314d5e7 None None] PATH_INFO: `/` {{(pid=67717) log_request_info /opt/stack/keystone/keystone/server/flask/request_processing/req_logging.py:28}}
Apr 14 19:23:27 ubuntu devstack@keystone.service[67717]: [pid: 67717|app: 0|req: 16/30] 10.120.125.137 () {56 vars in 951 bytes} [Tue Apr 14 19:23:27 2026] GET /identity => generated 271 bytes in 1 msecs (HTTP/1.1 300) 6 headers in 235 bytes (1 switches on core 0)
Apr 14 19:23:27 ubuntu devstack@keystone.service[67716]: DEBUG keystone.server.flask.request_processing.middleware.auth_context [None req-7842f4fa-eef0-402e-88c7-ef740a888574 None None] Authenticating user token {{(pid=67716) process_request /opt/stack/data/venv/lib/python3.12/site-packages/keystonemiddleware/auth_token/__init__.py:407}}
Apr 14 19:23:27 ubuntu devstack@keystone.service[67717]: DEBUG keystone.server.flask.request_processing.req_logging [None req-c47ccf5b-6ed4-457e-bebe-9de1f0351937 None None] REQUEST_METHOD: `POST` {{(pid=67717) log_request_info /opt/stack/keystone/keystone/server/flask/request_processing/req_logging.py:26}}
Apr 14 19:23:27 ubuntu devstack@keystone.service[67717]: DEBUG keystone.server.flask.request_processing.req_logging [None req-c47ccf5b-6ed4-457e-bebe-9de1f0351937 None None] SCRIPT_NAME: `/identity` {{(pid=67717) log_request_info /opt/stack/keystone/keystone/server/flask/request_processing/req_logging.py:27}}
Apr 14 19:23:27 ubuntu devstack@keystone.service[67717]: DEBUG keystone.server.flask.request_processing.req_logging [None req-c47ccf5b-6ed4-457e-bebe-9de1f0351937 None None] PATH_INFO: `/v3/auth/tokens` {{(pid=67717) log_request_info /opt/stack/keystone/keystone/server/flask/request_processing/req_logging.py:28}}
Apr 14 19:23:27 ubuntu devstack@keystone.service[67716]: DEBUG keystone.server.flask.request_processing.middleware.auth_context [None req-7842f4fa-eef0-402e-88c7-ef740a888574 None None] Validating token access rules against request {{(pid=67716) validate_allowed_request /opt/stack/data/venv/lib/python3.12/site-packages/keystonemiddleware/auth_token/__init__.py:545}}
Apr 14 19:23:27 ubuntu devstack@keystone.service[67717]: WARNING keystone.common.password_hashing [None req-c47ccf5b-6ed4-457e-bebe-9de1f0351937 None None] Truncating password to algorithm specific maximum length 72 characters.
Apr 14 19:23:27 ubuntu devstack@keystone.service[67717]: DEBUG keystone.auth.core [None req-c47ccf5b-6ed4-457e-bebe-9de1f0351937 None None] MFA Rules not processed for user `89ec44c3d2164736960bee04f6a7cdcd`. Rule list: `[]` (Enabled: `True`). {{(pid=67717) check_auth_methods_against_rules /opt/stack/keystone/keystone/auth/core.py:476}}
Apr 14 19:23:27 ubuntu devstack@keystone.service[67717]: DEBUG keystone.common.fernet_utils [None req-c47ccf5b-6ed4-457e-bebe-9de1f0351937 None None] Loaded 2 Fernet keys from /etc/keystone/fernet-keys/, but `[fernet_tokens] max_active_keys = 3`; perhaps there have not been enough key rotations to reach `max_active_keys` yet? {{(pid=67717) load_keys /opt/stack/keystone/keystone/common/fernet_utils.py:297}}
Apr 14 19:23:27 ubuntu devstack@keystone.service[67716]: DEBUG keystone.server.flask.request_processing.middleware.auth_context [None req-eda9f1af-67f3-41cc-bd7a-2a6ea108548d None admin] RBAC: auth_context: {'token': <TokenModel (audit_id=KQUrG9rZTkqcY-6AJ9MkuA, audit_chain_id=['KQUrG9rZTkqcY-6AJ9MkuA']) at 0x76bf0daf1a90>, 'domain_id': None, 'trust_id': None, 'trustor_id': None, 'trustee_id': None, 'domain_name': None, 'group_ids': [], 'user_id': '89ec44c3d2164736960bee04f6a7cdcd', 'user_domain_id': 'default', 'system_scope': 'all', 'project_id': None, 'project_domain_id': None, 'roles': ['admin', 'manager', 'member', 'reader'], 'is_admin_project': True, 'service_user_id': None, 'service_user_domain_id': None, 'service_project_id': None, 'service_project_domain_id': None, 'service_roles': []} {{(pid=67716) fill_context /opt/stack/keystone/keystone/server/flask/request_processing/middleware/auth_context.py:509}}
Apr 14 19:23:27 ubuntu devstack@keystone.service[67716]: DEBUG keystone.server.flask.request_processing.req_logging [None req-eda9f1af-67f3-41cc-bd7a-2a6ea108548d None admin] REQUEST_METHOD: `GET` {{(pid=67716) log_request_info /opt/stack/keystone/keystone/server/flask/request_processing/req_logging.py:26}}
Apr 14 19:23:27 ubuntu devstack@keystone.service[67716]: DEBUG keystone.server.flask.request_processing.req_logging [None req-eda9f1af-67f3-41cc-bd7a-2a6ea108548d None admin] SCRIPT_NAME: `/identity` {{(pid=67716) log_request_info /opt/stack/keystone/keystone/server/flask/request_processing/req_logging.py:27}}
Apr 14 19:23:27 ubuntu devstack@keystone.service[67716]: DEBUG keystone.server.flask.request_processing.req_logging [None req-eda9f1af-67f3-41cc-bd7a-2a6ea108548d None admin] PATH_INFO: `/v3/roles/admin` {{(pid=67716) log_request_info /opt/stack/keystone/keystone/server/flask/request_processing/req_logging.py:28}}
Apr 14 19:23:27 ubuntu devstack@keystone.service[67716]: DEBUG keystone.common.rbac_enforcer.enforcer [None req-eda9f1af-67f3-41cc-bd7a-2a6ea108548d None admin] Extracting inferred target data resulted in "NOT FOUND (404)". {{(pid=67716) enforce_call /opt/stack/keystone/keystone/common/rbac_enforcer/enforcer.py:445}}
Apr 14 19:23:27 ubuntu devstack@keystone.service[67716]: DEBUG keystone.server.flask.application [None req-eda9f1af-67f3-41cc-bd7a-2a6ea108548d None admin] Could not find role: admin. {{(pid=67716) _handle_keystone_exception /opt/stack/keystone/keystone/server/flask/application.py:146}}
Apr 14 19:23:27 ubuntu devstack@keystone.service[67716]: [pid: 67716|app: 0|req: 15/31] 10.120.125.137 () {58 vars in 1164 bytes} [Tue Apr 14 19:23:27 2026] GET /identity/v3/roles/admin => generated 83 bytes in 97 msecs (HTTP/1.1 404) 5 headers in 183 bytes (1 switches on core 0)
Apr 14 19:23:27 ubuntu devstack@keystone.service[67717]: [pid: 67717|app: 0|req: 17/32] 10.120.125.137 () {60 vars in 1048 bytes} [Tue Apr 14 19:23:27 2026] POST /identity/v3/auth/tokens => generated 863 bytes in 79 msecs (HTTP/1.1 201) 6 headers in 363 bytes (1 switches on core 0)
Apr 14 19:23:27 ubuntu devstack@keystone.service[67716]: DEBUG keystone.server.flask.request_processing.req_logging [None req-1d428f49-4237-4b5e-ba4f-2c17f184b8ef None None] REQUEST_METHOD: `POST` {{(pid=67716) log_request_info /opt/stack/keystone/keystone/server/flask/request_processing/req_logging.py:26}}
Apr 14 19:23:27 ubuntu devstack@keystone.service[67716]: DEBUG keystone.server.flask.request_processing.req_logging [None req-1d428f49-4237-4b5e-ba4f-2c17f184b8ef None None] SCRIPT_NAME: `/identity` {{(pid=67716) log_request_info /opt/stack/keystone/keystone/server/flask/request_processing/req_logging.py:27}}
Apr 14 19:23:27 ubuntu devstack@keystone.service[67716]: DEBUG keystone.server.flask.request_processing.req_logging [None req-1d428f49-4237-4b5e-ba4f-2c17f184b8ef None None] PATH_INFO: `/v3/auth/tokens` {{(pid=67716) log_request_info /opt/stack/keystone/keystone/server/flask/request_processing/req_logging.py:28}}
Apr 14 19:23:27 ubuntu devstack@keystone.service[67716]: WARNING keystone.common.password_hashing [None req-1d428f49-4237-4b5e-ba4f-2c17f184b8ef None None] Truncating password to algorithm specific maximum length 72 characters.
Apr 14 19:23:27 ubuntu devstack@keystone.service[67716]: DEBUG keystone.auth.core [None req-1d428f49-4237-4b5e-ba4f-2c17f184b8ef None None] MFA Rules not processed for user `89ec44c3d2164736960bee04f6a7cdcd`. Rule list: `[]` (Enabled: `True`). {{(pid=67716) check_auth_methods_against_rules /opt/stack/keystone/keystone/auth/core.py:476}}
Apr 14 19:23:27 ubuntu devstack@keystone.service[67716]: DEBUG keystone.common.fernet_utils [None req-1d428f49-4237-4b5e-ba4f-2c17f184b8ef None None] Loaded 2 Fernet keys from /etc/keystone/fernet-keys/, but `[fernet_tokens] max_active_keys = 3`; perhaps there have not been enough key rotations to reach `max_active_keys` yet? {{(pid=67716) load_keys /opt/stack/keystone/keystone/common/fernet_utils.py:297}}
Apr 14 19:23:27 ubuntu devstack@keystone.service[67717]: DEBUG keystone.server.flask.request_processing.middleware.auth_context [None req-c47ccf5b-6ed4-457e-bebe-9de1f0351937 None None] Authenticating user token {{(pid=67717) process_request /opt/stack/data/venv/lib/python3.12/site-packages/keystonemiddleware/auth_token/__init__.py:407}}
Apr 14 19:23:27 ubuntu devstack@keystone.service[67716]: [pid: 67716|app: 0|req: 16/33] 10.120.125.137 () {60 vars in 1048 bytes} [Tue Apr 14 19:23:27 2026] POST /identity/v3/auth/tokens => generated 863 bytes in 63 msecs (HTTP/1.1 201) 6 headers in 363 bytes (1 switches on core 0)
Apr 14 19:23:27 ubuntu devstack@keystone.service[67717]: DEBUG keystone.server.flask.request_processing.middleware.auth_context [None req-c47ccf5b-6ed4-457e-bebe-9de1f0351937 None None] Validating token access rules against request {{(pid=67717) validate_allowed_request /opt/stack/data/venv/lib/python3.12/site-packages/keystonemiddleware/auth_token/__init__.py:545}}
Apr 14 19:23:27 ubuntu devstack@keystone.service[67716]: DEBUG keystone.server.flask.request_processing.req_logging [None req-047c83a8-bbfb-484b-8ae9-4bcb2737073e None None] REQUEST_METHOD: `GET` {{(pid=67716) log_request_info /opt/stack/keystone/keystone/server/flask/request_processing/req_logging.py:26}}
Apr 14 19:23:27 ubuntu devstack@keystone.service[67716]: DEBUG keystone.server.flask.request_processing.req_logging [None req-047c83a8-bbfb-484b-8ae9-4bcb2737073e None None] SCRIPT_NAME: `/identity` {{(pid=67716) log_request_info /opt/stack/keystone/keystone/server/flask/request_processing/req_logging.py:27}}
Apr 14 19:23:27 ubuntu devstack@keystone.service[67716]: DEBUG keystone.server.flask.request_processing.req_logging [None req-047c83a8-bbfb-484b-8ae9-4bcb2737073e None None] PATH_INFO: `/` {{(pid=67716) log_request_info /opt/stack/keystone/keystone/server/flask/request_processing/req_logging.py:28}}
Apr 14 19:23:27 ubuntu devstack@keystone.service[67716]: [pid: 67716|app: 0|req: 17/34] 10.120.125.137 () {56 vars in 951 bytes} [Tue Apr 14 19:23:27 2026] GET /identity => generated 271 bytes in 1 msecs (HTTP/1.1 300) 6 headers in 235 bytes (2 switches on core 0)
Apr 14 19:23:27 ubuntu devstack@keystone.service[67717]: DEBUG keystone.server.flask.request_processing.middleware.auth_context [None req-e13246fa-bbe5-481e-a4b8-0804214777b3 None admin] RBAC: auth_context: {'token': <TokenModel (audit_id=KQUrG9rZTkqcY-6AJ9MkuA, audit_chain_id=['KQUrG9rZTkqcY-6AJ9MkuA']) at 0x76bf0ddbb260>, 'domain_id': None, 'trust_id': None, 'trustor_id': None, 'trustee_id': None, 'domain_name': None, 'group_ids': [], 'user_id': '89ec44c3d2164736960bee04f6a7cdcd', 'user_domain_id': 'default', 'system_scope': 'all', 'project_id': None, 'project_domain_id': None, 'roles': ['admin', 'manager', 'member', 'reader'], 'is_admin_project': True, 'service_user_id': None, 'service_user_domain_id': None, 'service_project_id': None, 'service_project_domain_id': None, 'service_roles': []} {{(pid=67717) fill_context /opt/stack/keystone/keystone/server/flask/request_processing/middleware/auth_context.py:509}}
Apr 14 19:23:27 ubuntu devstack@keystone.service[67717]: DEBUG keystone.server.flask.request_processing.req_logging [None req-e13246fa-bbe5-481e-a4b8-0804214777b3 None admin] REQUEST_METHOD: `GET` {{(pid=67717) log_request_info /opt/stack/keystone/keystone/server/flask/request_processing/req_logging.py:26}}
Apr 14 19:23:27 ubuntu devstack@keystone.service[67717]: DEBUG keystone.server.flask.request_processing.req_logging [None req-e13246fa-bbe5-481e-a4b8-0804214777b3 None admin] SCRIPT_NAME: `/identity` {{(pid=67717) log_request_info /opt/stack/keystone/keystone/server/flask/request_processing/req_logging.py:27}}
Apr 14 19:23:27 ubuntu devstack@keystone.service[67717]: DEBUG keystone.server.flask.request_processing.req_logging [None req-e13246fa-bbe5-481e-a4b8-0804214777b3 None admin] PATH_INFO: `/v3/roles` {{(pid=67717) log_request_info /opt/stack/keystone/keystone/server/flask/request_processing/req_logging.py:28}}
Apr 14 19:23:27 ubuntu devstack@keystone.service[67717]: DEBUG keystone.common.rbac_enforcer.enforcer [None req-e13246fa-bbe5-481e-a4b8-0804214777b3 None admin] RBAC: Adding query filter params (name=admin) {{(pid=67717) _extract_filter_values /opt/stack/keystone/keystone/common/rbac_enforcer/enforcer.py:176}}
Apr 14 19:23:27 ubuntu devstack@keystone.service[67717]: DEBUG keystone.common.rbac_enforcer.enforcer [None req-e13246fa-bbe5-481e-a4b8-0804214777b3 None admin] RBAC: Authorizing `identity:list_roles()` {{(pid=67717) enforce_call /opt/stack/keystone/keystone/common/rbac_enforcer/enforcer.py:494}}
Apr 14 19:23:27 ubuntu devstack@keystone.service[67717]: DEBUG keystone.common.rbac_enforcer.enforcer [None req-e13246fa-bbe5-481e-a4b8-0804214777b3 None admin] RBAC: Authorization granted {{(pid=67717) enforce_call /opt/stack/keystone/keystone/common/rbac_enforcer/enforcer.py:505}}
Apr 14 19:23:27 ubuntu devstack@keystone.service[67717]: [pid: 67717|app: 0|req: 18/35] 10.120.125.137 () {58 vars in 1180 bytes} [Tue Apr 14 19:23:27 2026] GET /identity/v3/roles?name=admin => generated 341 bytes in 76 msecs (HTTP/1.1 200) 5 headers in 177 bytes (2 switches on core 0)
Apr 14 19:23:27 ubuntu devstack@keystone.service[67716]: DEBUG keystone.server.flask.request_processing.middleware.auth_context [None req-047c83a8-bbfb-484b-8ae9-4bcb2737073e None None] Authenticating user token {{(pid=67716) process_request /opt/stack/data/venv/lib/python3.12/site-packages/keystonemiddleware/auth_token/__init__.py:407}}
Apr 14 19:23:27 ubuntu devstack@keystone.service[67717]: DEBUG keystone.server.flask.request_processing.middleware.auth_context [None req-e13246fa-bbe5-481e-a4b8-0804214777b3 None admin] Authenticating user token {{(pid=67717) process_request /opt/stack/data/venv/lib/python3.12/site-packages/keystonemiddleware/auth_token/__init__.py:407}}
Apr 14 19:23:27 ubuntu devstack@keystone.service[67716]: DEBUG keystone.server.flask.request_processing.middleware.auth_context [None req-047c83a8-bbfb-484b-8ae9-4bcb2737073e None None] Validating token access rules against request {{(pid=67716) validate_allowed_request /opt/stack/data/venv/lib/python3.12/site-packages/keystonemiddleware/auth_token/__init__.py:545}}
Apr 14 19:23:27 ubuntu devstack@keystone.service[67717]: DEBUG keystone.server.flask.request_processing.middleware.auth_context [None req-e13246fa-bbe5-481e-a4b8-0804214777b3 None admin] Validating token access rules against request {{(pid=67717) validate_allowed_request /opt/stack/data/venv/lib/python3.12/site-packages/keystonemiddleware/auth_token/__init__.py:545}}
Apr 14 19:23:27 ubuntu devstack@keystone.service[67716]: DEBUG keystone.server.flask.request_processing.middleware.auth_context [None req-cac70875-1e69-407a-bc13-325f98eb36fa None admin] RBAC: auth_context: {'token': <TokenModel (audit_id=WPveae65QGa1IVk57M9oUw, audit_chain_id=['WPveae65QGa1IVk57M9oUw']) at 0x76bf0dc57710>, 'domain_id': None, 'trust_id': None, 'trustor_id': None, 'trustee_id': None, 'domain_name': None, 'group_ids': [], 'user_id': '89ec44c3d2164736960bee04f6a7cdcd', 'user_domain_id': 'default', 'system_scope': 'all', 'project_id': None, 'project_domain_id': None, 'roles': ['admin', 'manager', 'member', 'reader'], 'is_admin_project': True, 'service_user_id': None, 'service_user_domain_id': None, 'service_project_id': None, 'service_project_domain_id': None, 'service_roles': []} {{(pid=67716) fill_context /opt/stack/keystone/keystone/server/flask/request_processing/middleware/auth_context.py:509}}
Apr 14 19:23:27 ubuntu devstack@keystone.service[67716]: DEBUG keystone.server.flask.request_processing.req_logging [None req-cac70875-1e69-407a-bc13-325f98eb36fa None admin] REQUEST_METHOD: `GET` {{(pid=67716) log_request_info /opt/stack/keystone/keystone/server/flask/request_processing/req_logging.py:26}}
Apr 14 19:23:27 ubuntu devstack@keystone.service[67716]: DEBUG keystone.server.flask.request_processing.req_logging [None req-cac70875-1e69-407a-bc13-325f98eb36fa None admin] SCRIPT_NAME: `/identity` {{(pid=67716) log_request_info /opt/stack/keystone/keystone/server/flask/request_processing/req_logging.py:27}}
Apr 14 19:23:27 ubuntu devstack@keystone.service[67716]: DEBUG keystone.server.flask.request_processing.req_logging [None req-cac70875-1e69-407a-bc13-325f98eb36fa None admin] PATH_INFO: `/v3/domains/Default` {{(pid=67716) log_request_info /opt/stack/keystone/keystone/server/flask/request_processing/req_logging.py:28}}
Apr 14 19:23:27 ubuntu devstack@keystone.service[67717]: DEBUG keystone.server.flask.request_processing.middleware.auth_context [None req-662476fc-c1c6-469c-b77e-be8e372d01d5 None admin] RBAC: auth_context: {'token': <TokenModel (audit_id=9HgH8WOwRQa1rkk0qOm_Ow, audit_chain_id=['9HgH8WOwRQa1rkk0qOm_Ow']) at 0x76bf0e7ebce0>, 'domain_id': None, 'trust_id': None, 'trustor_id': None, 'trustee_id': None, 'domain_name': None, 'group_ids': [], 'user_id': '89ec44c3d2164736960bee04f6a7cdcd', 'user_domain_id': 'default', 'system_scope': 'all', 'project_id': None, 'project_domain_id': None, 'roles': ['admin', 'manager', 'member', 'reader'], 'is_admin_project': True, 'service_user_id': None, 'service_user_domain_id': None, 'service_project_id': None, 'service_project_domain_id': None, 'service_roles': []} {{(pid=67717) fill_context /opt/stack/keystone/keystone/server/flask/request_processing/middleware/auth_context.py:509}}
Apr 14 19:23:27 ubuntu devstack@keystone.service[67717]: DEBUG keystone.server.flask.request_processing.req_logging [None req-662476fc-c1c6-469c-b77e-be8e372d01d5 None admin] REQUEST_METHOD: `POST` {{(pid=67717) log_request_info /opt/stack/keystone/keystone/server/flask/request_processing/req_logging.py:26}}
Apr 14 19:23:27 ubuntu devstack@keystone.service[67717]: DEBUG keystone.server.flask.request_processing.req_logging [None req-662476fc-c1c6-469c-b77e-be8e372d01d5 None admin] SCRIPT_NAME: `/identity` {{(pid=67717) log_request_info /opt/stack/keystone/keystone/server/flask/request_processing/req_logging.py:27}}
Apr 14 19:23:27 ubuntu devstack@keystone.service[67717]: DEBUG keystone.server.flask.request_processing.req_logging [None req-662476fc-c1c6-469c-b77e-be8e372d01d5 None admin] PATH_INFO: `/v3/roles` {{(pid=67717) log_request_info /opt/stack/keystone/keystone/server/flask/request_processing/req_logging.py:28}}
Apr 14 19:23:27 ubuntu devstack@keystone.service[67717]: DEBUG keystone.common.rbac_enforcer.enforcer [None req-662476fc-c1c6-469c-b77e-be8e372d01d5 None admin] RBAC: Authorizing `identity:create_role()` {{(pid=67717) enforce_call /opt/stack/keystone/keystone/common/rbac_enforcer/enforcer.py:494}}
Apr 14 19:23:27 ubuntu devstack@keystone.service[67716]: DEBUG keystone.common.rbac_enforcer.enforcer [None req-cac70875-1e69-407a-bc13-325f98eb36fa None admin] RBAC: Authorizing `identity:get_domain(domain_id=Default)` {{(pid=67716) enforce_call /opt/stack/keystone/keystone/common/rbac_enforcer/enforcer.py:494}}
Apr 14 19:23:27 ubuntu devstack@keystone.service[67717]: DEBUG keystone.common.rbac_enforcer.enforcer [None req-662476fc-c1c6-469c-b77e-be8e372d01d5 None admin] RBAC: Authorization granted {{(pid=67717) enforce_call /opt/stack/keystone/keystone/common/rbac_enforcer/enforcer.py:505}}
Apr 14 19:23:27 ubuntu devstack@keystone.service[67716]: DEBUG keystone.common.rbac_enforcer.enforcer [None req-cac70875-1e69-407a-bc13-325f98eb36fa None admin] RBAC: Authorization granted {{(pid=67716) enforce_call /opt/stack/keystone/keystone/common/rbac_enforcer/enforcer.py:505}}
Apr 14 19:23:27 ubuntu devstack@keystone.service[67716]: DEBUG keystone.server.flask.application [None req-cac70875-1e69-407a-bc13-325f98eb36fa None admin] Could not find domain: Default. {{(pid=67716) _handle_keystone_exception /opt/stack/keystone/keystone/server/flask/application.py:146}}
Apr 14 19:23:27 ubuntu devstack@keystone.service[67717]: DEBUG keystone.common.sql.core [None req-662476fc-c1c6-469c-b77e-be8e372d01d5 None admin] Conflict role: (pymysql.err.IntegrityError) (1062, "Duplicate entry 'service-<<null>>' for key 'role.ixu_role_name_domain_id'")
Apr 14 19:23:27 ubuntu devstack@keystone.service[67717]: [SQL: INSERT INTO `role` (id, name, description, extra) VALUES (%(id)s, %(name)s, %(description)s, %(extra)s)]
Apr 14 19:23:27 ubuntu devstack@keystone.service[67717]: [parameters: {'id': '7f0332da8a7747aba0d93be46db38175', 'name': 'service', 'description': None, 'extra': '{}'}]
Apr 14 19:23:27 ubuntu devstack@keystone.service[67717]: (Background on this error at: https://sqlalche.me/e/20/gkpj) {{(pid=67717) wrapper /opt/stack/keystone/keystone/common/sql/core.py:580}}
Apr 14 19:23:27 ubuntu devstack@keystone.service[67716]: [pid: 67716|app: 0|req: 18/36] 10.120.125.137 () {58 vars in 1176 bytes} [Tue Apr 14 19:23:27 2026] GET /identity/v3/domains/Default => generated 87 bytes in 85 msecs (HTTP/1.1 404) 5 headers in 183 bytes (1 switches on core 0)
Apr 14 19:23:27 ubuntu devstack@keystone.service[67716]: DEBUG keystone.server.flask.request_processing.middleware.auth_context [None req-cac70875-1e69-407a-bc13-325f98eb36fa None admin] Authenticating user token {{(pid=67716) process_request /opt/stack/data/venv/lib/python3.12/site-packages/keystonemiddleware/auth_token/__init__.py:407}}
Apr 14 19:23:27 ubuntu devstack@keystone.service[67717]: ERROR keystone.server.flask.application [None req-662476fc-c1c6-469c-b77e-be8e372d01d5 None admin] Conflict occurred attempting to store role - Duplicate entry found with name service.: keystone.exception.Conflict: Conflict occurred attempting to store role - Duplicate entry found with name service.
Apr 14 19:23:27 ubuntu devstack@keystone.service[67717]: ERROR keystone.server.flask.application Traceback (most recent call last):
Apr 14 19:23:27 ubuntu devstack@keystone.service[67717]: ERROR keystone.server.flask.application   File "/opt/stack/data/venv/lib/python3.12/site-packages/sqlalchemy/engine/base.py", line 1967, in _exec_single_context
Apr 14 19:23:27 ubuntu devstack@keystone.service[67717]: ERROR keystone.server.flask.application     self.dialect.do_execute(
Apr 14 19:23:27 ubuntu devstack@keystone.service[67717]: ERROR keystone.server.flask.application   File "/opt/stack/data/venv/lib/python3.12/site-packages/sqlalchemy/engine/default.py", line 952, in do_execute
Apr 14 19:23:27 ubuntu devstack@keystone.service[67717]: ERROR keystone.server.flask.application     cursor.execute(statement, parameters)
Apr 14 19:23:27 ubuntu devstack@keystone.service[67717]: ERROR keystone.server.flask.application   File "/opt/stack/data/venv/lib/python3.12/site-packages/pymysql/cursors.py", line 153, in execute
Apr 14 19:23:27 ubuntu devstack@keystone.service[67717]: ERROR keystone.server.flask.application     result = self._query(query)
Apr 14 19:23:27 ubuntu devstack@keystone.service[67717]: ERROR keystone.server.flask.application              ^^^^^^^^^^^^^^^^^^
Apr 14 19:23:27 ubuntu devstack@keystone.service[67717]: ERROR keystone.server.flask.application   File "/opt/stack/data/venv/lib/python3.12/site-packages/pymysql/cursors.py", line 322, in _query
Apr 14 19:23:27 ubuntu devstack@keystone.service[67717]: ERROR keystone.server.flask.application     conn.query(q)
Apr 14 19:23:27 ubuntu devstack@keystone.service[67717]: ERROR keystone.server.flask.application   File "/opt/stack/data/venv/lib/python3.12/site-packages/pymysql/connections.py", line 575, in query
Apr 14 19:23:27 ubuntu devstack@keystone.service[67717]: ERROR keystone.server.flask.application     self._affected_rows = self._read_query_result(unbuffered=unbuffered)
Apr 14 19:23:27 ubuntu devstack@keystone.service[67717]: ERROR keystone.server.flask.application                           ^^^^^^^^^^^^^^^^^^^^^^^^^^^^^^^^^^^^^^^^^^^^^^
Apr 14 19:23:27 ubuntu devstack@keystone.service[67717]: ERROR keystone.server.flask.application   File "/opt/stack/data/venv/lib/python3.12/site-packages/pymysql/connections.py", line 826, in _read_query_result
Apr 14 19:23:27 ubuntu devstack@keystone.service[67717]: ERROR keystone.server.flask.application     result.read()
Apr 14 19:23:27 ubuntu devstack@keystone.service[67717]: ERROR keystone.server.flask.application   File "/opt/stack/data/venv/lib/python3.12/site-packages/pymysql/connections.py", line 1203, in read
Apr 14 19:23:27 ubuntu devstack@keystone.service[67717]: ERROR keystone.server.flask.application     first_packet = self.connection._read_packet()
Apr 14 19:23:27 ubuntu devstack@keystone.service[67717]: ERROR keystone.server.flask.application                    ^^^^^^^^^^^^^^^^^^^^^^^^^^^^^^
Apr 14 19:23:27 ubuntu devstack@keystone.service[67717]: ERROR keystone.server.flask.application   File "/opt/stack/data/venv/lib/python3.12/site-packages/pymysql/connections.py", line 782, in _read_packet
Apr 14 19:23:27 ubuntu devstack@keystone.service[67717]: ERROR keystone.server.flask.application     packet.raise_for_error()
Apr 14 19:23:27 ubuntu devstack@keystone.service[67717]: ERROR keystone.server.flask.application   File "/opt/stack/data/venv/lib/python3.12/site-packages/pymysql/protocol.py", line 219, in raise_for_error
Apr 14 19:23:27 ubuntu devstack@keystone.service[67717]: ERROR keystone.server.flask.application     err.raise_mysql_exception(self._data)
Apr 14 19:23:27 ubuntu devstack@keystone.service[67717]: ERROR keystone.server.flask.application   File "/opt/stack/data/venv/lib/python3.12/site-packages/pymysql/err.py", line 150, in raise_mysql_exception
Apr 14 19:23:27 ubuntu devstack@keystone.service[67717]: ERROR keystone.server.flask.application     raise errorclass(errno, errval)
Apr 14 19:23:27 ubuntu devstack@keystone.service[67717]: ERROR keystone.server.flask.application pymysql.err.IntegrityError: (1062, "Duplicate entry 'service-<<null>>' for key 'role.ixu_role_name_domain_id'")
Apr 14 19:23:27 ubuntu devstack@keystone.service[67717]: ERROR keystone.server.flask.application 
Apr 14 19:23:27 ubuntu devstack@keystone.service[67717]: ERROR keystone.server.flask.application The above exception was the direct cause of the following exception:
Apr 14 19:23:27 ubuntu devstack@keystone.service[67717]: ERROR keystone.server.flask.application 
Apr 14 19:23:27 ubuntu devstack@keystone.service[67717]: ERROR keystone.server.flask.application Traceback (most recent call last):
Apr 14 19:23:27 ubuntu devstack@keystone.service[67717]: ERROR keystone.server.flask.application   File "/opt/stack/keystone/keystone/common/sql/core.py", line 575, in wrapper
Apr 14 19:23:27 ubuntu devstack@keystone.service[67717]: ERROR keystone.server.flask.application     return method(*args, **kwargs)
Apr 14 19:23:27 ubuntu devstack@keystone.service[67717]: ERROR keystone.server.flask.application            ^^^^^^^^^^^^^^^^^^^^^^^
Apr 14 19:23:27 ubuntu devstack@keystone.service[67717]: ERROR keystone.server.flask.application   File "/opt/stack/keystone/keystone/assignment/role_backends/sql.py", line 25, in create_role
Apr 14 19:23:27 ubuntu devstack@keystone.service[67717]: ERROR keystone.server.flask.application     with sql.session_for_write() as session:
Apr 14 19:23:27 ubuntu devstack@keystone.service[67717]: ERROR keystone.server.flask.application   File "/usr/lib/python3.12/contextlib.py", line 144, in __exit__
Apr 14 19:23:27 ubuntu devstack@keystone.service[67717]: ERROR keystone.server.flask.application     next(self.gen)
Apr 14 19:23:27 ubuntu devstack@keystone.service[67717]: ERROR keystone.server.flask.application   File "/opt/stack/data/venv/lib/python3.12/site-packages/oslo_db/sqlalchemy/enginefacade.py", line 1175, in _transaction_scope
Apr 14 19:23:27 ubuntu devstack@keystone.service[67717]: ERROR keystone.server.flask.application     with current._produce_block(
Apr 14 19:23:27 ubuntu devstack@keystone.service[67717]: ERROR keystone.server.flask.application   File "/usr/lib/python3.12/contextlib.py", line 144, in __exit__
Apr 14 19:23:27 ubuntu devstack@keystone.service[67717]: ERROR keystone.server.flask.application     next(self.gen)
Apr 14 19:23:27 ubuntu devstack@keystone.service[67717]: ERROR keystone.server.flask.application   File "/opt/stack/data/venv/lib/python3.12/site-packages/oslo_db/sqlalchemy/enginefacade.py", line 837, in _session
Apr 14 19:23:27 ubuntu devstack@keystone.service[67717]: ERROR keystone.server.flask.application     with excutils.save_and_reraise_exception():
Apr 14 19:23:27 ubuntu devstack@keystone.service[67717]: ERROR keystone.server.flask.application   File "/opt/stack/data/venv/lib/python3.12/site-packages/oslo_utils/excutils.py", line 271, in __exit__
Apr 14 19:23:27 ubuntu devstack@keystone.service[67717]: ERROR keystone.server.flask.application     self.force_reraise()
Apr 14 19:23:27 ubuntu devstack@keystone.service[67717]: ERROR keystone.server.flask.application   File "/opt/stack/data/venv/lib/python3.12/site-packages/oslo_utils/excutils.py", line 233, in force_reraise
Apr 14 19:23:27 ubuntu devstack@keystone.service[67717]: ERROR keystone.server.flask.application     raise self.value
Apr 14 19:23:27 ubuntu devstack@keystone.service[67717]: ERROR keystone.server.flask.application   File "/opt/stack/data/venv/lib/python3.12/site-packages/oslo_db/sqlalchemy/enginefacade.py", line 835, in _session
Apr 14 19:23:27 ubuntu devstack@keystone.service[67717]: ERROR keystone.server.flask.application     self._end_session_transaction(self.session)
Apr 14 19:23:27 ubuntu devstack@keystone.service[67717]: ERROR keystone.server.flask.application   File "/opt/stack/data/venv/lib/python3.12/site-packages/oslo_db/sqlalchemy/enginefacade.py", line 748, in _end_session_transaction
Apr 14 19:23:27 ubuntu devstack@keystone.service[67717]: ERROR keystone.server.flask.application     session.commit()
Apr 14 19:23:27 ubuntu devstack@keystone.service[67717]: ERROR keystone.server.flask.application   File "/opt/stack/data/venv/lib/python3.12/site-packages/sqlalchemy/orm/session.py", line 2030, in commit
Apr 14 19:23:27 ubuntu devstack@keystone.service[67717]: ERROR keystone.server.flask.application     trans.commit(_to_root=True)
Apr 14 19:23:27 ubuntu devstack@keystone.service[67717]: ERROR keystone.server.flask.application   File "<string>", line 2, in commit
Apr 14 19:23:27 ubuntu devstack@keystone.service[67717]: ERROR keystone.server.flask.application   File "/opt/stack/data/venv/lib/python3.12/site-packages/sqlalchemy/orm/state_changes.py", line 137, in _go
Apr 14 19:23:27 ubuntu devstack@keystone.service[67717]: ERROR keystone.server.flask.application     ret_value = fn(self, *arg, **kw)
Apr 14 19:23:27 ubuntu devstack@keystone.service[67717]: ERROR keystone.server.flask.application                 ^^^^^^^^^^^^^^^^^^^^
Apr 14 19:23:27 ubuntu devstack@keystone.service[67717]: ERROR keystone.server.flask.application   File "/opt/stack/data/venv/lib/python3.12/site-packages/sqlalchemy/orm/session.py", line 1311, in commit
Apr 14 19:23:27 ubuntu devstack@keystone.service[67717]: ERROR keystone.server.flask.application     self._prepare_impl()
Apr 14 19:23:27 ubuntu devstack@keystone.service[67717]: ERROR keystone.server.flask.application   File "<string>", line 2, in _prepare_impl
Apr 14 19:23:27 ubuntu devstack@keystone.service[67717]: ERROR keystone.server.flask.application   File "/opt/stack/data/venv/lib/python3.12/site-packages/sqlalchemy/orm/state_changes.py", line 137, in _go
Apr 14 19:23:27 ubuntu devstack@keystone.service[67717]: ERROR keystone.server.flask.application     ret_value = fn(self, *arg, **kw)
