May 15 11:12:05 ubuntu devstack@keystone.service[67479]: DEBUG keystone.server.flask.request_processing.middleware.auth_context [None req-dbd298b1-577a-4fa8-8091-7de38fb44826 None admin] RBAC: auth_context: {'token': <TokenModel (audit_id=p4tIGSm4TkS9L7SkbC_hLA, audit_chain_id=['p4tIGSm4TkS9L7SkbC_hLA']) at 0x749ef760c7a0>, 'domain_id': None, 'trust_id': None, 'trustor_id': None, 'trustee_id': None, 'domain_name': None, 'group_ids': [], 'user_id': '0dc768b6bda64a6c84ae85e9b7f8da84', 'user_domain_id': 'default', 'system_scope': 'all', 'project_id': None, 'project_domain_id': None, 'roles': ['admin', 'manager', 'member', 'reader'], 'is_admin_project': True, 'service_user_id': None, 'service_user_domain_id': None, 'service_project_id': None, 'service_project_domain_id': None, 'service_roles': []} {{(pid=67479) fill_context /opt/stack/keystone/keystone/server/flask/request_processing/middleware/auth_context.py:509}}
May 15 11:12:05 ubuntu devstack@keystone.service[67479]: DEBUG keystone.server.flask.request_processing.req_logging [None req-dbd298b1-577a-4fa8-8091-7de38fb44826 None admin] REQUEST_METHOD: `GET` {{(pid=67479) log_request_info /opt/stack/keystone/keystone/server/flask/request_processing/req_logging.py:26}}
May 15 11:12:05 ubuntu devstack@keystone.service[67479]: DEBUG keystone.server.flask.request_processing.req_logging [None req-dbd298b1-577a-4fa8-8091-7de38fb44826 None admin] SCRIPT_NAME: `/identity` {{(pid=67479) log_request_info /opt/stack/keystone/keystone/server/flask/request_processing/req_logging.py:27}}
May 15 11:12:05 ubuntu devstack@keystone.service[67479]: DEBUG keystone.server.flask.request_processing.req_logging [None req-dbd298b1-577a-4fa8-8091-7de38fb44826 None admin] PATH_INFO: `/v3/domains` {{(pid=67479) log_request_info /opt/stack/keystone/keystone/server/flask/request_processing/req_logging.py:28}}
May 15 11:12:05 ubuntu devstack@keystone.service[67479]: DEBUG keystone.common.rbac_enforcer.enforcer [None req-dbd298b1-577a-4fa8-8091-7de38fb44826 None admin] RBAC: Adding query filter params (name=Default) {{(pid=67479) _extract_filter_values /opt/stack/keystone/keystone/common/rbac_enforcer/enforcer.py:176}}
May 15 11:12:05 ubuntu devstack@keystone.service[67479]: DEBUG keystone.common.rbac_enforcer.enforcer [None req-dbd298b1-577a-4fa8-8091-7de38fb44826 None admin] RBAC: Authorizing `identity:list_domains()` {{(pid=67479) enforce_call /opt/stack/keystone/keystone/common/rbac_enforcer/enforcer.py:494}}
May 15 11:12:05 ubuntu devstack@keystone.service[67479]: DEBUG keystone.common.rbac_enforcer.enforcer [None req-dbd298b1-577a-4fa8-8091-7de38fb44826 None admin] RBAC: Authorization granted {{(pid=67479) enforce_call /opt/stack/keystone/keystone/common/rbac_enforcer/enforcer.py:505}}
May 15 11:12:05 ubuntu devstack@keystone.service[67480]: DEBUG keystone.server.flask.request_processing.middleware.auth_context [None req-5dd85e49-2741-4348-9c2c-a5e05eff72cf None admin] Validating token access rules against request {{(pid=67480) validate_allowed_request /opt/stack/data/venv/lib/python3.12/site-packages/keystonemiddleware/auth_token/__init__.py:545}}
May 15 11:12:05 ubuntu devstack@keystone.service[67479]: [pid: 67479|app: 0|req: 10/21] 10.120.125.143 () {58 vars in 1190 bytes} [Fri May 15 11:12:05 2026] GET /identity/v3/domains?name=Default => generated 310 bytes in 68 msecs (HTTP/1.1 200) 5 headers in 177 bytes (1 switches on core 0)
May 15 11:12:05 ubuntu devstack@keystone.service[67480]: DEBUG keystone.server.flask.request_processing.middleware.auth_context [None req-782e0fea-2d7e-4667-a36b-0a4ecf8f51e4 None admin] RBAC: auth_context: {'token': <TokenModel (audit_id=llYFBWWsT1aB5UJkyS0kAw, audit_chain_id=['llYFBWWsT1aB5UJkyS0kAw']) at 0x749ef77420f0>, 'domain_id': None, 'trust_id': None, 'trustor_id': None, 'trustee_id': None, 'domain_name': None, 'group_ids': [], 'user_id': '0dc768b6bda64a6c84ae85e9b7f8da84', 'user_domain_id': 'default', 'system_scope': 'all', 'project_id': None, 'project_domain_id': None, 'roles': ['admin', 'manager', 'member', 'reader'], 'is_admin_project': True, 'service_user_id': None, 'service_user_domain_id': None, 'service_project_id': None, 'service_project_domain_id': None, 'service_roles': []} {{(pid=67480) fill_context /opt/stack/keystone/keystone/server/flask/request_processing/middleware/auth_context.py:509}}
May 15 11:12:05 ubuntu devstack@keystone.service[67480]: DEBUG keystone.server.flask.request_processing.req_logging [None req-782e0fea-2d7e-4667-a36b-0a4ecf8f51e4 None admin] REQUEST_METHOD: `PUT` {{(pid=67480) log_request_info /opt/stack/keystone/keystone/server/flask/request_processing/req_logging.py:26}}
May 15 11:12:05 ubuntu devstack@keystone.service[67480]: DEBUG keystone.server.flask.request_processing.req_logging [None req-782e0fea-2d7e-4667-a36b-0a4ecf8f51e4 None admin] SCRIPT_NAME: `/identity` {{(pid=67480) log_request_info /opt/stack/keystone/keystone/server/flask/request_processing/req_logging.py:27}}
May 15 11:12:05 ubuntu devstack@keystone.service[67480]: DEBUG keystone.server.flask.request_processing.req_logging [None req-782e0fea-2d7e-4667-a36b-0a4ecf8f51e4 None admin] PATH_INFO: `/v3/domains/default/users/0dc768b6bda64a6c84ae85e9b7f8da84/roles/d8c556e2e9d147d8a510e45dc83e80e8` {{(pid=67480) log_request_info /opt/stack/keystone/keystone/server/flask/request_processing/req_logging.py:28}}
May 15 11:12:05 ubuntu devstack@keystone.service[67480]: DEBUG keystone.common.rbac_enforcer.enforcer [None req-782e0fea-2d7e-4667-a36b-0a4ecf8f51e4 None admin] RBAC: Authorizing `identity:create_grant(domain_id=default, user_id=0dc768b6bda64a6c84ae85e9b7f8da84, role_id=d8c556e2e9d147d8a510e45dc83e80e8)` {{(pid=67480) enforce_call /opt/stack/keystone/keystone/common/rbac_enforcer/enforcer.py:494}}
May 15 11:12:05 ubuntu devstack@keystone.service[67480]: DEBUG keystone.common.rbac_enforcer.enforcer [None req-782e0fea-2d7e-4667-a36b-0a4ecf8f51e4 None admin] RBAC: Authorization granted {{(pid=67480) enforce_call /opt/stack/keystone/keystone/common/rbac_enforcer/enforcer.py:505}}
May 15 11:12:05 ubuntu devstack@keystone.service[67480]: [pid: 67480|app: 0|req: 12/22] 10.120.125.143 () {60 vars in 1429 bytes} [Fri May 15 11:12:05 2026] PUT /identity/v3/domains/default/users/0dc768b6bda64a6c84ae85e9b7f8da84/roles/d8c556e2e9d147d8a510e45dc83e80e8 => generated 0 bytes in 161 msecs (HTTP/1.1 204) 3 headers in 132 bytes (0 switches on core 0)
May 15 11:12:06 ubuntu devstack@keystone.service[67479]: DEBUG keystone.server.flask.request_processing.req_logging [None req-a6cb98ae-660a-46ae-ad29-c7d05227cd2c None None] REQUEST_METHOD: `GET` {{(pid=67479) log_request_info /opt/stack/keystone/keystone/server/flask/request_processing/req_logging.py:26}}
May 15 11:12:06 ubuntu devstack@keystone.service[67479]: DEBUG keystone.server.flask.request_processing.req_logging [None req-a6cb98ae-660a-46ae-ad29-c7d05227cd2c None None] SCRIPT_NAME: `/identity` {{(pid=67479) log_request_info /opt/stack/keystone/keystone/server/flask/request_processing/req_logging.py:27}}
May 15 11:12:06 ubuntu devstack@keystone.service[67479]: DEBUG keystone.server.flask.request_processing.req_logging [None req-a6cb98ae-660a-46ae-ad29-c7d05227cd2c None None] PATH_INFO: `/` {{(pid=67479) log_request_info /opt/stack/keystone/keystone/server/flask/request_processing/req_logging.py:28}}
May 15 11:12:06 ubuntu devstack@keystone.service[67479]: [pid: 67479|app: 0|req: 11/23] 10.120.125.143 () {56 vars in 951 bytes} [Fri May 15 11:12:06 2026] GET /identity => generated 271 bytes in 1 msecs (HTTP/1.1 300) 6 headers in 235 bytes (1 switches on core 0)
May 15 11:12:06 ubuntu devstack@keystone.service[67480]: DEBUG keystone.server.flask.request_processing.req_logging [None req-00b2a985-7875-4c0f-9e80-379613f59b3a None None] REQUEST_METHOD: `GET` {{(pid=67480) log_request_info /opt/stack/keystone/keystone/server/flask/request_processing/req_logging.py:26}}
May 15 11:12:06 ubuntu devstack@keystone.service[67480]: DEBUG keystone.server.flask.request_processing.req_logging [None req-00b2a985-7875-4c0f-9e80-379613f59b3a None None] SCRIPT_NAME: `/identity` {{(pid=67480) log_request_info /opt/stack/keystone/keystone/server/flask/request_processing/req_logging.py:27}}
May 15 11:12:06 ubuntu devstack@keystone.service[67480]: DEBUG keystone.server.flask.request_processing.req_logging [None req-00b2a985-7875-4c0f-9e80-379613f59b3a None None] PATH_INFO: `/` {{(pid=67480) log_request_info /opt/stack/keystone/keystone/server/flask/request_processing/req_logging.py:28}}
May 15 11:12:06 ubuntu devstack@keystone.service[67480]: [pid: 67480|app: 0|req: 13/24] 10.120.125.143 () {56 vars in 951 bytes} [Fri May 15 11:12:06 2026] GET /identity => generated 271 bytes in 2 msecs (HTTP/1.1 300) 6 headers in 235 bytes (1 switches on core 0)
May 15 11:12:07 ubuntu devstack@keystone.service[67479]: DEBUG keystone.server.flask.request_processing.req_logging [None req-441d810e-3a34-4e20-bf1c-9f49b21584ab None None] REQUEST_METHOD: `POST` {{(pid=67479) log_request_info /opt/stack/keystone/keystone/server/flask/request_processing/req_logging.py:26}}
May 15 11:12:07 ubuntu devstack@keystone.service[67479]: DEBUG keystone.server.flask.request_processing.req_logging [None req-441d810e-3a34-4e20-bf1c-9f49b21584ab None None] SCRIPT_NAME: `/identity` {{(pid=67479) log_request_info /opt/stack/keystone/keystone/server/flask/request_processing/req_logging.py:27}}
May 15 11:12:07 ubuntu devstack@keystone.service[67479]: DEBUG keystone.server.flask.request_processing.req_logging [None req-441d810e-3a34-4e20-bf1c-9f49b21584ab None None] PATH_INFO: `/v3/auth/tokens` {{(pid=67479) log_request_info /opt/stack/keystone/keystone/server/flask/request_processing/req_logging.py:28}}
May 15 11:12:07 ubuntu devstack@keystone.service[67479]: WARNING keystone.common.password_hashing [None req-441d810e-3a34-4e20-bf1c-9f49b21584ab None None] Truncating password to algorithm specific maximum length 72 characters.
May 15 11:12:07 ubuntu devstack@keystone.service[67479]: DEBUG keystone.auth.core [None req-441d810e-3a34-4e20-bf1c-9f49b21584ab None None] MFA Rules not processed for user `0dc768b6bda64a6c84ae85e9b7f8da84`. Rule list: `[]` (Enabled: `True`). {{(pid=67479) check_auth_methods_against_rules /opt/stack/keystone/keystone/auth/core.py:476}}
May 15 11:12:07 ubuntu devstack@keystone.service[67479]: DEBUG keystone.common.fernet_utils [None req-441d810e-3a34-4e20-bf1c-9f49b21584ab None None] Loaded 2 Fernet keys from /etc/keystone/fernet-keys/, but `[fernet_tokens] max_active_keys = 3`; perhaps there have not been enough key rotations to reach `max_active_keys` yet? {{(pid=67479) load_keys /opt/stack/keystone/keystone/common/fernet_utils.py:297}}
May 15 11:12:07 ubuntu devstack@keystone.service[67479]: [pid: 67479|app: 0|req: 12/25] 10.120.125.143 () {60 vars in 1048 bytes} [Fri May 15 11:12:07 2026] POST /identity/v3/auth/tokens => generated 863 bytes in 60 msecs (HTTP/1.1 201) 6 headers in 363 bytes (1 switches on core 0)
May 15 11:12:07 ubuntu devstack@keystone.service[67480]: DEBUG keystone.server.flask.request_processing.req_logging [None req-be378d9b-0245-4b53-8f14-2adff9088202 None None] REQUEST_METHOD: `GET` {{(pid=67480) log_request_info /opt/stack/keystone/keystone/server/flask/request_processing/req_logging.py:26}}
May 15 11:12:07 ubuntu devstack@keystone.service[67480]: DEBUG keystone.server.flask.request_processing.req_logging [None req-be378d9b-0245-4b53-8f14-2adff9088202 None None] SCRIPT_NAME: `/identity` {{(pid=67480) log_request_info /opt/stack/keystone/keystone/server/flask/request_processing/req_logging.py:27}}
May 15 11:12:07 ubuntu devstack@keystone.service[67480]: DEBUG keystone.server.flask.request_processing.req_logging [None req-be378d9b-0245-4b53-8f14-2adff9088202 None None] PATH_INFO: `/` {{(pid=67480) log_request_info /opt/stack/keystone/keystone/server/flask/request_processing/req_logging.py:28}}
May 15 11:12:07 ubuntu devstack@keystone.service[67480]: [pid: 67480|app: 0|req: 14/26] 10.120.125.143 () {56 vars in 951 bytes} [Fri May 15 11:12:07 2026] GET /identity => generated 271 bytes in 1 msecs (HTTP/1.1 300) 6 headers in 235 bytes (1 switches on core 0)
May 15 11:12:07 ubuntu devstack@keystone.service[67479]: DEBUG keystone.server.flask.request_processing.req_logging [None req-285ce2ad-4892-4c61-ad96-295cb8159375 None None] REQUEST_METHOD: `POST` {{(pid=67479) log_request_info /opt/stack/keystone/keystone/server/flask/request_processing/req_logging.py:26}}
May 15 11:12:07 ubuntu devstack@keystone.service[67479]: DEBUG keystone.server.flask.request_processing.req_logging [None req-285ce2ad-4892-4c61-ad96-295cb8159375 None None] SCRIPT_NAME: `/identity` {{(pid=67479) log_request_info /opt/stack/keystone/keystone/server/flask/request_processing/req_logging.py:27}}
May 15 11:12:07 ubuntu devstack@keystone.service[67479]: DEBUG keystone.server.flask.request_processing.req_logging [None req-285ce2ad-4892-4c61-ad96-295cb8159375 None None] PATH_INFO: `/v3/auth/tokens` {{(pid=67479) log_request_info /opt/stack/keystone/keystone/server/flask/request_processing/req_logging.py:28}}
May 15 11:12:07 ubuntu devstack@keystone.service[67479]: WARNING keystone.common.password_hashing [None req-285ce2ad-4892-4c61-ad96-295cb8159375 None None] Truncating password to algorithm specific maximum length 72 characters.
May 15 11:12:07 ubuntu devstack@keystone.service[67479]: DEBUG keystone.auth.core [None req-285ce2ad-4892-4c61-ad96-295cb8159375 None None] MFA Rules not processed for user `0dc768b6bda64a6c84ae85e9b7f8da84`. Rule list: `[]` (Enabled: `True`). {{(pid=67479) check_auth_methods_against_rules /opt/stack/keystone/keystone/auth/core.py:476}}
May 15 11:12:07 ubuntu devstack@keystone.service[67479]: DEBUG keystone.common.fernet_utils [None req-285ce2ad-4892-4c61-ad96-295cb8159375 None None] Loaded 2 Fernet keys from /etc/keystone/fernet-keys/, but `[fernet_tokens] max_active_keys = 3`; perhaps there have not been enough key rotations to reach `max_active_keys` yet? {{(pid=67479) load_keys /opt/stack/keystone/keystone/common/fernet_utils.py:297}}
May 15 11:12:07 ubuntu devstack@keystone.service[67479]: [pid: 67479|app: 0|req: 13/27] 10.120.125.143 () {60 vars in 1048 bytes} [Fri May 15 11:12:07 2026] POST /identity/v3/auth/tokens => generated 863 bytes in 60 msecs (HTTP/1.1 201) 6 headers in 363 bytes (1 switches on core 0)
May 15 11:12:07 ubuntu devstack@keystone.service[67480]: DEBUG keystone.server.flask.request_processing.req_logging [None req-03e19d5a-e414-4657-bd5e-84579de3a55d None None] REQUEST_METHOD: `POST` {{(pid=67480) log_request_info /opt/stack/keystone/keystone/server/flask/request_processing/req_logging.py:26}}
May 15 11:12:07 ubuntu devstack@keystone.service[67480]: DEBUG keystone.server.flask.request_processing.req_logging [None req-03e19d5a-e414-4657-bd5e-84579de3a55d None None] SCRIPT_NAME: `/identity` {{(pid=67480) log_request_info /opt/stack/keystone/keystone/server/flask/request_processing/req_logging.py:27}}
May 15 11:12:07 ubuntu devstack@keystone.service[67480]: DEBUG keystone.server.flask.request_processing.req_logging [None req-03e19d5a-e414-4657-bd5e-84579de3a55d None None] PATH_INFO: `/v3/auth/tokens` {{(pid=67480) log_request_info /opt/stack/keystone/keystone/server/flask/request_processing/req_logging.py:28}}
May 15 11:12:07 ubuntu devstack@keystone.service[67480]: WARNING keystone.common.password_hashing [None req-03e19d5a-e414-4657-bd5e-84579de3a55d None None] Truncating password to algorithm specific maximum length 72 characters.
May 15 11:12:07 ubuntu devstack@keystone.service[67480]: DEBUG keystone.auth.core [None req-03e19d5a-e414-4657-bd5e-84579de3a55d None None] MFA Rules not processed for user `0dc768b6bda64a6c84ae85e9b7f8da84`. Rule list: `[]` (Enabled: `True`). {{(pid=67480) check_auth_methods_against_rules /opt/stack/keystone/keystone/auth/core.py:476}}
May 15 11:12:07 ubuntu devstack@keystone.service[67480]: DEBUG keystone.common.fernet_utils [None req-03e19d5a-e414-4657-bd5e-84579de3a55d None None] Loaded 2 Fernet keys from /etc/keystone/fernet-keys/, but `[fernet_tokens] max_active_keys = 3`; perhaps there have not been enough key rotations to reach `max_active_keys` yet? {{(pid=67480) load_keys /opt/stack/keystone/keystone/common/fernet_utils.py:297}}
May 15 11:12:07 ubuntu devstack@keystone.service[67480]: [pid: 67480|app: 0|req: 15/28] 10.120.125.143 () {60 vars in 1048 bytes} [Fri May 15 11:12:07 2026] POST /identity/v3/auth/tokens => generated 863 bytes in 68 msecs (HTTP/1.1 201) 6 headers in 363 bytes (1 switches on core 0)
May 15 11:12:07 ubuntu devstack@keystone.service[67479]: DEBUG keystone.server.flask.request_processing.middleware.auth_context [None req-285ce2ad-4892-4c61-ad96-295cb8159375 None None] Authenticating user token {{(pid=67479) process_request /opt/stack/data/venv/lib/python3.12/site-packages/keystonemiddleware/auth_token/__init__.py:407}}
May 15 11:12:07 ubuntu devstack@keystone.service[67480]: DEBUG keystone.server.flask.request_processing.req_logging [None req-f9ed3f36-5f89-4cd3-a91e-5c8388bfa018 None None] REQUEST_METHOD: `GET` {{(pid=67480) log_request_info /opt/stack/keystone/keystone/server/flask/request_processing/req_logging.py:26}}
May 15 11:12:07 ubuntu devstack@keystone.service[67480]: DEBUG keystone.server.flask.request_processing.req_logging [None req-f9ed3f36-5f89-4cd3-a91e-5c8388bfa018 None None] SCRIPT_NAME: `/identity` {{(pid=67480) log_request_info /opt/stack/keystone/keystone/server/flask/request_processing/req_logging.py:27}}
May 15 11:12:07 ubuntu devstack@keystone.service[67480]: DEBUG keystone.server.flask.request_processing.req_logging [None req-f9ed3f36-5f89-4cd3-a91e-5c8388bfa018 None None] PATH_INFO: `/` {{(pid=67480) log_request_info /opt/stack/keystone/keystone/server/flask/request_processing/req_logging.py:28}}
May 15 11:12:07 ubuntu devstack@keystone.service[67480]: [pid: 67480|app: 0|req: 16/29] 10.120.125.143 () {56 vars in 950 bytes} [Fri May 15 11:12:07 2026] GET /identity => generated 271 bytes in 2 msecs (HTTP/1.1 300) 6 headers in 235 bytes (1 switches on core 0)
May 15 11:12:07 ubuntu devstack@keystone.service[67479]: DEBUG keystone.server.flask.request_processing.middleware.auth_context [None req-285ce2ad-4892-4c61-ad96-295cb8159375 None None] Validating token access rules against request {{(pid=67479) validate_allowed_request /opt/stack/data/venv/lib/python3.12/site-packages/keystonemiddleware/auth_token/__init__.py:545}}
May 15 11:12:07 ubuntu devstack@keystone.service[67480]: DEBUG keystone.server.flask.request_processing.req_logging [None req-f59ee84f-15e2-4f38-915d-4407ae5d036e None None] REQUEST_METHOD: `GET` {{(pid=67480) log_request_info /opt/stack/keystone/keystone/server/flask/request_processing/req_logging.py:26}}
May 15 11:12:07 ubuntu devstack@keystone.service[67480]: DEBUG keystone.server.flask.request_processing.req_logging [None req-f59ee84f-15e2-4f38-915d-4407ae5d036e None None] SCRIPT_NAME: `/identity` {{(pid=67480) log_request_info /opt/stack/keystone/keystone/server/flask/request_processing/req_logging.py:27}}
May 15 11:12:07 ubuntu devstack@keystone.service[67480]: DEBUG keystone.server.flask.request_processing.req_logging [None req-f59ee84f-15e2-4f38-915d-4407ae5d036e None None] PATH_INFO: `/` {{(pid=67480) log_request_info /opt/stack/keystone/keystone/server/flask/request_processing/req_logging.py:28}}
May 15 11:12:07 ubuntu devstack@keystone.service[67480]: [pid: 67480|app: 0|req: 17/30] 10.120.125.143 () {56 vars in 950 bytes} [Fri May 15 11:12:07 2026] GET /identity => generated 271 bytes in 1 msecs (HTTP/1.1 300) 6 headers in 235 bytes (1 switches on core 0)
May 15 11:12:07 ubuntu devstack@keystone.service[67480]: DEBUG keystone.server.flask.request_processing.middleware.auth_context [None req-f59ee84f-15e2-4f38-915d-4407ae5d036e None None] Authenticating user token {{(pid=67480) process_request /opt/stack/data/venv/lib/python3.12/site-packages/keystonemiddleware/auth_token/__init__.py:407}}
May 15 11:12:07 ubuntu devstack@keystone.service[67479]: DEBUG keystone.server.flask.request_processing.middleware.auth_context [None req-31969aab-8632-40f8-8192-0f0333489bdb None admin] RBAC: auth_context: {'token': <TokenModel (audit_id=X19XYCvfTFulTjnEvRwvsw, audit_chain_id=['X19XYCvfTFulTjnEvRwvsw']) at 0x749ef760ed50>, 'domain_id': None, 'trust_id': None, 'trustor_id': None, 'trustee_id': None, 'domain_name': None, 'group_ids': [], 'user_id': '0dc768b6bda64a6c84ae85e9b7f8da84', 'user_domain_id': 'default', 'system_scope': 'all', 'project_id': None, 'project_domain_id': None, 'roles': ['admin', 'manager', 'member', 'reader'], 'is_admin_project': True, 'service_user_id': None, 'service_user_domain_id': None, 'service_project_id': None, 'service_project_domain_id': None, 'service_roles': []} {{(pid=67479) fill_context /opt/stack/keystone/keystone/server/flask/request_processing/middleware/auth_context.py:509}}
May 15 11:12:07 ubuntu devstack@keystone.service[67479]: DEBUG keystone.server.flask.request_processing.req_logging [None req-31969aab-8632-40f8-8192-0f0333489bdb None admin] REQUEST_METHOD: `GET` {{(pid=67479) log_request_info /opt/stack/keystone/keystone/server/flask/request_processing/req_logging.py:26}}
May 15 11:12:07 ubuntu devstack@keystone.service[67479]: DEBUG keystone.server.flask.request_processing.req_logging [None req-31969aab-8632-40f8-8192-0f0333489bdb None admin] SCRIPT_NAME: `/identity` {{(pid=67479) log_request_info /opt/stack/keystone/keystone/server/flask/request_processing/req_logging.py:27}}
May 15 11:12:07 ubuntu devstack@keystone.service[67479]: DEBUG keystone.server.flask.request_processing.req_logging [None req-31969aab-8632-40f8-8192-0f0333489bdb None admin] PATH_INFO: `/v3/domains/Default` {{(pid=67479) log_request_info /opt/stack/keystone/keystone/server/flask/request_processing/req_logging.py:28}}
May 15 11:12:07 ubuntu devstack@keystone.service[67479]: DEBUG keystone.common.rbac_enforcer.enforcer [None req-31969aab-8632-40f8-8192-0f0333489bdb None admin] RBAC: Authorizing `identity:get_domain(domain_id=Default)` {{(pid=67479) enforce_call /opt/stack/keystone/keystone/common/rbac_enforcer/enforcer.py:494}}
May 15 11:12:07 ubuntu devstack@keystone.service[67479]: DEBUG keystone.common.rbac_enforcer.enforcer [None req-31969aab-8632-40f8-8192-0f0333489bdb None admin] RBAC: Authorization granted {{(pid=67479) enforce_call /opt/stack/keystone/keystone/common/rbac_enforcer/enforcer.py:505}}
May 15 11:12:07 ubuntu devstack@keystone.service[67479]: DEBUG keystone.server.flask.application [None req-31969aab-8632-40f8-8192-0f0333489bdb None admin] Could not find domain: Default. {{(pid=67479) _handle_keystone_exception /opt/stack/keystone/keystone/server/flask/application.py:146}}
May 15 11:12:07 ubuntu devstack@keystone.service[67479]: [pid: 67479|app: 0|req: 14/31] 10.120.125.143 () {58 vars in 1175 bytes} [Fri May 15 11:12:07 2026] GET /identity/v3/domains/Default => generated 87 bytes in 125 msecs (HTTP/1.1 404) 5 headers in 183 bytes (1 switches on core 0)
May 15 11:12:07 ubuntu devstack@keystone.service[67480]: DEBUG keystone.server.flask.request_processing.middleware.auth_context [None req-f59ee84f-15e2-4f38-915d-4407ae5d036e None None] Validating token access rules against request {{(pid=67480) validate_allowed_request /opt/stack/data/venv/lib/python3.12/site-packages/keystonemiddleware/auth_token/__init__.py:545}}
May 15 11:12:07 ubuntu devstack@keystone.service[67479]: DEBUG keystone.server.flask.request_processing.middleware.auth_context [None req-31969aab-8632-40f8-8192-0f0333489bdb None admin] Authenticating user token {{(pid=67479) process_request /opt/stack/data/venv/lib/python3.12/site-packages/keystonemiddleware/auth_token/__init__.py:407}}
May 15 11:12:07 ubuntu devstack@keystone.service[67480]: DEBUG keystone.server.flask.request_processing.middleware.auth_context [None req-62062baa-c225-4ae7-a0f5-060e2286a9b2 None admin] RBAC: auth_context: {'token': <TokenModel (audit_id=lU6uITV9SzCqNiTdJvADAw, audit_chain_id=['lU6uITV9SzCqNiTdJvADAw']) at 0x749ef76ec440>, 'domain_id': None, 'trust_id': None, 'trustor_id': None, 'trustee_id': None, 'domain_name': None, 'group_ids': [], 'user_id': '0dc768b6bda64a6c84ae85e9b7f8da84', 'user_domain_id': 'default', 'system_scope': 'all', 'project_id': None, 'project_domain_id': None, 'roles': ['admin', 'manager', 'member', 'reader'], 'is_admin_project': True, 'service_user_id': None, 'service_user_domain_id': None, 'service_project_id': None, 'service_project_domain_id': None, 'service_roles': []} {{(pid=67480) fill_context /opt/stack/keystone/keystone/server/flask/request_processing/middleware/auth_context.py:509}}
May 15 11:12:07 ubuntu devstack@keystone.service[67480]: DEBUG keystone.server.flask.request_processing.req_logging [None req-62062baa-c225-4ae7-a0f5-060e2286a9b2 None admin] REQUEST_METHOD: `GET` {{(pid=67480) log_request_info /opt/stack/keystone/keystone/server/flask/request_processing/req_logging.py:26}}
May 15 11:12:07 ubuntu devstack@keystone.service[67480]: DEBUG keystone.server.flask.request_processing.req_logging [None req-62062baa-c225-4ae7-a0f5-060e2286a9b2 None admin] SCRIPT_NAME: `/identity` {{(pid=67480) log_request_info /opt/stack/keystone/keystone/server/flask/request_processing/req_logging.py:27}}
May 15 11:12:07 ubuntu devstack@keystone.service[67480]: DEBUG keystone.server.flask.request_processing.req_logging [None req-62062baa-c225-4ae7-a0f5-060e2286a9b2 None admin] PATH_INFO: `/v3/roles/admin` {{(pid=67480) log_request_info /opt/stack/keystone/keystone/server/flask/request_processing/req_logging.py:28}}
May 15 11:12:07 ubuntu devstack@keystone.service[67480]: DEBUG keystone.common.rbac_enforcer.enforcer [None req-62062baa-c225-4ae7-a0f5-060e2286a9b2 None admin] Extracting inferred target data resulted in "NOT FOUND (404)". {{(pid=67480) enforce_call /opt/stack/keystone/keystone/common/rbac_enforcer/enforcer.py:445}}
May 15 11:12:07 ubuntu devstack@keystone.service[67480]: DEBUG keystone.server.flask.application [None req-62062baa-c225-4ae7-a0f5-060e2286a9b2 None admin] Could not find role: admin. {{(pid=67480) _handle_keystone_exception /opt/stack/keystone/keystone/server/flask/application.py:146}}
May 15 11:12:07 ubuntu devstack@keystone.service[67480]: [pid: 67480|app: 0|req: 18/32] 10.120.125.143 () {58 vars in 1163 bytes} [Fri May 15 11:12:07 2026] GET /identity/v3/roles/admin => generated 83 bytes in 89 msecs (HTTP/1.1 404) 5 headers in 183 bytes (1 switches on core 0)
May 15 11:12:07 ubuntu devstack@keystone.service[67480]: DEBUG keystone.server.flask.request_processing.req_logging [None req-0c97e847-6899-403b-b5dd-3832ffaa8d86 None None] REQUEST_METHOD: `GET` {{(pid=67480) log_request_info /opt/stack/keystone/keystone/server/flask/request_processing/req_logging.py:26}}
May 15 11:12:07 ubuntu devstack@keystone.service[67480]: DEBUG keystone.server.flask.request_processing.req_logging [None req-0c97e847-6899-403b-b5dd-3832ffaa8d86 None None] SCRIPT_NAME: `/identity` {{(pid=67480) log_request_info /opt/stack/keystone/keystone/server/flask/request_processing/req_logging.py:27}}
May 15 11:12:07 ubuntu devstack@keystone.service[67480]: DEBUG keystone.server.flask.request_processing.req_logging [None req-0c97e847-6899-403b-b5dd-3832ffaa8d86 None None] PATH_INFO: `/` {{(pid=67480) log_request_info /opt/stack/keystone/keystone/server/flask/request_processing/req_logging.py:28}}
May 15 11:12:07 ubuntu devstack@keystone.service[67480]: [pid: 67480|app: 0|req: 19/33] 10.120.125.143 () {56 vars in 951 bytes} [Fri May 15 11:12:07 2026] GET /identity => generated 271 bytes in 1 msecs (HTTP/1.1 300) 6 headers in 235 bytes (1 switches on core 0)
May 15 11:12:07 ubuntu devstack@keystone.service[67479]: DEBUG keystone.server.flask.request_processing.middleware.auth_context [None req-31969aab-8632-40f8-8192-0f0333489bdb None admin] Validating token access rules against request {{(pid=67479) validate_allowed_request /opt/stack/data/venv/lib/python3.12/site-packages/keystonemiddleware/auth_token/__init__.py:545}}
May 15 11:12:07 ubuntu devstack@keystone.service[67480]: DEBUG keystone.server.flask.request_processing.req_logging [None req-a43b5126-aef1-4d09-ad18-4e9300a24279 None None] REQUEST_METHOD: `POST` {{(pid=67480) log_request_info /opt/stack/keystone/keystone/server/flask/request_processing/req_logging.py:26}}
May 15 11:12:07 ubuntu devstack@keystone.service[67480]: DEBUG keystone.server.flask.request_processing.req_logging [None req-a43b5126-aef1-4d09-ad18-4e9300a24279 None None] SCRIPT_NAME: `/identity` {{(pid=67480) log_request_info /opt/stack/keystone/keystone/server/flask/request_processing/req_logging.py:27}}
May 15 11:12:07 ubuntu devstack@keystone.service[67480]: DEBUG keystone.server.flask.request_processing.req_logging [None req-a43b5126-aef1-4d09-ad18-4e9300a24279 None None] PATH_INFO: `/v3/auth/tokens` {{(pid=67480) log_request_info /opt/stack/keystone/keystone/server/flask/request_processing/req_logging.py:28}}
May 15 11:12:07 ubuntu devstack@keystone.service[67480]: WARNING keystone.common.password_hashing [None req-a43b5126-aef1-4d09-ad18-4e9300a24279 None None] Truncating password to algorithm specific maximum length 72 characters.
May 15 11:12:07 ubuntu devstack@keystone.service[67479]: DEBUG keystone.server.flask.request_processing.middleware.auth_context [None req-c39afa58-74d5-4df3-9625-62c74fd874bb None admin] RBAC: auth_context: {'token': <TokenModel (audit_id=X19XYCvfTFulTjnEvRwvsw, audit_chain_id=['X19XYCvfTFulTjnEvRwvsw']) at 0x749ef742a510>, 'domain_id': None, 'trust_id': None, 'trustor_id': None, 'trustee_id': None, 'domain_name': None, 'group_ids': [], 'user_id': '0dc768b6bda64a6c84ae85e9b7f8da84', 'user_domain_id': 'default', 'system_scope': 'all', 'project_id': None, 'project_domain_id': None, 'roles': ['admin', 'manager', 'member', 'reader'], 'is_admin_project': True, 'service_user_id': None, 'service_user_domain_id': None, 'service_project_id': None, 'service_project_domain_id': None, 'service_roles': []} {{(pid=67479) fill_context /opt/stack/keystone/keystone/server/flask/request_processing/middleware/auth_context.py:509}}
May 15 11:12:07 ubuntu devstack@keystone.service[67479]: DEBUG keystone.server.flask.request_processing.req_logging [None req-c39afa58-74d5-4df3-9625-62c74fd874bb None admin] REQUEST_METHOD: `GET` {{(pid=67479) log_request_info /opt/stack/keystone/keystone/server/flask/request_processing/req_logging.py:26}}
May 15 11:12:07 ubuntu devstack@keystone.service[67479]: DEBUG keystone.server.flask.request_processing.req_logging [None req-c39afa58-74d5-4df3-9625-62c74fd874bb None admin] SCRIPT_NAME: `/identity` {{(pid=67479) log_request_info /opt/stack/keystone/keystone/server/flask/request_processing/req_logging.py:27}}
May 15 11:12:07 ubuntu devstack@keystone.service[67479]: DEBUG keystone.server.flask.request_processing.req_logging [None req-c39afa58-74d5-4df3-9625-62c74fd874bb None admin] PATH_INFO: `/v3/domains` {{(pid=67479) log_request_info /opt/stack/keystone/keystone/server/flask/request_processing/req_logging.py:28}}
May 15 11:12:07 ubuntu devstack@keystone.service[67479]: DEBUG keystone.common.rbac_enforcer.enforcer [None req-c39afa58-74d5-4df3-9625-62c74fd874bb None admin] RBAC: Adding query filter params (name=Default) {{(pid=67479) _extract_filter_values /opt/stack/keystone/keystone/common/rbac_enforcer/enforcer.py:176}}
May 15 11:12:07 ubuntu devstack@keystone.service[67479]: DEBUG keystone.common.rbac_enforcer.enforcer [None req-c39afa58-74d5-4df3-9625-62c74fd874bb None admin] RBAC: Authorizing `identity:list_domains()` {{(pid=67479) enforce_call /opt/stack/keystone/keystone/common/rbac_enforcer/enforcer.py:494}}
May 15 11:12:07 ubuntu devstack@keystone.service[67479]: DEBUG keystone.common.rbac_enforcer.enforcer [None req-c39afa58-74d5-4df3-9625-62c74fd874bb None admin] RBAC: Authorization granted {{(pid=67479) enforce_call /opt/stack/keystone/keystone/common/rbac_enforcer/enforcer.py:505}}
May 15 11:12:07 ubuntu devstack@keystone.service[67480]: DEBUG keystone.auth.core [None req-a43b5126-aef1-4d09-ad18-4e9300a24279 None None] MFA Rules not processed for user `0dc768b6bda64a6c84ae85e9b7f8da84`. Rule list: `[]` (Enabled: `True`). {{(pid=67480) check_auth_methods_against_rules /opt/stack/keystone/keystone/auth/core.py:476}}
May 15 11:12:07 ubuntu devstack@keystone.service[67480]: DEBUG keystone.common.fernet_utils [None req-a43b5126-aef1-4d09-ad18-4e9300a24279 None None] Loaded 2 Fernet keys from /etc/keystone/fernet-keys/, but `[fernet_tokens] max_active_keys = 3`; perhaps there have not been enough key rotations to reach `max_active_keys` yet? {{(pid=67480) load_keys /opt/stack/keystone/keystone/common/fernet_utils.py:297}}
May 15 11:12:07 ubuntu devstack@keystone.service[67479]: [pid: 67479|app: 0|req: 15/34] 10.120.125.143 () {58 vars in 1190 bytes} [Fri May 15 11:12:07 2026] GET /identity/v3/domains?name=Default => generated 310 bytes in 72 msecs (HTTP/1.1 200) 5 headers in 177 bytes (1 switches on core 0)
May 15 11:12:07 ubuntu devstack@keystone.service[67479]: DEBUG keystone.server.flask.request_processing.middleware.auth_context [None req-c39afa58-74d5-4df3-9625-62c74fd874bb None admin] Authenticating user token {{(pid=67479) process_request /opt/stack/data/venv/lib/python3.12/site-packages/keystonemiddleware/auth_token/__init__.py:407}}
May 15 11:12:07 ubuntu devstack@keystone.service[67480]: [pid: 67480|app: 0|req: 20/35] 10.120.125.143 () {60 vars in 1048 bytes} [Fri May 15 11:12:07 2026] POST /identity/v3/auth/tokens => generated 863 bytes in 55 msecs (HTTP/1.1 201) 6 headers in 363 bytes (1 switches on core 0)
May 15 11:12:07 ubuntu devstack@keystone.service[67480]: DEBUG keystone.server.flask.request_processing.middleware.auth_context [None req-a43b5126-aef1-4d09-ad18-4e9300a24279 None None] Authenticating user token {{(pid=67480) process_request /opt/stack/data/venv/lib/python3.12/site-packages/keystonemiddleware/auth_token/__init__.py:407}}
May 15 11:12:07 ubuntu devstack@keystone.service[67479]: DEBUG keystone.server.flask.request_processing.middleware.auth_context [None req-c39afa58-74d5-4df3-9625-62c74fd874bb None admin] Validating token access rules against request {{(pid=67479) validate_allowed_request /opt/stack/data/venv/lib/python3.12/site-packages/keystonemiddleware/auth_token/__init__.py:545}}
May 15 11:12:07 ubuntu devstack@keystone.service[67479]: DEBUG keystone.server.flask.request_processing.middleware.auth_context [None req-aecb4166-c8ac-4598-8517-4b80c7676061 None admin] RBAC: auth_context: {'token': <TokenModel (audit_id=lU6uITV9SzCqNiTdJvADAw, audit_chain_id=['lU6uITV9SzCqNiTdJvADAw']) at 0x749ef7791df0>, 'domain_id': None, 'trust_id': None, 'trustor_id': None, 'trustee_id': None, 'domain_name': None, 'group_ids': [], 'user_id': '0dc768b6bda64a6c84ae85e9b7f8da84', 'user_domain_id': 'default', 'system_scope': 'all', 'project_id': None, 'project_domain_id': None, 'roles': ['admin', 'manager', 'member', 'reader'], 'is_admin_project': True, 'service_user_id': None, 'service_user_domain_id': None, 'service_project_id': None, 'service_project_domain_id': None, 'service_roles': []} {{(pid=67479) fill_context /opt/stack/keystone/keystone/server/flask/request_processing/middleware/auth_context.py:509}}
May 15 11:12:07 ubuntu devstack@keystone.service[67479]: DEBUG keystone.server.flask.request_processing.req_logging [None req-aecb4166-c8ac-4598-8517-4b80c7676061 None admin] REQUEST_METHOD: `GET` {{(pid=67479) log_request_info /opt/stack/keystone/keystone/server/flask/request_processing/req_logging.py:26}}
May 15 11:12:07 ubuntu devstack@keystone.service[67479]: DEBUG keystone.server.flask.request_processing.req_logging [None req-aecb4166-c8ac-4598-8517-4b80c7676061 None admin] SCRIPT_NAME: `/identity` {{(pid=67479) log_request_info /opt/stack/keystone/keystone/server/flask/request_processing/req_logging.py:27}}
May 15 11:12:07 ubuntu devstack@keystone.service[67479]: DEBUG keystone.server.flask.request_processing.req_logging [None req-aecb4166-c8ac-4598-8517-4b80c7676061 None admin] PATH_INFO: `/v3/roles` {{(pid=67479) log_request_info /opt/stack/keystone/keystone/server/flask/request_processing/req_logging.py:28}}
May 15 11:12:07 ubuntu devstack@keystone.service[67480]: DEBUG keystone.server.flask.request_processing.middleware.auth_context [None req-a43b5126-aef1-4d09-ad18-4e9300a24279 None None] Validating token access rules against request {{(pid=67480) validate_allowed_request /opt/stack/data/venv/lib/python3.12/site-packages/keystonemiddleware/auth_token/__init__.py:545}}
May 15 11:12:07 ubuntu devstack@keystone.service[67479]: DEBUG keystone.common.rbac_enforcer.enforcer [None req-aecb4166-c8ac-4598-8517-4b80c7676061 None admin] RBAC: Adding query filter params (name=admin) {{(pid=67479) _extract_filter_values /opt/stack/keystone/keystone/common/rbac_enforcer/enforcer.py:176}}
May 15 11:12:07 ubuntu devstack@keystone.service[67479]: DEBUG keystone.common.rbac_enforcer.enforcer [None req-aecb4166-c8ac-4598-8517-4b80c7676061 None admin] RBAC: Authorizing `identity:list_roles()` {{(pid=67479) enforce_call /opt/stack/keystone/keystone/common/rbac_enforcer/enforcer.py:494}}
May 15 11:12:07 ubuntu devstack@keystone.service[67479]: DEBUG keystone.common.rbac_enforcer.enforcer [None req-aecb4166-c8ac-4598-8517-4b80c7676061 None admin] RBAC: Authorization granted {{(pid=67479) enforce_call /opt/stack/keystone/keystone/common/rbac_enforcer/enforcer.py:505}}
May 15 11:12:07 ubuntu devstack@keystone.service[67479]: [pid: 67479|app: 0|req: 16/36] 10.120.125.143 () {58 vars in 1179 bytes} [Fri May 15 11:12:07 2026] GET /identity/v3/roles?name=admin => generated 341 bytes in 66 msecs (HTTP/1.1 200) 5 headers in 177 bytes (1 switches on core 0)
May 15 11:12:07 ubuntu devstack@keystone.service[67479]: DEBUG keystone.server.flask.request_processing.req_logging [None req-f19e3fc7-6946-433b-b7c3-7ebd76154816 None None] REQUEST_METHOD: `POST` {{(pid=67479) log_request_info /opt/stack/keystone/keystone/server/flask/request_processing/req_logging.py:26}}
May 15 11:12:07 ubuntu devstack@keystone.service[67479]: DEBUG keystone.server.flask.request_processing.req_logging [None req-f19e3fc7-6946-433b-b7c3-7ebd76154816 None None] SCRIPT_NAME: `/identity` {{(pid=67479) log_request_info /opt/stack/keystone/keystone/server/flask/request_processing/req_logging.py:27}}
May 15 11:12:07 ubuntu devstack@keystone.service[67479]: DEBUG keystone.server.flask.request_processing.req_logging [None req-f19e3fc7-6946-433b-b7c3-7ebd76154816 None None] PATH_INFO: `/v3/auth/tokens` {{(pid=67479) log_request_info /opt/stack/keystone/keystone/server/flask/request_processing/req_logging.py:28}}
May 15 11:12:07 ubuntu devstack@keystone.service[67479]: WARNING keystone.common.password_hashing [None req-f19e3fc7-6946-433b-b7c3-7ebd76154816 None None] Truncating password to algorithm specific maximum length 72 characters.
May 15 11:12:07 ubuntu devstack@keystone.service[67480]: DEBUG keystone.server.flask.request_processing.middleware.auth_context [None req-71d35d1a-588d-4184-9578-d77a91a3ac9f None admin] RBAC: auth_context: {'token': <TokenModel (audit_id=qqeikFTDTu-yCtdqrKtZ1Q, audit_chain_id=['qqeikFTDTu-yCtdqrKtZ1Q']) at 0x749ef761fa40>, 'domain_id': None, 'trust_id': None, 'trustor_id': None, 'trustee_id': None, 'domain_name': None, 'group_ids': [], 'user_id': '0dc768b6bda64a6c84ae85e9b7f8da84', 'user_domain_id': 'default', 'system_scope': 'all', 'project_id': None, 'project_domain_id': None, 'roles': ['admin', 'manager', 'member', 'reader'], 'is_admin_project': True, 'service_user_id': None, 'service_user_domain_id': None, 'service_project_id': None, 'service_project_domain_id': None, 'service_roles': []} {{(pid=67480) fill_context /opt/stack/keystone/keystone/server/flask/request_processing/middleware/auth_context.py:509}}
May 15 11:12:07 ubuntu devstack@keystone.service[67480]: DEBUG keystone.server.flask.request_processing.req_logging [None req-71d35d1a-588d-4184-9578-d77a91a3ac9f None admin] REQUEST_METHOD: `POST` {{(pid=67480) log_request_info /opt/stack/keystone/keystone/server/flask/request_processing/req_logging.py:26}}
May 15 11:12:07 ubuntu devstack@keystone.service[67480]: DEBUG keystone.server.flask.request_processing.req_logging [None req-71d35d1a-588d-4184-9578-d77a91a3ac9f None admin] SCRIPT_NAME: `/identity` {{(pid=67480) log_request_info /opt/stack/keystone/keystone/server/flask/request_processing/req_logging.py:27}}
May 15 11:12:07 ubuntu devstack@keystone.service[67480]: DEBUG keystone.server.flask.request_processing.req_logging [None req-71d35d1a-588d-4184-9578-d77a91a3ac9f None admin] PATH_INFO: `/v3/roles` {{(pid=67480) log_request_info /opt/stack/keystone/keystone/server/flask/request_processing/req_logging.py:28}}
May 15 11:12:07 ubuntu devstack@keystone.service[67480]: DEBUG keystone.common.rbac_enforcer.enforcer [None req-71d35d1a-588d-4184-9578-d77a91a3ac9f None admin] RBAC: Authorizing `identity:create_role()` {{(pid=67480) enforce_call /opt/stack/keystone/keystone/common/rbac_enforcer/enforcer.py:494}}
May 15 11:12:07 ubuntu devstack@keystone.service[67480]: DEBUG keystone.common.rbac_enforcer.enforcer [None req-71d35d1a-588d-4184-9578-d77a91a3ac9f None admin] RBAC: Authorization granted {{(pid=67480) enforce_call /opt/stack/keystone/keystone/common/rbac_enforcer/enforcer.py:505}}
May 15 11:12:07 ubuntu devstack@keystone.service[67479]: DEBUG keystone.auth.core [None req-f19e3fc7-6946-433b-b7c3-7ebd76154816 None None] MFA Rules not processed for user `0dc768b6bda64a6c84ae85e9b7f8da84`. Rule list: `[]` (Enabled: `True`). {{(pid=67479) check_auth_methods_against_rules /opt/stack/keystone/keystone/auth/core.py:476}}
May 15 11:12:07 ubuntu devstack@keystone.service[67479]: DEBUG keystone.common.fernet_utils [None req-f19e3fc7-6946-433b-b7c3-7ebd76154816 None None] Loaded 2 Fernet keys from /etc/keystone/fernet-keys/, but `[fernet_tokens] max_active_keys = 3`; perhaps there have not been enough key rotations to reach `max_active_keys` yet? {{(pid=67479) load_keys /opt/stack/keystone/keystone/common/fernet_utils.py:297}}
May 15 11:12:07 ubuntu devstack@keystone.service[67480]: DEBUG keystone.common.sql.core [None req-71d35d1a-588d-4184-9578-d77a91a3ac9f None admin] Conflict role: (pymysql.err.IntegrityError) (1062, "Duplicate entry 'service-<<null>>' for key 'role.ixu_role_name_domain_id'")
May 15 11:12:07 ubuntu devstack@keystone.service[67480]: [SQL: INSERT INTO `role` (id, name, description, extra) VALUES (%(id)s, %(name)s, %(description)s, %(extra)s)]
May 15 11:12:07 ubuntu devstack@keystone.service[67480]: [parameters: {'id': '71bec67896a1404db204a73ad0c78f3a', 'name': 'service', 'description': None, 'extra': '{}'}]
May 15 11:12:07 ubuntu devstack@keystone.service[67480]: (Background on this error at: https://sqlalche.me/e/20/gkpj) {{(pid=67480) wrapper /opt/stack/keystone/keystone/common/sql/core.py:580}}
May 15 11:12:07 ubuntu devstack@keystone.service[67480]: ERROR keystone.server.flask.application [None req-71d35d1a-588d-4184-9578-d77a91a3ac9f None admin] Conflict occurred attempting to store role - Duplicate entry found with name service.: keystone.exception.Conflict: Conflict occurred attempting to store role - Duplicate entry found with name service.
May 15 11:12:07 ubuntu devstack@keystone.service[67480]: ERROR keystone.server.flask.application Traceback (most recent call last):
May 15 11:12:07 ubuntu devstack@keystone.service[67480]: ERROR keystone.server.flask.application   File "/opt/stack/data/venv/lib/python3.12/site-packages/sqlalchemy/engine/base.py", line 1967, in _exec_single_context
May 15 11:12:07 ubuntu devstack@keystone.service[67480]: ERROR keystone.server.flask.application     self.dialect.do_execute(
May 15 11:12:07 ubuntu devstack@keystone.service[67480]: ERROR keystone.server.flask.application   File "/opt/stack/data/venv/lib/python3.12/site-packages/sqlalchemy/engine/default.py", line 952, in do_execute
May 15 11:12:07 ubuntu devstack@keystone.service[67480]: ERROR keystone.server.flask.application     cursor.execute(statement, parameters)
May 15 11:12:07 ubuntu devstack@keystone.service[67480]: ERROR keystone.server.flask.application   File "/opt/stack/data/venv/lib/python3.12/site-packages/pymysql/cursors.py", line 157, in execute
May 15 11:12:07 ubuntu devstack@keystone.service[67480]: ERROR keystone.server.flask.application     result = self._query(query)
May 15 11:12:07 ubuntu devstack@keystone.service[67480]: ERROR keystone.server.flask.application              ^^^^^^^^^^^^^^^^^^
May 15 11:12:07 ubuntu devstack@keystone.service[67480]: ERROR keystone.server.flask.application   File "/opt/stack/data/venv/lib/python3.12/site-packages/pymysql/cursors.py", line 328, in _query
May 15 11:12:07 ubuntu devstack@keystone.service[67480]: ERROR keystone.server.flask.application     conn.query(q)
May 15 11:12:07 ubuntu devstack@keystone.service[67480]: ERROR keystone.server.flask.application   File "/opt/stack/data/venv/lib/python3.12/site-packages/pymysql/connections.py", line 575, in query
May 15 11:12:07 ubuntu devstack@keystone.service[67480]: ERROR keystone.server.flask.application     self._affected_rows = self._read_query_result(unbuffered=unbuffered)
May 15 11:12:07 ubuntu devstack@keystone.service[67480]: ERROR keystone.server.flask.application                           ^^^^^^^^^^^^^^^^^^^^^^^^^^^^^^^^^^^^^^^^^^^^^^
May 15 11:12:07 ubuntu devstack@keystone.service[67480]: ERROR keystone.server.flask.application   File "/opt/stack/data/venv/lib/python3.12/site-packages/pymysql/connections.py", line 826, in _read_query_result
May 15 11:12:07 ubuntu devstack@keystone.service[67480]: ERROR keystone.server.flask.application     result.read()
May 15 11:12:07 ubuntu devstack@keystone.service[67480]: ERROR keystone.server.flask.application   File "/opt/stack/data/venv/lib/python3.12/site-packages/pymysql/connections.py", line 1203, in read
May 15 11:12:07 ubuntu devstack@keystone.service[67480]: ERROR keystone.server.flask.application     first_packet = self.connection._read_packet()
May 15 11:12:07 ubuntu devstack@keystone.service[67480]: ERROR keystone.server.flask.application                    ^^^^^^^^^^^^^^^^^^^^^^^^^^^^^^
May 15 11:12:07 ubuntu devstack@keystone.service[67480]: ERROR keystone.server.flask.application   File "/opt/stack/data/venv/lib/python3.12/site-packages/pymysql/connections.py", line 782, in _read_packet
May 15 11:12:07 ubuntu devstack@keystone.service[67480]: ERROR keystone.server.flask.application     packet.raise_for_error()
May 15 11:12:07 ubuntu devstack@keystone.service[67480]: ERROR keystone.server.flask.application   File "/opt/stack/data/venv/lib/python3.12/site-packages/pymysql/protocol.py", line 219, in raise_for_error
May 15 11:12:07 ubuntu devstack@keystone.service[67480]: ERROR keystone.server.flask.application     err.raise_mysql_exception(self._data)
May 15 11:12:07 ubuntu devstack@keystone.service[67480]: ERROR keystone.server.flask.application   File "/opt/stack/data/venv/lib/python3.12/site-packages/pymysql/err.py", line 150, in raise_mysql_exception
May 15 11:12:07 ubuntu devstack@keystone.service[67480]: ERROR keystone.server.flask.application     raise errorclass(errno, errval)
May 15 11:12:07 ubuntu devstack@keystone.service[67480]: ERROR keystone.server.flask.application pymysql.err.IntegrityError: (1062, "Duplicate entry 'service-<<null>>' for key 'role.ixu_role_name_domain_id'")
May 15 11:12:07 ubuntu devstack@keystone.service[67480]: ERROR keystone.server.flask.application 
May 15 11:12:07 ubuntu devstack@keystone.service[67480]: ERROR keystone.server.flask.application The above exception was the direct cause of the following exception:
May 15 11:12:07 ubuntu devstack@keystone.service[67480]: ERROR keystone.server.flask.application 
May 15 11:12:07 ubuntu devstack@keystone.service[67480]: ERROR keystone.server.flask.application Traceback (most recent call last):
May 15 11:12:07 ubuntu devstack@keystone.service[67480]: ERROR keystone.server.flask.application   File "/opt/stack/keystone/keystone/common/sql/core.py", line 575, in wrapper
May 15 11:12:07 ubuntu devstack@keystone.service[67480]: ERROR keystone.server.flask.application     return method(*args, **kwargs)
May 15 11:12:07 ubuntu devstack@keystone.service[67480]: ERROR keystone.server.flask.application            ^^^^^^^^^^^^^^^^^^^^^^^
May 15 11:12:07 ubuntu devstack@keystone.service[67480]: ERROR keystone.server.flask.application   File "/opt/stack/keystone/keystone/assignment/role_backends/sql.py", line 25, in create_role
May 15 11:12:07 ubuntu devstack@keystone.service[67480]: ERROR keystone.server.flask.application     with sql.session_for_write() as session:
May 15 11:12:07 ubuntu devstack@keystone.service[67480]: ERROR keystone.server.flask.application   File "/usr/lib/python3.12/contextlib.py", line 144, in __exit__
May 15 11:12:07 ubuntu devstack@keystone.service[67480]: ERROR keystone.server.flask.application     next(self.gen)
May 15 11:12:07 ubuntu devstack@keystone.service[67480]: ERROR keystone.server.flask.application   File "/opt/stack/data/venv/lib/python3.12/site-packages/oslo_db/sqlalchemy/enginefacade.py", line 1175, in _transaction_scope
May 15 11:12:07 ubuntu devstack@keystone.service[67480]: ERROR keystone.server.flask.application     with current._produce_block(
May 15 11:12:07 ubuntu devstack@keystone.service[67480]: ERROR keystone.server.flask.application   File "/usr/lib/python3.12/contextlib.py", line 144, in __exit__
May 15 11:12:07 ubuntu devstack@keystone.service[67480]: ERROR keystone.server.flask.application     next(self.gen)
May 15 11:12:07 ubuntu devstack@keystone.service[67480]: ERROR keystone.server.flask.application   File "/opt/stack/data/venv/lib/python3.12/site-packages/oslo_db/sqlalchemy/enginefacade.py", line 837, in _session
May 15 11:12:07 ubuntu devstack@keystone.service[67480]: ERROR keystone.server.flask.application     with excutils.save_and_reraise_exception():
