May 08 11:58:28 ubuntu devstack@keystone.service[68262]: ERROR keystone.server.flask.application     err.raise_mysql_exception(self._data)
May 08 11:58:28 ubuntu devstack@keystone.service[68262]: ERROR keystone.server.flask.application   File "/opt/stack/data/venv/lib/python3.12/site-packages/pymysql/err.py", line 150, in raise_mysql_exception
May 08 11:58:28 ubuntu devstack@keystone.service[68262]: ERROR keystone.server.flask.application     raise errorclass(errno, errval)
May 08 11:58:28 ubuntu devstack@keystone.service[68262]: ERROR keystone.server.flask.application oslo_db.exception.DBDuplicateEntry: (pymysql.err.IntegrityError) (1062, "Duplicate entry 'service-<<null>>' for key 'role.ixu_role_name_domain_id'")
May 08 11:58:28 ubuntu devstack@keystone.service[68262]: ERROR keystone.server.flask.application [SQL: INSERT INTO `role` (id, name, description, extra) VALUES (%(id)s, %(name)s, %(description)s, %(extra)s)]
May 08 11:58:28 ubuntu devstack@keystone.service[68262]: ERROR keystone.server.flask.application [parameters: {'id': '6731b3a697504b8093ebb0d3adef722a', 'name': 'service', 'description': None, 'extra': '{}'}]
May 08 11:58:28 ubuntu devstack@keystone.service[68262]: ERROR keystone.server.flask.application (Background on this error at: https://sqlalche.me/e/20/gkpj)
May 08 11:58:28 ubuntu devstack@keystone.service[68262]: ERROR keystone.server.flask.application 
May 08 11:58:28 ubuntu devstack@keystone.service[68262]: ERROR keystone.server.flask.application During handling of the above exception, another exception occurred:
May 08 11:58:28 ubuntu devstack@keystone.service[68262]: ERROR keystone.server.flask.application 
May 08 11:58:28 ubuntu devstack@keystone.service[68262]: ERROR keystone.server.flask.application Traceback (most recent call last):
May 08 11:58:28 ubuntu devstack@keystone.service[68262]: ERROR keystone.server.flask.application   File "/opt/stack/data/venv/lib/python3.12/site-packages/flask_restful/__init__.py", line 295, in error_router
May 08 11:58:28 ubuntu devstack@keystone.service[68262]: ERROR keystone.server.flask.application     return self.handle_error(e)
May 08 11:58:28 ubuntu devstack@keystone.service[68262]: ERROR keystone.server.flask.application            ^^^^^^^^^^^^^^^^^^^^
May 08 11:58:28 ubuntu devstack@keystone.service[68262]: ERROR keystone.server.flask.application   File "/opt/stack/data/venv/lib/python3.12/site-packages/flask_restful/__init__.py", line 310, in handle_error
May 08 11:58:28 ubuntu devstack@keystone.service[68262]: ERROR keystone.server.flask.application     _handle_flask_propagate_exceptions_config(current_app, e)
May 08 11:58:28 ubuntu devstack@keystone.service[68262]: ERROR keystone.server.flask.application   File "/opt/stack/data/venv/lib/python3.12/site-packages/flask/app.py", line 917, in full_dispatch_request
May 08 11:58:28 ubuntu devstack@keystone.service[68262]: ERROR keystone.server.flask.application     rv = self.dispatch_request()
May 08 11:58:28 ubuntu devstack@keystone.service[68262]: ERROR keystone.server.flask.application          ^^^^^^^^^^^^^^^^^^^^^^^
May 08 11:58:28 ubuntu devstack@keystone.service[68262]: ERROR keystone.server.flask.application   File "/opt/stack/data/venv/lib/python3.12/site-packages/flask/app.py", line 902, in dispatch_request
May 08 11:58:28 ubuntu devstack@keystone.service[68262]: ERROR keystone.server.flask.application     return self.ensure_sync(self.view_functions[rule.endpoint])(**view_args)  # type: ignore[no-any-return]
May 08 11:58:28 ubuntu devstack@keystone.service[68262]: ERROR keystone.server.flask.application            ^^^^^^^^^^^^^^^^^^^^^^^^^^^^^^^^^^^^^^^^^^^^^^^^^^^^^^^^^^^^^^^^^
May 08 11:58:28 ubuntu devstack@keystone.service[68262]: ERROR keystone.server.flask.application   File "/opt/stack/data/venv/lib/python3.12/site-packages/flask_restful/__init__.py", line 489, in wrapper
May 08 11:58:28 ubuntu devstack@keystone.service[68262]: ERROR keystone.server.flask.application     resp = resource(*args, **kwargs)
May 08 11:58:28 ubuntu devstack@keystone.service[68262]: ERROR keystone.server.flask.application            ^^^^^^^^^^^^^^^^^^^^^^^^^
May 08 11:58:28 ubuntu devstack@keystone.service[68262]: ERROR keystone.server.flask.application   File "/opt/stack/data/venv/lib/python3.12/site-packages/flask/views.py", line 110, in view
May 08 11:58:28 ubuntu devstack@keystone.service[68262]: ERROR keystone.server.flask.application     return current_app.ensure_sync(self.dispatch_request)(**kwargs)  # type: ignore[no-any-return]
May 08 11:58:28 ubuntu devstack@keystone.service[68262]: ERROR keystone.server.flask.application            ^^^^^^^^^^^^^^^^^^^^^^^^^^^^^^^^^^^^^^^^^^^^^^^^^^^^^^^^
May 08 11:58:28 ubuntu devstack@keystone.service[68262]: ERROR keystone.server.flask.application   File "/opt/stack/data/venv/lib/python3.12/site-packages/flask_restful/__init__.py", line 604, in dispatch_request
May 08 11:58:28 ubuntu devstack@keystone.service[68262]: ERROR keystone.server.flask.application     resp = meth(*args, **kwargs)
May 08 11:58:28 ubuntu devstack@keystone.service[68262]: ERROR keystone.server.flask.application            ^^^^^^^^^^^^^^^^^^^^^
May 08 11:58:28 ubuntu devstack@keystone.service[68262]: ERROR keystone.server.flask.application   File "/opt/stack/keystone/keystone/api/validation/__init__.py", line 86, in wrapper
May 08 11:58:28 ubuntu devstack@keystone.service[68262]: ERROR keystone.server.flask.application     return func(*args, **kwargs)
May 08 11:58:28 ubuntu devstack@keystone.service[68262]: ERROR keystone.server.flask.application            ^^^^^^^^^^^^^^^^^^^^^
May 08 11:58:28 ubuntu devstack@keystone.service[68262]: ERROR keystone.server.flask.application   File "/opt/stack/keystone/keystone/api/validation/__init__.py", line 145, in wrapper
May 08 11:58:28 ubuntu devstack@keystone.service[68262]: ERROR keystone.server.flask.application     response = func(*args, **kwargs)
May 08 11:58:28 ubuntu devstack@keystone.service[68262]: ERROR keystone.server.flask.application                ^^^^^^^^^^^^^^^^^^^^^
May 08 11:58:28 ubuntu devstack@keystone.service[68262]: ERROR keystone.server.flask.application   File "/opt/stack/keystone/keystone/api/roles.py", line 91, in post
May 08 11:58:28 ubuntu devstack@keystone.service[68262]: ERROR keystone.server.flask.application     ref = PROVIDERS.role_api.create_role(
May 08 11:58:28 ubuntu devstack@keystone.service[68262]: ERROR keystone.server.flask.application           ^^^^^^^^^^^^^^^^^^^^^^^^^^^^^^^
May 08 11:58:28 ubuntu devstack@keystone.service[68262]: ERROR keystone.server.flask.application   File "/opt/stack/keystone/keystone/common/manager.py", line 114, in wrapped
May 08 11:58:28 ubuntu devstack@keystone.service[68262]: ERROR keystone.server.flask.application     __ret_val = __f(*args, **kwargs)
May 08 11:58:28 ubuntu devstack@keystone.service[68262]: ERROR keystone.server.flask.application                 ^^^^^^^^^^^^^^^^^^^^
May 08 11:58:28 ubuntu devstack@keystone.service[68262]: ERROR keystone.server.flask.application   File "/opt/stack/keystone/keystone/assignment/core.py", line 1486, in create_role
May 08 11:58:28 ubuntu devstack@keystone.service[68262]: ERROR keystone.server.flask.application     ret = self.driver.create_role(role_id, role)
May 08 11:58:28 ubuntu devstack@keystone.service[68262]: ERROR keystone.server.flask.application           ^^^^^^^^^^^^^^^^^^^^^^^^^^^^^^^^^^^^^^
May 08 11:58:28 ubuntu devstack@keystone.service[68262]: ERROR keystone.server.flask.application   File "/opt/stack/keystone/keystone/common/sql/core.py", line 614, in wrapper
May 08 11:58:28 ubuntu devstack@keystone.service[68262]: ERROR keystone.server.flask.application     raise exception.Conflict(type=conflict_type, details=msg)
May 08 11:58:28 ubuntu devstack@keystone.service[68262]: ERROR keystone.server.flask.application keystone.exception.Conflict: Conflict occurred attempting to store role - Duplicate entry found with name service.
May 08 11:58:28 ubuntu devstack@keystone.service[68262]: ERROR keystone.server.flask.application 
May 08 11:58:28 ubuntu devstack@keystone.service[68262]: [pid: 68262|app: 0|req: 17/34] 10.120.125.137 () {62 vars in 1199 bytes} [Fri May  8 11:58:28 2026] POST /identity/v3/roles => generated 140 bytes in 73 msecs (HTTP/1.1 409) 5 headers in 183 bytes (1 switches on core 0)
May 08 11:58:28 ubuntu devstack@keystone.service[68262]: DEBUG keystone.server.flask.request_processing.req_logging [None req-70741fd5-2bed-4843-b2bb-614ffa55372a None None] REQUEST_METHOD: `GET` {{(pid=68262) log_request_info /opt/stack/keystone/keystone/server/flask/request_processing/req_logging.py:26}}
May 08 11:58:28 ubuntu devstack@keystone.service[68262]: DEBUG keystone.server.flask.request_processing.req_logging [None req-70741fd5-2bed-4843-b2bb-614ffa55372a None None] SCRIPT_NAME: `/identity` {{(pid=68262) log_request_info /opt/stack/keystone/keystone/server/flask/request_processing/req_logging.py:27}}
May 08 11:58:28 ubuntu devstack@keystone.service[68262]: DEBUG keystone.server.flask.request_processing.req_logging [None req-70741fd5-2bed-4843-b2bb-614ffa55372a None None] PATH_INFO: `/` {{(pid=68262) log_request_info /opt/stack/keystone/keystone/server/flask/request_processing/req_logging.py:28}}
May 08 11:58:28 ubuntu devstack@keystone.service[68262]: [pid: 68262|app: 0|req: 18/35] 10.120.125.137 () {56 vars in 951 bytes} [Fri May  8 11:58:28 2026] GET /identity => generated 271 bytes in 1 msecs (HTTP/1.1 300) 6 headers in 235 bytes (1 switches on core 0)
May 08 11:58:28 ubuntu devstack@keystone.service[68262]: DEBUG keystone.server.flask.request_processing.middleware.auth_context [None req-70741fd5-2bed-4843-b2bb-614ffa55372a None None] Authenticating user token {{(pid=68262) process_request /opt/stack/data/venv/lib/python3.12/site-packages/keystonemiddleware/auth_token/__init__.py:407}}
May 08 11:58:28 ubuntu devstack@keystone.service[68263]: DEBUG keystone.server.flask.request_processing.middleware.auth_context [None req-ad1b24a4-bc5c-4410-9ae9-ff50ab0e2afc None None] Validating token access rules against request {{(pid=68263) validate_allowed_request /opt/stack/data/venv/lib/python3.12/site-packages/keystonemiddleware/auth_token/__init__.py:545}}
May 08 11:58:28 ubuntu devstack@keystone.service[68263]: DEBUG keystone.server.flask.request_processing.middleware.auth_context [None req-811e7f64-33d0-4f8b-8b52-c961aa977299 None admin] RBAC: auth_context: {'token': <TokenModel (audit_id=7ItepIhERoKnkwnbzy3ejw, audit_chain_id=['7ItepIhERoKnkwnbzy3ejw']) at 0x7144405b2570>, 'domain_id': None, 'trust_id': None, 'trustor_id': None, 'trustee_id': None, 'domain_name': None, 'group_ids': [], 'user_id': 'd73ce3fdaddb4c8085ad37fea10e0691', 'user_domain_id': 'default', 'system_scope': 'all', 'project_id': None, 'project_domain_id': None, 'roles': ['admin', 'manager', 'member', 'reader'], 'is_admin_project': True, 'service_user_id': None, 'service_user_domain_id': None, 'service_project_id': None, 'service_project_domain_id': None, 'service_roles': []} {{(pid=68263) fill_context /opt/stack/keystone/keystone/server/flask/request_processing/middleware/auth_context.py:509}}
May 08 11:58:28 ubuntu devstack@keystone.service[68263]: DEBUG keystone.server.flask.request_processing.req_logging [None req-811e7f64-33d0-4f8b-8b52-c961aa977299 None admin] REQUEST_METHOD: `GET` {{(pid=68263) log_request_info /opt/stack/keystone/keystone/server/flask/request_processing/req_logging.py:26}}
May 08 11:58:28 ubuntu devstack@keystone.service[68263]: DEBUG keystone.server.flask.request_processing.req_logging [None req-811e7f64-33d0-4f8b-8b52-c961aa977299 None admin] SCRIPT_NAME: `/identity` {{(pid=68263) log_request_info /opt/stack/keystone/keystone/server/flask/request_processing/req_logging.py:27}}
May 08 11:58:28 ubuntu devstack@keystone.service[68263]: DEBUG keystone.server.flask.request_processing.req_logging [None req-811e7f64-33d0-4f8b-8b52-c961aa977299 None admin] PATH_INFO: `/v3/domains` {{(pid=68263) log_request_info /opt/stack/keystone/keystone/server/flask/request_processing/req_logging.py:28}}
May 08 11:58:28 ubuntu devstack@keystone.service[68263]: DEBUG keystone.common.rbac_enforcer.enforcer [None req-811e7f64-33d0-4f8b-8b52-c961aa977299 None admin] RBAC: Adding query filter params (name=Default) {{(pid=68263) _extract_filter_values /opt/stack/keystone/keystone/common/rbac_enforcer/enforcer.py:176}}
May 08 11:58:28 ubuntu devstack@keystone.service[68263]: DEBUG keystone.common.rbac_enforcer.enforcer [None req-811e7f64-33d0-4f8b-8b52-c961aa977299 None admin] RBAC: Authorizing `identity:list_domains()` {{(pid=68263) enforce_call /opt/stack/keystone/keystone/common/rbac_enforcer/enforcer.py:494}}
May 08 11:58:28 ubuntu devstack@keystone.service[68263]: DEBUG keystone.common.rbac_enforcer.enforcer [None req-811e7f64-33d0-4f8b-8b52-c961aa977299 None admin] RBAC: Authorization granted {{(pid=68263) enforce_call /opt/stack/keystone/keystone/common/rbac_enforcer/enforcer.py:505}}
May 08 11:58:28 ubuntu devstack@keystone.service[68262]: DEBUG keystone.server.flask.request_processing.middleware.auth_context [None req-70741fd5-2bed-4843-b2bb-614ffa55372a None None] Validating token access rules against request {{(pid=68262) validate_allowed_request /opt/stack/data/venv/lib/python3.12/site-packages/keystonemiddleware/auth_token/__init__.py:545}}
May 08 11:58:28 ubuntu devstack@keystone.service[68263]: [pid: 68263|app: 0|req: 18/36] 10.120.125.137 () {58 vars in 1189 bytes} [Fri May  8 11:58:28 2026] GET /identity/v3/domains?name=Default => generated 310 bytes in 73 msecs (HTTP/1.1 200) 5 headers in 177 bytes (1 switches on core 0)
May 08 11:58:28 ubuntu devstack@keystone.service[68263]: DEBUG keystone.server.flask.request_processing.middleware.auth_context [None req-811e7f64-33d0-4f8b-8b52-c961aa977299 None admin] Authenticating user token {{(pid=68263) process_request /opt/stack/data/venv/lib/python3.12/site-packages/keystonemiddleware/auth_token/__init__.py:407}}
May 08 11:58:28 ubuntu devstack@keystone.service[68262]: DEBUG keystone.server.flask.request_processing.middleware.auth_context [None req-61c272d1-ed1e-4d60-96d4-8c0afb00bd50 None admin] RBAC: auth_context: {'token': <TokenModel (audit_id=Ydwen4jpShKkwzS9Era-0w, audit_chain_id=['Ydwen4jpShKkwzS9Era-0w']) at 0x71443fa063c0>, 'domain_id': None, 'trust_id': None, 'trustor_id': None, 'trustee_id': None, 'domain_name': None, 'group_ids': [], 'user_id': 'd73ce3fdaddb4c8085ad37fea10e0691', 'user_domain_id': 'default', 'system_scope': 'all', 'project_id': None, 'project_domain_id': None, 'roles': ['admin', 'manager', 'member', 'reader'], 'is_admin_project': True, 'service_user_id': None, 'service_user_domain_id': None, 'service_project_id': None, 'service_project_domain_id': None, 'service_roles': []} {{(pid=68262) fill_context /opt/stack/keystone/keystone/server/flask/request_processing/middleware/auth_context.py:509}}
May 08 11:58:28 ubuntu devstack@keystone.service[68262]: DEBUG keystone.server.flask.request_processing.req_logging [None req-61c272d1-ed1e-4d60-96d4-8c0afb00bd50 None admin] REQUEST_METHOD: `GET` {{(pid=68262) log_request_info /opt/stack/keystone/keystone/server/flask/request_processing/req_logging.py:26}}
May 08 11:58:28 ubuntu devstack@keystone.service[68262]: DEBUG keystone.server.flask.request_processing.req_logging [None req-61c272d1-ed1e-4d60-96d4-8c0afb00bd50 None admin] SCRIPT_NAME: `/identity` {{(pid=68262) log_request_info /opt/stack/keystone/keystone/server/flask/request_processing/req_logging.py:27}}
May 08 11:58:28 ubuntu devstack@keystone.service[68262]: DEBUG keystone.server.flask.request_processing.req_logging [None req-61c272d1-ed1e-4d60-96d4-8c0afb00bd50 None admin] PATH_INFO: `/v3/roles/admin` {{(pid=68262) log_request_info /opt/stack/keystone/keystone/server/flask/request_processing/req_logging.py:28}}
May 08 11:58:28 ubuntu devstack@keystone.service[68262]: DEBUG keystone.common.rbac_enforcer.enforcer [None req-61c272d1-ed1e-4d60-96d4-8c0afb00bd50 None admin] Extracting inferred target data resulted in "NOT FOUND (404)". {{(pid=68262) enforce_call /opt/stack/keystone/keystone/common/rbac_enforcer/enforcer.py:445}}
May 08 11:58:28 ubuntu devstack@keystone.service[68262]: DEBUG keystone.server.flask.application [None req-61c272d1-ed1e-4d60-96d4-8c0afb00bd50 None admin] Could not find role: admin. {{(pid=68262) _handle_keystone_exception /opt/stack/keystone/keystone/server/flask/application.py:146}}
May 08 11:58:28 ubuntu devstack@keystone.service[68262]: [pid: 68262|app: 0|req: 19/37] 10.120.125.137 () {58 vars in 1163 bytes} [Fri May  8 11:58:28 2026] GET /identity/v3/roles/admin => generated 83 bytes in 72 msecs (HTTP/1.1 404) 5 headers in 183 bytes (1 switches on core 0)
May 08 11:58:28 ubuntu devstack@keystone.service[68263]: DEBUG keystone.server.flask.request_processing.middleware.auth_context [None req-811e7f64-33d0-4f8b-8b52-c961aa977299 None admin] Validating token access rules against request {{(pid=68263) validate_allowed_request /opt/stack/data/venv/lib/python3.12/site-packages/keystonemiddleware/auth_token/__init__.py:545}}
May 08 11:58:28 ubuntu devstack@keystone.service[68262]: DEBUG keystone.server.flask.request_processing.middleware.auth_context [None req-61c272d1-ed1e-4d60-96d4-8c0afb00bd50 None admin] Authenticating user token {{(pid=68262) process_request /opt/stack/data/venv/lib/python3.12/site-packages/keystonemiddleware/auth_token/__init__.py:407}}
May 08 11:58:28 ubuntu devstack@keystone.service[68263]: DEBUG keystone.server.flask.request_processing.middleware.auth_context [None req-5d53401a-0772-4970-adb4-dda470f1196a None admin] RBAC: auth_context: {'token': <TokenModel (audit_id=5qHbXMFOTI6bSMV-0iadTw, audit_chain_id=['5qHbXMFOTI6bSMV-0iadTw']) at 0x71443fa94740>, 'domain_id': None, 'trust_id': None, 'trustor_id': None, 'trustee_id': None, 'domain_name': None, 'group_ids': [], 'user_id': 'd73ce3fdaddb4c8085ad37fea10e0691', 'user_domain_id': 'default', 'system_scope': 'all', 'project_id': None, 'project_domain_id': None, 'roles': ['admin', 'manager', 'member', 'reader'], 'is_admin_project': True, 'service_user_id': None, 'service_user_domain_id': None, 'service_project_id': None, 'service_project_domain_id': None, 'service_roles': []} {{(pid=68263) fill_context /opt/stack/keystone/keystone/server/flask/request_processing/middleware/auth_context.py:509}}
May 08 11:58:28 ubuntu devstack@keystone.service[68263]: DEBUG keystone.server.flask.request_processing.req_logging [None req-5d53401a-0772-4970-adb4-dda470f1196a None admin] REQUEST_METHOD: `GET` {{(pid=68263) log_request_info /opt/stack/keystone/keystone/server/flask/request_processing/req_logging.py:26}}
May 08 11:58:28 ubuntu devstack@keystone.service[68263]: DEBUG keystone.server.flask.request_processing.req_logging [None req-5d53401a-0772-4970-adb4-dda470f1196a None admin] SCRIPT_NAME: `/identity` {{(pid=68263) log_request_info /opt/stack/keystone/keystone/server/flask/request_processing/req_logging.py:27}}
May 08 11:58:28 ubuntu devstack@keystone.service[68263]: DEBUG keystone.server.flask.request_processing.req_logging [None req-5d53401a-0772-4970-adb4-dda470f1196a None admin] PATH_INFO: `/v3/roles/service` {{(pid=68263) log_request_info /opt/stack/keystone/keystone/server/flask/request_processing/req_logging.py:28}}
May 08 11:58:28 ubuntu devstack@keystone.service[68263]: DEBUG keystone.common.rbac_enforcer.enforcer [None req-5d53401a-0772-4970-adb4-dda470f1196a None admin] Extracting inferred target data resulted in "NOT FOUND (404)". {{(pid=68263) enforce_call /opt/stack/keystone/keystone/common/rbac_enforcer/enforcer.py:445}}
May 08 11:58:28 ubuntu devstack@keystone.service[68263]: DEBUG keystone.server.flask.application [None req-5d53401a-0772-4970-adb4-dda470f1196a None admin] Could not find role: service. {{(pid=68263) _handle_keystone_exception /opt/stack/keystone/keystone/server/flask/application.py:146}}
May 08 11:58:28 ubuntu devstack@keystone.service[68263]: [pid: 68263|app: 0|req: 19/38] 10.120.125.137 () {58 vars in 1169 bytes} [Fri May  8 11:58:28 2026] GET /identity/v3/roles/service => generated 85 bytes in 66 msecs (HTTP/1.1 404) 5 headers in 183 bytes (1 switches on core 0)
May 08 11:58:28 ubuntu devstack@keystone.service[68263]: DEBUG keystone.server.flask.request_processing.req_logging [None req-c7aec1fa-7296-452f-8d70-9c53162ec3dc None None] REQUEST_METHOD: `POST` {{(pid=68263) log_request_info /opt/stack/keystone/keystone/server/flask/request_processing/req_logging.py:26}}
May 08 11:58:28 ubuntu devstack@keystone.service[68263]: DEBUG keystone.server.flask.request_processing.req_logging [None req-c7aec1fa-7296-452f-8d70-9c53162ec3dc None None] SCRIPT_NAME: `/identity` {{(pid=68263) log_request_info /opt/stack/keystone/keystone/server/flask/request_processing/req_logging.py:27}}
May 08 11:58:28 ubuntu devstack@keystone.service[68263]: DEBUG keystone.server.flask.request_processing.req_logging [None req-c7aec1fa-7296-452f-8d70-9c53162ec3dc None None] PATH_INFO: `/v3/auth/tokens` {{(pid=68263) log_request_info /opt/stack/keystone/keystone/server/flask/request_processing/req_logging.py:28}}
May 08 11:58:28 ubuntu devstack@keystone.service[68263]: WARNING keystone.common.password_hashing [None req-c7aec1fa-7296-452f-8d70-9c53162ec3dc None None] Truncating password to algorithm specific maximum length 72 characters.
May 08 11:58:28 ubuntu devstack@keystone.service[68262]: DEBUG keystone.server.flask.request_processing.middleware.auth_context [None req-61c272d1-ed1e-4d60-96d4-8c0afb00bd50 None admin] Validating token access rules against request {{(pid=68262) validate_allowed_request /opt/stack/data/venv/lib/python3.12/site-packages/keystonemiddleware/auth_token/__init__.py:545}}
May 08 11:58:28 ubuntu devstack@keystone.service[68263]: DEBUG keystone.auth.core [None req-c7aec1fa-7296-452f-8d70-9c53162ec3dc None None] MFA Rules not processed for user `d73ce3fdaddb4c8085ad37fea10e0691`. Rule list: `[]` (Enabled: `True`). {{(pid=68263) check_auth_methods_against_rules /opt/stack/keystone/keystone/auth/core.py:476}}
May 08 11:58:28 ubuntu devstack@keystone.service[68263]: DEBUG keystone.common.fernet_utils [None req-c7aec1fa-7296-452f-8d70-9c53162ec3dc None None] Loaded 2 Fernet keys from /etc/keystone/fernet-keys/, but `[fernet_tokens] max_active_keys = 3`; perhaps there have not been enough key rotations to reach `max_active_keys` yet? {{(pid=68263) load_keys /opt/stack/keystone/keystone/common/fernet_utils.py:297}}
May 08 11:58:28 ubuntu devstack@keystone.service[68262]: DEBUG keystone.server.flask.request_processing.middleware.auth_context [None req-90d4afbe-7254-4ec9-afc8-75d6ab68d501 None admin] RBAC: auth_context: {'token': <TokenModel (audit_id=Ydwen4jpShKkwzS9Era-0w, audit_chain_id=['Ydwen4jpShKkwzS9Era-0w']) at 0x71443f694c80>, 'domain_id': None, 'trust_id': None, 'trustor_id': None, 'trustee_id': None, 'domain_name': None, 'group_ids': [], 'user_id': 'd73ce3fdaddb4c8085ad37fea10e0691', 'user_domain_id': 'default', 'system_scope': 'all', 'project_id': None, 'project_domain_id': None, 'roles': ['admin', 'manager', 'member', 'reader'], 'is_admin_project': True, 'service_user_id': None, 'service_user_domain_id': None, 'service_project_id': None, 'service_project_domain_id': None, 'service_roles': []} {{(pid=68262) fill_context /opt/stack/keystone/keystone/server/flask/request_processing/middleware/auth_context.py:509}}
May 08 11:58:28 ubuntu devstack@keystone.service[68262]: DEBUG keystone.server.flask.request_processing.req_logging [None req-90d4afbe-7254-4ec9-afc8-75d6ab68d501 None admin] REQUEST_METHOD: `GET` {{(pid=68262) log_request_info /opt/stack/keystone/keystone/server/flask/request_processing/req_logging.py:26}}
May 08 11:58:28 ubuntu devstack@keystone.service[68262]: DEBUG keystone.server.flask.request_processing.req_logging [None req-90d4afbe-7254-4ec9-afc8-75d6ab68d501 None admin] SCRIPT_NAME: `/identity` {{(pid=68262) log_request_info /opt/stack/keystone/keystone/server/flask/request_processing/req_logging.py:27}}
May 08 11:58:28 ubuntu devstack@keystone.service[68262]: DEBUG keystone.server.flask.request_processing.req_logging [None req-90d4afbe-7254-4ec9-afc8-75d6ab68d501 None admin] PATH_INFO: `/v3/roles` {{(pid=68262) log_request_info /opt/stack/keystone/keystone/server/flask/request_processing/req_logging.py:28}}
May 08 11:58:28 ubuntu devstack@keystone.service[68262]: DEBUG keystone.common.rbac_enforcer.enforcer [None req-90d4afbe-7254-4ec9-afc8-75d6ab68d501 None admin] RBAC: Adding query filter params (name=admin) {{(pid=68262) _extract_filter_values /opt/stack/keystone/keystone/common/rbac_enforcer/enforcer.py:176}}
May 08 11:58:28 ubuntu devstack@keystone.service[68262]: DEBUG keystone.common.rbac_enforcer.enforcer [None req-90d4afbe-7254-4ec9-afc8-75d6ab68d501 None admin] RBAC: Authorizing `identity:list_roles()` {{(pid=68262) enforce_call /opt/stack/keystone/keystone/common/rbac_enforcer/enforcer.py:494}}
May 08 11:58:28 ubuntu devstack@keystone.service[68262]: DEBUG keystone.common.rbac_enforcer.enforcer [None req-90d4afbe-7254-4ec9-afc8-75d6ab68d501 None admin] RBAC: Authorization granted {{(pid=68262) enforce_call /opt/stack/keystone/keystone/common/rbac_enforcer/enforcer.py:505}}
May 08 11:58:28 ubuntu devstack@keystone.service[68262]: [pid: 68262|app: 0|req: 20/39] 10.120.125.137 () {58 vars in 1180 bytes} [Fri May  8 11:58:28 2026] GET /identity/v3/roles?name=admin => generated 341 bytes in 73 msecs (HTTP/1.1 200) 5 headers in 177 bytes (1 switches on core 0)
May 08 11:58:28 ubuntu devstack@keystone.service[68262]: DEBUG keystone.server.flask.request_processing.middleware.auth_context [None req-90d4afbe-7254-4ec9-afc8-75d6ab68d501 None admin] Authenticating user token {{(pid=68262) process_request /opt/stack/data/venv/lib/python3.12/site-packages/keystonemiddleware/auth_token/__init__.py:407}}
May 08 11:58:28 ubuntu devstack@keystone.service[68263]: [pid: 68263|app: 0|req: 20/40] 10.120.125.137 () {60 vars in 1048 bytes} [Fri May  8 11:58:28 2026] POST /identity/v3/auth/tokens => generated 863 bytes in 54 msecs (HTTP/1.1 201) 6 headers in 363 bytes (1 switches on core 0)
May 08 11:58:28 ubuntu devstack@keystone.service[68263]: DEBUG keystone.server.flask.request_processing.middleware.auth_context [None req-c7aec1fa-7296-452f-8d70-9c53162ec3dc None None] Authenticating user token {{(pid=68263) process_request /opt/stack/data/venv/lib/python3.12/site-packages/keystonemiddleware/auth_token/__init__.py:407}}
May 08 11:58:28 ubuntu devstack@keystone.service[68262]: DEBUG keystone.server.flask.request_processing.middleware.auth_context [None req-90d4afbe-7254-4ec9-afc8-75d6ab68d501 None admin] Validating token access rules against request {{(pid=68262) validate_allowed_request /opt/stack/data/venv/lib/python3.12/site-packages/keystonemiddleware/auth_token/__init__.py:545}}
May 08 11:58:28 ubuntu devstack@keystone.service[68263]: DEBUG keystone.server.flask.request_processing.middleware.auth_context [None req-c7aec1fa-7296-452f-8d70-9c53162ec3dc None None] Validating token access rules against request {{(pid=68263) validate_allowed_request /opt/stack/data/venv/lib/python3.12/site-packages/keystonemiddleware/auth_token/__init__.py:545}}
May 08 11:58:28 ubuntu devstack@keystone.service[68262]: DEBUG keystone.server.flask.request_processing.middleware.auth_context [None req-72b7279f-cb30-4688-a25d-c539c07965e8 None admin] RBAC: auth_context: {'token': <TokenModel (audit_id=5qHbXMFOTI6bSMV-0iadTw, audit_chain_id=['5qHbXMFOTI6bSMV-0iadTw']) at 0x71443f6b38f0>, 'domain_id': None, 'trust_id': None, 'trustor_id': None, 'trustee_id': None, 'domain_name': None, 'group_ids': [], 'user_id': 'd73ce3fdaddb4c8085ad37fea10e0691', 'user_domain_id': 'default', 'system_scope': 'all', 'project_id': None, 'project_domain_id': None, 'roles': ['admin', 'manager', 'member', 'reader'], 'is_admin_project': True, 'service_user_id': None, 'service_user_domain_id': None, 'service_project_id': None, 'service_project_domain_id': None, 'service_roles': []} {{(pid=68262) fill_context /opt/stack/keystone/keystone/server/flask/request_processing/middleware/auth_context.py:509}}
May 08 11:58:28 ubuntu devstack@keystone.service[68262]: DEBUG keystone.server.flask.request_processing.req_logging [None req-72b7279f-cb30-4688-a25d-c539c07965e8 None admin] REQUEST_METHOD: `GET` {{(pid=68262) log_request_info /opt/stack/keystone/keystone/server/flask/request_processing/req_logging.py:26}}
May 08 11:58:28 ubuntu devstack@keystone.service[68262]: DEBUG keystone.server.flask.request_processing.req_logging [None req-72b7279f-cb30-4688-a25d-c539c07965e8 None admin] SCRIPT_NAME: `/identity` {{(pid=68262) log_request_info /opt/stack/keystone/keystone/server/flask/request_processing/req_logging.py:27}}
May 08 11:58:28 ubuntu devstack@keystone.service[68262]: DEBUG keystone.server.flask.request_processing.req_logging [None req-72b7279f-cb30-4688-a25d-c539c07965e8 None admin] PATH_INFO: `/v3/roles` {{(pid=68262) log_request_info /opt/stack/keystone/keystone/server/flask/request_processing/req_logging.py:28}}
May 08 11:58:28 ubuntu devstack@keystone.service[68262]: DEBUG keystone.common.rbac_enforcer.enforcer [None req-72b7279f-cb30-4688-a25d-c539c07965e8 None admin] RBAC: Adding query filter params (name=service) {{(pid=68262) _extract_filter_values /opt/stack/keystone/keystone/common/rbac_enforcer/enforcer.py:176}}
May 08 11:58:28 ubuntu devstack@keystone.service[68262]: DEBUG keystone.common.rbac_enforcer.enforcer [None req-72b7279f-cb30-4688-a25d-c539c07965e8 None admin] RBAC: Authorizing `identity:list_roles()` {{(pid=68262) enforce_call /opt/stack/keystone/keystone/common/rbac_enforcer/enforcer.py:494}}
May 08 11:58:28 ubuntu devstack@keystone.service[68262]: DEBUG keystone.common.rbac_enforcer.enforcer [None req-72b7279f-cb30-4688-a25d-c539c07965e8 None admin] RBAC: Authorization granted {{(pid=68262) enforce_call /opt/stack/keystone/keystone/common/rbac_enforcer/enforcer.py:505}}
May 08 11:58:28 ubuntu devstack@keystone.service[68263]: DEBUG keystone.server.flask.request_processing.middleware.auth_context [None req-9fa2f067-e9c6-48af-9eb1-57d9828d01d1 None admin] RBAC: auth_context: {'token': <TokenModel (audit_id=7ItepIhERoKnkwnbzy3ejw, audit_chain_id=['7ItepIhERoKnkwnbzy3ejw']) at 0x71443f77d9a0>, 'domain_id': None, 'trust_id': None, 'trustor_id': None, 'trustee_id': None, 'domain_name': None, 'group_ids': [], 'user_id': 'd73ce3fdaddb4c8085ad37fea10e0691', 'user_domain_id': 'default', 'system_scope': 'all', 'project_id': None, 'project_domain_id': None, 'roles': ['admin', 'manager', 'member', 'reader'], 'is_admin_project': True, 'service_user_id': None, 'service_user_domain_id': None, 'service_project_id': None, 'service_project_domain_id': None, 'service_roles': []} {{(pid=68263) fill_context /opt/stack/keystone/keystone/server/flask/request_processing/middleware/auth_context.py:509}}
May 08 11:58:28 ubuntu devstack@keystone.service[68263]: DEBUG keystone.server.flask.request_processing.req_logging [None req-9fa2f067-e9c6-48af-9eb1-57d9828d01d1 None admin] REQUEST_METHOD: `POST` {{(pid=68263) log_request_info /opt/stack/keystone/keystone/server/flask/request_processing/req_logging.py:26}}
May 08 11:58:28 ubuntu devstack@keystone.service[68263]: DEBUG keystone.server.flask.request_processing.req_logging [None req-9fa2f067-e9c6-48af-9eb1-57d9828d01d1 None admin] SCRIPT_NAME: `/identity` {{(pid=68263) log_request_info /opt/stack/keystone/keystone/server/flask/request_processing/req_logging.py:27}}
May 08 11:58:28 ubuntu devstack@keystone.service[68263]: DEBUG keystone.server.flask.request_processing.req_logging [None req-9fa2f067-e9c6-48af-9eb1-57d9828d01d1 None admin] PATH_INFO: `/v3/projects` {{(pid=68263) log_request_info /opt/stack/keystone/keystone/server/flask/request_processing/req_logging.py:28}}
May 08 11:58:28 ubuntu devstack@keystone.service[68263]: DEBUG keystone.common.rbac_enforcer.enforcer [None req-9fa2f067-e9c6-48af-9eb1-57d9828d01d1 None admin] RBAC: Authorizing `identity:create_project()` {{(pid=68263) enforce_call /opt/stack/keystone/keystone/common/rbac_enforcer/enforcer.py:494}}
May 08 11:58:28 ubuntu devstack@keystone.service[68263]: DEBUG keystone.common.rbac_enforcer.enforcer [None req-9fa2f067-e9c6-48af-9eb1-57d9828d01d1 None admin] RBAC: Authorization granted {{(pid=68263) enforce_call /opt/stack/keystone/keystone/common/rbac_enforcer/enforcer.py:505}}
May 08 11:58:28 ubuntu devstack@keystone.service[68262]: [pid: 68262|app: 0|req: 21/41] 10.120.125.137 () {58 vars in 1184 bytes} [Fri May  8 11:58:28 2026] GET /identity/v3/roles?name=service => generated 345 bytes in 59 msecs (HTTP/1.1 200) 5 headers in 177 bytes (1 switches on core 0)
May 08 11:58:28 ubuntu devstack@keystone.service[68262]: DEBUG keystone.server.flask.request_processing.middleware.auth_context [None req-72b7279f-cb30-4688-a25d-c539c07965e8 None admin] Authenticating user token {{(pid=68262) process_request /opt/stack/data/venv/lib/python3.12/site-packages/keystonemiddleware/auth_token/__init__.py:407}}
May 08 11:58:28 ubuntu devstack@keystone.service[68263]: [pid: 68263|app: 0|req: 21/42] 10.120.125.137 () {62 vars in 1208 bytes} [Fri May  8 11:58:28 2026] POST /identity/v3/projects => generated 302 bytes in 68 msecs (HTTP/1.1 201) 5 headers in 182 bytes (1 switches on core 0)
May 08 11:58:28 ubuntu devstack@keystone.service[68263]: DEBUG keystone.server.flask.request_processing.middleware.auth_context [None req-9fa2f067-e9c6-48af-9eb1-57d9828d01d1 None admin] Authenticating user token {{(pid=68263) process_request /opt/stack/data/venv/lib/python3.12/site-packages/keystonemiddleware/auth_token/__init__.py:407}}
May 08 11:58:28 ubuntu devstack@keystone.service[68262]: DEBUG keystone.server.flask.request_processing.middleware.auth_context [None req-72b7279f-cb30-4688-a25d-c539c07965e8 None admin] Validating token access rules against request {{(pid=68262) validate_allowed_request /opt/stack/data/venv/lib/python3.12/site-packages/keystonemiddleware/auth_token/__init__.py:545}}
May 08 11:58:28 ubuntu devstack@keystone.service[68263]: DEBUG keystone.server.flask.request_processing.middleware.auth_context [None req-9fa2f067-e9c6-48af-9eb1-57d9828d01d1 None admin] Validating token access rules against request {{(pid=68263) validate_allowed_request /opt/stack/data/venv/lib/python3.12/site-packages/keystonemiddleware/auth_token/__init__.py:545}}
May 08 11:58:28 ubuntu devstack@keystone.service[68262]: DEBUG keystone.server.flask.request_processing.middleware.auth_context [None req-4dee7437-1259-4548-ac2c-cab1ad0bf269 None admin] RBAC: auth_context: {'token': <TokenModel (audit_id=Ydwen4jpShKkwzS9Era-0w, audit_chain_id=['Ydwen4jpShKkwzS9Era-0w']) at 0x71443f6b04d0>, 'domain_id': None, 'trust_id': None, 'trustor_id': None, 'trustee_id': None, 'domain_name': None, 'group_ids': [], 'user_id': 'd73ce3fdaddb4c8085ad37fea10e0691', 'user_domain_id': 'default', 'system_scope': 'all', 'project_id': None, 'project_domain_id': None, 'roles': ['admin', 'manager', 'member', 'reader'], 'is_admin_project': True, 'service_user_id': None, 'service_user_domain_id': None, 'service_project_id': None, 'service_project_domain_id': None, 'service_roles': []} {{(pid=68262) fill_context /opt/stack/keystone/keystone/server/flask/request_processing/middleware/auth_context.py:509}}
May 08 11:58:28 ubuntu devstack@keystone.service[68262]: DEBUG keystone.server.flask.request_processing.req_logging [None req-4dee7437-1259-4548-ac2c-cab1ad0bf269 None admin] REQUEST_METHOD: `GET` {{(pid=68262) log_request_info /opt/stack/keystone/keystone/server/flask/request_processing/req_logging.py:26}}
May 08 11:58:28 ubuntu devstack@keystone.service[68262]: DEBUG keystone.server.flask.request_processing.req_logging [None req-4dee7437-1259-4548-ac2c-cab1ad0bf269 None admin] SCRIPT_NAME: `/identity` {{(pid=68262) log_request_info /opt/stack/keystone/keystone/server/flask/request_processing/req_logging.py:27}}
May 08 11:58:28 ubuntu devstack@keystone.service[68262]: DEBUG keystone.server.flask.request_processing.req_logging [None req-4dee7437-1259-4548-ac2c-cab1ad0bf269 None admin] PATH_INFO: `/v3/users/d73ce3fdaddb4c8085ad37fea10e0691` {{(pid=68262) log_request_info /opt/stack/keystone/keystone/server/flask/request_processing/req_logging.py:28}}
May 08 11:58:28 ubuntu devstack@keystone.service[68262]: DEBUG keystone.common.rbac_enforcer.enforcer [None req-4dee7437-1259-4548-ac2c-cab1ad0bf269 None admin] RBAC: Authorizing `identity:get_user(user_id=d73ce3fdaddb4c8085ad37fea10e0691)` {{(pid=68262) enforce_call /opt/stack/keystone/keystone/common/rbac_enforcer/enforcer.py:494}}
May 08 11:58:28 ubuntu devstack@keystone.service[68262]: DEBUG keystone.common.rbac_enforcer.enforcer [None req-4dee7437-1259-4548-ac2c-cab1ad0bf269 None admin] RBAC: Authorization granted {{(pid=68262) enforce_call /opt/stack/keystone/keystone/common/rbac_enforcer/enforcer.py:505}}
May 08 11:58:28 ubuntu devstack@keystone.service[68262]: [pid: 68262|app: 0|req: 22/43] 10.120.125.137 () {58 vars in 1245 bytes} [Fri May  8 11:58:28 2026] GET /identity/v3/users/d73ce3fdaddb4c8085ad37fea10e0691 => generated 248 bytes in 70 msecs (HTTP/1.1 200) 5 headers in 177 bytes (1 switches on core 0)
May 08 11:58:28 ubuntu devstack@keystone.service[68263]: DEBUG keystone.server.flask.request_processing.middleware.auth_context [None req-465be8e9-fa40-415b-9627-e62c61665a29 None admin] RBAC: auth_context: {'token': <TokenModel (audit_id=ih0pAbOET_ik6A0EMxpYfg, audit_chain_id=['ih0pAbOET_ik6A0EMxpYfg']) at 0x71443f77f8c0>, 'domain_id': None, 'trust_id': None, 'trustor_id': None, 'trustee_id': None, 'domain_name': None, 'group_ids': [], 'user_id': 'd73ce3fdaddb4c8085ad37fea10e0691', 'user_domain_id': 'default', 'system_scope': 'all', 'project_id': None, 'project_domain_id': None, 'roles': ['admin', 'manager', 'member', 'reader'], 'is_admin_project': True, 'service_user_id': None, 'service_user_domain_id': None, 'service_project_id': None, 'service_project_domain_id': None, 'service_roles': []} {{(pid=68263) fill_context /opt/stack/keystone/keystone/server/flask/request_processing/middleware/auth_context.py:509}}
May 08 11:58:28 ubuntu devstack@keystone.service[68263]: DEBUG keystone.server.flask.request_processing.req_logging [None req-465be8e9-fa40-415b-9627-e62c61665a29 None admin] REQUEST_METHOD: `GET` {{(pid=68263) log_request_info /opt/stack/keystone/keystone/server/flask/request_processing/req_logging.py:26}}
May 08 11:58:28 ubuntu devstack@keystone.service[68263]: DEBUG keystone.server.flask.request_processing.req_logging [None req-465be8e9-fa40-415b-9627-e62c61665a29 None admin] SCRIPT_NAME: `/identity` {{(pid=68263) log_request_info /opt/stack/keystone/keystone/server/flask/request_processing/req_logging.py:27}}
May 08 11:58:28 ubuntu devstack@keystone.service[68263]: DEBUG keystone.server.flask.request_processing.req_logging [None req-465be8e9-fa40-415b-9627-e62c61665a29 None admin] PATH_INFO: `/v3/domains/default` {{(pid=68263) log_request_info /opt/stack/keystone/keystone/server/flask/request_processing/req_logging.py:28}}
May 08 11:58:28 ubuntu devstack@keystone.service[68263]: DEBUG keystone.common.rbac_enforcer.enforcer [None req-465be8e9-fa40-415b-9627-e62c61665a29 None admin] RBAC: Authorizing `identity:get_domain(domain_id=default)` {{(pid=68263) enforce_call /opt/stack/keystone/keystone/common/rbac_enforcer/enforcer.py:494}}
May 08 11:58:28 ubuntu devstack@keystone.service[68263]: DEBUG keystone.common.rbac_enforcer.enforcer [None req-465be8e9-fa40-415b-9627-e62c61665a29 None admin] RBAC: Authorization granted {{(pid=68263) enforce_call /opt/stack/keystone/keystone/common/rbac_enforcer/enforcer.py:505}}
May 08 11:58:28 ubuntu devstack@keystone.service[68263]: [pid: 68263|app: 0|req: 22/44] 10.120.125.137 () {58 vars in 1176 bytes} [Fri May  8 11:58:28 2026] GET /identity/v3/domains/default => generated 200 bytes in 74 msecs (HTTP/1.1 200) 5 headers in 177 bytes (1 switches on core 0)
May 08 11:58:28 ubuntu devstack@keystone.service[68262]: DEBUG keystone.server.flask.request_processing.middleware.auth_context [None req-4dee7437-1259-4548-ac2c-cab1ad0bf269 None admin] Authenticating user token {{(pid=68262) process_request /opt/stack/data/venv/lib/python3.12/site-packages/keystonemiddleware/auth_token/__init__.py:407}}
May 08 11:58:28 ubuntu devstack@keystone.service[68262]: DEBUG keystone.server.flask.request_processing.middleware.auth_context [None req-4dee7437-1259-4548-ac2c-cab1ad0bf269 None admin] Validating token access rules against request {{(pid=68262) validate_allowed_request /opt/stack/data/venv/lib/python3.12/site-packages/keystonemiddleware/auth_token/__init__.py:545}}
May 08 11:58:28 ubuntu devstack@keystone.service[68262]: DEBUG keystone.server.flask.request_processing.middleware.auth_context [None req-817ed7e2-2fd1-4ae1-bc38-cafdf6629632 None admin] RBAC: auth_context: {'token': <TokenModel (audit_id=Ydwen4jpShKkwzS9Era-0w, audit_chain_id=['Ydwen4jpShKkwzS9Era-0w']) at 0x71443f9d26f0>, 'domain_id': None, 'trust_id': None, 'trustor_id': None, 'trustee_id': None, 'domain_name': None, 'group_ids': [], 'user_id': 'd73ce3fdaddb4c8085ad37fea10e0691', 'user_domain_id': 'default', 'system_scope': 'all', 'project_id': None, 'project_domain_id': None, 'roles': ['admin', 'manager', 'member', 'reader'], 'is_admin_project': True, 'service_user_id': None, 'service_user_domain_id': None, 'service_project_id': None, 'service_project_domain_id': None, 'service_roles': []} {{(pid=68262) fill_context /opt/stack/keystone/keystone/server/flask/request_processing/middleware/auth_context.py:509}}
May 08 11:58:28 ubuntu devstack@keystone.service[68262]: DEBUG keystone.server.flask.request_processing.req_logging [None req-817ed7e2-2fd1-4ae1-bc38-cafdf6629632 None admin] REQUEST_METHOD: `GET` {{(pid=68262) log_request_info /opt/stack/keystone/keystone/server/flask/request_processing/req_logging.py:26}}
May 08 11:58:28 ubuntu devstack@keystone.service[68262]: DEBUG keystone.server.flask.request_processing.req_logging [None req-817ed7e2-2fd1-4ae1-bc38-cafdf6629632 None admin] SCRIPT_NAME: `/identity` {{(pid=68262) log_request_info /opt/stack/keystone/keystone/server/flask/request_processing/req_logging.py:27}}
May 08 11:58:28 ubuntu devstack@keystone.service[68262]: DEBUG keystone.server.flask.request_processing.req_logging [None req-817ed7e2-2fd1-4ae1-bc38-cafdf6629632 None admin] PATH_INFO: `/v3/domains/default` {{(pid=68262) log_request_info /opt/stack/keystone/keystone/server/flask/request_processing/req_logging.py:28}}
May 08 11:58:28 ubuntu devstack@keystone.service[68262]: DEBUG keystone.common.rbac_enforcer.enforcer [None req-817ed7e2-2fd1-4ae1-bc38-cafdf6629632 None admin] RBAC: Authorizing `identity:get_domain(domain_id=default)` {{(pid=68262) enforce_call /opt/stack/keystone/keystone/common/rbac_enforcer/enforcer.py:494}}
May 08 11:58:28 ubuntu devstack@keystone.service[68262]: DEBUG keystone.common.rbac_enforcer.enforcer [None req-817ed7e2-2fd1-4ae1-bc38-cafdf6629632 None admin] RBAC: Authorization granted {{(pid=68262) enforce_call /opt/stack/keystone/keystone/common/rbac_enforcer/enforcer.py:505}}
May 08 11:58:28 ubuntu devstack@keystone.service[68262]: [pid: 68262|app: 0|req: 23/45] 10.120.125.137 () {58 vars in 1176 bytes} [Fri May  8 11:58:28 2026] GET /identity/v3/domains/default => generated 200 bytes in 61 msecs (HTTP/1.1 200) 5 headers in 177 bytes (1 switches on core 0)
May 08 11:58:28 ubuntu devstack@keystone.service[68263]: DEBUG keystone.server.flask.request_processing.middleware.auth_context [None req-465be8e9-fa40-415b-9627-e62c61665a29 None admin] Authenticating user token {{(pid=68263) process_request /opt/stack/data/venv/lib/python3.12/site-packages/keystonemiddleware/auth_token/__init__.py:407}}
May 08 11:58:28 ubuntu devstack@keystone.service[68262]: DEBUG keystone.server.flask.request_processing.middleware.auth_context [None req-817ed7e2-2fd1-4ae1-bc38-cafdf6629632 None admin] Authenticating user token {{(pid=68262) process_request /opt/stack/data/venv/lib/python3.12/site-packages/keystonemiddleware/auth_token/__init__.py:407}}
May 08 11:58:28 ubuntu devstack@keystone.service[68263]: DEBUG keystone.server.flask.request_processing.middleware.auth_context [None req-465be8e9-fa40-415b-9627-e62c61665a29 None admin] Validating token access rules against request {{(pid=68263) validate_allowed_request /opt/stack/data/venv/lib/python3.12/site-packages/keystonemiddleware/auth_token/__init__.py:545}}
May 08 11:58:28 ubuntu devstack@keystone.service[68262]: DEBUG keystone.server.flask.request_processing.middleware.auth_context [None req-817ed7e2-2fd1-4ae1-bc38-cafdf6629632 None admin] Validating token access rules against request {{(pid=68262) validate_allowed_request /opt/stack/data/venv/lib/python3.12/site-packages/keystonemiddleware/auth_token/__init__.py:545}}
May 08 11:58:28 ubuntu devstack@keystone.service[68263]: DEBUG keystone.server.flask.request_processing.middleware.auth_context [None req-f33d0f7e-6e4c-4469-a545-cbdcc81a483d None admin] RBAC: auth_context: {'token': <TokenModel (audit_id=QILwSsZ_TLm7GNR2RfNqhw, audit_chain_id=['QILwSsZ_TLm7GNR2RfNqhw']) at 0x71443fa94cb0>, 'domain_id': None, 'trust_id': None, 'trustor_id': None, 'trustee_id': None, 'domain_name': None, 'group_ids': [], 'user_id': 'd73ce3fdaddb4c8085ad37fea10e0691', 'user_domain_id': 'default', 'system_scope': 'all', 'project_id': None, 'project_domain_id': None, 'roles': ['admin', 'manager', 'member', 'reader'], 'is_admin_project': True, 'service_user_id': None, 'service_user_domain_id': None, 'service_project_id': None, 'service_project_domain_id': None, 'service_roles': []} {{(pid=68263) fill_context /opt/stack/keystone/keystone/server/flask/request_processing/middleware/auth_context.py:509}}
May 08 11:58:28 ubuntu devstack@keystone.service[68263]: DEBUG keystone.server.flask.request_processing.req_logging [None req-f33d0f7e-6e4c-4469-a545-cbdcc81a483d None admin] REQUEST_METHOD: `POST` {{(pid=68263) log_request_info /opt/stack/keystone/keystone/server/flask/request_processing/req_logging.py:26}}
May 08 11:58:28 ubuntu devstack@keystone.service[68263]: DEBUG keystone.server.flask.request_processing.req_logging [None req-f33d0f7e-6e4c-4469-a545-cbdcc81a483d None admin] SCRIPT_NAME: `/identity` {{(pid=68263) log_request_info /opt/stack/keystone/keystone/server/flask/request_processing/req_logging.py:27}}
May 08 11:58:28 ubuntu devstack@keystone.service[68263]: DEBUG keystone.server.flask.request_processing.req_logging [None req-f33d0f7e-6e4c-4469-a545-cbdcc81a483d None admin] PATH_INFO: `/v3/roles` {{(pid=68263) log_request_info /opt/stack/keystone/keystone/server/flask/request_processing/req_logging.py:28}}
May 08 11:58:28 ubuntu devstack@keystone.service[68263]: DEBUG keystone.common.rbac_enforcer.enforcer [None req-f33d0f7e-6e4c-4469-a545-cbdcc81a483d None admin] RBAC: Authorizing `identity:create_role()` {{(pid=68263) enforce_call /opt/stack/keystone/keystone/common/rbac_enforcer/enforcer.py:494}}
May 08 11:58:28 ubuntu devstack@keystone.service[68263]: DEBUG keystone.common.rbac_enforcer.enforcer [None req-f33d0f7e-6e4c-4469-a545-cbdcc81a483d None admin] RBAC: Authorization granted {{(pid=68263) enforce_call /opt/stack/keystone/keystone/common/rbac_enforcer/enforcer.py:505}}
May 08 11:58:28 ubuntu devstack@keystone.service[68262]: DEBUG keystone.server.flask.request_processing.middleware.auth_context [None req-b3bfb66c-320b-4b89-a5e9-5743c580b6df None admin] RBAC: auth_context: {'token': <TokenModel (audit_id=Ydwen4jpShKkwzS9Era-0w, audit_chain_id=['Ydwen4jpShKkwzS9Era-0w']) at 0x71443f694bf0>, 'domain_id': None, 'trust_id': None, 'trustor_id': None, 'trustee_id': None, 'domain_name': None, 'group_ids': [], 'user_id': 'd73ce3fdaddb4c8085ad37fea10e0691', 'user_domain_id': 'default', 'system_scope': 'all', 'project_id': None, 'project_domain_id': None, 'roles': ['admin', 'manager', 'member', 'reader'], 'is_admin_project': True, 'service_user_id': None, 'service_user_domain_id': None, 'service_project_id': None, 'service_project_domain_id': None, 'service_roles': []} {{(pid=68262) fill_context /opt/stack/keystone/keystone/server/flask/request_processing/middleware/auth_context.py:509}}
May 08 11:58:28 ubuntu devstack@keystone.service[68262]: DEBUG keystone.server.flask.request_processing.req_logging [None req-b3bfb66c-320b-4b89-a5e9-5743c580b6df None admin] REQUEST_METHOD: `GET` {{(pid=68262) log_request_info /opt/stack/keystone/keystone/server/flask/request_processing/req_logging.py:26}}
May 08 11:58:28 ubuntu devstack@keystone.service[68262]: DEBUG keystone.server.flask.request_processing.req_logging [None req-b3bfb66c-320b-4b89-a5e9-5743c580b6df None admin] SCRIPT_NAME: `/identity` {{(pid=68262) log_request_info /opt/stack/keystone/keystone/server/flask/request_processing/req_logging.py:27}}
May 08 11:58:28 ubuntu devstack@keystone.service[68262]: DEBUG keystone.server.flask.request_processing.req_logging [None req-b3bfb66c-320b-4b89-a5e9-5743c580b6df None admin] PATH_INFO: `/v3/role_assignments` {{(pid=68262) log_request_info /opt/stack/keystone/keystone/server/flask/request_processing/req_logging.py:28}}
May 08 11:58:28 ubuntu devstack@keystone.service[68263]: [pid: 68263|app: 0|req: 23/46] 10.120.125.137 () {62 vars in 1199 bytes} [Fri May  8 11:58:28 2026] POST /identity/v3/roles => generated 226 bytes in 95 msecs (HTTP/1.1 201) 5 headers in 182 bytes (1 switches on core 0)
May 08 11:58:28 ubuntu devstack@keystone.service[68263]: DEBUG keystone.server.flask.request_processing.middleware.auth_context [None req-f33d0f7e-6e4c-4469-a545-cbdcc81a483d None admin] Authenticating user token {{(pid=68263) process_request /opt/stack/data/venv/lib/python3.12/site-packages/keystonemiddleware/auth_token/__init__.py:407}}
