"pcp-dstat 6.2.0 CSV Output"
"Author:","PCP team <pcp@groups.io> and Dag Wieers <dag@wieers.com>",,,,"URL:","https://pcp.io/ and http://dag.wieers.com/home-made/dstat/"
"Host:","ubuntu",,,,"User:","ubuntu"
"Cmdline:","dstat -tcmndrylpg --tcp --output /tmp/devstack_logs/dstat-csv.log",,,,"Date:","27 Jun 2026 02:12:58 UTC"
"system","total usage",,,,,"memory usage",,,,"net/total",,"dsk/total",,"io/total",,"system",,"load avg",,,"procs",,,"paging",,"tcp sockets",,,,
"time","total usage:usr","total usage:sys","total usage:idl","total usage:wai","total usage:stl","used","free","buf","cach","net/total:recv","net/total:send","dsk/total:read","dsk/total:writ","read","writ","int","csw","1m","5m","15m","run","blk","new","in","out","lis","act","syn","tim","clo"
27-06 02:12:58,,1023856,1382820,167532,5232044,,,,,,,1.120,0.870,0.500,3,0,,,,10,5,0,17,1
27-06 02:12:59,20.719,22.467,55.169,0.749,0,1034272,1371820,167660,5232408,22075.418,11391.187,0,4992.631,0,67.900,5676,4216,1.120,0.870,0.500,5,0,391.422,0,0,10,5,0,17,1
27-06 02:13:00,19.726,20.975,57.431,0.499,0,1019312,1385944,167828,5232852,44053.058,14101.054,0,1929.681,0,59.928,5408,3998,1.120,0.870,0.500,5,0,341.589,0,0,10,5,0,17,1
27-06 02:13:01,31.035,19.522,48.054,0.501,0,1032868,1371692,167944,5235708,19525.882,11494.882,0,1425.598,0,42.047,6228,9198,1.110,0.870,0.500,4,0,304.341,0,0,10,5,0,17,1
27-06 02:13:02,35.839,15.928,45.794,0.249,0,1126240,1252324,168268,5382396,177640.125,6043.820,0,1851.673,0,56.745,6092,13124,1.110,0.870,0.500,2,0,147.337,0,0,11,4,0,18,2
27-06 02:13:03,32.758,10.253,56.014,0.750,0,1143028,1212256,169288,5401732,5267.301,1566.387,0,2116.523,0,65.016,3649,2656,1.110,0.870,0.500,3,0,91.022,0,0,11,6,0,17,2
27-06 02:13:04,36.991,13.997,47.489,0.500,0,1148828,1183464,169748,5422072,5398.715,1619.614,0,4119.020,0,234.944,4924,3422,1.110,0.870,0.500,2,1,189.955,0,0,11,6,0,20,2
27-06 02:13:05,42.244,6.999,48.493,1.000,0,1205600,1107856,171080,5436752,5159.282,1619.775,31.996,5499.235,2.000,145.980,3373,2394,1.110,0.870,0.500,3,0,0,0,0,11,6,0,20,2
27-06 02:13:06,43.302,5.507,48.308,1.001,0,1244020,1038516,172064,5463692,5406.493,1663.998,0,3616.343,0,115.138,3399,2433,1.180,0.890,0.510,3,1,1.001,0,0,11,8,0,20,2
27-06 02:13:07,29.800,9.516,43.824,15.025,0,1278912,1005328,173512,5459512,6383.714,1995.349,0,46305.719,0,3752.298,14341,26953,1.180,0.890,0.510,3,0,56.094,0,0,11,6,0,20,0
27-06 02:13:08,32.326,11.527,48.614,5.513,0.251,1216476,1065384,173868,5461444,12348.917,4505.551,0,34701.259,0,2741.420,10837,19092,1.180,0.890,0.510,3,0,135.317,0,0,11,5,0,20,0
27-06 02:13:09,44.157,8.732,46.402,0.499,0,1279208,994924,174204,5467828,5550.312,1790.230,0,2382.982,0,109.769,7999,12503,1.180,0.890,0.510,4,0,7.983,0,0,11,4,0,20,0
27-06 02:13:10,44.361,8.521,44.612,0.501,0,1324868,947924,174272,5468836,5958.953,1718.312,0,9676.281,0,495.243,9592,16060,1.180,0.890,0.510,4,0,14.035,0,0,11,4,0,20,0
27-06 02:13:11,41.378,9.663,47.077,0.248,0,1308708,971944,174316,5461640,5887.110,1605.576,0,808.734,0,43.608,6170,8389,1.250,0.910,0.510,3,0,25.768,0,0,11,4,0,20,0
27-06 02:13:12,45.331,6.044,48.857,0,0,1310548,970228,174316,5461552,6540.774,1577.522,0,12.088,0,2.015,2932,1502,1.250,0.910,0.510,2,0,25.184,0,0,11,4,0,20,0
27-06 02:13:13,15.527,18.783,65.114,0,0,1271072,1009748,174316,5461584,5169.070,1622.847,0,8.014,0,2.004,5109,3598,1.250,0.910,0.510,2,0,311.547,0,0,11,4,0,20,0
27-06 02:13:14,8.229,21.445,67.578,0,0,1220624,1060176,174316,5461604,4907.488,1615.880,0,31.919,0,7.980,5408,3788,1.250,0.910,0.510,2,0,320.184,0,0,11,4,0,20,0
27-06 02:13:15,17.726,17.227,64.163,0.250,0,1212904,1067680,174316,5462116,4835.413,1509.943,0,7094.335,0,381.480,6170,7137,1.250,0.910,0.510,3,0,217.703,0,0,11,4,0,20,0
27-06 02:13:16,42.189,13.231,43.687,0,0,1195756,1084844,174316,5462228,5318.333,1563.746,0,7.988,0,1.997,3971,2520,1.310,0.930,0.520,3,0,130.811,0,0,11,5,0,20,0
27-06 02:13:17,47.172,3.245,48.669,0,0,1233272,1046980,174316,5462580,4641.310,970.392,0,834.617,0,7.987,2747,1207,1.310,0.930,0.520,4,0,0,0,0,11,5,0,20,0
27-06 02:13:18,42.064,10.075,47.102,0.504,0,1260132,1017716,174320,5465080,4741.435,1033.725,0,2059.391,0,73.550,3375,4001,1.310,0.930,0.520,3,0,17.128,0,0,11,4,0,20,0
27-06 02:13:19,12.198,10.705,74.933,0,0,1286264,991560,174320,5465108,5377.231,1613.169,0,2585.054,0,114.515,3194,2415,1.310,0.930,0.520,2,0,122.481,0,0,11,4,0,20,0
27-06 02:13:20,22.689,5.735,71.558,0,0,1349748,928084,174320,5465104,5164.173,1454.107,0,25332.173,0,132.645,2222,1740,1.310,0.930,0.520,2,0,0.997,0,0,11,4,0,14,0
27-06 02:13:21,24.506,1.250,73.267,0,0,1364164,913468,174320,5465304,5041.199,1620.385,0,8.002,0,2.000,1734,1141,1.280,0.930,0.530,2,0,0,0,0,11,6,0,14,0
27-06 02:13:22,21.531,5.007,70.352,1.502,0,1281140,996376,174392,5465348,5096.393,1514.197,0,4879.078,0,337.490,4309,5673,1.280,0.930,0.530,2,0,43.062,0,0,11,4,0,16,0
27-06 02:13:23,22.493,3.999,73.476,0,0,1340984,936528,174392,5465352,4964.409,1565.498,0,595.809,0,6.998,1816,1303,1.280,0.930,0.530,2,0,0,0,0,11,4,0,16,0
27-06 02:13:24,19.018,2.753,77.324,0,0,1364128,913104,174400,5465544,9273.820,5597.323,0,796.758,0,22.021,2439,2446,1.280,0.930,0.530,2,0,1.001,0,0,11,17,0,16,0
27-06 02:13:25,20.748,3.500,74.493,0.500,0,1353504,923196,174440,5465916,9646.102,5978.443,267.975,30937.119,65.994,226.979,2873,2550,1.280,0.930,0.530,2,0,11.999,0,0,11,28,0,17,0
27-06 02:13:26,20.276,5.757,73.594,0,0,1414804,861892,174440,5465920,5378.891,1513.940,0,2306.956,0,18.023,2068,1431,1.260,0.930,0.530,2,0,33.042,0,0,11,28,0,17,0
27-06 02:13:27,16.244,1.749,80.720,0,0,1415784,860892,174440,5465936,12736.255,8415.865,0,3.999,0,1.000,1941,1654,1.260,0.930,0.530,2,0,0,0,0,11,28,0,18,0
27-06 02:13:28,33.742,11.497,53.737,0,0,1391596,885068,174440,5465948,5404.689,1685.591,0,11.997,0,2.999,3671,2416,1.260,0.930,0.530,3,0,155.962,0,0,11,28,0,17,0
27-06 02:13:29,35.924,4.740,58.627,0,0,1457768,818888,174440,5465956,13514.546,10576.731,0,0,0,0,3090,2220,1.260,0.930,0.530,2,0,0,0,0,11,30,0,17,0
27-06 02:13:30,33.428,11.310,53.033,0.251,0,1347768,928668,174448,5466168,15774.197,11274.178,0,571.048,0,32.172,7191,8810,1.260,0.930,0.530,4,0,189.009,0,0,11,28,0,18,0
27-06 02:13:31,72.763,25.505,1.750,0,0,1593872,682512,174448,5466188,5552.991,1554.277,0,1172.209,0,14.002,5456,4193,1.640,1.010,0.560,6,0,391.070,0,0,11,28,0,18,0
27-06 02:13:32,84.297,13.508,2.251,0,0,1814276,462052,174456,5466216,19137.684,17017.501,0,340.190,0,10.006,5499,3280,1.640,1.010,0.560,2,0,0,0,0,11,33,0,17,0
27-06 02:13:33,79.021,7.977,12.215,0,0,1835728,440408,174464,5466396,35366.718,29131.750,0,438.731,0,51.850,8897,13649,1.640,1.010,0.560,5,0,0,0,0,11,30,0,21,0
27-06 02:13:34,31.422,15.462,51.372,0.499,0,1567508,708468,174468,5466532,8339.295,4302.318,0,379.059,0,24.938,4564,4398,1.640,1.010,0.560,2,0,309.232,0,0,11,28,0,23,0
27-06 02:13:35,19.055,3.761,76.723,0,0,1548744,727216,174468,5466536,7321.236,3982.552,0,58854.718,0,383.111,2553,2176,1.640,1.010,0.560,1,0,0,0,0,11,29,0,23,0
27-06 02:13:36,19.165,2.240,77.159,0,0,1532492,743456,174472,5466544,9706.049,6020.359,0,1254.449,0,44.802,2876,3283,1.590,1.010,0.560,3,0,0,0,0,11,28,0,24,0
27-06 02:13:37,19.240,7.996,72.961,0,0,1490736,785208,174472,5466548,4530.568,755.594,0,0,0,0,2600,1881,1.590,1.010,0.560,2,0,67.964,0,0,11,28,0,24,0
27-06 02:13:38,17.807,2.257,78.500,0,0,1502764,773172,174472,5466556,9845.376,6058.307,0,0,0,0,1906,1695,1.590,1.010,0.560,2,0,0,0,0,11,29,0,24,0
27-06 02:13:39,13.001,11.001,74.509,0.250,0,1458240,817676,174472,5466576,7864.903,3938.452,0,340.039,0,29.003,4177,3763,1.590,1.010,0.560,2,0,156.018,0,0,11,28,0,25,0
27-06 02:13:40,8.281,25.847,64.491,0,0,1436808,839096,174472,5466588,5235.548,1571.869,0,38736.633,0,263.986,6063,4477,1.590,1.010,0.560,3,0,466.743,0,0,11,28,0,25,0
27-06 02:13:41,65.729,27.741,6.748,0,0.250,1541152,734736,174472,5466604,5010.409,1511.520,0,1163.631,0,57.982,5540,4071,1.860,1.080,0.580,6,0,417.867,0,0,11,28,0,25,0
27-06 02:13:42,81.009,11.501,7.251,0,0,1731044,544808,174472,5466640,18211.068,15133.719,0,76.009,0,6.001,5157,3706,1.860,1.080,0.580,4,0,0,0,0,11,32,0,25,0
27-06 02:13:43,72.039,8.254,18.760,0,0,1730344,545280,174480,5466856,37676.437,32320.532,0,460.250,0,56.030,9601,14627,1.860,1.080,0.580,6,0,30.016,0,0,11,29,0,26,0
27-06 02:13:44,77.746,21.249,1.000,0,0,1605216,670372,174480,5466892,9226.563,5458.742,0,311.985,0,24.999,6190,5864,1.860,1.080,0.580,8,0,279.987,0,0,11,28,0,26,0
27-06 02:13:45,87.256,12.751,0.500,0,0,1795728,479636,174484,5467112,11729.769,9569.627,0,260.017,0,12.001,5001,2704,1.860,1.080,0.580,5,0,0,0,0,11,32,0,26,0
27-06 02:13:46,80.087,8.982,9.231,0,0,1826776,448388,174484,5467312,44831.786,39953.711,0,1588.768,0,154.685,7366,12925,2.110,1.140,0.610,7,0,0,0,0,11,32,0,28,0
27-06 02:13:47,71.516,18.440,10.217,0,0,1572968,702000,174484,5467508,24208.837,17864.583,0,354.840,0,25.915,7381,10205,2.110,1.140,0.610,4,0,297.029,0,0,11,28,0,31,0
27-06 02:13:48,37.523,4.503,57.284,0,0,1599476,675468,174484,5467532,13688.233,9445.681,0,184.111,0,7.004,2883,2225,2.110,1.140,0.610,3,0,0,0,0,11,30,0,30,0
27-06 02:13:49,36.123,15.302,47.412,0.753,0,1497732,777148,174520,5467560,16631.837,12200.694,0,4073.922,0,232.796,6499,8219,2.110,1.140,0.610,7,0,319.090,0,0,11,28,0,32,0
27-06 02:13:50,64.223,11.745,23.240,0.250,0,1610912,663932,174520,5467596,6918.138,3476.562,0,6085.482,0,425.824,4070,1830,2.110,1.140,0.610,3,0,61.974,0,0,11,29,0,32,0
27-06 02:13:51,44.740,5.499,48.739,0,0,1633752,640932,174524,5467772,27355.083,23167.988,0,259.944,0,17.996,6645,8645,2.110,1.160,0.620,3,0,0,0,0,11,31,0,32,0
27-06 02:13:52,66.122,19.786,13.525,0,0,1513492,761272,174528,5467796,9757.990,6334.679,0,412.761,0,36.066,6256,5678,2.110,1.160,0.620,5,0,258.477,0,0,11,28,0,33,0
27-06 02:13:53,72.254,9.501,18.251,0.250,0,1662904,611804,174536,5467844,20713.108,17194.920,0,324.017,0,24.001,5144,3720,2.110,1.160,0.620,5,0,0,0,0,11,32,0,29,0
27-06 02:13:54,63.734,10.747,24.494,0,0,1613376,661116,174548,5468048,30810.062,26383.202,0,403.896,0,39.990,9194,13154,2.110,1.160,0.620,5,0,141.963,0,0,11,28,0,32,0
27-06 02:13:55,63.514,17.004,18.504,0,0,1586412,688060,174548,5468068,4687.037,1686.373,0,232.051,0,9.002,4104,2402,2.110,1.160,0.620,4,0,182.040,0,0,11,28,0,32,0
27-06 02:13:56,47.726,6.247,46.227,0,0,1622988,651444,174548,5468104,23095.305,20324.708,0,647.672,0,10.994,5554,6050,2.020,1.160,0.620,3,0,0,0,0,11,31,0,32,0
27-06 02:13:57,55.273,18.175,25.894,0.249,0,1542052,732200,174548,5468280,16763.191,11642.211,0,446.169,0,41.828,6890,7978,2.020,1.160,0.620,4,0,297.778,0,0,11,28,0,31,0
27-06 02:13:58,53.485,6.529,39.172,0,0,1645844,628372,174548,5468300,12227.696,8711.254,0,176.776,0,12.053,3411,1572,2.020,1.160,0.620,4,0,0,0,0,11,31,0,31,0
27-06 02:13:59,50.006,7.751,41.255,0.250,0,1616352,657564,174556,5468508,26825.023,22234.505,0,1160.131,0,78.009,8035,10256,2.020,1.160,0.620,5,0,46.005,0,0,11,28,0,33,1
27-06 02:14:00,62.670,18.976,17.727,0,0,1569316,704452,174560,5468652,5165.436,1683.860,0,15.980,0,3.995,4277,2611,2.020,1.160,0.620,4,0,247.685,0,0,11,28,0,34,0
27-06 02:14:01,52.003,6.250,41.252,0,0,1641264,632360,174560,5468812,19767.152,17613.026,0,2280.133,0,96.006,4927,4728,2.100,1.190,0.630,0,0,0,0,0,11,31,0,34,0
27-06 02:14:02,56.330,14.270,28.791,0,0.250,1577724,695840,174568,5468860,16772.920,10822.434,0,448.640,0,38.054,7254,12787,2.100,1.190,0.630,5,0,148.211,0,0,11,28,0,37,0
27-06 02:14:03,60.461,8.460,29.858,0,0,1657544,615996,174576,5468876,7956.032,5244.970,0,115.449,0,7.962,3605,1443,2.100,1.190,0.630,2,0,0,0,0,11,30,0,37,0
27-06 02:14:04,47.115,5.764,47.115,0.251,0,1625716,647740,174596,5468936,27875.158,22478.964,0,934.284,0,70.172,7049,8845,2.100,1.190,0.630,6,0,2.005,0,0,11,29,1,38,0
27-06 02:14:05,69.520,27.008,3.001,0,0,1548980,724464,174596,5468948,6528.848,2381.674,0,104.029,0,19.005,5967,5466,2.100,1.190,0.630,8,0,577.163,0,0,11,28,0,35,0
27-06 02:14:06,80.150,19.787,0,0,0,1740016,533340,174596,5469000,7489.028,3580.707,0,16.030,0,3.006,5423,4074,2.490,1.280,0.670,8,0,313.587,0,0,11,29,0,35,0
27-06 02:14:07,75.919,21.227,2.497,0,0.250,1837256,435880,174600,5469216,38497.990,34575.169,0,1162.761,0,22.976,7521,7696,2.490,1.280,0.670,8,0,404.569,0,0,11,33,0,35,0
27-06 02:14:08,77.328,19.269,2.753,0,0,1765132,507804,174616,5469420,35387.586,29676.843,0,644.648,0,57.057,8973,11098,2.490,1.280,0.670,8,0,333.335,0,0,11,28,0,36,0
27-06 02:14:09,82.089,17.965,0,0,0,1677864,595016,174620,5469472,5399.409,1616.829,0,167.671,0,10.978,5403,3524,2.490,1.280,0.670,6,0,223.561,0,0,11,28,0,36,0
27-06 02:14:10,76.279,9.253,14.005,0,0,1754268,518548,174620,5469532,31311.716,27451.272,0,0,0,0,6187,6688,2.490,1.280,0.670,5,0,1.000,0,0,11,33,0,36,0
27-06 02:14:11,67.316,14.764,17.017,0,0,1684604,587980,174620,5469760,39485.715,32406.774,0,168.165,0,5.005,9800,14854,2.690,1.350,0.690,4,0,265.260,0,0,11,28,0,41,0
27-06 02:14:12,16.243,29.488,52.478,0,0,1543104,729464,174620,5469776,7573.897,1619.337,0,19.992,0,4.998,5995,4640,2.690,1.350,0.690,3,0,571.766,0,0,11,28,0,41,0
27-06 02:14:13,56.810,33.035,10.261,0,0,1535704,736848,174620,5469792,5225.488,1621.703,0,36.038,0,9.009,5881,5031,2.690,1.350,0.690,5,0,765.804,0,0,11,28,0,41,0
27-06 02:14:14,70.618,9.981,18.216,0,0,1671996,600488,174624,5469856,20121.318,17228.735,0,694.699,0,41.921,4983,4517,2.690,1.350,0.690,4,0,0,0,0,11,32,0,41,0
27-06 02:14:15,59.622,11.524,28.308,0.251,0,1561208,711040,174660,5470052,23014.004,18855.510,0,605.236,0,67.137,7708,10203,2.690,1.350,0.690,5,0,143.293,0,0,11,28,0,45,0
27-06 02:14:16,78.902,16.676,3.734,0,0,1600196,672040,174660,5470064,6500.343,3814.185,0,223.017,0,12.943,4812,2448,2.790,1.390,0.710,5,0,124.451,0,0,11,29,0,45,0
27-06 02:14:17,64.259,8.032,27.862,0,0,1671252,600908,174668,5470128,31950.826,27912.543,0,2365.538,0,97.393,6434,8934,2.790,1.390,0.710,2,0,0,0,0,11,32,0,45,0
27-06 02:14:18,48.899,5.988,42.911,0.249,0,1671084,600684,174672,5470504,39942.501,33369.078,0,985.964,0,130.730,12147,17698,2.790,1.390,0.710,8,0,1.996,0,0,11,32,0,45,0
27-06 02:14:19,72.201,13.241,14.240,0,0,1540288,731412,174688,5470552,19660.616,14598.063,0,531.638,0,58.960,8785,10639,2.790,1.390,0.710,5,0,119.918,0,0,11,28,0,45,0
27-06 02:14:20,73.624,11.231,14.475,0,0,1652920,618748,174688,5470548,13419.083,9978.958,0,179.693,0,11.980,4652,2388,2.790,1.390,0.710,4,0,2.995,0,0,11,31,0,45,0
27-06 02:14:21,59.776,6.530,32.148,0.251,0,1667000,604412,174704,5470780,39170.704,33450.315,0,859.967,0,57.264,10092,15583,2.730,1.400,0.720,3,0,0,0,0,11,32,0,45,0
27-06 02:14:22,59.009,5.251,34.255,0,0,1666764,604412,174704,5471012,41671.566,36480.748,0,0,0,0,11580,17356,2.730,1.400,0.720,4,0,0,0,0,11,29,0,48,0
27-06 02:14:23,79.333,19.708,0.499,0,0,1553404,717736,174704,5471044,6986.275,2758.187,0,0,0,0,5166,3275,2.730,1.400,0.720,5,0,259.453,0,0,11,28,0,49,0
27-06 02:14:24,67.102,7.261,25.038,0,0,1656100,614988,174708,5471092,26422.181,23342.497,0,112.171,0,13.020,6223,6429,2.730,1.400,0.720,4,0,1.002,0,0,11,34,0,49,0
27-06 02:14:25,64.150,9.984,24.212,0,0,1666844,604028,174712,5471300,33274.303,27556.187,0,87.863,0,6.989,9583,14456,2.730,1.400,0.720,6,0,68.893,0,0,11,34,0,48,0
27-06 02:14:26,79.172,13.028,8.017,0,0,1603264,667436,174716,5471464,13513.280,9881.411,0,469.016,0,67.145,5359,4612,2.830,1.440,0.730,5,0,60.130,0,0,11,33,1,48,0
27-06 02:14:27,67.003,11.751,20.501,0,0,1624904,645756,174724,5471496,20469.915,16840.752,0,392.018,0,39.002,5527,5310,2.830,1.440,0.730,6,0,94.004,0,0,11,34,0,50,0
27-06 02:14:28,70.849,10.689,18.644,0,0,1649176,621408,174724,5471572,25434.025,21325.283,0,115.347,0,7.955,6320,8989,2.830,1.440,0.730,3,0,25.854,0,0,11,35,0,50,0
27-06 02:14:29,61.233,9.536,28.609,0,0,1567816,702552,174728,5471780,34738.052,29116.683,0,116.443,0,8.031,7518,11394,2.830,1.440,0.730,7,0,64.244,0,0,11,34,0,51,0
27-06 02:14:30,78.356,16.272,5.007,0,0,1556864,713484,174728,5471796,10222.799,5906.974,0,116.157,0,7.009,5670,4703,2.830,1.440,0.730,6,0,164.222,0,0,11,32,0,53,0
27-06 02:14:31,66.813,9.190,23.347,0,0,1665884,604284,174728,5471976,26320.922,20624.166,0,210.623,0,10.929,5472,5317,2.850,1.470,0.750,5,0,0,0,0,11,35,0,54,0
27-06 02:14:32,69.608,10.554,19.349,0,0,1678880,591232,174728,5472032,25661.936,19092.159,0,164.848,0,15.078,7053,8905,2.850,1.470,0.750,4,0,68.351,0,0,11,33,0,56,0
27-06 02:14:33,64.228,13.692,20.413,0.249,0,1611332,658744,174736,5472056,14909.746,9710.803,0,314.665,0,23.899,4838,3800,2.850,1.470,0.750,5,0,137.417,0,0,11,34,0,52,0
27-06 02:14:34,51.083,12.019,37.310,0,0,1594724,675280,174748,5472112,16048.008,12269.885,0,340.552,0,34.055,4898,4625,2.850,1.470,0.750,3,0,120.195,0,0,11,33,0,54,0
27-06 02:14:35,56.949,10.990,30.972,0,0,1548060,721756,174748,5472304,11377.872,7638.201,0,215.808,0,15.986,4988,4328,2.850,1.470,0.750,3,0,95.915,0,0,11,33,0,55,0
27-06 02:14:36,55.267,7.034,37.180,0,0,1621884,647756,174748,5472476,24772.659,19770.497,0,148.718,0,7.034,4921,6708,2.780,1.480,0.750,4,0,0,0,0,11,33,0,56,0
27-06 02:14:37,55.272,10.754,33.764,0.250,0,1597440,672008,174748,5472680,16497.672,12422.024,0,3673.486,0,189.076,5258,5896,2.780,1.480,0.750,4,0,86.035,0,0,11,32,0,58,0
27-06 02:14:38,43.487,6.998,48.235,0,0,1549256,720168,174752,5472696,15414.231,11511.438,0,1671.483,0,13.996,3626,2876,2.780,1.480,0.750,3,0,85.973,0,0,11,34,0,55,0
27-06 02:14:39,31.961,5.451,61.197,0.248,0,1486772,782592,174768,5472740,19553.156,14695.094,0,332.988,0,35.677,5749,7980,2.780,1.480,0.750,5,0,55.498,0,0,11,32,0,57,0
27-06 02:14:40,40.207,10.806,48.499,0,0,1524596,744768,174776,5472732,5196.712,1628.370,0,148.765,0,10.052,3370,1930,2.780,1.480,0.750,3,0,80.413,0,0,11,32,0,57,0
27-06 02:14:41,34.862,4.013,60.194,0,0,1541956,727376,174776,5472760,17589.583,14652.134,0,112.361,0,8.026,3618,3474,2.720,1.490,0.760,1,0,0,0,0,11,34,0,57,0
27-06 02:14:42,35.766,9.504,53.274,0.250,0,1386456,882672,174780,5472956,11470.166,5994.700,0,308.139,0,23.010,5336,5453,2.720,1.490,0.760,3,0,123.055,0,0,11,32,0,58,0
27-06 02:14:43,39.019,6.959,52.937,0,0,1498608,770512,174780,5472964,8294.911,5234.026,0,186.894,0,10.935,3033,2030,2.720,1.490,0.760,3,0,14.912,0,0,11,33,0,58,0
27-06 02:14:44,34.096,7.964,56.495,0.249,0,1514852,754220,174800,5472988,14276.628,10709.711,0,2038.807,0,136.385,4680,5241,2.720,1.490,0.760,5,0,59.731,0,0,11,33,0,59,0
27-06 02:14:45,38.175,6.279,56.007,0.251,0,1543044,726008,174808,5473000,9480.579,6029.716,0,212.979,0,23.106,3311,2514,2.720,1.490,0.760,2,0,5.023,0,0,11,33,0,60,0
27-06 02:14:46,35.272,5.253,58.786,0,0,1557204,711820,174808,5473028,19214.764,15662.589,0,0,0,0,4267,4769,2.660,1.500,0.770,2,0,0,0,0,11,34,0,59,0
27-06 02:14:47,37.775,7.005,54.036,0.250,0,1530776,738208,174808,5473064,12233.218,7548.071,0,324.218,0,24.016,4265,4267,2.660,1.500,0.770,4,0,48.032,0,0,11,32,0,61,0
27-06 02:14:48,38.725,6.246,54.216,0,0,1535708,733264,174812,5473072,9450.007,6113.123,0,115.926,0,7.995,2848,1847,2.660,1.500,0.770,3,0,0,0,0,11,33,0,61,0
27-06 02:14:49,32.694,4.243,62.392,0,0,1548892,719908,174820,5473236,19671.040,15732.839,0,195.662,0,19.966,5070,6444,2.660,1.500,0.770,6,0,0,0,0,11,33,0,62,0
27-06 02:14:50,25.014,16.259,56.781,0,0,1472248,796476,174820,5473304,6393.501,3119.708,0,248.136,0,21.012,5274,4785,2.660,1.500,0.770,2,0,283.155,0,0,11,32,0,56,0
27-06 02:14:51,18.627,3.272,78.537,0,0,1519340,749380,174820,5473308,6782.389,3672.116,0,108.744,0,9.062,1821,1497,2.530,1.490,0.770,3,0,0,0,0,11,33,0,56,0
27-06 02:14:52,17.406,2.238,78.576,0.497,0,1509176,759516,174824,5473332,13706.971,9912.465,0,549.035,0,37.796,3419,4073,2.530,1.490,0.770,2,0,0,0,0,11,32,0,57,0
27-06 02:14:53,11.034,17.805,68.962,0,0,1462200,806484,174824,5473340,4995.360,1624.997,0,60.185,0,10.031,4523,2953,2.530,1.490,0.770,2,0,260.802,0,0,11,32,0,57,0
27-06 02:14:54,20.931,5.731,73.008,0,0,1459436,809248,174824,5473340,4650.615,1560.837,0,0,0,0,1984,1294,2.530,1.490,0.770,2,0,23.921,0,0,11,32,0,56,0
27-06 02:14:55,17.019,2.753,79.337,0,0.250,1474924,793736,174828,5473360,13019.207,9854.754,0,312.341,0,19.021,2817,3127,2.530,1.490,0.770,1,0,0,0,0,11,33,0,56,0
27-06 02:14:56,18.506,6.002,74.524,0,0,1450552,818100,174828,5473368,8076.565,4151.319,0,4.001,0,1.000,3115,2844,2.400,1.480,0.770,2,0,46.015,0,0,11,32,0,57,0
27-06 02:14:57,19.248,3.250,76.741,0.250,0,1491796,776832,174836,5473380,10446.817,6693.242,0,391.956,0,54.994,2270,2163,2.400,1.480,0.770,2,0,0,0,0,11,33,0,57,0
27-06 02:14:58,17.999,2.500,77.746,0,0,1479904,788560,174836,5473540,14916.190,10152.449,0,2295.875,0,143.992,4302,5431,2.400,1.480,0.770,2,0,0,0,0,11,33,0,52,0
27-06 02:14:59,13.288,16.547,68.695,0.251,0,1369748,898560,174844,5473688,5799.459,1982.627,0,248.706,0,21.060,5366,4595,2.400,1.480,0.770,2,0,399.133,0,0,11,32,0,52,0
27-06 02:15:00,32.970,15.486,51.203,0,0,1456256,812024,174856,5473700,5694.815,1618.526,0,511.534,0,24.977,4625,3495,2.400,1.480,0.770,3,0,234.786,0,0,11,32,0,54,0
27-06 02:15:01,42.790,7.257,47.294,1.752,0,1538684,726860,175032,5475912,5070.698,1621.502,0,4604.266,0,351.326,4650,4890,2.370,1.490,0.780,4,1,26.024,0,0,11,36,0,54,0
27-06 02:15:02,40.028,10.758,37.276,9.507,0,1488832,769980,176248,5481080,5973.184,1567.098,0,39779.865,0,3374.364,14989,34257,2.370,1.490,0.780,3,1,148.104,0,0,11,36,0,49,0
27-06 02:15:03,40.081,8.464,42.072,7.966,0,1480404,776852,176752,5482036,5572.444,1344.317,0,39859.502,0,3319.966,11969,24246,2.370,1.490,0.780,3,0,38.836,0,0,11,32,0,49,0
27-06 02:15:04,45.050,5.756,49.055,0,0,1528092,729160,176752,5482036,5199.827,1189.333,0,696.781,0,25.028,2885,1452,2.370,1.490,0.780,3,0,5.006,0,0,11,32,0,49,0
27-06 02:15:05,39.244,8.249,43.244,6.749,0,1546556,710176,176928,5482372,5251.211,1511.773,0,17565.362,0,2214.667,12690,21601,2.370,1.490,0.780,4,0,3.000,0,0,11,34,0,49,0
27-06 02:15:06,35.461,9.490,50.444,3.246,0,1454556,801848,177048,5482580,5440.001,1564.275,0,16565.733,0,1405.450,7046,11426,2.340,1.500,0.780,2,0,98.891,0,0,11,32,0,47,0
27-06 02:15:07,21.762,4.002,73.541,0.500,0,1518020,738376,177056,5482580,5275.968,1296.729,0,428.241,0,23.013,1702,1446,2.340,1.500,0.780,2,0,0,0,0,11,32,0,47,0
27-06 02:15:08,22.240,3.998,72.966,0.250,0,1540352,716028,177072,5482580,4140.079,701.674,0,2710.742,0,129.940,1927,1615,2.340,1.500,0.780,2,0,1.999,0,0,11,32,0,47,0
27-06 02:15:09,22.759,3.501,73.529,0,0,1481208,775144,177072,5482604,5059.974,1458.569,0,48.019,0,7.003,1810,1221,2.340,1.500,0.780,2,0,1.000,0,0,11,32,0,47,0
27-06 02:15:10,22.762,3.502,73.540,0,0,1536728,719624,177072,5482604,5466.983,1714.936,0,0,0,0,1833,1159,2.340,1.500,0.780,3,0,3.002,0,0,11,32,0,46,0
27-06 02:15:11,22.233,3.747,73.443,0,0,1487232,769104,177072,5482620,5174.019,1456.879,0,0,0,0,1748,1171,2.230,1.490,0.780,2,0,0.999,0,0,11,32,0,46,0
27-06 02:15:12,21.985,3.748,73.701,0,0,1540032,716304,177072,5482620,6192.875,1618.922,0,0,0,0,1797,1166,2.230,1.490,0.780,2,0,1.999,0,0,11,32,0,46,0
27-06 02:15:13,23.387,2.766,73.934,0,0,1511536,744696,177080,5482696,5343.333,1520.918,0,12.071,0,2.012,1706,1066,2.230,1.490,0.780,2,0,1.006,0,0,11,32,0,46,0
27-06 02:15:14,22.622,2.983,73.086,0,0,1501652,754580,177080,5482696,5309.927,1610.877,0,171.031,0,1.989,1775,1122,2.230,1.490,0.780,2,0,1.989,0,0,11,32,0,41,0
27-06 02:15:15,23.236,3.248,73.206,0.250,0,1507588,748644,177080,5482696,5156.874,1619.019,0,511.690,0,41.975,1921,1492,2.230,1.490,0.780,2,0,0,0,0,11,32,0,41,0
27-06 02:15:16,23.503,3.000,73.259,0,0,1435740,820400,177088,5482776,4906.585,1566.187,0,0,0,0,1780,1184,2.130,1.480,0.790,2,0,1.000,0,0,11,32,0,41,0
27-06 02:15:17,21.762,3.502,73.792,0,0,1431944,824144,177088,5482796,5600.207,1620.928,0,0,0,0,1784,1174,2.130,1.480,0.790,2,0,1.001,0,0,11,32,0,41,0
27-06 02:15:18,22.267,4.003,73.307,0,0,1477592,778484,177088,5482808,5406.193,1621.258,0,24.019,0,4.003,1753,1083,2.130,1.480,0.790,2,0,2.002,0,0,11,32,0,41,0
27-06 02:15:19,22.438,3.241,73.798,0,0,1478300,777752,177092,5482824,5504.901,1615.569,0,3.989,0,0.997,1768,1141,2.130,1.480,0.790,2,0,0.997,0,0,11,32,0,37,0
27-06 02:15:20,23.037,3.506,73.618,0,0,1509392,746612,177096,5482868,5528.856,1622.599,0,0,0,0,1756,1155,2.130,1.480,0.790,3,0,2.003,0,0,11,32,0,37,0
27-06 02:15:21,21.738,3.748,73.459,0,0,1514840,741164,177096,5482868,4959.200,1511.147,0,127.928,0,2.998,1770,1182,2.040,1.470,0.790,2,0,0,0,0,11,32,0,37,0
27-06 02:15:22,22.431,3.240,73.273,0,0,1530520,725484,177096,5482868,5565.769,1561.167,0,0,0,0,1744,1042,2.040,1.470,0.790,2,0,1.994,0,0,11,32,0,37,0
27-06 02:15:23,9.044,20.099,69.592,0,0,1489336,766500,177104,5483020,5064.902,1628.004,0,414.036,0,5.025,4941,3329,2.040,1.470,0.790,2,0,292.438,0,0,11,32,0,33,0
27-06 02:15:24,8.521,22.304,67.664,0,0,1478232,777588,177104,5483036,5250.715,1461.539,0,705.709,0,8.019,5177,3462,2.040,1.470,0.790,3,0,315.765,0,0,11,32,0,33,0
27-06 02:15:25,8.754,20.259,69.032,0.250,0,1459888,795720,177116,5483216,5262.413,1620.743,0,852.391,0,44.020,5452,4121,2.040,1.470,0.790,3,0,295.135,0,0,11,32,0,33,0
27-06 02:15:26,7.994,20.984,68.946,0,0,1446112,809476,177116,5483236,4084.818,1187.075,0,87.932,0,0.999,5105,3571,1.960,1.460,0.790,2,0,299.767,0,0,11,32,0,33,0
27-06 02:15:27,14.712,12.468,70.818,0,0,1435644,819932,177116,5483248,4974.242,1346.546,0,7.980,0,1.995,3704,2624,1.960,1.460,0.790,3,0,168.568,0,0,11,32,0,31,0
27-06 02:15:28,21.996,4.249,73.235,0,0,1480816,774772,177116,5483236,4951.011,1511.698,0,1903.620,0,219.956,1941,1295,1.960,1.460,0.790,2,0,2.000,0,0,11,32,0,31,0
27-06 02:15:29,23.711,2.995,73.130,0,0,1451416,804168,177116,5483236,5077.664,1563.433,0,930.472,0,148.756,1838,1208,1.960,1.460,0.790,2,0,0.998,0,0,11,32,0,31,0
27-06 02:15:30,21.498,4.500,72.993,0,0,1468744,786844,177116,5483232,5011.489,1511.846,0,15.998,0,2.000,1967,1389,1.960,1.460,0.790,2,0,3.000,0,0,11,32,0,31,0
27-06 02:15:31,23.043,3.506,72.885,0,0,1456852,798736,177116,5483232,5937.002,1568.907,0,124.230,0,3.006,1810,1144,1.880,1.460,0.790,2,0,1.002,0,0,11,32,0,25,0
27-06 02:15:32,22.728,3.497,73.178,0,0,1456240,799340,177116,5483240,6582.484,1552.463,0,0,0,0,1819,1228,1.880,1.460,0.790,3,0,0,0,0,11,32,0,25,0
27-06 02:15:33,22.969,3.995,73.402,0,0,1449576,806004,177116,5483240,6291.612,1617.843,0,2121.172,0,11.984,1824,1090,1.880,1.460,0.790,2,0,1.997,0,0,11,32,0,25,0
27-06 02:15:34,22.560,4.011,72.444,0,0,1448904,806688,177116,5483228,4618.368,1570.205,0,180.483,0,38.102,1942,1371,1.880,1.460,0.790,2,0,1.003,0,0,11,32,0,25,0
27-06 02:15:35,21.498,5.000,73.243,0.250,0,1484688,770864,177120,5483268,4831.537,1511.855,0,599.943,0,36.996,2027,1636,1.880,1.460,0.790,2,0,2.000,0,0,11,32,0,19,0
27-06 02:15:36,22.247,3.250,73.491,0,0,1440768,814760,177120,5483292,4739.451,1619.812,0,4.000,0,1.000,1798,1234,1.810,1.450,0.790,2,0,1.000,0,0,11,32,0,19,0
27-06 02:15:37,22.500,3.750,73.249,0,0.250,1490284,765256,177120,5483280,5476.916,1619.975,0,0,0,0,1844,1197,1.810,1.450,0.790,3,0,2.000,0,0,11,32,0,19,0
27-06 02:15:38,22.484,3.498,73.448,0,0,1480248,775280,177120,5483292,5216.339,1618.864,0,11.992,0,0.999,1847,1219,1.810,1.450,0.790,2,0,0.999,0,0,11,32,0,19,0
27-06 02:15:39,22.266,3.503,73.554,0,0,1537092,718464,177120,5483264,5584.108,1621.193,0,4.003,0,1.001,1833,1211,1.810,1.450,0.790,2,0,2.001,0,0,11,32,0,15,0
27-06 02:15:40,24.266,3.252,73.049,0,0,1492116,763436,177120,5483264,4923.313,1621.091,0,28.019,0,1.001,1858,1265,1.810,1.450,0.790,2,0,2.001,0,0,11,32,0,15,0
27-06 02:15:41,22.739,3.248,73.713,0,0,1515324,740284,177120,5483204,5407.291,1619.189,0,47.976,0,1.999,1876,1252,1.750,1.440,0.790,2,0,1.999,0,0,11,32,0,15,0
27-06 02:15:42,22.995,2.749,73.485,0,0,1546320,709288,177120,5483204,4456.119,1619.680,0,91.982,0,2.000,1707,1073,1.750,1.440,0.790,2,0,0,0,0,11,32,0,15,0
27-06 02:15:43,23.254,3.001,73.513,0,0,1474552,780972,177120,5483292,4278.731,1458.249,0,48.008,0,1.000,1842,1291,1.750,1.440,0.790,2,0,1.000,0,0,11,32,0,11,0
27-06 02:15:44,21.761,3.752,73.538,0,0,1513504,742020,177120,5483292,4442.295,1620.838,0,12.006,0,1.001,1737,1297,1.750,1.440,0.790,2,0,1.001,0,0,11,32,0,11,0
27-06 02:15:45,22.767,4.003,73.303,0,0,1526320,729208,177124,5483284,4281.115,1459.062,0,484.352,0,38.028,2064,1687,1.750,1.440,0.790,2,0,2.001,0,0,11,32,0,11,0
27-06 02:15:46,23.243,2.499,73.477,0,0,1472684,782824,177124,5483304,4918.489,1619.502,0,19.994,0,1.000,1797,1193,1.690,1.430,0.790,2,0,1.000,0,0,11,32,0,11,0
27-06 02:15:47,22.753,3.250,73.761,0,0,1488416,767116,177124,5483280,5195.749,1458.210,0,24.003,0,1.000,1834,1203,1.690,1.430,0.790,2,0,1.000,0,0,11,32,0,8,0
27-06 02:15:48,22.232,3.497,73.190,0,0,1494336,761184,177124,5483292,5695.320,1618.670,0,59.951,0,2.998,1778,1192,1.690,1.430,0.790,2,0,0,0,0,11,32,0,8,0
27-06 02:15:49,22.031,3.755,73.604,0,0,1484580,770900,177124,5483332,4884.923,1460.069,0,208.295,0,44.062,1998,1192,1.690,1.430,0.790,2,0,19.027,0,0,11,32,0,8,0
27-06 02:15:50,8.510,23.278,67.580,0,0,1466952,788508,177124,5483352,5106.068,1621.927,0,240.286,0,10.012,5737,4079,1.690,1.430,0.790,2,0,397.472,0,0,11,32,0,8,0
27-06 02:15:51,20.201,6.734,72.823,0,0,1514424,741028,177124,5483360,4626.737,1454.459,0,103.747,0,3.990,2424,1743,1.630,1.430,0.800,2,0,46.886,0,0,11,32,0,5,0
27-06 02:15:52,24.001,1.750,73.752,0,0,1538788,716480,177124,5483544,2939.066,162.004,0,0,0,0,1662,988,1.630,1.430,0.800,2,0,0,0,0,11,32,0,5,0
27-06 02:15:53,20.966,4.493,73.380,0,0,1499540,755656,177124,5483612,4330.894,1455.612,0,123.797,0,2.995,1900,1325,1.630,1.430,0.800,2,0,8.985,0,0,11,32,0,5,0
27-06 02:15:54,22.361,4.020,74.118,0,0,1417108,838080,177124,5483620,4844.050,1507.484,0,4.020,0,1.005,1995,1225,1.630,1.430,0.800,2,0,33.165,0,0,11,32,0,5,0
27-06 02:15:55,8.744,22.733,65.701,0.500,0,1404708,850332,177124,5483764,5216.132,1618.800,39.970,755.440,1.999,41.969,5643,4337,1.630,1.430,0.800,1,0,360.733,0,0,11,32,0,4,0
27-06 02:15:56,8.258,21.771,68.317,0,0,1396932,858088,177124,5483784,5285.175,1621.588,0,112.110,0,4.004,5323,3744,1.660,1.440,0.800,2,0,332.325,0,0,11,32,0,4,0
27-06 02:15:57,7.753,22.510,68.279,0,0,1397804,857196,177124,5483804,5479.317,1620.685,0,208.088,0,4.002,5484,3906,1.660,1.440,0.800,4,0,368.156,0,0,11,32,0,4,0
27-06 02:15:58,8.252,22.006,68.017,0,0,1396828,858144,177124,5483828,5701.443,1662.421,0,276.070,0,6.002,5621,3997,1.660,1.440,0.800,2,0,369.093,0,0,11,32,0,4,0
27-06 02:15:59,8.498,22.745,67.236,0,0,1394484,860464,177124,5483848,5458.851,1619.659,0,879.815,0,9.998,5662,4049,1.660,1.440,0.800,3,0,393.917,0,0,11,32,0,3,0
27-06 02:16:00,7.967,23.652,67.221,0,0,1383296,871620,177124,5483864,5317.920,1613.302,0,1083.501,0,13.942,5809,4304,1.660,1.440,0.800,2,0,405.317,0,0,11,32,0,3,0
27-06 02:16:01,8.504,22.761,67.532,0,0,1374400,880500,177124,5483880,5240.519,1458.701,0,792.381,0,9.004,5400,3655,1.770,1.460,0.820,3,0,337.162,0,0,11,32,0,3,0
27-06 02:16:02,12.276,23.049,63.135,0,0,1343228,911644,177124,5483908,5188.081,1623.468,0,112.240,0,4.009,5976,10104,1.770,1.460,0.820,2,0,376.805,0,0,11,32,0,4,0
27-06 02:16:03,7.247,21.492,69.224,0,0,1341520,913324,177124,5483936,5577.895,1619.389,0,171.935,0,6.997,5483,3798,1.770,1.460,0.820,3,0,338.872,0,0,11,32,0,4,0
27-06 02:16:04,8.015,23.043,68.127,0,0,1339324,915496,177124,5483960,5289.866,1623.027,0,488.912,0,50.093,5766,4113,1.770,1.460,0.820,2,0,397.742,0,0,11,32,0,1,0
27-06 02:16:05,7.247,22.989,68.219,0,0,1339564,915248,177124,5483980,5483.476,1619.255,0,135.937,0,11.994,5719,4133,1.770,1.460,0.820,2,0,409.811,0,0,11,32,0,1,0
27-06 02:16:06,11.499,23.748,63.494,0,0,1317548,937208,177144,5484012,5795.444,1619.845,0,319.969,0,17.998,5986,4699,1.790,1.470,0.820,5,0,449.957,0,0,11,32,0,3,0
27-06 02:16:07,39.541,30.031,29.280,0,0,1445288,809416,177172,5484036,5656.853,1459.510,0,820.849,0,52.054,6196,5263,1.790,1.470,0.820,5,0,552.572,0,0,11,32,0,7,0
27-06 02:16:08,62.179,12.985,24.222,0,0,1613668,639792,177244,5485204,5299.950,1618.153,0,0,0,0,3853,1659,1.790,1.470,0.820,4,0,1.998,0,0,11,32,0,7,0
27-06 02:16:09,47.552,11.012,27.530,11.763,0,1628124,613116,178120,5495236,5013.472,1459.593,372.406,61939.604,3.003,4278.670,16908,32999,1.790,1.470,0.820,5,0,134.146,0,0,11,36,0,8,0
27-06 02:16:10,37.319,13.684,33.338,12.937,0,1692376,535892,178992,5506844,5437.635,1705.729,0,73678.755,0,5570.988,20278,41202,1.790,1.470,0.820,2,1,133.353,0,0,11,36,0,8,0
27-06 02:16:11,39.925,11.551,34.401,11.802,0,1712112,506824,179268,5515632,11641.170,7917.804,0,88685.828,0,6810.938,22244,44543,1.960,1.510,0.840,5,0,48.212,0,0,11,37,0,8,0
27-06 02:16:12,38.700,19.225,30.460,8.988,0,1619996,591796,179588,5522196,7807.836,3724.152,295.615,39364.754,3.995,3122.934,15036,26415,1.960,1.510,0.840,5,0,301.607,0,0,11,34,0,9,0
27-06 02:16:13,45.790,21.769,21.269,9.759,0,1671440,533404,179984,5528412,6870.990,3264.846,256.223,66389.878,2.002,4548.966,20002,38422,1.960,1.510,0.840,0,3,207.181,0,0,11,35,0,9,0
27-06 02:16:14,34.776,16.643,36.514,8.942,0,1660548,540624,180224,5531732,14703.091,10375.029,1335.380,47156.602,24.840,3784.570,17469,33428,1.960,1.510,0.840,4,0,206.666,0,0,11,35,0,9,0
27-06 02:16:15,32.437,8.298,46.015,11.315,0,1657944,540372,180360,5534336,14556.830,10149.449,0,61868.289,0,4978.671,19865,39197,1.960,1.510,0.840,3,1,48.278,0,0,11,34,0,9,0
27-06 02:16:16,37.218,10.491,38.467,10.991,0,1632232,565328,180556,5534860,5501.341,1606.639,0,53538.661,0,4478.208,15709,31072,2.130,1.560,0.860,4,0,62.947,0,0,11,34,0,9,0
27-06 02:16:17,31.173,9.227,45.637,10.973,0,1646648,550168,180720,5535420,12498.190,8384.331,0,49254.579,0,4070.964,16687,31888,2.130,1.560,0.860,2,1,29.926,0,0,11,35,0,9,0
27-06 02:16:18,34.393,7.029,48.200,7.531,0,1636440,558216,180800,5537440,18424.628,13853.617,0,22694.385,0,2168.017,13466,24198,2.130,1.560,0.860,4,0,30.125,0,0,11,35,0,9,0
27-06 02:16:19,36.647,10.471,39.389,11.717,0,1540716,650684,180888,5540528,6537.641,2798.142,0,50434.374,0,4233.113,16905,33659,2.130,1.560,0.860,6,1,127.642,0,0,11,36,0,10,0
27-06 02:16:20,30.836,8.022,46.129,12.284,0,1585076,602804,180904,5543940,10626.744,6616.520,0,49293.975,0,4206.775,15691,31748,2.130,1.560,0.860,2,1,55.154,0,0,11,37,0,10,0
27-06 02:16:21,29.021,8.256,47.284,12.259,0,1580756,602804,181040,5548016,12759.208,8628.227,0,65843.520,0,5050.645,20465,39858,2.040,1.550,0.860,5,0,81.059,0,0,11,37,0,10,0
27-06 02:16:22,30.896,8.222,46.842,11.960,0.249,1556404,623600,181132,5551364,13456.654,8924.925,0,57326.822,0,4765.940,20777,39368,2.040,1.550,0.860,3,1,104.647,0,0,11,36,0,10,0
27-06 02:16:23,36.620,8.277,40.633,11.287,0,1567404,615824,181176,5548096,4996.414,1625.339,0,55410.027,0,4739.570,17508,34084,2.040,1.550,0.860,4,0,24.079,0,0,11,36,0,10,0
27-06 02:16:24,29.467,6.742,49.195,11.987,0,1586136,596012,181188,5549172,12806.719,9674.212,0,58386.892,0,4664.798,17263,35035,2.040,1.550,0.860,2,1,35.960,0,0,11,37,0,10,0
27-06 02:16:25,34.035,10.761,52.804,2.252,0,1467012,715276,181192,5549024,16506.750,12378.561,0,16372.613,0,1063.079,8078,12742,2.040,1.550,0.860,2,0,179.182,0,0,11,33,0,11,0
27-06 02:16:26,19.237,8.744,71.952,0,0,1408024,774256,181192,5549032,6972.367,2944.044,0,2078.619,0,189.874,3109,2702,1.950,1.540,0.860,2,0,93.938,0,0,11,32,0,12,0
27-06 02:16:27,18.138,3.230,77.025,0.248,0,1454384,727888,181192,5549036,10389.878,6611.199,0,1125.057,0,60.626,2096,1886,1.950,1.540,0.860,3,0,0,0,0,11,33,0,12,0
27-06 02:16:28,20.145,4.281,74.535,0.252,0,1406216,775804,181192,5549288,9147.659,5132.842,0,3202.990,0,193.388,3581,3965,1.950,1.540,0.860,3,0,34.246,0,0,11,32,0,13,0
27-06 02:16:29,22.154,3.734,73.431,0,0,1439284,742660,181192,5549364,4110.160,645.200,0,314.634,0,5.974,1783,1167,1.950,1.540,0.860,2,0,0,0,0,11,32,0,13,0
27-06 02:16:30,15.492,2.499,81.707,0.250,0,1445424,736508,181192,5549376,12430.527,8271.693,0,119.938,0,11.994,2484,2623,1.950,1.540,0.860,2,0,0.999,0,0,11,32,0,14,0
27-06 02:16:31,17.992,7.996,72.718,0,0,1404864,777064,181192,5549380,6868.963,1511.332,0,179.920,0,13.994,2511,1702,1.880,1.530,0.860,3,0,59.973,0,0,11,32,0,14,0
27-06 02:16:32,18.493,2.749,77.721,0,0,1438036,743800,181192,5549472,11252.737,7232.260,0,35.986,0,1.000,1958,1608,1.880,1.530,0.860,2,0,0,0,0,11,33,0,14,0
27-06 02:16:33,18.342,3.518,77.891,0.251,0,1436920,744892,181192,5549496,11174.148,6390.109,0,92.465,0,10.051,3873,4332,1.880,1.530,0.860,4,0,43.217,0,0,11,32,0,15,0
27-06 02:16:34,22.661,3.984,72.964,0,0,1437132,744640,181192,5549532,5066.143,1559.886,0,179.297,0,10.957,1845,1214,1.880,1.530,0.860,2,0,0,0,0,11,32,0,15,0
27-06 02:16:35,16.987,2.248,79.687,0,0,1437324,744296,181192,5549680,14208.759,10917.363,0,151.880,0,9.992,3179,3666,1.880,1.530,0.860,1,0,0,0,0,11,33,0,15,0
27-06 02:16:36,14.062,12.304,72.823,0,0,1390100,791408,181192,5549788,5527.481,1892.381,0,261.157,0,23.102,4798,4334,1.730,1.500,0.850,3,0,329.459,0,0,11,32,0,16,0
27-06 02:16:37,31.430,21.452,45.150,0.249,0,1433228,748024,181192,5550040,5081.705,1293.126,0,1640.354,0,205.543,6306,5346,1.730,1.500,0.850,5,0,467.960,0,0,11,32,0,22,0
27-06 02:16:38,63.791,11.758,24.516,0,0,1610168,570212,181196,5550904,4899.173,1296.840,0,576.373,0,22.014,3734,1740,1.730,1.500,0.850,4,0,3.002,0,0,11,32,0,22,0
27-06 02:16:39,66.140,8.985,24.210,0,0,1764556,412992,181248,5553424,5558.763,1563.402,0,9288.564,0,231.615,4064,1872,1.730,1.500,0.850,4,0,0,0,0,11,32,0,22,0
27-06 02:16:40,50.076,8.513,33.551,8.263,0,1801356,366148,181304,5562652,5408.260,1622.478,0,40173.357,0,2664.069,13253,22025,1.730,1.500,0.850,1,1,112.171,0,0,11,38,0,22,0
27-06 02:16:41,26.780,9.761,46.551,13.765,0,1801468,354304,181400,5573948,5345.907,1621.792,0,93779.614,0,6948.677,25306,50705,2.070,1.580,0.880,4,1,252.279,0,0,11,38,0,22,0
27-06 02:16:42,22.710,10.981,48.664,14.974,0,1801732,345232,181460,5582372,4790.540,1509.335,0,106272.328,0,7587.601,25545,51523,2.070,1.580,0.880,3,1,164.709,0,0,11,38,0,22,0
27-06 02:16:43,39.746,10.999,33.247,13.749,0.250,1713376,421604,181556,5593892,4979.550,1619.854,0,69325.733,0,5094.539,20016,38732,2.070,1.580,0.880,1,2,242.978,0,0,11,36,0,22,0
27-06 02:16:44,43.791,11.261,29.778,12.262,0,1769108,354068,181612,5605188,5044.742,1621.524,0,95798.057,0,6554.161,19910,42899,2.070,1.580,0.880,3,1,55.052,0,0,11,36,0,22,0
27-06 02:16:45,42.329,11.703,32.369,11.703,0,1823960,291320,181628,5612780,4840.413,1613.471,0,99274.281,0,6921.990,21920,47059,2.070,1.580,0.880,8,1,58.762,0,0,11,36,0,22,0
27-06 02:16:46,48.008,10.752,30.755,9.752,0,1748532,363820,181644,5615596,4800.767,1620.259,0,65014.393,0,4853.776,17523,34744,2.380,1.650,0.910,3,0,162.026,0,0,11,36,0,22,0
27-06 02:16:47,29.569,12.529,56.382,0,0,1444916,667336,181644,5615696,4934.570,1569.680,0,1006.360,0,90.212,4165,2925,2.380,1.650,0.910,2,0,249.585,0,0,11,32,0,22,0
27-06 02:16:48,22.178,3.987,73.011,0.249,0,1505428,606824,181644,5615696,4696.646,1507.073,0,1530.995,0,85.720,2023,1635,2.380,1.650,0.910,2,0,0.997,0,0,11,32,0,22,0
27-06 02:16:49,23.297,3.507,72.146,0.501,0,1549816,562436,181644,5615696,3683.474,757.537,0,5471.102,0,299.608,2561,2645,2.380,1.650,0.910,2,0,2.004,0,0,11,36,0,22,0
27-06 02:16:50,24.277,2.503,72.079,0,0.250,1394288,717956,181644,5615704,4554.985,1351.479,0,168.184,0,13.014,2354,1741,2.380,1.650,0.910,3,0,19.021,0,0,11,32,0,22,0
27-06 02:16:51,20.236,5.246,73.450,0,0,1447700,664544,181644,5615704,5788.088,1510.979,0,43.970,0,4.997,1970,1382,2.270,1.640,0.910,2,0,9.993,0,0,11,32,0,22,0
27-06 02:16:52,23.261,3.752,73.534,0,0,1504208,608036,181644,5615704,5165.356,1566.715,0,0,0,0,1803,1247,2.270,1.640,0.910,2,0,1.000,0,0,11,32,0,22,0
27-06 02:16:53,20.587,7.532,70.798,0.502,0.251,1456388,655704,181648,5615852,4611.386,1518.383,0,739.107,0,53.224,3115,2567,2.270,1.640,0.910,2,0,142.599,0,0,11,32,0,22,0
27-06 02:16:54,12.739,36.969,48.710,0,0,1444092,667944,181648,5615904,5321.585,1606.667,0,235.804,0,23.980,8200,7732,2.270,1.640,0.910,4,0,1163.035,0,0,11,32,0,22,0
27-06 02:16:55,7.475,22.922,67.769,0.249,0,1440164,671804,181648,5615972,4994.980,1506.865,0,227.226,0,16.942,5339,3656,2.270,1.640,0.910,2,0,348.811,0,0,11,32,0,22,0
27-06 02:16:56,8.264,20.285,69.120,0,0,1422100,689828,181648,5616004,5094.846,1568.724,0,16.028,0,4.007,5077,3371,2.170,1.630,0.910,2,0,284.494,0,0,11,32,0,22,0
27-06 02:16:57,9.009,20.271,68.320,0,0,1407448,704448,181648,5616032,4950.076,1231.263,0,24.025,0,6.006,5300,3671,2.170,1.630,0.910,3,0,299.307,0,0,11,32,0,22,0
27-06 02:16:58,12.765,19.773,66.829,0,0,1407660,704172,181648,5616496,4739.628,1135.348,0,28.033,0,7.008,6234,6076,2.170,1.630,0.910,2,0,307.365,0,0,11,32,0,22,0
27-06 02:16:59,32.500,14.886,50.859,0,0,1434720,677076,181656,5616524,4275.143,643.058,0,51.603,0,3.969,5376,5955,2.170,1.630,0.910,5,0,193.513,0,0,11,33,0,22,0
27-06 02:17:00,44.837,6.262,48.845,0,0,1553796,557880,181656,5616636,5290.249,1623.144,0,212.411,0,3.006,2885,1480,2.170,1.630,0.910,3,0,4.008,0,0,11,33,0,22,0
27-06 02:17:01,48.972,5.997,44.724,0.250,0,1614396,496512,181700,5617292,5516.821,1619.067,0,943.456,0,89.948,3975,3073,2.320,1.670,0.930,3,0,21.987,0,0,11,49,0,22,0
27-06 02:17:02,36.143,12.299,50.198,0,0,1668944,438108,181732,5620716,5739.686,1626.428,0,1441.698,0,100.397,5832,16267,2.320,1.670,0.930,2,0,234.929,0,0,11,48,0,24,0
27-06 02:17:03,18.971,15.227,64.902,0.250,0,1677192,429764,181732,5620736,5152.254,1617.568,0,4525.197,0,337.493,7527,9157,2.320,1.670,0.930,1,0,292.560,0,0,11,48,0,24,0
27-06 02:17:04,0.500,0.500,98.254,0,0,1677196,429764,181732,5620740,5626.229,1566.064,0,188.008,0,10.000,740,973,2.320,1.670,0.930,1,0,3.000,0,0,11,48,0,24,0
27-06 02:17:05,0.500,0.750,97.974,0,0,1677188,429764,181732,5620744,5638.490,1619.566,0,103.972,0,7.998,682,973,2.320,1.670,0.930,4,0,1.000,0,0,11,48,0,23,0
27-06 02:17:06,0.750,0.750,98.456,0,0,1677188,429764,181732,5620744,5937.369,1619.282,0,31.986,0,3.998,753,942,2.130,1.640,0.920,1,0,1.999,0,0,11,48,0,23,0
27-06 02:17:07,0.250,0.500,98.495,0,0,1677184,429764,181736,5620744,5236.761,1619.926,0,659.970,0,3.000,721,961,2.130,1.640,0.920,1,0,1.000,0,0,11,48,0,23,0
27-06 02:17:08,14.746,12.997,71.982,0,0,1707948,398896,181736,5621212,5190.700,1511.621,0,0,0,0,5294,7537,2.130,1.640,0.920,3,0,250.937,0,0,11,48,0,23,0
27-06 02:17:09,12.566,14.828,70.872,0,0,1687760,419016,181736,5620892,5488.817,1628.550,0,12.063,0,3.016,4608,4502,2.130,1.640,0.920,3,0,291.531,0,0,12,48,0,17,0
27-06 02:17:10,15.238,17.736,66.198,0,0,1683452,423268,181736,5621024,5681.512,1896.502,0,2673.888,0,91.927,6125,6421,2.130,1.640,0.920,4,0,254.799,0,0,12,48,0,17,0
27-06 02:17:11,23.655,12.201,62.499,0.498,0,1693860,412880,181736,5620932,4932.170,1505.945,0,748.989,0,45.816,5474,7018,2.360,1.700,0.940,1,0,253.979,0,0,12,64,0,17,0
27-06 02:17:12,7.264,11.522,79.900,0,0,1707112,399596,181736,5621312,6691.589,1623.054,0,0,0,0,4522,5335,2.360,1.700,0.940,2,0,202.381,0,0,14,64,0,17,0
27-06 02:17:13,17.261,13.759,69.045,0,0,1713856,392804,181736,5620992,6091.985,1458.954,0,412.270,0,37.024,5680,6871,2.360,1.700,0.940,2,0,259.170,0,0,14,66,0,15,0
27-06 02:17:14,8.511,20.277,69.092,0,0,1699968,406520,181736,5621160,4500.012,1135.517,0,132.177,0,12.016,6150,4749,2.360,1.700,0.940,1,0,450.602,0,0,14,66,0,15,0
27-06 02:17:15,19.253,14.252,65.010,0,0,1686920,419540,181736,5621168,5584.891,1488.237,0,104.017,0,11.002,6735,9411,2.360,1.700,0.940,2,0,219.035,0,0,14,66,0,15,0
27-06 02:17:16,28.505,25.254,45.508,0,0,1769852,336592,181744,5621176,5220.918,1620.285,0,384.068,0,8.001,6762,5502,2.330,1.700,0.950,3,0,586.103,0,0,14,66,0,15,0
27-06 02:17:17,28.766,24.763,45.025,0,0,1805104,300872,181804,5621564,6140.346,1620.883,0,32.017,0,6.003,6770,5621,2.330,1.700,0.950,4,0,615.335,0,0,14,66,0,15,0
27-06 02:17:18,34.418,22.197,41.900,0,0,1888836,215892,181824,5622716,5045.996,1454.540,0,63.848,0,12.969,6704,9080,2.330,1.700,0.950,4,0,371.117,0,0,14,70,0,17,0
27-06 02:17:19,58.269,22.507,19.756,0,0,1969244,155080,176460,5608996,5021.645,1080.354,0,4.001,0,1.000,5864,6796,2.330,1.700,0.950,6,0,398.130,0,0,14,70,0,17,0
27-06 02:17:20,67.592,23.782,8.011,0,0,2082268,165100,165380,5500096,4087.554,793.078,232.316,568.773,11.015,9.012,6302,8846,2.330,1.700,0.950,5,0,353.480,0,0,14,70,0,17,0
27-06 02:17:21,65.709,23.985,7.745,0.500,0,2180552,165696,164612,5403840,4773.046,1295.198,1571.028,959.406,95.941,14.991,5532,5556,2.550,1.760,0.970,6,0,442.726,0,0,14,70,0,16,0
27-06 02:17:22,74.231,23.089,1.986,0.993,0,2299164,192964,166604,5259600,4843.157,1608.758,2113.233,1970.232,132.077,73.486,6348,7875,2.550,1.760,0.970,4,0,301.890,0,0,14,74,0,16,0
27-06 02:17:23,67.354,28.399,3.016,1.508,0,2441020,117580,166308,5194944,5126.947,1628.560,735.868,26736.525,52.275,1639.618,11017,17048,2.550,1.760,0.970,6,0,425.235,0,0,14,76,0,16,0
27-06 02:17:24,68.756,25.252,4.500,0.500,0,2565572,190960,166268,5001832,5580.483,1620.140,872.075,20949.812,33.003,2146.186,14826,29483,2.550,1.760,0.970,9,0,302.026,0,0,14,76,0,16,0
27-06 02:17:25,69.943,23.397,5.227,0,0,2689304,138860,166376,4931076,5535.732,1654.746,561.538,1911.620,17.921,82.638,6944,8853,2.550,1.760,0.970,7,0,391.285,0,0,14,80,0,20,0
27-06 02:17:26,71.235,23.327,5.267,0.251,0,2762560,133376,166380,4864600,5658.704,1625.372,16.053,1617.346,3.010,85.282,8519,15049,2.820,1.830,1,3,0,390.290,0,0,14,91,0,27,0
27-06 02:17:27,41.636,24.932,33.159,0,0,2828072,135960,166380,4798420,5641.578,1615.584,0,1172.794,0,63.826,8284,13260,2.820,1.830,1,2,0,328.103,0,0,14,91,0,29,0
27-06 02:17:28,61.560,13.568,23.368,0.503,0,2960220,140232,166384,4665048,5352.945,1573.923,3200.108,1113.606,35.177,56.283,5790,8099,2.820,1.830,1,5,0,136.688,0,0,14,94,0,32,0
27-06 02:17:29,36.413,12.221,50.629,0.249,0.249,3026488,141836,166408,4599044,5181.600,1508.390,7.981,5482.879,1.995,278.334,4691,4984,2.820,1.830,1,4,0,87.790,0,0,14,97,0,33,0
27-06 02:17:30,7.525,19.817,70.237,0.502,0,3041036,127264,166408,4599068,5297.897,1715.796,0,734.481,0,45.153,5232,3917,2.820,1.830,1,2,0,281.952,0,0,14,97,0,31,0
27-06 02:17:31,7.702,19.628,71.060,0,0,3041768,126484,166408,4599100,6082.318,1610.025,3.975,143.113,0.994,13.914,5336,3855,2.760,1.830,1.010,2,0,284.239,0,0,14,97,0,31,0
27-06 02:17:32,7.264,20.790,70.634,0,0,3042848,125380,166408,4599124,7000.321,1665.169,0,40.076,0,4.008,5186,3657,2.760,1.830,1.010,3,0,291.555,0,0,14,97,0,31,0
27-06 02:17:33,19.749,7.000,71.747,0.250,0,3101372,133200,166412,4533848,6659.694,1619.926,4.000,6691.693,1.000,199.991,2799,2575,2.760,1.830,1.010,2,0,45.998,0,0,14,97,0,31,0
27-06 02:17:34,18.297,3.760,76.946,0.251,0,3123384,179168,166416,4467756,11599.578,7919.194,88.225,248.634,10.026,18.046,2732,2720,2.760,1.830,1.010,2,0,0,0,0,14,101,0,29,0
27-06 02:17:35,19.760,7.004,72.036,0,0,3094844,207888,166416,4467692,22782.544,18820.536,0,180.091,0,11.006,2724,2006,2.760,1.830,1.010,3,0,64.032,0,0,14,101,0,30,0
27-06 02:17:36,25.906,3.487,69.748,0.249,0,3165860,136864,166416,4467700,5669.486,2203.029,3.986,450.370,0.996,32.881,2226,1670,2.620,1.820,1,4,0,2.989,0,0,14,108,0,30,0
27-06 02:17:37,16.460,2.743,79.057,0,0,3164500,138028,166424,4467892,11434.147,7389.000,0,355.135,0,32.920,2383,2683,2.620,1.820,1,3,0,0,0,0,14,110,0,30,0
27-06 02:17:38,26.323,5.515,66.435,1.253,0,3167576,133236,166432,4469600,4771.293,1462.073,1379.844,1548.314,66.184,204.570,4806,7146,2.620,1.820,1,2,0,3.008,0,0,14,113,0,23,0
27-06 02:17:39,38.433,12.057,47.978,0.502,0,3159900,207992,166432,4404404,6616.442,2613.419,56.267,1917.110,6.029,165.788,6634,7261,2.620,1.820,1,2,0,117.559,0,0,14,120,0,25,0
27-06 02:17:40,23.118,4.474,71.841,0.249,0,3236132,131648,166436,4404512,5589.143,1940.937,0,3289.252,0,84.518,2252,2015,2.620,1.820,1,2,0,1.989,0,0,14,120,1,25,0
27-06 02:17:41,18.254,2.000,77.766,0.250,0,3236076,131648,166436,4404608,12703.674,8860.865,64.013,3056.644,4.001,315.066,2457,2471,2.490,1.800,1,2,0,1.000,0,0,14,121,0,25,0
27-06 02:17:42,25.695,4.740,68.105,0.748,0,3267080,166524,166440,4340384,7014.087,3542.468,3.992,1189.471,0.998,137.707,4641,6262,2.490,1.800,1,4,0,3.992,0,0,14,122,0,26,0
27-06 02:17:43,39.000,13.750,46.250,0,0,3288840,209544,166440,4277176,5279.966,1619.990,0,467.997,0,32.000,3834,2553,2.490,1.800,1,3,0,95.999,0,0,14,122,0,26,0
27-06 02:17:44,34.278,4.253,60.299,0,0,3348332,149896,166440,4277316,11026.887,7905.371,0,9659.785,0,575.464,2755,1601,2.490,1.800,1,2,0,0,0,0,14,124,0,26,0
27-06 02:17:45,19.260,7.504,72.537,0.500,0,3387532,171220,166440,4217824,21852.292,18820.726,0,1756.908,0,101.052,2774,2259,2.490,1.800,1,2,0,55.028,0,0,14,122,0,27,0
27-06 02:17:46,19.172,2.490,76.939,0,0,3430428,128528,166440,4217704,10338.173,7303.451,7.968,119.516,1.992,12.948,1908,1532,2.370,1.790,1,2,0,0,0,0,14,123,0,27,0
27-06 02:17:47,18.849,5.780,74.894,0,0,3382872,176076,166440,4217720,23622.289,19509.650,0,0,0,0,2580,1842,2.370,1.790,1,1,0,51.270,0,0,14,122,0,28,0
27-06 02:17:48,17.816,3.262,78.039,0,0,3430812,128132,166440,4217724,10600.193,7298.987,0,0,0,0,1760,1296,2.370,1.790,1,2,0,0,0,0,14,123,0,28,0
27-06 02:17:49,30.378,5.478,62.250,0.747,0,3341984,216672,166444,4218008,7147.333,3681.235,0,697.204,0,90.636,6143,7328,2.370,1.790,1,4,0,11.952,0,0,14,124,0,30,0
27-06 02:17:50,18.993,7.747,71.722,0.500,0,3402324,156304,166448,4218016,5038.032,1619.368,3.998,571.777,1.000,34.986,2781,2030,2.370,1.790,1,2,0,78.969,0,0,14,124,0,30,0
27-06 02:17:51,18.190,2.492,78.741,0,0,3420184,138436,166448,4218024,28463.320,24971.811,0,259.147,0,22.925,2151,1827,2.180,1.760,1,2,0,0,0,0,14,125,0,30,0
27-06 02:17:52,20.418,6.806,71.591,0.252,0,3367260,240632,166448,4169428,5018.398,1603.225,4.033,738.089,1.008,46.383,2573,1916,2.180,1.760,1,2,0,55.457,0,0,14,124,0,31,0
27-06 02:17:53,18.120,2.730,78.436,0,0,3403316,204760,166448,4169372,10673.227,7280.630,3.971,27.800,0.993,3.971,1743,1315,2.180,1.760,1,3,0,0,0,0,14,125,0,31,0
27-06 02:17:54,22.526,4.505,69.581,1.001,0,3404944,202896,166452,4169604,6604.647,2561.966,4.005,1998.314,1.001,277.321,5570,8467,2.180,1.760,1,2,0,1.001,0,0,14,126,0,31,0
27-06 02:17:55,22.540,7.263,67.369,1.252,0,3372344,235340,166452,4169756,6032.652,2744.846,44.078,6375.257,3.005,416.736,5657,7400,2.180,1.760,1,2,0,54.096,0,0,14,127,0,33,0
27-06 02:17:56,23.207,4.492,72.116,0.250,0,3438964,168716,166452,4169760,5550.673,2174.953,0,542.990,0,32.939,2114,1703,2.080,1.750,1,1,0,0,0,0,14,128,0,33,0
27-06 02:17:57,15.530,1.503,81.158,0,0,3435540,172128,166452,4169772,15551.299,10994.421,0,316.617,0,20.039,1983,1841,2.080,1.750,1,2,0,0,0,0,14,128,0,33,0
27-06 02:17:58,24.282,5.507,68.340,0.751,0,3431300,176332,166452,4169808,5064.649,1459.917,0,1061.394,0,132.174,4894,6683,2.080,1.750,1,2,0,0,0,0,14,128,0,33,0
27-06 02:17:59,31.989,10.247,55.732,0.250,0,3406728,200636,166460,4170068,5896.063,2389.215,0,999.672,0,96.968,6578,9020,2.080,1.750,1,2,0,77.974,0,0,14,129,0,34,0
27-06 02:18:00,21.717,4.493,73.137,0.499,0,3458844,148468,166460,4170120,6818.490,3580.481,47.926,443.317,2.995,27.957,1908,1362,2.080,1.750,1,1,0,6.989,0,0,14,130,0,34,0
27-06 02:18:01,17.993,2.249,78.220,0.250,0,3454056,153224,166460,4170152,13628.750,9110.491,0,951.633,0,107.958,2938,3873,2,1.730,1,5,0,0,0,0,14,129,0,35,0
27-06 02:18:02,20.554,10.026,68.931,0,0,3469688,137536,166460,4171348,5208.690,1461.842,40.105,537.412,3.008,32.084,3477,4409,2,1.730,1,4,0,181.477,0,0,14,129,0,34,0
27-06 02:18:03,21.273,4.004,73.830,0.250,0,3474396,132820,166460,4170216,11745.696,8022.672,0,1069.156,0,31.034,2629,10145,2,1.730,1,2,0,2.002,0,0,14,130,0,35,0
27-06 02:18:04,27.400,4.484,66.506,0.747,0,3471120,136032,166464,4170276,10772.502,6659.582,0,6181.336,0,533.046,6924,10030,2,1.730,1,3,0,1.993,0,0,14,132,0,35,0
27-06 02:18:05,32.702,8.050,56.599,0.503,0,3470508,135912,166480,4170976,5944.692,2907.948,398.459,1110.856,64.397,100.621,11589,18889,2,1.730,1,4,1,4.025,0,0,14,134,0,35,0
27-06 02:18:06,37.319,16.420,43.538,0.995,0.249,3430860,175308,166580,4171080,7332.357,2290.864,95.536,6798.949,4.976,446.828,10026,13896,2.160,1.770,1.020,2,0,284.616,0,0,14,133,0,35,0
27-06 02:18:07,21.725,3.246,74.416,0,0,3484548,153368,166580,4139340,7046.025,3667.848,0,231.738,0,12.985,1910,1342,2.160,1.770,1.020,1,0,0,0,0,14,134,0,35,0
27-06 02:18:08,18.805,6.519,73.967,0.251,0,3404064,233708,166580,4139484,11041.416,7083.797,0,228.671,0,15.044,2998,2314,2.160,1.770,1.020,3,0,67.197,0,0,14,133,0,36,0
27-06 02:18:09,7.517,20.545,69.654,0.251,0,3399592,238152,166580,4139512,5199.506,1713.792,4.009,180.399,1.002,13.029,4904,3448,2.160,1.770,1.020,2,0,256.568,0,0,14,133,0,36,0
27-06 02:18:10,9.506,21.012,67.790,0.250,0,3333696,304008,166580,4139552,6009.557,1715.015,8.005,372.220,2.001,31.018,5780,4360,2.160,1.770,1.020,2,0,313.185,0,0,14,133,0,36,0
27-06 02:18:11,23.216,16.975,58.413,0.250,0,3373128,264424,166580,4139708,5511.819,1617.599,7.988,459.318,0.999,31.953,5557,8065,2.060,1.760,1.020,3,0,251.627,0,0,14,133,0,36,0
27-06 02:18:12,29.777,24.272,45.041,0,0,3436080,201424,166580,4139756,6863.257,1691.542,16.015,512.467,1.001,56.051,6558,5447,2.060,1.760,1.020,4,0,512.467,0,0,14,133,0,36,0
27-06 02:18:13,33.357,16.430,49.289,0,0,3460816,176356,166592,4140088,5653.765,1613.085,15.932,310.668,2.987,21.906,7134,9733,2.060,1.760,1.020,2,0,260.882,0,0,16,139,0,36,0
27-06 02:18:14,55.188,29.099,15.302,0,0,3620936,125956,166608,4032972,5195.666,1462.974,60.205,449.528,6.020,30.102,7329,10291,2.060,1.760,1.020,4,0,522.778,0,0,16,145,0,36,0
27-06 02:18:15,55.144,25.585,18.630,0,0,3716516,174084,166608,3891304,4828.818,1609.606,15.897,298.075,0.994,21.859,6189,6602,2.060,1.760,1.020,5,0,377.562,0,0,16,153,0,36,0
27-06 02:18:16,38.801,19.904,40.061,0,0,3774360,166232,166608,3841488,5339.430,1560.105,8.063,378.940,2.016,23.180,9600,13161,1.980,1.750,1.010,4,0,218.697,0,0,16,161,0,36,0
27-06 02:18:17,31.995,25.746,40.994,0.250,0,3845220,150628,166608,3787528,5152.227,1295.806,71.989,739.889,1.000,11.998,9852,5960,1.980,1.750,1.010,4,0,619.907,0,0,16,161,0,36,0
27-06 02:18:18,25.564,20.104,53.113,0,0,3869040,126628,166608,3788164,4622.324,1286.626,3.971,544.036,0.993,32.761,6459,6419,1.980,1.750,1.010,2,0,373.280,0,0,17,161,0,36,0
27-06 02:18:19,25.919,19.124,53.850,0,0,3893000,157696,166608,3734068,5119.318,1576.259,20.131,442.882,5.033,31.203,6201,6880,1.980,1.750,1.010,3,0,246.605,0,0,17,163,0,34,0
27-06 02:18:20,29.620,24.393,44.306,0.249,0,3946824,132336,166608,3706312,5408.275,1575.090,0,378.340,0,32.856,6307,4796,1.980,1.750,1.010,3,0,386.305,0,0,17,163,0,34,0
27-06 02:18:21,28.643,16.080,54.019,0,0,3977360,142640,166616,3666356,5199.895,1573.838,24.120,365.822,5.025,21.105,5716,8056,1.900,1.730,1.010,2,0,233.161,0,0,17,169,0,34,0
27-06 02:18:22,39.453,26.468,33.210,0,0,4085088,136184,166624,3567528,3780.464,647.223,43.947,291.650,4.994,22.972,7997,13808,1.900,1.730,1.010,3,0,480.424,0,0,17,175,0,34,0
27-06 02:18:23,36.702,26.465,35.204,0.499,0,4164276,140004,166624,3486272,3699.124,862.863,35.953,583.231,5.992,35.953,9012,13956,1.900,1.730,1.010,4,0,679.105,0,0,17,187,0,34,0
27-06 02:18:24,9.475,21.692,67.320,0,0,4174368,130092,166624,3486188,4593.684,1561.813,31.914,4711.368,0.997,46.874,5959,4892,1.900,1.730,1.010,2,0,316.152,0,0,17,187,0,34,0
27-06 02:18:25,19.997,17.498,60.992,0.250,0,4172696,174060,166624,3445112,5079.297,1619.776,7.999,15921.797,2.000,852.882,6856,8679,1.900,1.730,1.010,3,0,245.966,0,0,17,191,0,34,0
27-06 02:18:26,44.684,12.981,40.940,0.499,0,4285068,121884,166624,3385624,4764.966,1509.771,942.609,527.222,15.976,46.931,4525,3692,1.910,1.740,1.020,4,0,122.819,0,0,17,203,0,34,0
27-06 02:18:27,44.034,10.008,45.536,0.250,0,4388604,142092,166624,3264832,5241.095,1711.337,224.175,284.222,5.004,26.020,3251,2036,1.910,1.740,1.020,3,0,3.002,0,0,17,203,0,20,0
27-06 02:18:28,33.996,4.749,59.243,0.250,0,4451456,159640,166632,3186116,4725.471,1565.825,59.993,299.966,5.999,18.998,2914,2268,1.910,1.740,1.020,4,0,7.999,0,0,17,208,0,20,0
27-06 02:18:29,28.181,24.910,46.046,0,0,4395480,214880,166640,3186844,5314.200,1630.493,732.715,438.824,11.071,31.201,6493,5631,1.910,1.740,1.020,6,0,473.044,0,0,17,207,0,20,0
27-06 02:18:30,34.412,30.921,33.165,0.249,0,4495608,152152,166664,3150336,11591.458,7762.217,2238.296,438.881,38.901,35.908,6775,6504,1.910,1.740,1.020,6,0,478.780,0,0,17,212,0,20,0
27-06 02:18:31,50.328,18.686,29.898,0,0,4427556,218360,166668,3152496,8591.559,4086.995,43.850,1156.039,4.983,29.898,6884,9856,2.400,1.840,1.060,5,0,204.300,0,0,17,219,0,17,0
27-06 02:18:32,71.527,16.756,11.254,0.250,0,4600876,169116,166684,3032312,7474.785,3035.131,280.104,224.084,12.004,8.003,4768,3738,2.400,1.840,1.060,2,0,121.045,0,0,17,221,0,17,0
27-06 02:18:33,61.002,13.305,21.338,3.766,0,4685192,129816,166760,2988764,13752.701,9372.642,7759.994,1771.303,472.950,118.489,5897,6663,2.400,1.840,1.060,5,0,29.120,0,0,17,229,0,17,0
27-06 02:18:34,52.792,21.267,25.270,0.250,0,4675216,136912,166776,2991784,5699.485,2252.773,260.205,1140.898,32.025,52.041,7278,8464,2.400,1.840,1.060,4,0,318.250,0,0,17,227,0,23,0
27-06 02:18:35,33.000,27.293,38.459,0.248,0,4678600,196384,166780,2931468,10577.907,7347.368,3.970,13604.987,0.992,494.258,7419,8298,2.400,1.840,1.060,3,0,390.047,0,0,17,228,0,22,0
27-06 02:18:36,43.088,20.662,35.025,0,0,4658720,214008,166788,2933192,10141.529,6781.177,435.414,778.102,16.126,52.411,7045,8551,2.360,1.850,1.060,3,0,243.913,0,0,17,227,0,23,0
27-06 02:18:37,60.485,28.243,10.747,0.250,0,4774904,159500,166788,2872388,4791.796,1115.720,75.981,475.880,3.999,32.992,5953,6142,2.360,1.850,1.060,3,0,445.888,0,0,17,231,0,23,0
27-06 02:18:38,53.089,20.438,24.925,0,0,4805492,158904,166808,2842876,15022.562,11811.275,1140.550,757.708,54.834,43.867,8368,13161,2.360,1.850,1.060,6,0,236.285,0,0,17,234,0,26,0
27-06 02:18:39,58.219,29.110,12.296,0.251,0,4854376,138288,166812,2814952,4125.535,813.062,136.514,517.950,2.008,40.151,6321,6917,2.360,1.850,1.060,6,0,485.829,0,0,17,235,0,24,0
27-06 02:18:40,56.434,24.222,17.979,0.250,0,4908852,120324,166820,2780284,10819.278,6892.895,539.366,675.206,27.967,46.945,8569,13619,2.360,1.850,1.060,4,0,314.630,0,0,17,240,0,25,0
27-06 02:18:41,56.549,21.578,21.330,0,0.248,4909612,192040,166828,2709212,10889.108,6728.310,646.838,1884.959,14.881,122.026,9001,15706,2.420,1.860,1.070,4,0,187.504,0,0,17,241,0,26,0
27-06 02:18:42,61.950,10.577,26.946,0.504,0,5073904,135128,166828,2604424,7692.919,3979.930,366.665,2756.033,6.044,190.384,4124,2210,2.420,1.860,1.070,4,0,3.022,0,0,17,244,0,26,0
27-06 02:18:43,52.386,8.731,37.169,0.499,0,5144368,128460,166836,2542528,20790.728,18021.758,1077.653,842.166,83.817,88.807,6102,8582,2.420,1.860,1.070,3,0,10.976,0,0,17,248,0,31,0
27-06 02:18:44,59.901,14.787,24.311,0.251,0,5067624,204820,166840,2542912,6778.113,2625.629,1235.118,5610.164,18.046,192.486,5547,5250,2.420,1.860,1.070,4,0,99.251,0,0,17,253,0,32,0
27-06 02:18:45,43.153,29.184,25.942,0.499,0,5141956,126716,166968,2546488,15671.724,12314.281,4290.343,1240.208,63.856,64.854,7761,7687,2.420,1.860,1.070,7,0,506.859,0,0,17,254,0,32,0
27-06 02:18:46,54.484,26.492,18.744,0,0,5082808,185728,166968,2546992,5110.496,1751.485,767.774,687.798,5.998,16.995,7406,8818,2.540,1.900,1.090,4,0,376.889,0,0,17,253,0,33,0
27-06 02:18:47,68.518,20.680,9.717,0,0.249,5182328,141580,166972,2493696,10399.849,7266.440,741.494,924.874,19.933,49.832,5953,6030,2.540,1.900,1.090,5,0,167.434,0,0,18,261,0,32,0
27-06 02:18:48,77.509,15.252,6.251,1.000,0,5230784,175856,166984,2414308,10068.122,6779.756,3132.349,1632.182,150.017,242.027,6850,7045,2.540,1.900,1.090,10,0,17.002,0,0,18,260,0,33,0
27-06 02:18:49,82.369,14.063,2.762,0.502,0,5320948,153592,167036,2348388,6431.841,3602.152,1398.270,1607.207,51.230,99.446,6843,7586,2.540,1.900,1.090,4,0,28.126,0,0,18,266,0,33,0
27-06 02:18:50,37.257,16.753,44.759,0.250,0.250,5392160,133052,167040,2300676,14634.881,11475.259,572.113,756.149,10.002,59.012,5693,5804,2.540,1.900,1.090,4,0,208.041,0,0,18,268,0,34,0
27-06 02:18:51,42.528,10.138,45.742,0.247,0,5385740,139220,167040,2300912,25322.037,6263.503,759.572,14780.007,5.934,1249.140,4028,2405,2.500,1.900,1.090,4,0,12.857,0,0,18,272,0,34,1
27-06 02:18:52,37.322,11.852,49.174,0,0,5394488,124432,167044,2307932,17245762.642,302828.860,516.449,488.206,4.035,29.252,21011,13256,2.500,1.900,1.090,4,0,57.495,0,0,18,273,0,32,0
27-06 02:18:53,46.294,17.920,34.596,0.498,0,5355880,160744,167044,2310244,6301.965,2596.450,2787.599,641.148,29.867,52.765,5520,4661,2.500,1.900,1.090,4,0,217.035,0,0,18,274,0,33,0
27-06 02:18:54,36.572,5.511,56.361,0.250,0,5424080,129496,167044,2273660,16414.432,12963.614,0,448.887,0,39.077,3321,2659,2.500,1.900,1.090,3,0,2.004,0,0,18,278,0,33,0
27-06 02:18:55,32.228,5.496,60.959,0.500,0,5369732,183252,167044,2274256,20977.964,329956.233,479.679,807.460,24.983,80.946,5466,6957,2.500,1.900,1.090,2,0,5.996,0,0,18,280,0,36,0
27-06 02:18:56,23.042,4.508,68.875,0.250,0,5437728,127452,167048,2262056,407224.866,16106713.024,4.007,9080.520,1.002,58.106,3873,2189,2.380,1.890,1.090,1,0,0,0,0,18,281,0,33,0
27-06 02:18:57,31.300,6.260,60.346,0.250,0,5430652,129760,167056,2266976,9872478.185,191061.361,0,1149.826,0,70.111,16934,12785,2.380,1.890,1.090,3,0,1.002,0,0,18,285,0,34,0
27-06 02:18:58,21.926,14.202,61.543,0.249,0,5307020,241928,167060,2278408,7195583.866,158563.052,63.786,665.762,3.987,54.816,14868,10938,2.380,1.890,1.090,2,0,209.297,0,0,18,282,0,37,0
27-06 02:18:59,13.564,15.071,69.579,0.251,0,5349288,199624,167060,2278444,5262.875,1464.924,16.076,538.545,2.009,36.171,4781,4306,2.380,1.890,1.090,2,0,293.387,0,0,18,282,0,37,0
27-06 02:19:00,23.686,4.488,70.558,0.249,0,5374912,173988,167060,2278456,4864.761,1454.043,0,390.936,0,25.929,2394,1830,2.380,1.890,1.090,2,0,18.948,0,0,18,282,0,36,0
27-06 02:19:01,8.009,19.772,70.078,0.250,0,5364932,183936,167060,2278488,5466.062,1621.798,0,2594.878,0,102.113,5655,4451,2.270,1.870,1.090,3,0,304.337,0,0,18,282,0,36,0
27-06 02:19:02,7.972,19.181,70.249,0.249,0,5354260,194532,167060,2278564,5158.570,1614.233,31.886,175.373,2.989,16.939,5809,4587,2.270,1.870,1.090,1,0,352.740,0,0,18,282,0,36,0
27-06 02:19:03,9.579,5.041,85.200,0.252,0,5346844,201760,167060,2278736,5384.261,1633.427,169.392,16277.811,8.066,35.290,2648,6458,2.270,1.870,1.090,3,0,47.390,0,0,18,286,0,37,0
27-06 02:19:04,22.599,3.973,72.267,0,0,5379676,168924,167060,2278740,5612.506,1609.249,0,0,0,0,2021,1515,2.270,1.870,1.090,2,0,0,0,0,18,286,0,35,0
27-06 02:19:05,17.738,2.498,78.945,0,0,5390184,158332,167060,2278824,14634.759,10546.620,63.955,59.958,3.997,5.996,2396,2148,2.270,1.870,1.090,2,0,2.998,0,0,18,290,0,36,0
27-06 02:19:06,13.281,14.784,70.414,0,0,5356268,192192,167064,2278876,5490.770,1531.562,8.019,76.177,2.005,8.019,4565,3172,2.250,1.870,1.100,4,0,173.403,0,0,18,290,0,36,0
27-06 02:19:07,11.801,17.074,69.301,0.251,0,5350076,198092,167064,2279136,5571.202,1627.068,48.209,216.942,3.013,21.092,4947,3729,2.250,1.870,1.100,3,0,154.672,0,0,18,290,0,36,0
27-06 02:19:08,14.200,16.193,67.265,0,0,5345620,202344,167064,2279324,5159.976,1452.925,0,442.455,0,32.885,4860,3606,2.250,1.870,1.100,2,0,155.457,0,0,18,294,0,35,0
27-06 02:19:09,16.213,11.973,70.092,0,0,5380024,167872,167064,2279376,5327.953,1658.251,3.991,239.459,0.998,21.950,3849,3055,2.250,1.870,1.100,2,0,116.736,0,0,18,294,0,35,0
27-06 02:19:10,22.253,5.501,71.759,0.250,0,5427732,133612,167064,2265964,5782.765,1552.205,0,220.029,0,21.003,2267,1890,2.250,1.870,1.100,2,0,2.000,0,0,18,294,0,35,0
27-06 02:19:11,24.236,2.998,70.958,0.500,0,5433432,132584,167064,2261352,6056.427,1619.045,387.771,459.729,11.993,43.974,2661,2577,2.150,1.860,1.100,3,0,3.998,0,0,18,298,0,35,0
27-06 02:19:12,23.224,3.246,72.670,0,0,5358984,206992,167064,2261392,5488.945,1456.394,23.974,147.837,3.996,8.990,2085,1524,2.150,1.860,1.100,2,0,4.994,0,0,18,294,0,34,0
27-06 02:19:13,22.507,4.001,72.772,0,0,5413764,152212,167064,2261392,5881.780,1620.490,0,1012.306,0,143.043,2134,1672,2.150,1.860,1.100,2,0,1.000,0,0,18,294,0,34,0
27-06 02:19:14,14.995,2.749,81.723,0,0,5430876,135088,167064,2261404,14408.302,10810.475,0,323.894,0,17.994,2229,1987,2.150,1.860,1.100,3,0,1.999,0,0,18,297,0,35,0
27-06 02:19:15,21.262,2.251,75.292,0.250,0,5375424,190400,167064,2261544,14224.883,10851.014,0,1072.594,0,34.019,2443,2226,2.150,1.860,1.100,2,0,3.002,0,0,18,294,0,36,0
27-06 02:19:16,22.031,5.007,72.351,0,0,5423532,142288,167064,2261548,3256.524,162.225,0,3613.019,0,490.682,2109,1674,2.050,1.850,1.100,2,0,13.018,0,0,18,294,0,36,0
27-06 02:19:17,23.313,4.011,71.442,0.251,0,5412056,153608,167064,2261704,5612.055,1624.358,16.043,220.592,1.003,25.067,2444,1958,2.050,1.850,1.100,2,0,29.078,0,0,18,294,0,36,0
27-06 02:19:18,9.255,20.512,67.790,0.250,0.250,5390280,175328,167072,2261752,5473.207,1620.950,408.239,3638.132,6.004,201.118,5628,4569,2.050,1.850,1.100,4,0,275.161,0,0,18,294,0,36,0
27-06 02:19:19,11.538,17.307,68.979,0.251,0,5370332,195052,167072,2261976,5600.568,1625.389,112.373,429.424,8.027,28.093,5202,4257,2.050,1.850,1.100,2,0,283.941,0,0,18,294,0,36,0
27-06 02:19:20,20.861,4.719,74.256,0,0,5391460,173884,167104,2261984,6145.140,2678.192,0,182.785,0,11.921,2234,1704,2.050,1.850,1.100,1,0,33.775,0,0,18,295,0,36,0
27-06 02:19:21,18.983,3.497,76.183,0.250,0,5347652,210968,167684,2268000,12191.256,3589.836,3.996,1103.028,0.999,28.974,1996,1648,1.970,1.830,1.090,2,0,1.998,0,0,18,294,0,36,0
27-06 02:19:22,22.487,5.247,69.958,0,0,5384084,173180,167740,2269268,5561.697,1619.038,0,0,0,0,10501,19210,1.970,1.830,1.090,2,0,13.992,0,0,18,294,0,36,0
27-06 02:19:23,18.048,4.763,75.701,0.501,0,5388272,168392,167796,2269808,11896.560,4573.132,220.585,16981.048,12.032,33.088,7452,13155,1.970,1.830,1.090,2,0,5.013,0,0,18,295,0,36,0
27-06 02:19:24,21.502,5.500,72.506,0,0,5377252,179352,167840,2269824,4844.408,1458.123,0,176.015,0,2.000,3807,5171,1.970,1.830,1.090,3,0,15.001,0,0,18,295,0,36,0
27-06 02:19:25,13.755,14.505,69.273,0,0,5339884,222520,167936,2263892,5243.771,1794.606,12.004,1408.476,3.001,45.015,4823,4005,1.970,1.830,1.090,3,0,229.077,0,0,18,294,0,36,0
27-06 02:19:26,21.956,6.238,71.108,0.499,0,5395240,167168,167936,2263892,4970.104,1616.781,0,283.436,0,23.952,2524,2180,1.890,1.820,1.090,2,0,39.921,0,0,18,294,0,36,0
27-06 02:19:27,19.735,2.498,75.692,0.250,0,5404972,157180,167936,2264148,13770.418,10181.176,63.951,231.822,2.998,20.984,2380,2238,1.890,1.820,1.090,3,0,0,0,0,18,298,0,37,0
27-06 02:19:28,23.165,10.575,65.969,0,0,5391052,171000,167936,2264248,6598.926,3245.076,60.430,334.378,4.029,27.193,3987,3601,1.890,1.820,1.090,2,0,119.852,0,0,18,298,0,39,0
27-06 02:19:29,23.319,3.969,70.948,0,0,5424560,137464,167936,2264276,6268.240,3397.570,15.876,254.024,0.992,27.784,2636,2385,1.890,1.820,1.090,1,0,1.985,0,0,18,299,0,39,0
27-06 02:19:30,20.058,8.274,70.703,0.251,0,5378336,183656,167936,2264308,12546.049,8301.854,0,292.841,0,20.058,3273,2777,1.890,1.820,1.090,2,0,72.207,0,0,18,298,0,40,0
27-06 02:19:31,21.958,4.491,71.364,0,0,5413248,148744,167936,2264308,3832.697,0,0,147.719,0,8.983,2001,1525,1.820,1.800,1.090,2,0,0,0,0,18,298,0,40,0
27-06 02:19:32,19.007,2.501,78.278,0,0,5392744,169204,167936,2264352,18898.875,14489.271,32.012,156.057,2.001,11.004,2243,1881,1.820,1.800,1.090,2,0,1.000,0,0,18,298,0,40,0
27-06 02:19:33,20.873,6.790,71.419,0,0,5427124,134816,167936,2264360,5725.628,1629.571,0,144.851,0,10.059,2757,2180,1.820,1.800,1.090,2,0,55.325,0,0,18,298,0,40,0
27-06 02:19:34,17.419,3.235,78.139,0.249,0,5420616,141276,167936,2264408,13744.453,10100.301,0,91.577,0,6.968,2150,1898,1.820,1.800,1.090,2,0,0,0,0,18,301,0,41,0
27-06 02:19:35,22.184,5.234,72.285,0,0,5401920,159952,167936,2264424,6600.340,2981.120,11.964,107.679,0.997,9.970,2387,1831,1.820,1.800,1.090,3,0,31.905,0,0,18,298,0,43,0
27-06 02:19:36,18.258,3.251,77.284,0,0,5429864,132000,167936,2264432,11230.897,7336.199,0,60.026,0,6.003,2020,1603,1.670,1.770,1.090,4,0,0,0,0,18,299,0,43,0
27-06 02:19:37,15.363,3.778,79.081,0.252,0,5400076,161720,167948,2264488,11076.353,6834.195,32.237,2361.343,2.015,396.915,3025,3016,1.670,1.770,1.090,2,0,47.348,0,0,18,298,0,38,0
27-06 02:19:38,23.034,4.210,72.816,0,0,5424248,137548,167948,2264488,5290.278,1604.916,0,146.622,0,7.926,2074,1576,1.670,1.770,1.090,2,0,0,0,0,18,298,0,38,0
27-06 02:19:39,17.542,2.506,77.688,0,0,5418504,143148,167948,2264632,15724.075,11935.902,0,312.757,0,33.080,2626,2530,1.670,1.770,1.090,2,0,0,0,0,18,298,0,41,0
27-06 02:19:40,21.554,5.765,71.681,0.251,0,5363332,198316,167948,2264636,5233.221,1624.103,0,224.567,0,18.046,2744,2295,1.670,1.770,1.090,2,0,33.084,0,0,18,298,0,41,0
27-06 02:19:41,17.402,2.735,79.055,0.249,0,5380312,181200,167948,2264772,12591.068,9246.907,0,226.723,0,20.882,2128,2046,1.700,1.780,1.090,1,0,0,0,0,18,299,0,37,0
27-06 02:19:42,13.575,10.056,75.418,0.251,0,5301136,260356,167948,2264792,8920.456,4726.202,0,349.940,0,35.195,4084,3694,1.700,1.780,1.090,2,0,159.886,0,0,18,298,0,38,0
27-06 02:19:43,3.480,2.237,90.979,1.491,0,5300256,259980,168532,2265460,8935.847,3327.949,1117.602,254.543,249.571,13.920,1726,2107,1.700,1.780,1.090,2,0,20.880,0,0,18,300,0,38,0
27-06 02:19:44,6.783,9.546,82.146,0,0,5309456,250704,168560,2265508,18774.480,4614.237,0,836.029,0,46.223,3204,2636,1.700,1.780,1.090,1,0,125.605,0,0,18,300,0,39,0
27-06 02:19:45,5.759,10.517,82.134,0.250,0,5302084,258012,168560,2265572,6587.723,2461.006,0,156.254,0,15.024,3325,2787,1.700,1.780,1.090,2,0,143.233,0,0,18,298,0,32,0
27-06 02:19:46,18.716,8.984,71.120,0.250,0,5335944,215888,168928,2273412,3377.847,407.258,247.549,235.571,15.971,8.984,2820,2210,1.640,1.760,1.090,2,0,70.871,0,0,18,298,0,32,0
27-06 02:19:47,20.009,2.751,76.283,0.250,0,5348248,199800,169132,2276908,10447.546,3544.542,36.016,1080.470,2.001,15.007,2222,2093,1.640,1.760,1.090,2,0,16.007,0,0,18,298,0,32,0
27-06 02:19:48,18.241,4.498,76.211,0.250,0,5336252,207336,169192,2281272,10402.663,3706.099,475.756,2118.913,9.995,80.958,2809,2712,1.640,1.760,1.090,2,0,30.984,0,0,18,298,0,32,0
27-06 02:19:49,11.990,17.235,68.440,0.749,0,5336752,204708,169196,2283348,4735.870,1618.588,815.289,3808.679,11.990,205.821,5503,4737,1.640,1.760,1.090,2,0,271.763,0,0,18,298,0,29,0
27-06 02:19:50,22.189,3.490,73.048,0,0,5404272,137184,169196,2283352,4933.363,2139.087,0,151.581,0,14.959,2006,1539,1.640,1.760,1.090,1,0,0.997,0,0,18,299,0,29,0
27-06 02:19:51,19.930,3.027,77.196,0,0,5322108,219324,169196,2283376,28607.919,24721.884,0,117.055,0,14.127,2289,1943,1.590,1.750,1.090,3,0,16.146,0,0,18,298,0,31,0
27-06 02:19:52,21.152,5.475,71.917,0.249,0,5376272,165148,169196,2283388,4991.905,1451.286,0,183.153,0,23.889,2480,1963,1.590,1.750,1.090,2,0,30.857,0,0,18,298,0,31,0
27-06 02:19:53,18.462,2.495,78.339,0.249,0,5395672,145492,169196,2283644,11954.498,8835.890,239.509,1277.382,14.969,252.483,2286,1939,1.590,1.750,1.090,2,0,0,0,0,18,298,0,30,0
27-06 02:19:54,22.261,4.002,72.787,0,0,5360636,181308,169196,2282876,5222.644,1620.820,0,12.006,0,1.001,2124,1556,1.590,1.750,1.090,2,0,14.007,0,0,18,298,0,30,0
27-06 02:19:55,17.511,2.251,79.051,0,0,5379236,162672,169196,2282912,11488.463,8175.311,64.042,240.156,4.003,25.016,2401,2552,1.590,1.750,1.090,2,0,0,0,0,18,299,0,31,0
27-06 02:19:56,24.667,5.232,67.024,1.246,0,5359676,180080,169196,2285064,6761.162,2850.372,1849.752,1542.789,68.768,184.377,5928,8837,1.540,1.740,1.090,2,0,5.980,0,0,18,298,0,32,0
27-06 02:19:57,20.031,3.255,75.869,0.250,0,5367712,172044,169196,2285064,6806.635,3591.612,0,508.795,0,27.042,1979,1593,1.540,1.740,1.090,1,0,0,0,0,18,299,0,29,0
27-06 02:19:58,17.627,3.777,76.805,0.755,0,5369064,170532,169196,2285224,13039.206,9223.639,112.815,910.579,5.036,102.742,3683,4741,1.540,1.740,1.090,3,0,0,0,0,18,299,0,29,0
27-06 02:19:59,17.696,13.210,66.548,0.748,0,5322340,217208,169196,2285272,6270.918,2879.239,0,6213.094,0,310.057,5859,6660,1.540,1.740,1.090,2,0,196.402,0,0,18,298,0,30,0
27-06 02:20:00,9.517,24.043,65.367,0.250,0,5317532,221996,169196,2285292,4928.786,1622.893,0,392.700,0,23.041,5948,4610,1.540,1.740,1.090,2,0,434.775,0,0,18,298,0,30,0
27-06 02:20:01,9.023,23.309,66.419,0,0,5309080,230356,169204,2285376,4950.597,1461.719,76.194,348.888,11.028,28.071,5929,4624,1.500,1.730,1.090,2,0,394.003,0,0,18,298,0,26,0
27-06 02:20:02,8.247,22.243,66.729,0.250,0,5315212,224196,169204,2285404,5715.227,1619.498,0,1139.646,0,59.981,5800,4495,1.500,1.730,1.090,2,0,373.884,0,0,18,298,0,26,0
27-06 02:20:03,13.494,24.239,60.474,0,0,5327620,211760,169204,2285432,5189.740,1511.342,0,247.892,0,23.990,6954,13160,1.500,1.730,1.090,2,0,512.777,0,0,18,298,0,27,0
27-06 02:20:04,8.505,23.765,66.293,0,0.250,5311200,228156,169204,2285456,5699.654,1567.005,0,1829.173,0,312.200,6373,5078,1.500,1.730,1.090,2,0,491.315,0,0,18,298,0,27,0
27-06 02:20:05,7.961,22.141,67.668,0,0,5311984,227348,169204,2285480,5331.864,1450.888,0,75.629,0,10.946,5909,4505,1.500,1.730,1.090,4,0,412.976,0,0,18,298,0,26,0
27-06 02:20:06,8.021,22.810,68.179,0,0,5322344,216964,169204,2285504,5594.653,1624.254,0,32.084,0,8.021,5908,4527,1.460,1.710,1.090,4,0,411.077,0,0,18,298,0,26,0
27-06 02:20:07,8.501,22.502,67.005,0,0,5322736,216552,169204,2285524,5435.437,1458.117,0,24.002,0,6.000,5731,4300,1.460,1.710,1.090,2,0,387.031,0,0,18,298,0,26,0
27-06 02:20:08,12.466,16.953,69.309,0.249,0,5334196,205024,169208,2285588,5060.045,1507.842,19.945,454.746,1.994,33.906,5218,4358,1.460,1.710,1.090,2,0,290.200,0,0,18,298,0,26,0
27-06 02:20:09,18.747,7.999,70.988,0.500,0,5325860,310136,169276,2199884,5215.093,1565.728,67.988,3511.389,16.997,55.990,2675,2626,1.460,1.710,1.090,2,0,14.997,0,0,18,298,0,25,0
27-06 02:20:10,19.976,2.996,76.408,0.250,0,5340632,292532,169276,2202712,8742.418,3350.944,11.985,1474.216,1.998,18.977,2304,2052,1.460,1.710,1.090,2,0,16.979,0,0,18,299,0,25,0
27-06 02:20:11,14.482,1.997,81.147,1.248,0,5354312,277664,169276,2203896,25606.526,13452.939,918.835,2057.391,67.914,73.906,2255,2394,1.340,1.680,1.080,3,0,0,0,0,18,299,0,25,0
27-06 02:20:12,16.377,1.764,80.375,0.756,0,5370960,259520,169276,2205396,25323.869,13521.114,1120.712,1535.940,69.541,56.439,1956,1780,1.340,1.680,1.080,1,0,0,0,0,18,299,0,25,0
27-06 02:20:13,18.111,1.489,78.396,0.992,0,5385944,242636,169284,2207288,25443.064,14526.135,1492.506,1687.008,76.412,57.557,2133,1944,1.340,1.680,1.080,1,0,0,0,0,18,299,0,25,0
27-06 02:20:14,18.772,2.503,77.342,1.251,0,5392752,202568,169440,2240388,18187.531,9241.941,12526.829,1409.669,151.179,50.059,2215,1895,1.340,1.680,1.080,2,0,1.001,0,0,18,299,0,25,0
27-06 02:20:15,22.939,2.992,72.057,0.499,0,5394756,186692,170032,2253660,5385.590,1699.453,3.989,1196.798,0.997,54.853,2306,1994,1.340,1.680,1.080,2,0,0,0,0,18,299,0,25,0
27-06 02:20:16,24.051,3.507,72.402,0.251,0,5389008,176636,170220,2269068,5216.958,1569.296,0,1286.703,0,30.063,2327,1890,1.310,1.670,1.080,2,0,0,0,0,18,299,0,25,0
27-06 02:20:17,23.256,2.501,71.770,0.750,0,5383892,156556,170864,2293272,5750.588,1512.418,0,3116.860,0,132.036,2619,2470,1.310,1.670,1.080,2,0,0,0,0,18,299,0,25,0
27-06 02:20:18,24.855,3.264,71.553,0.502,0.251,5387400,144300,171200,2301460,5408.886,1572.654,0,1638.935,0,54.229,2544,2420,1.310,1.670,1.080,2,0,2.008,0,0,18,299,0,23,0
27-06 02:20:19,24.062,3.509,70.432,0.752,0,5387680,118264,171904,2326236,5686.710,1515.921,0,2991.739,0,130.337,2809,2846,1.310,1.670,1.080,2,0,0,0,0,18,299,0,23,0
27-06 02:20:20,23.528,3.715,70.831,0.495,0,5317844,202232,172172,2311824,5614.977,1723.723,3.963,23192.986,0.991,574.574,2877,2153,1.310,1.670,1.080,3,0,2.972,0,0,18,298,0,23,0
27-06 02:20:21,18.455,3.741,76.813,0.249,0,5356092,162924,172172,2312884,11549.944,4442.209,0,722.246,0,20.949,2278,1887,1.290,1.660,1.080,2,0,33.918,0,0,18,299,0,23,0
27-06 02:20:22,22.562,5.014,70.946,0,0,5361092,152368,172340,2318240,5760.911,1744.819,0,1423.933,0,20.055,8573,15355,1.290,1.660,1.080,1,0,7.019,0,0,18,298,0,23,0
27-06 02:20:23,22.266,6.255,69.802,0,0,5381384,130980,172416,2319244,5135.794,1513.118,0,424.313,0,5.004,9168,16389,1.290,1.660,1.080,3,0,13.010,0,0,18,298,0,23,0
27-06 02:20:24,21.462,5.989,71.623,0,0,5367272,152260,172464,2312028,5386.447,1563.228,0,1732.927,0,11.979,5100,7735,1.290,1.660,1.080,2,0,14.973,0,0,18,298,0,23,0
27-06 02:20:25,28.943,7.485,61.877,0.499,0,5371420,148224,172464,2311948,3293.465,538.931,255.493,487.034,1.996,13.972,3335,2900,1.290,1.660,1.080,4,0,53.893,0,0,18,298,0,23,0
27-06 02:20:26,42.943,11.050,44.199,0.251,0,5372524,148456,172460,2310616,5261.694,1464.595,514.316,546.461,4.018,23.104,10211,18030,1.430,1.680,1.090,3,0,32.145,0,0,18,298,0,23,0
27-06 02:20:27,22.469,3.995,72.400,0.250,0,5361924,153320,172464,2316348,12192.241,4662.591,255.649,1318.188,1.997,38.946,2565,2197,1.430,1.680,1.090,2,0,18.974,0,0,18,298,0,23,0
27-06 02:20:28,23.933,5.542,69.531,0,0,5383964,129660,172464,2317924,5441.549,1632.465,16.123,749.724,1.008,17.131,10265,18940,1.430,1.680,1.090,2,0,14.108,0,0,18,298,0,23,0
27-06 02:20:29,22.515,6.504,69.295,0,0,5353368,160028,172476,2318140,5473.573,1621.058,0,864.564,0,36.024,11128,19856,1.430,1.680,1.090,2,0,19.012,0,0,18,298,0,23,0
27-06 02:20:30,23.157,4.233,72.211,0.249,0.249,5347100,173820,172476,2310648,5438.205,1613.533,0,1478.076,0,210.158,2369,1983,1.430,1.680,1.090,1,0,8.964,0,0,18,298,0,20,0
27-06 02:20:31,22.436,5.983,69.800,0,0,5379824,141072,172476,2310672,6912.215,1507.685,0,769.797,0,19.943,3465,3154,1.390,1.670,1.090,3,0,111.680,0,0,18,298,0,20,0
27-06 02:20:32,26.303,4.259,69.391,0,0,5378788,132184,172476,2320580,6941.066,1623.290,0,144.292,0,6.012,2545,2088,1.390,1.670,1.090,2,0,5.010,0,0,18,298,0,22,0
27-06 02:20:33,17.736,1.998,79.936,0.250,0,5379088,130504,172500,2321840,19039.808,6605.729,3.997,1510.795,0.999,29.976,2304,2281,1.390,1.670,1.090,3,0,16.986,0,0,18,299,0,22,0
27-06 02:20:34,12.728,1.497,83.358,0.499,0,5383688,125200,172688,2322332,30488.938,17963.327,0,1996.591,0,73.874,1850,1795,1.390,1.670,1.090,1,0,0,0,0,18,299,0,20,0
27-06 02:20:35,5.757,1.251,92.357,0.501,0,5379108,129456,172792,2322532,145512.786,10760.482,0,981.138,0,46.053,1466,1681,1.390,1.670,1.090,2,0,0,0,0,18,300,0,20,0
27-06 02:20:36,15.609,2.014,81.569,0.504,0,5382224,126940,172920,2321808,28359.846,11035.990,0,1252.739,0,51.358,1811,1669,1.520,1.690,1.100,3,0,0,0,0,18,300,0,20,0
27-06 02:20:37,13.419,1.491,83.495,0.497,0,5389004,119564,173044,2322304,22267.432,12253.946,0,1280.263,0,53.676,1770,1721,1.520,1.690,1.100,2,0,0,0,0,18,300,0,20,0
27-06 02:20:38,9.746,1.749,87.210,0.500,0,5380488,127528,173256,2322644,358289.501,19148.209,15.993,1811.168,1.000,77.964,2254,2288,1.520,1.690,1.100,1,0,0,0,0,18,300,0,16,0
27-06 02:20:39,8.245,1.749,87.696,0.999,0,5380924,126268,173580,2323120,106976.647,19221.258,27.983,2886.237,3.998,148.909,2144,2537,1.520,1.690,1.100,2,0,0,0,0,18,300,0,16,0
27-06 02:20:40,11.320,2.767,84.023,0.503,0,5387184,131932,173684,2311592,1513190.523,39624.582,104.651,13793.838,6.038,112.701,3432,2842,1.520,1.690,1.100,1,0,2.013,0,0,18,300,0,16,0
27-06 02:20:41,4.723,3.232,88.002,0.994,0,5379772,125920,173748,2324920,7217994.415,108668.953,0,6296.364,0,233.677,7741,4471,1.480,1.680,1.100,1,0,2.983,0,0,18,300,0,16,0
27-06 02:20:42,7.030,7.281,82.103,0.753,0,5355720,245792,151428,2271280,10237765.304,153153.842,168.725,12903.424,5.022,70.302,10761,5662,1.480,1.680,1.100,1,0,1.004,0,0,18,300,0,12,0
27-06 02:20:43,22.765,2.251,73.547,0.500,0,5364304,225896,151888,2282080,202712.393,4235.704,0,1797.147,0,72.046,2335,2063,1.480,1.680,1.100,2,0,1.001,0,0,18,300,0,12,0
27-06 02:20:44,21.677,3.987,73.004,0.498,0,5371376,201728,155084,2295632,5308.104,1560.738,0,3675.608,0,65.778,2256,1987,1.480,1.680,1.100,1,0,0,0,0,18,300,0,12,0
27-06 02:20:45,23.481,2.998,71.943,0.500,0,5365904,190104,155556,2311980,4460.476,1510.807,3.997,17598.098,0.999,142.887,2467,2186,1.480,1.680,1.100,2,0,0,0,0,18,300,0,12,0
27-06 02:20:46,21.979,4.246,71.933,0.999,0,5368672,151424,156600,2346328,4373.914,1240.841,7.993,2441.719,1.998,101.905,2413,2197,1.440,1.670,1.100,3,0,0,0,0,18,300,0,10,0
27-06 02:20:47,21.735,9.743,66.203,0.999,0,5379848,145732,156176,2341488,5009.479,1349.052,19.986,145497.742,4.996,816.426,3927,3264,1.440,1.670,1.100,2,0,0,0,0,18,300,0,10,0
27-06 02:20:48,24.230,3.497,71.441,0.500,0,5381996,169948,156236,2314984,4901.960,1564.710,3.997,1758.551,0.999,42.965,2501,2321,1.440,1.670,1.100,3,0,0,0,0,18,300,0,10,0
27-06 02:20:49,24.787,3.756,69.853,0.250,0,5389960,149544,156628,2326836,4867.186,1622.395,4.006,2087.081,1.001,61.090,2652,2412,1.440,1.670,1.100,1,1,0,0,0,18,300,0,10,0
27-06 02:20:50,23.007,3.501,72.271,0.750,0,5382744,128296,157972,2353620,4861.436,1620.479,4.001,3176.938,1.000,106.031,2493,2332,1.440,1.670,1.100,2,0,1.000,0,0,18,300,0,10,0
27-06 02:20:51,22.720,3.995,71.405,0.499,0,5323472,221616,158164,2319300,5538.667,1965.398,59.921,3711.087,7.989,232.692,2665,2327,1.410,1.660,1.100,3,0,18.975,0,0,18,298,0,10,0
27-06 02:20:52,19.011,5.503,73.793,0.250,0,5344068,195480,158396,2324608,12152.117,4737.775,72.042,89732.551,6.004,959.562,3614,3226,1.410,1.660,1.100,2,0,18.011,0,0,18,298,0,10,0
27-06 02:20:53,24.271,5.755,69.059,0.250,0,5369496,168116,158496,2326436,5432.644,1459.247,0,1641.403,0,18.015,8377,15812,1.410,1.660,1.100,2,0,7.006,0,0,18,298,0,10,0
27-06 02:20:54,22.266,5.254,70.800,0.500,0,5353156,184020,158584,2326772,5533.908,1621.145,0,2145.515,0,39.028,2548,2140,1.410,1.660,1.100,3,0,11.008,0,0,18,298,0,6,0
27-06 02:20:55,20.948,7.980,69.329,0,0,5353772,183264,158628,2326868,4806.144,1454.412,0,1232.958,0,16.958,9356,17920,1.410,1.660,1.100,3,0,16.958,0,0,18,298,0,6,0
27-06 02:20:56,22.267,5.004,71.304,0.250,0,5336432,208000,158652,2319456,4451.389,1230.937,0,1128.859,0,34.026,2446,2196,1.370,1.650,1.100,2,0,1.001,0,0,18,298,0,6,0
27-06 02:20:57,22.991,3.998,72.721,0,0,5357620,183492,159004,2322424,4453.219,959.616,839.664,375.850,26.989,8.996,2257,1854,1.370,1.650,1.100,2,0,4.998,0,0,18,298,0,6,0
27-06 02:20:58,24.254,4.501,68.511,1.000,0,5356788,183252,159112,2323388,4832.784,1554.252,580.094,2532.411,34.006,117.019,5953,8252,1.370,1.650,1.100,4,0,0,0,0,18,301,0,11,0
27-06 02:20:59,20.127,11.070,65.917,1.258,0,5301580,237000,159364,2324596,5422.291,1575.967,720.557,2334.765,40.255,256.623,6757,8868,1.370,1.650,1.100,2,0,127.808,0,0,18,300,0,10,0
27-06 02:21:00,9.191,20.867,67.320,0.497,0,5310464,226572,159380,2326124,5218.701,1544.147,1478.566,973.787,33.784,61.607,5451,4202,1.370,1.650,1.100,2,0,295.117,0,0,18,300,0,10,0
27-06 02:21:01,13.490,7.245,70.199,7.744,0,5278816,239252,159396,2345076,5118.247,1241.090,18934.115,407.701,1395.976,16.988,4016,4747,1.340,1.640,1.100,2,0,31.977,0,0,18,300,0,12,0
27-06 02:21:02,9.783,4.515,70.486,12.793,0,5268772,223140,159484,2371144,4112.759,704.356,25934.763,5470.300,2180.294,487.631,4501,6563,1.340,1.640,1.100,2,0,0,0,0,18,300,0,12,0
27-06 02:21:03,8.727,5.236,84.281,0.499,0,5273768,217128,159512,2372132,10432.884,3586.678,1220.827,1145.024,35.907,23.938,2799,10336,1.340,1.640,1.100,2,0,41.891,0,0,18,301,0,12,0
27-06 02:21:04,2.502,0.750,96.064,0,0,5272628,218268,159516,2372128,42572.185,5132.398,0,64.042,0,8.005,1068,1323,1.340,1.640,1.100,1,0,0,0,0,18,301,0,12,0
27-06 02:21:05,3.245,3.495,92.115,0,0,5255524,235028,159680,2372308,86647.059,127313.481,535.216,467.315,21.968,0.999,1657,1669,1.340,1.640,1.100,1,0,26.961,0,0,18,300,0,12,0
27-06 02:21:06,1.751,0.750,96.780,0,0,5255524,235028,159680,2372308,5281.624,1620.498,0,0,0,0,962,1266,1.230,1.610,1.090,1,0,0,0,0,18,300,0,12,0
27-06 02:21:07,2.250,0.500,96.760,0,0,5255516,235028,159680,2372316,5177.545,1620.171,0,0,0,0,994,1330,1.230,1.610,1.090,1,0,0,0,0,18,300,0,11,0
27-06 02:21:08,0.751,0.751,97.653,0.250,0,5253604,236940,159684,2372312,4927.703,1622.536,0,376.589,0,9.014,918,1331,1.230,1.610,1.090,1,0,0,0,0,18,300,0,11,0
27-06 02:21:09,3.000,1.000,94.254,0.250,0,5253504,236940,159744,2372352,4652.192,1512.063,32.001,556.023,2.000,65.003,1751,2560,1.230,1.610,1.090,1,0,0,0,0,18,300,0,11,0
27-06 02:21:10,1.999,0.749,96.433,0.250,0,5253488,236940,159756,2372356,4976.530,1618.871,0,187.869,0,19.986,1109,1632,1.230,1.610,1.090,1,0,0.999,0,0,18,300,0,11,0
27-06 02:21:11,2.248,0.499,96.399,0,0,5253488,236940,159776,2372336,5739.958,1564.353,0,199.790,0,19.979,1335,1977,1.140,1.580,1.080,1,0,0,0,0,18,300,0,11,0
27-06 02:21:12,1.000,0.750,96.490,0.250,0,5253460,236940,159780,2372360,6288.342,1511.842,0,107.989,0,8.999,991,1355,1.140,1.580,1.080,1,0,0,0,0,18,300,0,11,0
27-06 02:21:13,2.003,0.751,97.419,0,0.250,5253460,236940,159788,2372352,4974.612,1568.716,0,108.187,0,8.014,1039,1432,1.140,1.580,1.080,1,0,0,0,0,18,300,0,11,0
27-06 02:21:14,1.496,0.997,96.474,0,0,5253452,236940,159788,2372360,5444.434,1615.381,0,175.498,0,10.969,1038,1350,1.140,1.580,1.080,3,0,0,0,0,18,300,0,11,0
27-06 02:21:15,1.001,0.501,97.350,0,0,5253448,236940,159792,2372360,5317.468,1513.556,0,224.231,0,6.006,937,1286,1.140,1.580,1.080,1,0,0,0,0,18,300,0,11,0
27-06 02:21:16,1.251,0.750,97.303,0,0,5253448,236940,159792,2372360,5569.021,1566.850,0,0,0,0,897,1230,1.040,1.560,1.080,1,0,0,0,0,18,300,0,11,0
27-06 02:21:17,1.502,0.501,97.883,0,0,5253448,236940,159792,2372360,5636.662,1514.058,0,0,0,0,911,1244,1.040,1.560,1.080,1,0,0,0,0,18,300,0,11,0
27-06 02:21:18,1.500,1.500,94.500,1.000,0,5253448,236940,159796,2372356,5385.979,1565.994,4.000,13467.947,1.000,245.999,1402,1763,1.040,1.560,1.080,1,0,2.000,0,0,18,300,0,11,0
27-06 02:21:19,2.250,1.000,96.245,0.250,0,5253408,236940,159812,2372380,5191.730,1511.921,0,651.966,0,36.998,1513,2216,1.040,1.560,1.080,1,0,0,0,0,18,300,0,11,0
27-06 02:21:20,1.249,0.749,97.161,0,0,5253408,236940,159812,2372380,5321.150,1564.574,0,143.869,0,13.987,990,1385,1.040,1.560,1.080,2,0,0.999,0,0,18,300,0,11,0
27-06 02:21:21,1.501,1.000,96.290,0,0,5253392,236940,159820,2372388,5134.138,1512.630,0,72.030,0,7.003,916,1334,0.960,1.530,1.070,0,0,0,0,0,18,300,0,11,0
27-06 02:21:22,1.248,3.495,94.355,0.250,0,5262156,228172,159824,2372388,4915.448,1563.598,0,215.669,0,14.977,1105,1372,0.960,1.530,1.070,1,0,0,0,0,18,300,0,11,0
27-06 02:21:23,1.499,2.748,94.417,0.999,0,5262380,227948,159892,2372320,5127.482,1510.669,15.986,69043.160,3.996,830.268,2307,2907,0.960,1.530,1.070,2,0,0,0,0,18,300,0,11,0
27-06 02:21:24,1.254,0.753,97.345,0.251,0,5262520,227948,159896,2372428,4937.510,1625.766,0,1027.644,0,8.028,951,1241,0.960,1.530,1.070,1,0,0,0,0,18,300,0,11,0
27-06 02:21:25,8.737,2.247,87.365,0.250,0,5288636,199740,159900,2374516,5251.885,1617.501,2360.353,83.870,34.946,11.981,1713,1866,0.960,1.530,1.070,3,0,2.995,0,0,18,300,0,11,0
27-06 02:21:26,19.759,7.253,72.035,0.250,0,5296084,192244,159920,2374544,5582.683,1620.779,512.246,264.127,4.002,23.011,2767,2385,0.960,1.520,1.070,2,0,8.004,0,0,18,300,0,11,0
27-06 02:21:27,6.252,1.501,90.786,0,0,5277204,211108,159932,2374548,5645.245,1566.623,256.102,128.051,2.001,12.005,1533,1722,0.960,1.520,1.070,2,0,1.000,0,0,18,300,0,11,0
27-06 02:21:28,1.751,1.000,96.779,0,0,5275944,212368,159932,2374548,5641.707,1620.490,0,2592.785,0,14.004,1113,1477,0.960,1.520,1.070,1,0,0,0,0,18,300,0,11,0
27-06 02:21:29,2.250,1.500,94.264,0.250,0,5259188,229072,159952,2374580,5192.768,1512.224,32.005,1536.227,1.000,212.031,1578,2350,0.960,1.520,1.070,1,0,0,0,0,18,300,0,11,0
27-06 02:21:30,1.250,0.500,97.726,0,0,5250248,238004,159952,2374588,5084.775,1607.613,0,103.975,0,7.998,939,1307,0.960,1.520,1.070,2,0,1.000,0,0,18,300,0,11,0
27-06 02:21:31,1.249,0.749,97.137,0,0,5250248,238004,159952,2374588,6204.765,1510.239,0,0,0,0,932,1282,0.890,1.500,1.070,1,0,0,0,0,18,300,0,11,0
27-06 02:21:32,1.247,0.499,96.779,0.249,0,5250244,238004,159956,2374588,6647.816,1562.431,0,215.508,0,14.966,971,1307,0.890,1.500,1.070,1,0,0,0,0,18,300,0,11,0
27-06 02:21:33,2.760,1.505,95.585,0,0,5250408,237764,159964,2374656,5936.800,1300.557,64.225,60.211,3.011,10.035,1316,1726,0.890,1.500,1.070,1,0,1.004,0,0,18,300,0,11,0
27-06 02:21:34,3.994,1.498,93.355,0,0,5250632,237524,159964,2374672,4874.425,1240.073,0,3.994,0,0.998,1435,1878,0.890,1.500,1.070,1,0,2.995,0,0,18,300,0,11,0
27-06 02:21:35,4.258,1.252,93.415,0,0,5250580,237524,159976,2374712,4399.783,703.244,96.170,216.383,5.009,18.032,1560,2179,0.890,1.500,1.070,1,0,2.004,0,0,18,300,0,11,0
27-06 02:21:36,10.003,2.501,86.780,0,0,5262060,225936,159984,2374812,273582.920,4173.448,4.001,84.029,1.000,6.002,1819,1710,0.900,1.490,1.070,1,0,8.003,0,0,18,300,0,11,0
27-06 02:21:37,10.506,5.003,83.546,0,0,5276928,210832,160004,2375028,283855.846,10587.776,212.116,108.059,9.005,4.002,2549,2056,0.900,1.490,1.070,2,0,36.020,0,0,18,300,0,11,0
27-06 02:21:38,14.728,7.239,76.887,0.250,0,5273908,209180,160028,2379676,144128.512,1669.550,151.777,379.443,2.996,13.979,2674,1977,0.900,1.490,1.070,2,0,34.949,0,0,18,300,0,11,0
