Nov 29 19:48:30 jammy-provider-cloud-0000007761 cinder-volume[102690]: DEBUG oslo_concurrency.processutils [None req-794a930e-f5cf-4905-aace-70258bec58be None None] CMD "sudo cinder-rootwrap /etc/cinder/rootwrap.conf env LC_ALL=C lvs --noheadings --unit=g -o vg_name,name,size --nosuffix --readonly stack-volumes-lvmdriver-1" returned: 0 in 0.337s {{(pid=102690) execute /opt/stack/data/venv/lib/python3.10/site-packages/oslo_concurrency/processutils.py:421}}
Nov 29 19:48:30 jammy-provider-cloud-0000007761 cinder-volume[102690]: DEBUG cinder.manager [None req-794a930e-f5cf-4905-aace-70258bec58be None None] Notifying Schedulers of capabilities ... {{(pid=102690) _publish_service_capabilities /opt/stack/cinder/cinder/manager.py:202}}
Nov 29 19:48:37 jammy-provider-cloud-0000007761 systemd[1]: Stopping Devstack devstack@c-vol.service...
Nov 29 19:48:37 jammy-provider-cloud-0000007761 cinder-volume[102508]: INFO oslo_service.service [None req-44a5e003-527e-4a0e-8686-b9ba553e453a None None] Caught SIGTERM, stopping children
Nov 29 19:48:37 jammy-provider-cloud-0000007761 cinder-volume[102508]: DEBUG oslo_concurrency.lockutils [None req-44a5e003-527e-4a0e-8686-b9ba553e453a None None] Acquiring lock "singleton_lock" {{(pid=102508) lock /opt/stack/data/venv/lib/python3.10/site-packages/oslo_concurrency/lockutils.py:310}}
Nov 29 19:48:37 jammy-provider-cloud-0000007761 cinder-volume[102508]: DEBUG oslo_concurrency.lockutils [None req-44a5e003-527e-4a0e-8686-b9ba553e453a None None] Acquired lock "singleton_lock" {{(pid=102508) lock /opt/stack/data/venv/lib/python3.10/site-packages/oslo_concurrency/lockutils.py:313}}
Nov 29 19:48:37 jammy-provider-cloud-0000007761 cinder-volume[102508]: DEBUG oslo_concurrency.lockutils [None req-44a5e003-527e-4a0e-8686-b9ba553e453a None None] Releasing lock "singleton_lock" {{(pid=102508) lock /opt/stack/data/venv/lib/python3.10/site-packages/oslo_concurrency/lockutils.py:331}}
Nov 29 19:48:37 jammy-provider-cloud-0000007761 cinder-volume[102508]: DEBUG oslo_service.service [None req-44a5e003-527e-4a0e-8686-b9ba553e453a None None] Stop services. {{(pid=102508) stop /opt/stack/data/venv/lib/python3.10/site-packages/oslo_service/service.py:699}}
Nov 29 19:48:37 jammy-provider-cloud-0000007761 cinder-volume[102508]: DEBUG oslo_service.service [None req-44a5e003-527e-4a0e-8686-b9ba553e453a None None] Killing children. {{(pid=102508) stop /opt/stack/data/venv/lib/python3.10/site-packages/oslo_service/service.py:704}}
Nov 29 19:48:37 jammy-provider-cloud-0000007761 cinder-volume[102508]: INFO oslo_service.service [None req-44a5e003-527e-4a0e-8686-b9ba553e453a None None] Waiting on 1 children to exit
Nov 29 19:48:41 jammy-provider-cloud-0000007761 cinder-volume[102690]: DEBUG cinder.volume.drivers.lvm [None req-1b2acb0b-777e-471c-93a5-bf74fceea0a2 None None] Updating volume stats {{(pid=102690) _update_volume_stats /opt/stack/cinder/cinder/volume/drivers/lvm.py:227}}
Nov 29 19:48:41 jammy-provider-cloud-0000007761 cinder-volume[102690]: DEBUG oslo_concurrency.processutils [None req-1b2acb0b-777e-471c-93a5-bf74fceea0a2 None None] Running cmd (subprocess): sudo cinder-rootwrap /etc/cinder/rootwrap.conf env LC_ALL=C vgs --noheadings --unit=g -o name,size,free,lv_count,uuid --separator : --nosuffix stack-volumes-lvmdriver-1 {{(pid=102690) execute /opt/stack/data/venv/lib/python3.10/site-packages/oslo_concurrency/processutils.py:383}}
Nov 29 19:48:41 jammy-provider-cloud-0000007761 sudo[112278]:   ubuntu : PWD=/ ; USER=root ; COMMAND=/usr/local/bin/cinder-rootwrap /etc/cinder/rootwrap.conf env LC_ALL=C vgs --noheadings --unit=g -o name,size,free,lv_count,uuid --separator : --nosuffix stack-volumes-lvmdriver-1
Nov 29 19:48:41 jammy-provider-cloud-0000007761 sudo[112278]: pam_unix(sudo:session): session opened for user root(uid=0) by (uid=1000)
Nov 29 19:48:41 jammy-provider-cloud-0000007761 sudo[112278]: pam_unix(sudo:session): session closed for user root
Nov 29 19:48:41 jammy-provider-cloud-0000007761 cinder-volume[102690]: DEBUG oslo_concurrency.processutils [None req-1b2acb0b-777e-471c-93a5-bf74fceea0a2 None None] CMD "sudo cinder-rootwrap /etc/cinder/rootwrap.conf env LC_ALL=C vgs --noheadings --unit=g -o name,size,free,lv_count,uuid --separator : --nosuffix stack-volumes-lvmdriver-1" returned: 0 in 0.363s {{(pid=102690) execute /opt/stack/data/venv/lib/python3.10/site-packages/oslo_concurrency/processutils.py:421}}
Nov 29 19:48:41 jammy-provider-cloud-0000007761 cinder-volume[102690]: DEBUG oslo_concurrency.processutils [None req-1b2acb0b-777e-471c-93a5-bf74fceea0a2 None None] Running cmd (subprocess): sudo cinder-rootwrap /etc/cinder/rootwrap.conf env LC_ALL=C lvs --noheadings --unit=g -o vg_name,name,size --nosuffix --readonly stack-volumes-lvmdriver-1 {{(pid=102690) execute /opt/stack/data/venv/lib/python3.10/site-packages/oslo_concurrency/processutils.py:383}}
Nov 29 19:48:41 jammy-provider-cloud-0000007761 sudo[112282]:   ubuntu : PWD=/ ; USER=root ; COMMAND=/usr/local/bin/cinder-rootwrap /etc/cinder/rootwrap.conf env LC_ALL=C lvs --noheadings --unit=g -o vg_name,name,size --nosuffix --readonly stack-volumes-lvmdriver-1
Nov 29 19:48:41 jammy-provider-cloud-0000007761 sudo[112282]: pam_unix(sudo:session): session opened for user root(uid=0) by (uid=1000)
Nov 29 19:48:42 jammy-provider-cloud-0000007761 cinder-volume[102690]: DEBUG oslo_concurrency.lockutils [None req-44a5e003-527e-4a0e-8686-b9ba553e453a None None] Acquiring lock "singleton_lock" {{(pid=102690) lock /opt/stack/data/venv/lib/python3.10/site-packages/oslo_concurrency/lockutils.py:310}}
Nov 29 19:48:42 jammy-provider-cloud-0000007761 cinder-volume[102690]: DEBUG oslo_concurrency.lockutils [None req-44a5e003-527e-4a0e-8686-b9ba553e453a None None] Acquired lock "singleton_lock" {{(pid=102690) lock /opt/stack/data/venv/lib/python3.10/site-packages/oslo_concurrency/lockutils.py:313}}
Nov 29 19:48:42 jammy-provider-cloud-0000007761 cinder-volume[102690]: DEBUG oslo_concurrency.lockutils [None req-44a5e003-527e-4a0e-8686-b9ba553e453a None None] Releasing lock "singleton_lock" {{(pid=102690) lock /opt/stack/data/venv/lib/python3.10/site-packages/oslo_concurrency/lockutils.py:331}}
Nov 29 19:48:42 jammy-provider-cloud-0000007761 sudo[112282]: pam_unix(sudo:session): session closed for user root
Nov 29 19:48:42 jammy-provider-cloud-0000007761 cinder-volume[102690]: DEBUG oslo_concurrency.processutils [None req-1b2acb0b-777e-471c-93a5-bf74fceea0a2 None None] CMD "sudo cinder-rootwrap /etc/cinder/rootwrap.conf env LC_ALL=C lvs --noheadings --unit=g -o vg_name,name,size --nosuffix --readonly stack-volumes-lvmdriver-1" returned: 0 in 0.335s {{(pid=102690) execute /opt/stack/data/venv/lib/python3.10/site-packages/oslo_concurrency/processutils.py:421}}
Nov 29 19:48:42 jammy-provider-cloud-0000007761 cinder-volume[102690]: DEBUG oslo_concurrency.processutils [None req-1b2acb0b-777e-471c-93a5-bf74fceea0a2 None None] Running cmd (subprocess): sudo cinder-rootwrap /etc/cinder/rootwrap.conf env LC_ALL=C lvs --noheadings --unit=g -o size,data_percent --separator : --nosuffix /dev/stack-volumes-lvmdriver-1/stack-volumes-lvmdriver-1-pool {{(pid=102690) execute /opt/stack/data/venv/lib/python3.10/site-packages/oslo_concurrency/processutils.py:383}}
Nov 29 19:48:42 jammy-provider-cloud-0000007761 sudo[112285]:   ubuntu : PWD=/ ; USER=root ; COMMAND=/usr/local/bin/cinder-rootwrap /etc/cinder/rootwrap.conf env LC_ALL=C lvs --noheadings --unit=g -o size,data_percent --separator : --nosuffix /dev/stack-volumes-lvmdriver-1/stack-volumes-lvmdriver-1-pool
Nov 29 19:48:42 jammy-provider-cloud-0000007761 sudo[112285]: pam_unix(sudo:session): session opened for user root(uid=0) by (uid=1000)
Nov 29 19:48:42 jammy-provider-cloud-0000007761 sudo[112285]: pam_unix(sudo:session): session closed for user root
Nov 29 19:48:42 jammy-provider-cloud-0000007761 cinder-volume[102690]: DEBUG oslo_concurrency.processutils [None req-1b2acb0b-777e-471c-93a5-bf74fceea0a2 None None] CMD "sudo cinder-rootwrap /etc/cinder/rootwrap.conf env LC_ALL=C lvs --noheadings --unit=g -o size,data_percent --separator : --nosuffix /dev/stack-volumes-lvmdriver-1/stack-volumes-lvmdriver-1-pool" returned: 0 in 0.349s {{(pid=102690) execute /opt/stack/data/venv/lib/python3.10/site-packages/oslo_concurrency/processutils.py:421}}
Nov 29 19:48:42 jammy-provider-cloud-0000007761 cinder-volume[102690]: DEBUG oslo_concurrency.processutils [None req-1b2acb0b-777e-471c-93a5-bf74fceea0a2 None None] Running cmd (subprocess): sudo cinder-rootwrap /etc/cinder/rootwrap.conf env LC_ALL=C lvs --noheadings --unit=g -o vg_name,name,size --nosuffix --readonly stack-volumes-lvmdriver-1 {{(pid=102690) execute /opt/stack/data/venv/lib/python3.10/site-packages/oslo_concurrency/processutils.py:383}}
Nov 29 19:48:42 jammy-provider-cloud-0000007761 sudo[112288]:   ubuntu : PWD=/ ; USER=root ; COMMAND=/usr/local/bin/cinder-rootwrap /etc/cinder/rootwrap.conf env LC_ALL=C lvs --noheadings --unit=g -o vg_name,name,size --nosuffix --readonly stack-volumes-lvmdriver-1
Nov 29 19:48:42 jammy-provider-cloud-0000007761 sudo[112288]: pam_unix(sudo:session): session opened for user root(uid=0) by (uid=1000)
Nov 29 19:48:42 jammy-provider-cloud-0000007761 systemd[1]: devstack@c-vol.service: Main process exited, code=killed, status=14/ALRM
Nov 29 19:48:42 jammy-provider-cloud-0000007761 systemd[1]: devstack@c-vol.service: Failed with result 'signal'.
Nov 29 19:48:42 jammy-provider-cloud-0000007761 systemd[1]: devstack@c-vol.service: Unit process 102690 (cinder-volume) remains running after unit stopped.
Nov 29 19:48:42 jammy-provider-cloud-0000007761 systemd[1]: devstack@c-vol.service: Unit process 112288 (sudo) remains running after unit stopped.
Nov 29 19:48:42 jammy-provider-cloud-0000007761 systemd[1]: devstack@c-vol.service: Unit process 112289 (cinder-rootwrap) remains running after unit stopped.
Nov 29 19:48:42 jammy-provider-cloud-0000007761 systemd[1]: Stopped Devstack devstack@c-vol.service.
Nov 29 19:48:42 jammy-provider-cloud-0000007761 systemd[1]: devstack@c-vol.service: Consumed 19.898s CPU time.
Nov 29 19:48:42 jammy-provider-cloud-0000007761 systemd[1]: devstack@c-vol.service: Found left-over process 102690 (cinder-volume) in control group while starting unit. Ignoring.
Nov 29 19:48:42 jammy-provider-cloud-0000007761 systemd[1]: This usually indicates unclean termination of a previous run, or service implementation deficiencies.
Nov 29 19:48:42 jammy-provider-cloud-0000007761 systemd[1]: devstack@c-vol.service: Found left-over process 112288 (sudo) in control group while starting unit. Ignoring.
Nov 29 19:48:42 jammy-provider-cloud-0000007761 systemd[1]: This usually indicates unclean termination of a previous run, or service implementation deficiencies.
Nov 29 19:48:42 jammy-provider-cloud-0000007761 systemd[1]: devstack@c-vol.service: Found left-over process 112289 (cinder-rootwrap) in control group while starting unit. Ignoring.
Nov 29 19:48:42 jammy-provider-cloud-0000007761 systemd[1]: This usually indicates unclean termination of a previous run, or service implementation deficiencies.
Nov 29 19:48:42 jammy-provider-cloud-0000007761 cinder-volume[102690]: INFO oslo_service.service [-] Parent process has died unexpectedly, exiting
Nov 29 19:48:42 jammy-provider-cloud-0000007761 systemd[1]: Started Devstack devstack@c-vol.service.
Nov 29 19:48:42 jammy-provider-cloud-0000007761 cinder-volume[102690]: WARNING amqp [None req-44a5e003-527e-4a0e-8686-b9ba553e453a None None] Received method (60, 30) during closing channel 1. This method will be ignored
Nov 29 19:48:42 jammy-provider-cloud-0000007761 sudo[112288]: pam_unix(sudo:session): session closed for user root
Nov 29 19:48:43 jammy-provider-cloud-0000007761 cinder-volume[112290]: DEBUG oslo_concurrency.lockutils [-] Acquiring lock "singleton_lock" {{(pid=112290) lock /opt/stack/data/venv/lib/python3.10/site-packages/oslo_concurrency/lockutils.py:310}}
Nov 29 19:48:43 jammy-provider-cloud-0000007761 cinder-volume[112290]: DEBUG oslo_concurrency.lockutils [-] Acquired lock "singleton_lock" {{(pid=112290) lock /opt/stack/data/venv/lib/python3.10/site-packages/oslo_concurrency/lockutils.py:313}}
Nov 29 19:48:43 jammy-provider-cloud-0000007761 cinder-volume[112290]: DEBUG oslo_concurrency.lockutils [-] Releasing lock "singleton_lock" {{(pid=112290) lock /opt/stack/data/venv/lib/python3.10/site-packages/oslo_concurrency/lockutils.py:331}}
Nov 29 19:48:44 jammy-provider-cloud-0000007761 cinder-volume[112290]: DEBUG oslo_db.sqlalchemy.engines [None req-2a969cb8-2a45-4851-9848-80adb746778c None None] MySQL server mode set to STRICT_TRANS_TABLES,STRICT_ALL_TABLES,NO_ZERO_IN_DATE,NO_ZERO_DATE,ERROR_FOR_DIVISION_BY_ZERO,TRADITIONAL,NO_ENGINE_SUBSTITUTION {{(pid=112290) _check_effective_sql_mode /opt/stack/data/venv/lib/python3.10/site-packages/oslo_db/sqlalchemy/engines.py:342}}
Nov 29 19:48:44 jammy-provider-cloud-0000007761 cinder-volume[112290]: INFO cinder.rpc [None req-2a969cb8-2a45-4851-9848-80adb746778c None None] Automatically selected cinder-scheduler objects version 1.39 as minimum service version.
Nov 29 19:48:44 jammy-provider-cloud-0000007761 cinder-volume[112290]: INFO cinder.rpc [None req-2a969cb8-2a45-4851-9848-80adb746778c None None] Automatically selected cinder-scheduler RPC version 3.12 as minimum service version.
Nov 29 19:48:44 jammy-provider-cloud-0000007761 cinder-volume[112290]: DEBUG oslo_db.sqlalchemy.engines [None req-2a969cb8-2a45-4851-9848-80adb746778c None None] MySQL server mode set to STRICT_TRANS_TABLES,STRICT_ALL_TABLES,NO_ZERO_IN_DATE,NO_ZERO_DATE,ERROR_FOR_DIVISION_BY_ZERO,TRADITIONAL,NO_ENGINE_SUBSTITUTION {{(pid=112290) _check_effective_sql_mode /opt/stack/data/venv/lib/python3.10/site-packages/oslo_db/sqlalchemy/engines.py:342}}
Nov 29 19:48:44 jammy-provider-cloud-0000007761 cinder-volume[112290]: INFO cinder.volume.manager [None req-2a969cb8-2a45-4851-9848-80adb746778c None None] Determined volume DB was empty at startup.
Nov 29 19:48:44 jammy-provider-cloud-0000007761 cinder-volume[112290]: DEBUG cinder.volume.manager [None req-2a969cb8-2a45-4851-9848-80adb746778c None None] Cinder Volume DB check: vol_db_empty=True {{(pid=112290) __init__ /opt/stack/cinder/cinder/volume/manager.py:288}}
Nov 29 19:48:44 jammy-provider-cloud-0000007761 cinder-volume[112290]: INFO cinder.volume.manager [None req-2a969cb8-2a45-4851-9848-80adb746778c None None] Service not found for updating active_backend_id, assuming default for driver init.
Nov 29 19:48:44 jammy-provider-cloud-0000007761 cinder-volume[112290]: WARNING stevedore.named [None req-2a969cb8-2a45-4851-9848-80adb746778c None None] Could not load cinder.keymgr.conf_key_mgr.ConfKeyManager
Nov 29 19:48:44 jammy-provider-cloud-0000007761 cinder-volume[112290]: WARNING castellan.key_manager [None req-2a969cb8-2a45-4851-9848-80adb746778c None None] Deprecation Warning : cinder.keymgr.conf_key_mgr.ConfKeyManager is not a stevedore based driver, trying to load it as a class: stevedore.exception.NoMatches: No 'castellan.drivers' driver found, looking for 'cinder.keymgr.conf_key_mgr.ConfKeyManager'
Nov 29 19:48:44 jammy-provider-cloud-0000007761 cinder-volume[112290]: WARNING cinder.keymgr.conf_key_mgr [None req-2a969cb8-2a45-4851-9848-80adb746778c None None] This key manager is insecure and is not recommended for production deployments: stevedore.exception.NoMatches: No 'castellan.drivers' driver found, looking for 'cinder.keymgr.conf_key_mgr.ConfKeyManager'
Nov 29 19:48:44 jammy-provider-cloud-0000007761 cinder-volume[112290]: DEBUG cinder.zonemanager.utils [None req-2a969cb8-2a45-4851-9848-80adb746778c None None] Zoning mode: None. {{(pid=112290) create_lookup_service /opt/stack/cinder/cinder/zonemanager/utils.py:56}}
Nov 29 19:48:44 jammy-provider-cloud-0000007761 cinder-volume[112290]: DEBUG cinder.zonemanager.utils [None req-2a969cb8-2a45-4851-9848-80adb746778c None None] FC Lookup Service not enabled in cinder.conf. {{(pid=112290) create_lookup_service /opt/stack/cinder/cinder/zonemanager/utils.py:63}}
Nov 29 19:48:44 jammy-provider-cloud-0000007761 cinder-volume[112290]: INFO cinder.volume.manager [None req-2a969cb8-2a45-4851-9848-80adb746778c None None] Image-volume cache disabled for host jammy-provider-cloud-0000007761@arcusfc1.
Nov 29 19:48:44 jammy-provider-cloud-0000007761 cinder-volume[112290]: DEBUG oslo_db.sqlalchemy.engines [None req-2a969cb8-2a45-4851-9848-80adb746778c None None] MySQL server mode set to STRICT_TRANS_TABLES,STRICT_ALL_TABLES,NO_ZERO_IN_DATE,NO_ZERO_DATE,ERROR_FOR_DIVISION_BY_ZERO,TRADITIONAL,NO_ENGINE_SUBSTITUTION {{(pid=112290) _check_effective_sql_mode /opt/stack/data/venv/lib/python3.10/site-packages/oslo_db/sqlalchemy/engines.py:342}}
Nov 29 19:48:44 jammy-provider-cloud-0000007761 cinder-volume[112290]: INFO oslo_service.service [None req-2a969cb8-2a45-4851-9848-80adb746778c None None] Starting 1 workers
Nov 29 19:48:44 jammy-provider-cloud-0000007761 cinder-volume[112290]: DEBUG oslo_service.service [None req-2a969cb8-2a45-4851-9848-80adb746778c None None] Started child 112296 {{(pid=112290) _start_child /opt/stack/data/venv/lib/python3.10/site-packages/oslo_service/service.py:579}}
Nov 29 19:48:44 jammy-provider-cloud-0000007761 cinder-volume[112296]: INFO cinder.service [-] Starting cinder-volume node (version 25.1.0)
Nov 29 19:48:44 jammy-provider-cloud-0000007761 cinder-volume[112290]: DEBUG oslo_db.sqlalchemy.engines [None req-2a969cb8-2a45-4851-9848-80adb746778c None None] MySQL server mode set to STRICT_TRANS_TABLES,STRICT_ALL_TABLES,NO_ZERO_IN_DATE,NO_ZERO_DATE,ERROR_FOR_DIVISION_BY_ZERO,TRADITIONAL,NO_ENGINE_SUBSTITUTION {{(pid=112290) _check_effective_sql_mode /opt/stack/data/venv/lib/python3.10/site-packages/oslo_db/sqlalchemy/engines.py:342}}
Nov 29 19:48:44 jammy-provider-cloud-0000007761 cinder-volume[112296]: INFO cinder.volume.manager [None req-bc47685c-5fdc-434a-9caf-c8f263f643b7 None None] Starting volume driver HPE3PARNVMEDriver (1.0)
Nov 29 19:48:44 jammy-provider-cloud-0000007761 cinder-volume[112290]: INFO cinder.volume.manager [None req-2a969cb8-2a45-4851-9848-80adb746778c None None] Determined volume DB was empty at startup.
Nov 29 19:48:44 jammy-provider-cloud-0000007761 cinder-volume[112290]: DEBUG cinder.volume.manager [None req-2a969cb8-2a45-4851-9848-80adb746778c None None] Cinder Volume DB check: vol_db_empty=True {{(pid=112290) __init__ /opt/stack/cinder/cinder/volume/manager.py:288}}
Nov 29 19:48:44 jammy-provider-cloud-0000007761 cinder-volume[112296]: DEBUG cinder.volume.drivers.hpe.hpe_3par_common [None req-bc47685c-5fdc-434a-9caf-c8f263f643b7 None None] Connecting to 3PAR {{(pid=112296) client_login /opt/stack/cinder/cinder/volume/drivers/hpe/hpe_3par_common.py:425}}
Nov 29 19:48:44 jammy-provider-cloud-0000007761 cinder-volume[112290]: INFO cinder.volume.manager [None req-2a969cb8-2a45-4851-9848-80adb746778c None None] Service not found for updating active_backend_id, assuming default for driver init.
Nov 29 19:48:44 jammy-provider-cloud-0000007761 cinder-volume[112290]: WARNING stevedore.named [None req-2a969cb8-2a45-4851-9848-80adb746778c None None] Could not load cinder.keymgr.conf_key_mgr.ConfKeyManager
Nov 29 19:48:44 jammy-provider-cloud-0000007761 cinder-volume[112290]: WARNING castellan.key_manager [None req-2a969cb8-2a45-4851-9848-80adb746778c None None] Deprecation Warning : cinder.keymgr.conf_key_mgr.ConfKeyManager is not a stevedore based driver, trying to load it as a class: stevedore.exception.NoMatches: No 'castellan.drivers' driver found, looking for 'cinder.keymgr.conf_key_mgr.ConfKeyManager'
Nov 29 19:48:44 jammy-provider-cloud-0000007761 cinder-volume[112290]: DEBUG cinder.zonemanager.utils [None req-2a969cb8-2a45-4851-9848-80adb746778c None None] Zoning mode: None. {{(pid=112290) create_lookup_service /opt/stack/cinder/cinder/zonemanager/utils.py:56}}
Nov 29 19:48:44 jammy-provider-cloud-0000007761 cinder-volume[112290]: DEBUG cinder.zonemanager.utils [None req-2a969cb8-2a45-4851-9848-80adb746778c None None] FC Lookup Service not enabled in cinder.conf. {{(pid=112290) create_lookup_service /opt/stack/cinder/cinder/zonemanager/utils.py:63}}
Nov 29 19:48:44 jammy-provider-cloud-0000007761 cinder-volume[112290]: INFO cinder.volume.manager [None req-2a969cb8-2a45-4851-9848-80adb746778c None None] Image-volume cache disabled for host jammy-provider-cloud-0000007761@arcusfc2.
Nov 29 19:48:44 jammy-provider-cloud-0000007761 cinder-volume[112290]: DEBUG oslo_db.sqlalchemy.engines [None req-2a969cb8-2a45-4851-9848-80adb746778c None None] MySQL server mode set to STRICT_TRANS_TABLES,STRICT_ALL_TABLES,NO_ZERO_IN_DATE,NO_ZERO_DATE,ERROR_FOR_DIVISION_BY_ZERO,TRADITIONAL,NO_ENGINE_SUBSTITUTION {{(pid=112290) _check_effective_sql_mode /opt/stack/data/venv/lib/python3.10/site-packages/oslo_db/sqlalchemy/engines.py:342}}
Nov 29 19:48:44 jammy-provider-cloud-0000007761 cinder-volume[112296]: WARNING py.warnings [None req-bc47685c-5fdc-434a-9caf-c8f263f643b7 None None] /opt/stack/data/venv/lib/python3.10/site-packages/urllib3/connectionpool.py:1064: InsecureRequestWarning: Unverified HTTPS request is being made to host '10.201.5.12'. Adding certificate verification is strongly advised. See: https://urllib3.readthedocs.io/en/1.26.x/advanced-usage.html#ssl-warnings
Nov 29 19:48:44 jammy-provider-cloud-0000007761 cinder-volume[112296]:   warnings.warn(
Nov 29 19:48:44 jammy-provider-cloud-0000007761 cinder-volume[112290]: INFO oslo_service.service [None req-2a969cb8-2a45-4851-9848-80adb746778c None None] Starting 1 workers
Nov 29 19:48:44 jammy-provider-cloud-0000007761 cinder-volume[112296]: WARNING py.warnings [None req-bc47685c-5fdc-434a-9caf-c8f263f643b7 None None] /opt/stack/data/venv/lib/python3.10/site-packages/urllib3/connectionpool.py:1064: InsecureRequestWarning: Unverified HTTPS request is being made to host '10.201.5.12'. Adding certificate verification is strongly advised. See: https://urllib3.readthedocs.io/en/1.26.x/advanced-usage.html#ssl-warnings
Nov 29 19:48:44 jammy-provider-cloud-0000007761 cinder-volume[112296]:   warnings.warn(
Nov 29 19:48:44 jammy-provider-cloud-0000007761 cinder-volume[112290]: DEBUG oslo_service.service [None req-2a969cb8-2a45-4851-9848-80adb746778c None None] Started child 112297 {{(pid=112290) _start_child /opt/stack/data/venv/lib/python3.10/site-packages/oslo_service/service.py:579}}
Nov 29 19:48:44 jammy-provider-cloud-0000007761 cinder-volume[112296]: INFO cinder.volume.drivers.hpe.hpe_3par_common [None req-bc47685c-5fdc-434a-9caf-c8f263f643b7 None None] HPE3PARCommon 4.0.22,hpe3parclient 4.2.13
Nov 29 19:48:44 jammy-provider-cloud-0000007761 cinder-volume[112290]: DEBUG oslo_service.service [None req-2a969cb8-2a45-4851-9848-80adb746778c None None] Full set of CONF: {{(pid=112290) wait /opt/stack/data/venv/lib/python3.10/site-packages/oslo_service/service.py:653}}
Nov 29 19:48:44 jammy-provider-cloud-0000007761 cinder-volume[112296]: DEBUG cinder.volume.drivers.hpe.hpe_3par_common [None req-bc47685c-5fdc-434a-9caf-c8f263f643b7 None None] Connecting to 3PAR {{(pid=112296) client_login /opt/stack/cinder/cinder/volume/drivers/hpe/hpe_3par_common.py:425}}
Nov 29 19:48:44 jammy-provider-cloud-0000007761 cinder-volume[112290]: DEBUG oslo_service.service [None req-2a969cb8-2a45-4851-9848-80adb746778c None None] ******************************************************************************** {{(pid=112290) log_opt_values /opt/stack/data/venv/lib/python3.10/site-packages/oslo_config/cfg.py:2804}}
Nov 29 19:48:44 jammy-provider-cloud-0000007761 cinder-volume[112290]: DEBUG oslo_service.service [None req-2a969cb8-2a45-4851-9848-80adb746778c None None] Configuration options gathered from: {{(pid=112290) log_opt_values /opt/stack/data/venv/lib/python3.10/site-packages/oslo_config/cfg.py:2805}}
Nov 29 19:48:44 jammy-provider-cloud-0000007761 cinder-volume[112290]: DEBUG oslo_service.service [None req-2a969cb8-2a45-4851-9848-80adb746778c None None] command line args: ['--config-file', '/etc/cinder/cinder.conf'] {{(pid=112290) log_opt_values /opt/stack/data/venv/lib/python3.10/site-packages/oslo_config/cfg.py:2806}}
Nov 29 19:48:44 jammy-provider-cloud-0000007761 cinder-volume[112290]: DEBUG oslo_service.service [None req-2a969cb8-2a45-4851-9848-80adb746778c None None] config files: ['/etc/cinder/cinder.conf'] {{(pid=112290) log_opt_values /opt/stack/data/venv/lib/python3.10/site-packages/oslo_config/cfg.py:2807}}
Nov 29 19:48:44 jammy-provider-cloud-0000007761 cinder-volume[112290]: DEBUG oslo_service.service [None req-2a969cb8-2a45-4851-9848-80adb746778c None None] ================================================================================ {{(pid=112290) log_opt_values /opt/stack/data/venv/lib/python3.10/site-packages/oslo_config/cfg.py:2809}}
Nov 29 19:48:44 jammy-provider-cloud-0000007761 cinder-volume[112290]: DEBUG oslo_service.service [None req-2a969cb8-2a45-4851-9848-80adb746778c None None] allow_availability_zone_fallback = False {{(pid=112290) log_opt_values /opt/stack/data/venv/lib/python3.10/site-packages/oslo_config/cfg.py:2817}}
Nov 29 19:48:44 jammy-provider-cloud-0000007761 cinder-volume[112290]: DEBUG oslo_service.service [None req-2a969cb8-2a45-4851-9848-80adb746778c None None] allow_compression_on_image_upload = False {{(pid=112290) log_opt_values /opt/stack/data/venv/lib/python3.10/site-packages/oslo_config/cfg.py:2817}}
Nov 29 19:48:44 jammy-provider-cloud-0000007761 cinder-volume[112290]: DEBUG oslo_service.service [None req-2a969cb8-2a45-4851-9848-80adb746778c None None] allowed_direct_url_schemes     = [] {{(pid=112290) log_opt_values /opt/stack/data/venv/lib/python3.10/site-packages/oslo_config/cfg.py:2817}}
Nov 29 19:48:44 jammy-provider-cloud-0000007761 cinder-volume[112290]: DEBUG oslo_service.service [None req-2a969cb8-2a45-4851-9848-80adb746778c None None] api_rate_limit                 = True {{(pid=112290) log_opt_values /opt/stack/data/venv/lib/python3.10/site-packages/oslo_config/cfg.py:2817}}
Nov 29 19:48:44 jammy-provider-cloud-0000007761 cinder-volume[112290]: DEBUG oslo_service.service [None req-2a969cb8-2a45-4851-9848-80adb746778c None None] auth_strategy                  = keystone {{(pid=112290) log_opt_values /opt/stack/data/venv/lib/python3.10/site-packages/oslo_config/cfg.py:2817}}
Nov 29 19:48:44 jammy-provider-cloud-0000007761 cinder-volume[112290]: DEBUG oslo_service.service [None req-2a969cb8-2a45-4851-9848-80adb746778c None None] backend_availability_zone      = None {{(pid=112290) log_opt_values /opt/stack/data/venv/lib/python3.10/site-packages/oslo_config/cfg.py:2817}}
Nov 29 19:48:44 jammy-provider-cloud-0000007761 cinder-volume[112290]: DEBUG oslo_service.service [None req-2a969cb8-2a45-4851-9848-80adb746778c None None] backend_host                   = None {{(pid=112290) log_opt_values /opt/stack/data/venv/lib/python3.10/site-packages/oslo_config/cfg.py:2817}}
Nov 29 19:48:44 jammy-provider-cloud-0000007761 cinder-volume[112290]: DEBUG oslo_service.service [None req-2a969cb8-2a45-4851-9848-80adb746778c None None] backend_name                   = None {{(pid=112290) log_opt_values /opt/stack/data/venv/lib/python3.10/site-packages/oslo_config/cfg.py:2817}}
Nov 29 19:48:44 jammy-provider-cloud-0000007761 cinder-volume[112290]: DEBUG oslo_service.service [None req-2a969cb8-2a45-4851-9848-80adb746778c None None] backend_stats_polling_interval = 60 {{(pid=112290) log_opt_values /opt/stack/data/venv/lib/python3.10/site-packages/oslo_config/cfg.py:2817}}
Nov 29 19:48:44 jammy-provider-cloud-0000007761 cinder-volume[112290]: DEBUG oslo_service.service [None req-2a969cb8-2a45-4851-9848-80adb746778c None None] backup_api_class               = cinder.backup.api.API {{(pid=112290) log_opt_values /opt/stack/data/venv/lib/python3.10/site-packages/oslo_config/cfg.py:2817}}
Nov 29 19:48:44 jammy-provider-cloud-0000007761 cinder-volume[112290]: DEBUG oslo_service.service [None req-2a969cb8-2a45-4851-9848-80adb746778c None None] backup_manager                 = cinder.backup.manager.BackupManager {{(pid=112290) log_opt_values /opt/stack/data/venv/lib/python3.10/site-packages/oslo_config/cfg.py:2817}}
Nov 29 19:48:44 jammy-provider-cloud-0000007761 cinder-volume[112290]: DEBUG oslo_service.service [None req-2a969cb8-2a45-4851-9848-80adb746778c None None] backup_name_template           = backup-%s {{(pid=112290) log_opt_values /opt/stack/data/venv/lib/python3.10/site-packages/oslo_config/cfg.py:2817}}
Nov 29 19:48:44 jammy-provider-cloud-0000007761 cinder-volume[112290]: DEBUG oslo_service.service [None req-2a969cb8-2a45-4851-9848-80adb746778c None None] backup_use_same_host           = False {{(pid=112290) log_opt_values /opt/stack/data/venv/lib/python3.10/site-packages/oslo_config/cfg.py:2817}}
Nov 29 19:48:44 jammy-provider-cloud-0000007761 cinder-volume[112290]: DEBUG oslo_service.service [None req-2a969cb8-2a45-4851-9848-80adb746778c None None] backup_use_temp_snapshot       = False {{(pid=112290) log_opt_values /opt/stack/data/venv/lib/python3.10/site-packages/oslo_config/cfg.py:2817}}
Nov 29 19:48:44 jammy-provider-cloud-0000007761 cinder-volume[112290]: DEBUG oslo_service.service [None req-2a969cb8-2a45-4851-9848-80adb746778c None None] chap_password                  = **** {{(pid=112290) log_opt_values /opt/stack/data/venv/lib/python3.10/site-packages/oslo_config/cfg.py:2817}}
Nov 29 19:48:44 jammy-provider-cloud-0000007761 cinder-volume[112290]: DEBUG oslo_service.service [None req-2a969cb8-2a45-4851-9848-80adb746778c None None] chap_username                  =  {{(pid=112290) log_opt_values /opt/stack/data/venv/lib/python3.10/site-packages/oslo_config/cfg.py:2817}}
Nov 29 19:48:44 jammy-provider-cloud-0000007761 cinder-volume[112290]: DEBUG oslo_service.service [None req-2a969cb8-2a45-4851-9848-80adb746778c None None] chiscsi_conf                   = /etc/chelsio-iscsi/chiscsi.conf {{(pid=112290) log_opt_values /opt/stack/data/venv/lib/python3.10/site-packages/oslo_config/cfg.py:2817}}
Nov 29 19:48:44 jammy-provider-cloud-0000007761 cinder-volume[112290]: DEBUG oslo_service.service [None req-2a969cb8-2a45-4851-9848-80adb746778c None None] cinder_internal_tenant_project_id = f133380615c847759bd7cc50b23b80de {{(pid=112290) log_opt_values /opt/stack/data/venv/lib/python3.10/site-packages/oslo_config/cfg.py:2817}}
Nov 29 19:48:44 jammy-provider-cloud-0000007761 cinder-volume[112290]: DEBUG oslo_service.service [None req-2a969cb8-2a45-4851-9848-80adb746778c None None] cinder_internal_tenant_user_id = 71ac7fad099e4217ae0649618892c276 {{(pid=112290) log_opt_values /opt/stack/data/venv/lib/python3.10/site-packages/oslo_config/cfg.py:2817}}
Nov 29 19:48:44 jammy-provider-cloud-0000007761 cinder-volume[112290]: DEBUG oslo_service.service [None req-2a969cb8-2a45-4851-9848-80adb746778c None None] cluster                        = None {{(pid=112290) log_opt_values /opt/stack/data/venv/lib/python3.10/site-packages/oslo_config/cfg.py:2817}}
Nov 29 19:48:44 jammy-provider-cloud-0000007761 cinder-volume[112290]: DEBUG oslo_service.service [None req-2a969cb8-2a45-4851-9848-80adb746778c None None] compression_format             = gzip {{(pid=112290) log_opt_values /opt/stack/data/venv/lib/python3.10/site-packages/oslo_config/cfg.py:2817}}
Nov 29 19:48:44 jammy-provider-cloud-0000007761 cinder-volume[112290]: DEBUG oslo_service.service [None req-2a969cb8-2a45-4851-9848-80adb746778c None None] compute_api_class              = cinder.compute.nova.API {{(pid=112290) log_opt_values /opt/stack/data/venv/lib/python3.10/site-packages/oslo_config/cfg.py:2817}}
Nov 29 19:48:44 jammy-provider-cloud-0000007761 cinder-volume[112290]: DEBUG oslo_service.service [None req-2a969cb8-2a45-4851-9848-80adb746778c None None] config_dir                     = [] {{(pid=112290) log_opt_values /opt/stack/data/venv/lib/python3.10/site-packages/oslo_config/cfg.py:2817}}
Nov 29 19:48:44 jammy-provider-cloud-0000007761 cinder-volume[112290]: DEBUG oslo_service.service [None req-2a969cb8-2a45-4851-9848-80adb746778c None None] config_file                    = ['/etc/cinder/cinder.conf'] {{(pid=112290) log_opt_values /opt/stack/data/venv/lib/python3.10/site-packages/oslo_config/cfg.py:2817}}
Nov 29 19:48:44 jammy-provider-cloud-0000007761 cinder-volume[112290]: DEBUG oslo_service.service [None req-2a969cb8-2a45-4851-9848-80adb746778c None None] config_source                  = [] {{(pid=112290) log_opt_values /opt/stack/data/venv/lib/python3.10/site-packages/oslo_config/cfg.py:2817}}
Nov 29 19:48:44 jammy-provider-cloud-0000007761 cinder-volume[112290]: DEBUG oslo_service.service [None req-2a969cb8-2a45-4851-9848-80adb746778c None None] consistencygroup_api_class     = cinder.consistencygroup.api.API {{(pid=112290) log_opt_values /opt/stack/data/venv/lib/python3.10/site-packages/oslo_config/cfg.py:2817}}
Nov 29 19:48:44 jammy-provider-cloud-0000007761 cinder-volume[112290]: DEBUG oslo_service.service [None req-2a969cb8-2a45-4851-9848-80adb746778c None None] control_exchange               = openstack {{(pid=112290) log_opt_values /opt/stack/data/venv/lib/python3.10/site-packages/oslo_config/cfg.py:2817}}
Nov 29 19:48:44 jammy-provider-cloud-0000007761 cinder-volume[112290]: DEBUG oslo_service.service [None req-2a969cb8-2a45-4851-9848-80adb746778c None None] debug                          = True {{(pid=112290) log_opt_values /opt/stack/data/venv/lib/python3.10/site-packages/oslo_config/cfg.py:2817}}
Nov 29 19:48:44 jammy-provider-cloud-0000007761 cinder-volume[112290]: DEBUG oslo_service.service [None req-2a969cb8-2a45-4851-9848-80adb746778c None None] default_availability_zone      = None {{(pid=112290) log_opt_values /opt/stack/data/venv/lib/python3.10/site-packages/oslo_config/cfg.py:2817}}
Nov 29 19:48:44 jammy-provider-cloud-0000007761 cinder-volume[112290]: DEBUG oslo_service.service [None req-2a969cb8-2a45-4851-9848-80adb746778c None None] default_group_type             = None {{(pid=112290) log_opt_values /opt/stack/data/venv/lib/python3.10/site-packages/oslo_config/cfg.py:2817}}
Nov 29 19:48:44 jammy-provider-cloud-0000007761 cinder-volume[112290]: DEBUG oslo_service.service [None req-2a969cb8-2a45-4851-9848-80adb746778c None None] default_log_levels             = ['amqp=WARN', 'amqplib=WARN', 'boto=WARN', 'qpid=WARN', 'sqlalchemy=WARN', 'suds=INFO', 'oslo.messaging=INFO', 'oslo_messaging=INFO', 'iso8601=WARN', 'requests.packages.urllib3.connectionpool=WARN', 'urllib3.connectionpool=WARN', 'websocket=WARN', 'requests.packages.urllib3.util.retry=WARN', 'urllib3.util.retry=WARN', 'keystonemiddleware=WARN', 'routes.middleware=WARN', 'stevedore=WARN', 'taskflow=WARN', 'keystoneauth=WARN', 'oslo.cache=INFO', 'oslo_policy=INFO', 'dogpile.core.dogpile=INFO'] {{(pid=112290) log_opt_values /opt/stack/data/venv/lib/python3.10/site-packages/oslo_config/cfg.py:2817}}
Nov 29 19:48:44 jammy-provider-cloud-0000007761 cinder-volume[112290]: DEBUG oslo_service.service [None req-2a969cb8-2a45-4851-9848-80adb746778c None None] default_volume_type            = arcusfc1 {{(pid=112290) log_opt_values /opt/stack/data/venv/lib/python3.10/site-packages/oslo_config/cfg.py:2817}}
Nov 29 19:48:44 jammy-provider-cloud-0000007761 cinder-volume[112290]: DEBUG oslo_service.service [None req-2a969cb8-2a45-4851-9848-80adb746778c None None] driver_client_cert             = None {{(pid=112290) log_opt_values /opt/stack/data/venv/lib/python3.10/site-packages/oslo_config/cfg.py:2817}}
Nov 29 19:48:44 jammy-provider-cloud-0000007761 cinder-volume[112290]: DEBUG oslo_service.service [None req-2a969cb8-2a45-4851-9848-80adb746778c None None] driver_client_cert_key         = None {{(pid=112290) log_opt_values /opt/stack/data/venv/lib/python3.10/site-packages/oslo_config/cfg.py:2817}}
Nov 29 19:48:44 jammy-provider-cloud-0000007761 cinder-volume[112290]: DEBUG oslo_service.service [None req-2a969cb8-2a45-4851-9848-80adb746778c None None] driver_data_namespace          = None {{(pid=112290) log_opt_values /opt/stack/data/venv/lib/python3.10/site-packages/oslo_config/cfg.py:2817}}
Nov 29 19:48:44 jammy-provider-cloud-0000007761 cinder-volume[112290]: DEBUG oslo_service.service [None req-2a969cb8-2a45-4851-9848-80adb746778c None None] driver_ssl_cert_path           = None {{(pid=112290) log_opt_values /opt/stack/data/venv/lib/python3.10/site-packages/oslo_config/cfg.py:2817}}
Nov 29 19:48:44 jammy-provider-cloud-0000007761 cinder-volume[112290]: DEBUG oslo_service.service [None req-2a969cb8-2a45-4851-9848-80adb746778c None None] driver_ssl_cert_verify         = False {{(pid=112290) log_opt_values /opt/stack/data/venv/lib/python3.10/site-packages/oslo_config/cfg.py:2817}}
Nov 29 19:48:44 jammy-provider-cloud-0000007761 cinder-volume[112290]: DEBUG oslo_service.service [None req-2a969cb8-2a45-4851-9848-80adb746778c None None] driver_use_ssl                 = False {{(pid=112290) log_opt_values /opt/stack/data/venv/lib/python3.10/site-packages/oslo_config/cfg.py:2817}}
Nov 29 19:48:44 jammy-provider-cloud-0000007761 cinder-volume[112290]: DEBUG oslo_service.service [None req-2a969cb8-2a45-4851-9848-80adb746778c None None] enable_new_services            = True {{(pid=112290) log_opt_values /opt/stack/data/venv/lib/python3.10/site-packages/oslo_config/cfg.py:2817}}
Nov 29 19:48:44 jammy-provider-cloud-0000007761 cinder-volume[112296]: WARNING py.warnings [None req-bc47685c-5fdc-434a-9caf-c8f263f643b7 None None] /opt/stack/data/venv/lib/python3.10/site-packages/urllib3/connectionpool.py:1064: InsecureRequestWarning: Unverified HTTPS request is being made to host '10.201.5.12'. Adding certificate verification is strongly advised. See: https://urllib3.readthedocs.io/en/1.26.x/advanced-usage.html#ssl-warnings
Nov 29 19:48:44 jammy-provider-cloud-0000007761 cinder-volume[112296]:   warnings.warn(
Nov 29 19:48:44 jammy-provider-cloud-0000007761 cinder-volume[112290]: DEBUG oslo_service.service [None req-2a969cb8-2a45-4851-9848-80adb746778c None None] enable_unsupported_driver      = False {{(pid=112290) log_opt_values /opt/stack/data/venv/lib/python3.10/site-packages/oslo_config/cfg.py:2817}}
Nov 29 19:48:44 jammy-provider-cloud-0000007761 cinder-volume[112290]: DEBUG oslo_service.service [None req-2a969cb8-2a45-4851-9848-80adb746778c None None] enabled_backends               = ['arcusfc1', 'arcusfc2'] {{(pid=112290) log_opt_values /opt/stack/data/venv/lib/python3.10/site-packages/oslo_config/cfg.py:2817}}
Nov 29 19:48:44 jammy-provider-cloud-0000007761 cinder-volume[112290]: DEBUG oslo_service.service [None req-2a969cb8-2a45-4851-9848-80adb746778c None None] enforce_multipath_for_image_xfer = False {{(pid=112290) log_opt_values /opt/stack/data/venv/lib/python3.10/site-packages/oslo_config/cfg.py:2817}}
Nov 29 19:48:44 jammy-provider-cloud-0000007761 cinder-volume[112290]: DEBUG oslo_service.service [None req-2a969cb8-2a45-4851-9848-80adb746778c None None] filter_function                = None {{(pid=112290) log_opt_values /opt/stack/data/venv/lib/python3.10/site-packages/oslo_config/cfg.py:2817}}
Nov 29 19:48:44 jammy-provider-cloud-0000007761 cinder-volume[112290]: DEBUG oslo_service.service [None req-2a969cb8-2a45-4851-9848-80adb746778c None None] glance_api_insecure            = False {{(pid=112290) log_opt_values /opt/stack/data/venv/lib/python3.10/site-packages/oslo_config/cfg.py:2817}}
Nov 29 19:48:44 jammy-provider-cloud-0000007761 cinder-volume[112290]: DEBUG oslo_service.service [None req-2a969cb8-2a45-4851-9848-80adb746778c None None] glance_api_servers             = ['http://10.201.5.87/image'] {{(pid=112290) log_opt_values /opt/stack/data/venv/lib/python3.10/site-packages/oslo_config/cfg.py:2817}}
Nov 29 19:48:44 jammy-provider-cloud-0000007761 cinder-volume[112290]: DEBUG oslo_service.service [None req-2a969cb8-2a45-4851-9848-80adb746778c None None] glance_api_ssl_compression     = False {{(pid=112290) log_opt_values /opt/stack/data/venv/lib/python3.10/site-packages/oslo_config/cfg.py:2817}}
Nov 29 19:48:44 jammy-provider-cloud-0000007761 cinder-volume[112290]: DEBUG oslo_service.service [None req-2a969cb8-2a45-4851-9848-80adb746778c None None] glance_ca_certificates_file    = None {{(pid=112290) log_opt_values /opt/stack/data/venv/lib/python3.10/site-packages/oslo_config/cfg.py:2817}}
Nov 29 19:48:44 jammy-provider-cloud-0000007761 cinder-volume[112290]: DEBUG oslo_service.service [None req-2a969cb8-2a45-4851-9848-80adb746778c None None] glance_catalog_info            = image:glance:publicURL {{(pid=112290) log_opt_values /opt/stack/data/venv/lib/python3.10/site-packages/oslo_config/cfg.py:2817}}
Nov 29 19:48:44 jammy-provider-cloud-0000007761 cinder-volume[112290]: DEBUG oslo_service.service [None req-2a969cb8-2a45-4851-9848-80adb746778c None None] glance_certfile                = None {{(pid=112290) log_opt_values /opt/stack/data/venv/lib/python3.10/site-packages/oslo_config/cfg.py:2817}}
Nov 29 19:48:44 jammy-provider-cloud-0000007761 cinder-volume[112290]: DEBUG oslo_service.service [None req-2a969cb8-2a45-4851-9848-80adb746778c None None] glance_core_properties         = ['checksum', 'container_format', 'disk_format', 'image_name', 'image_id', 'min_disk', 'min_ram', 'name', 'size'] {{(pid=112290) log_opt_values /opt/stack/data/venv/lib/python3.10/site-packages/oslo_config/cfg.py:2817}}
Nov 29 19:48:44 jammy-provider-cloud-0000007761 cinder-volume[112290]: DEBUG oslo_service.service [None req-2a969cb8-2a45-4851-9848-80adb746778c None None] glance_keyfile                 = None {{(pid=112290) log_opt_values /opt/stack/data/venv/lib/python3.10/site-packages/oslo_config/cfg.py:2817}}
Nov 29 19:48:44 jammy-provider-cloud-0000007761 cinder-volume[112290]: DEBUG oslo_service.service [None req-2a969cb8-2a45-4851-9848-80adb746778c None None] glance_num_retries             = 3 {{(pid=112290) log_opt_values /opt/stack/data/venv/lib/python3.10/site-packages/oslo_config/cfg.py:2817}}
Nov 29 19:48:44 jammy-provider-cloud-0000007761 cinder-volume[112290]: DEBUG oslo_service.service [None req-2a969cb8-2a45-4851-9848-80adb746778c None None] glance_request_timeout         = None {{(pid=112290) log_opt_values /opt/stack/data/venv/lib/python3.10/site-packages/oslo_config/cfg.py:2817}}
Nov 29 19:48:44 jammy-provider-cloud-0000007761 cinder-volume[112290]: DEBUG oslo_service.service [None req-2a969cb8-2a45-4851-9848-80adb746778c None None] goodness_function              = None {{(pid=112290) log_opt_values /opt/stack/data/venv/lib/python3.10/site-packages/oslo_config/cfg.py:2817}}
Nov 29 19:48:44 jammy-provider-cloud-0000007761 cinder-volume[112290]: DEBUG oslo_service.service [None req-2a969cb8-2a45-4851-9848-80adb746778c None None] graceful_shutdown_timeout      = 5 {{(pid=112290) log_opt_values /opt/stack/data/venv/lib/python3.10/site-packages/oslo_config/cfg.py:2817}}
Nov 29 19:48:44 jammy-provider-cloud-0000007761 cinder-volume[112290]: DEBUG oslo_service.service [None req-2a969cb8-2a45-4851-9848-80adb746778c None None] group_api_class                = cinder.group.api.API {{(pid=112290) log_opt_values /opt/stack/data/venv/lib/python3.10/site-packages/oslo_config/cfg.py:2817}}
Nov 29 19:48:44 jammy-provider-cloud-0000007761 cinder-volume[112290]: DEBUG oslo_service.service [None req-2a969cb8-2a45-4851-9848-80adb746778c None None] host                           = jammy-provider-cloud-0000007761 {{(pid=112290) log_opt_values /opt/stack/data/venv/lib/python3.10/site-packages/oslo_config/cfg.py:2817}}
Nov 29 19:48:44 jammy-provider-cloud-0000007761 cinder-volume[112290]: DEBUG oslo_service.service [None req-2a969cb8-2a45-4851-9848-80adb746778c None None] image_compress_on_upload       = True {{(pid=112290) log_opt_values /opt/stack/data/venv/lib/python3.10/site-packages/oslo_config/cfg.py:2817}}
Nov 29 19:48:44 jammy-provider-cloud-0000007761 cinder-volume[112290]: DEBUG oslo_service.service [None req-2a969cb8-2a45-4851-9848-80adb746778c None None] image_conversion_address_space_limit = 1 {{(pid=112290) log_opt_values /opt/stack/data/venv/lib/python3.10/site-packages/oslo_config/cfg.py:2817}}
Nov 29 19:48:44 jammy-provider-cloud-0000007761 cinder-volume[112290]: DEBUG oslo_service.service [None req-2a969cb8-2a45-4851-9848-80adb746778c None None] image_conversion_cpu_limit     = 60 {{(pid=112290) log_opt_values /opt/stack/data/venv/lib/python3.10/site-packages/oslo_config/cfg.py:2817}}
Nov 29 19:48:44 jammy-provider-cloud-0000007761 cinder-volume[112290]: DEBUG oslo_service.service [None req-2a969cb8-2a45-4851-9848-80adb746778c None None] image_conversion_dir           = /opt/stack/data/cinder/conversion {{(pid=112290) log_opt_values /opt/stack/data/venv/lib/python3.10/site-packages/oslo_config/cfg.py:2817}}
Nov 29 19:48:44 jammy-provider-cloud-0000007761 cinder-volume[112290]: DEBUG oslo_service.service [None req-2a969cb8-2a45-4851-9848-80adb746778c None None] image_conversion_disable       = False {{(pid=112290) log_opt_values /opt/stack/data/venv/lib/python3.10/site-packages/oslo_config/cfg.py:2817}}
Nov 29 19:48:44 jammy-provider-cloud-0000007761 cinder-volume[112290]: DEBUG oslo_service.service [None req-2a969cb8-2a45-4851-9848-80adb746778c None None] image_upload_use_cinder_backend = False {{(pid=112290) log_opt_values /opt/stack/data/venv/lib/python3.10/site-packages/oslo_config/cfg.py:2817}}
Nov 29 19:48:44 jammy-provider-cloud-0000007761 cinder-volume[112290]: DEBUG oslo_service.service [None req-2a969cb8-2a45-4851-9848-80adb746778c None None] image_upload_use_internal_tenant = False {{(pid=112290) log_opt_values /opt/stack/data/venv/lib/python3.10/site-packages/oslo_config/cfg.py:2817}}
Nov 29 19:48:44 jammy-provider-cloud-0000007761 cinder-volume[112290]: DEBUG oslo_service.service [None req-2a969cb8-2a45-4851-9848-80adb746778c None None] image_volume_cache_enabled     = False {{(pid=112290) log_opt_values /opt/stack/data/venv/lib/python3.10/site-packages/oslo_config/cfg.py:2817}}
Nov 29 19:48:44 jammy-provider-cloud-0000007761 cinder-volume[112290]: DEBUG oslo_service.service [None req-2a969cb8-2a45-4851-9848-80adb746778c None None] image_volume_cache_max_count   = 0 {{(pid=112290) log_opt_values /opt/stack/data/venv/lib/python3.10/site-packages/oslo_config/cfg.py:2817}}
Nov 29 19:48:44 jammy-provider-cloud-0000007761 cinder-volume[112290]: DEBUG oslo_service.service [None req-2a969cb8-2a45-4851-9848-80adb746778c None None] image_volume_cache_max_size_gb = 0 {{(pid=112290) log_opt_values /opt/stack/data/venv/lib/python3.10/site-packages/oslo_config/cfg.py:2817}}
Nov 29 19:48:44 jammy-provider-cloud-0000007761 cinder-volume[112290]: DEBUG oslo_service.service [None req-2a969cb8-2a45-4851-9848-80adb746778c None None] init_host_max_objects_retrieval = 0 {{(pid=112290) log_opt_values /opt/stack/data/venv/lib/python3.10/site-packages/oslo_config/cfg.py:2817}}
Nov 29 19:48:44 jammy-provider-cloud-0000007761 cinder-volume[112290]: DEBUG oslo_service.service [None req-2a969cb8-2a45-4851-9848-80adb746778c None None] instance_format                = [instance: %(uuid)s]  {{(pid=112290) log_opt_values /opt/stack/data/venv/lib/python3.10/site-packages/oslo_config/cfg.py:2817}}
Nov 29 19:48:44 jammy-provider-cloud-0000007761 cinder-volume[112290]: DEBUG oslo_service.service [None req-2a969cb8-2a45-4851-9848-80adb746778c None None] instance_uuid_format           = [instance: %(uuid)s]  {{(pid=112290) log_opt_values /opt/stack/data/venv/lib/python3.10/site-packages/oslo_config/cfg.py:2817}}
Nov 29 19:48:44 jammy-provider-cloud-0000007761 cinder-volume[112290]: DEBUG oslo_service.service [None req-2a969cb8-2a45-4851-9848-80adb746778c None None] iscsi_iotype                   = fileio {{(pid=112290) log_opt_values /opt/stack/data/venv/lib/python3.10/site-packages/oslo_config/cfg.py:2817}}
Nov 29 19:48:44 jammy-provider-cloud-0000007761 cinder-volume[112290]: DEBUG oslo_service.service [None req-2a969cb8-2a45-4851-9848-80adb746778c None None] iscsi_target_flags             =  {{(pid=112290) log_opt_values /opt/stack/data/venv/lib/python3.10/site-packages/oslo_config/cfg.py:2817}}
Nov 29 19:48:44 jammy-provider-cloud-0000007761 cinder-volume[112290]: DEBUG oslo_service.service [None req-2a969cb8-2a45-4851-9848-80adb746778c None None] iscsi_write_cache              = on {{(pid=112290) log_opt_values /opt/stack/data/venv/lib/python3.10/site-packages/oslo_config/cfg.py:2817}}
Nov 29 19:48:44 jammy-provider-cloud-0000007761 cinder-volume[112290]: DEBUG oslo_service.service [None req-2a969cb8-2a45-4851-9848-80adb746778c None None] iser_helper                    = tgtadm {{(pid=112290) log_opt_values /opt/stack/data/venv/lib/python3.10/site-packages/oslo_config/cfg.py:2817}}
Nov 29 19:48:44 jammy-provider-cloud-0000007761 cinder-volume[112297]: INFO cinder.service [-] Starting cinder-volume node (version 25.1.0)
Nov 29 19:48:44 jammy-provider-cloud-0000007761 cinder-volume[112290]: DEBUG oslo_service.service [None req-2a969cb8-2a45-4851-9848-80adb746778c None None] iser_ip_address                = 10.201.5.87 {{(pid=112290) log_opt_values /opt/stack/data/venv/lib/python3.10/site-packages/oslo_config/cfg.py:2817}}
Nov 29 19:48:44 jammy-provider-cloud-0000007761 cinder-volume[112290]: DEBUG oslo_service.service [None req-2a969cb8-2a45-4851-9848-80adb746778c None None] iser_port                      = 3260 {{(pid=112290) log_opt_values /opt/stack/data/venv/lib/python3.10/site-packages/oslo_config/cfg.py:2817}}
Nov 29 19:48:44 jammy-provider-cloud-0000007761 cinder-volume[112290]: DEBUG oslo_service.service [None req-2a969cb8-2a45-4851-9848-80adb746778c None None] iser_target_prefix             = iqn.2010-10.org.openstack: {{(pid=112290) log_opt_values /opt/stack/data/venv/lib/python3.10/site-packages/oslo_config/cfg.py:2817}}
Nov 29 19:48:44 jammy-provider-cloud-0000007761 cinder-volume[112290]: DEBUG oslo_service.service [None req-2a969cb8-2a45-4851-9848-80adb746778c None None] log_color                      = False {{(pid=112290) log_opt_values /opt/stack/data/venv/lib/python3.10/site-packages/oslo_config/cfg.py:2817}}
