Nov 29 19:45:56 jammy-provider-cloud-0000007761 systemd[1]: Starting Devstack devstack@g-api.service...
Nov 29 19:45:56 jammy-provider-cloud-0000007761 devstack@g-api.service[103601]: [uWSGI] getting INI configuration from /etc/glance/glance-uwsgi.ini
Nov 29 19:45:56 jammy-provider-cloud-0000007761 devstack@g-api.service[103601]: *** Starting uWSGI 2.0.20-debian (64bit) on [Fri Nov 29 19:45:56 2024] ***
Nov 29 19:45:56 jammy-provider-cloud-0000007761 devstack@g-api.service[103601]: compiled with version: 11.2.0 on 21 March 2022 11:00:44
Nov 29 19:45:56 jammy-provider-cloud-0000007761 devstack@g-api.service[103601]: os: Linux-5.15.0-107-generic #117-Ubuntu SMP Fri Apr 26 12:26:49 UTC 2024
Nov 29 19:45:56 jammy-provider-cloud-0000007761 devstack@g-api.service[103601]: nodename: jammy-provider-cloud-0000007761
Nov 29 19:45:56 jammy-provider-cloud-0000007761 devstack@g-api.service[103601]: machine: x86_64
Nov 29 19:45:56 jammy-provider-cloud-0000007761 devstack@g-api.service[103601]: clock source: unix
Nov 29 19:45:56 jammy-provider-cloud-0000007761 devstack@g-api.service[103601]: pcre jit disabled
Nov 29 19:45:56 jammy-provider-cloud-0000007761 devstack@g-api.service[103601]: detected number of CPU cores: 4
Nov 29 19:45:56 jammy-provider-cloud-0000007761 devstack@g-api.service[103601]: current working directory: /
Nov 29 19:45:56 jammy-provider-cloud-0000007761 devstack@g-api.service[103601]: detected binary path: /usr/bin/uwsgi-core
Nov 29 19:45:56 jammy-provider-cloud-0000007761 devstack@g-api.service[103601]: your processes number limit is 31298
Nov 29 19:45:56 jammy-provider-cloud-0000007761 devstack@g-api.service[103601]: your memory page size is 4096 bytes
Nov 29 19:45:56 jammy-provider-cloud-0000007761 devstack@g-api.service[103601]: detected max file descriptor number: 2048
Nov 29 19:45:56 jammy-provider-cloud-0000007761 devstack@g-api.service[103601]: lock engine: pthread robust mutexes
Nov 29 19:45:56 jammy-provider-cloud-0000007761 devstack@g-api.service[103601]: thunder lock: enabled
Nov 29 19:45:56 jammy-provider-cloud-0000007761 devstack@g-api.service[103601]: uwsgi socket 0 bound to TCP address 127.0.0.1:60999 fd 4
Nov 29 19:45:56 jammy-provider-cloud-0000007761 devstack@g-api.service[103601]: Python version: 3.10.12 (main, Nov  6 2024, 20:22:13) [GCC 11.4.0]
Nov 29 19:45:56 jammy-provider-cloud-0000007761 devstack@g-api.service[103601]: PEP 405 virtualenv detected: /opt/stack/data/venv
Nov 29 19:45:56 jammy-provider-cloud-0000007761 devstack@g-api.service[103601]: Set PythonHome to /opt/stack/data/venv
Nov 29 19:45:56 jammy-provider-cloud-0000007761 devstack@g-api.service[103601]: Python main interpreter initialized at 0x563f48a40e00
Nov 29 19:45:56 jammy-provider-cloud-0000007761 devstack@g-api.service[103601]: python threads support enabled
Nov 29 19:45:56 jammy-provider-cloud-0000007761 devstack@g-api.service[103601]: your server socket listen backlog is limited to 100 connections
Nov 29 19:45:56 jammy-provider-cloud-0000007761 devstack@g-api.service[103601]: your mercy for graceful operations on workers is 80 seconds
Nov 29 19:45:56 jammy-provider-cloud-0000007761 devstack@g-api.service[103601]: mapped 403077 bytes (393 KB) for 2 cores
Nov 29 19:45:56 jammy-provider-cloud-0000007761 devstack@g-api.service[103601]: *** Operational MODE: preforking ***
Nov 29 19:45:56 jammy-provider-cloud-0000007761 devstack@g-api.service[103601]: *** uWSGI is running in multiple interpreter mode ***
Nov 29 19:45:56 jammy-provider-cloud-0000007761 devstack@g-api.service[103601]: spawned uWSGI master process (pid: 103601)
Nov 29 19:45:56 jammy-provider-cloud-0000007761 systemd[1]: Started Devstack devstack@g-api.service.
Nov 29 19:45:56 jammy-provider-cloud-0000007761 devstack@g-api.service[103601]: spawned uWSGI worker 1 (pid: 103602, cores: 1)
Nov 29 19:45:56 jammy-provider-cloud-0000007761 devstack@g-api.service[103601]: spawned uWSGI worker 2 (pid: 103603, cores: 1)
Nov 29 19:45:56 jammy-provider-cloud-0000007761 devstack@g-api.service[103601]: running "unix_signal:15 gracefully_kill_them_all" (master-start)...
Nov 29 19:45:57 jammy-provider-cloud-0000007761 devstack@g-api.service[103602]: INFO glance.async_ [-] Threadpool model set to 'NativeThreadPoolModel'
Nov 29 19:45:57 jammy-provider-cloud-0000007761 devstack@g-api.service[103603]: INFO glance.async_ [-] Threadpool model set to 'NativeThreadPoolModel'
Nov 29 19:45:57 jammy-provider-cloud-0000007761 devstack@g-api.service[103602]: DEBUG oslo_concurrency.processutils [-] Running cmd (subprocess): grep -F node.session.scan /sbin/iscsiadm {{(pid=103602) execute /opt/stack/data/venv/lib/python3.10/site-packages/oslo_concurrency/processutils.py:383}}
Nov 29 19:45:57 jammy-provider-cloud-0000007761 devstack@g-api.service[103602]: DEBUG oslo_concurrency.processutils [-] CMD "grep -F node.session.scan /sbin/iscsiadm" returned: 0 in 0.007s {{(pid=103602) execute /opt/stack/data/venv/lib/python3.10/site-packages/oslo_concurrency/processutils.py:421}}
Nov 29 19:45:57 jammy-provider-cloud-0000007761 devstack@g-api.service[103603]: DEBUG oslo_concurrency.processutils [-] Running cmd (subprocess): grep -F node.session.scan /sbin/iscsiadm {{(pid=103603) execute /opt/stack/data/venv/lib/python3.10/site-packages/oslo_concurrency/processutils.py:383}}
Nov 29 19:45:57 jammy-provider-cloud-0000007761 devstack@g-api.service[103603]: DEBUG oslo_concurrency.processutils [-] CMD "grep -F node.session.scan /sbin/iscsiadm" returned: 0 in 0.008s {{(pid=103603) execute /opt/stack/data/venv/lib/python3.10/site-packages/oslo_concurrency/processutils.py:421}}
Nov 29 19:45:57 jammy-provider-cloud-0000007761 devstack@g-api.service[103602]: DEBUG glance_store.common.attachment_state_manager [-] Initialising _AttachmentStateManager {{(pid=103602) __init__ /opt/stack/data/venv/lib/python3.10/site-packages/glance_store/common/attachment_state_manager.py:86}}
Nov 29 19:45:57 jammy-provider-cloud-0000007761 devstack@g-api.service[103603]: DEBUG glance_store.common.attachment_state_manager [-] Initialising _AttachmentStateManager {{(pid=103603) __init__ /opt/stack/data/venv/lib/python3.10/site-packages/glance_store/common/attachment_state_manager.py:86}}
Nov 29 19:45:57 jammy-provider-cloud-0000007761 devstack@g-api.service[103602]: DEBUG glance_store.backend [-] Attempting to import store cinder {{(pid=103602) _load_store /opt/stack/data/venv/lib/python3.10/site-packages/glance_store/backend.py:216}}
Nov 29 19:45:57 jammy-provider-cloud-0000007761 devstack@g-api.service[103602]: DEBUG glance_store.backend [-] Attempting to import store file {{(pid=103602) _load_store /opt/stack/data/venv/lib/python3.10/site-packages/glance_store/backend.py:216}}
Nov 29 19:45:57 jammy-provider-cloud-0000007761 devstack@g-api.service[103602]: DEBUG glance_store.backend [-] Attempting to import store glance.store.cinder.Store {{(pid=103602) _load_store /opt/stack/data/venv/lib/python3.10/site-packages/glance_store/backend.py:216}}
Nov 29 19:45:57 jammy-provider-cloud-0000007761 devstack@g-api.service[103602]: DEBUG glance_store.backend [-] Attempting to import store glance.store.filesystem.Store {{(pid=103602) _load_store /opt/stack/data/venv/lib/python3.10/site-packages/glance_store/backend.py:216}}
Nov 29 19:45:57 jammy-provider-cloud-0000007761 devstack@g-api.service[103602]: DEBUG glance_store.backend [-] Attempting to import store glance.store.http.Store {{(pid=103602) _load_store /opt/stack/data/venv/lib/python3.10/site-packages/glance_store/backend.py:216}}
Nov 29 19:45:57 jammy-provider-cloud-0000007761 devstack@g-api.service[103602]: DEBUG glance_store.backend [-] Attempting to import store glance.store.rbd.Store {{(pid=103602) _load_store /opt/stack/data/venv/lib/python3.10/site-packages/glance_store/backend.py:216}}
Nov 29 19:45:57 jammy-provider-cloud-0000007761 devstack@g-api.service[103602]: DEBUG glance_store.backend [-] Attempting to import store glance.store.s3.Store {{(pid=103602) _load_store /opt/stack/data/venv/lib/python3.10/site-packages/glance_store/backend.py:216}}
Nov 29 19:45:57 jammy-provider-cloud-0000007761 devstack@g-api.service[103602]: DEBUG glance_store.backend [-] Attempting to import store glance.store.swift.Store {{(pid=103602) _load_store /opt/stack/data/venv/lib/python3.10/site-packages/glance_store/backend.py:216}}
Nov 29 19:45:57 jammy-provider-cloud-0000007761 devstack@g-api.service[103602]: DEBUG glance_store.backend [-] Attempting to import store glance.store.vmware_datastore.Store {{(pid=103602) _load_store /opt/stack/data/venv/lib/python3.10/site-packages/glance_store/backend.py:216}}
Nov 29 19:45:57 jammy-provider-cloud-0000007761 devstack@g-api.service[103602]: DEBUG glance_store.backend [-] Attempting to import store http {{(pid=103602) _load_store /opt/stack/data/venv/lib/python3.10/site-packages/glance_store/backend.py:216}}
Nov 29 19:45:57 jammy-provider-cloud-0000007761 devstack@g-api.service[103602]: DEBUG glance_store.backend [-] Attempting to import store no_conf {{(pid=103602) _load_store /opt/stack/data/venv/lib/python3.10/site-packages/glance_store/backend.py:216}}
Nov 29 19:45:57 jammy-provider-cloud-0000007761 devstack@g-api.service[103602]: DEBUG glance_store.backend [-] Attempting to import store rbd {{(pid=103602) _load_store /opt/stack/data/venv/lib/python3.10/site-packages/glance_store/backend.py:216}}
Nov 29 19:45:57 jammy-provider-cloud-0000007761 devstack@g-api.service[103602]: DEBUG glance_store.backend [-] Attempting to import store s3 {{(pid=103602) _load_store /opt/stack/data/venv/lib/python3.10/site-packages/glance_store/backend.py:216}}
Nov 29 19:45:57 jammy-provider-cloud-0000007761 devstack@g-api.service[103602]: DEBUG glance_store.backend [-] Attempting to import store swift {{(pid=103602) _load_store /opt/stack/data/venv/lib/python3.10/site-packages/glance_store/backend.py:216}}
Nov 29 19:45:57 jammy-provider-cloud-0000007761 devstack@g-api.service[103602]: DEBUG glance_store.backend [-] Attempting to import store vmware {{(pid=103602) _load_store /opt/stack/data/venv/lib/python3.10/site-packages/glance_store/backend.py:216}}
Nov 29 19:45:57 jammy-provider-cloud-0000007761 devstack@g-api.service[103602]: DEBUG glance_store.backend [-] Registering options for group glance_store {{(pid=103602) register_opts /opt/stack/data/venv/lib/python3.10/site-packages/glance_store/backend.py:145}}
Nov 29 19:45:57 jammy-provider-cloud-0000007761 devstack@g-api.service[103602]: DEBUG glance_store.backend [-] Registering options for group glance_store {{(pid=103602) register_opts /opt/stack/data/venv/lib/python3.10/site-packages/glance_store/backend.py:145}}
Nov 29 19:45:57 jammy-provider-cloud-0000007761 devstack@g-api.service[103602]: DEBUG glance_store.backend [-] Attempting to import store file {{(pid=103602) _load_store /opt/stack/data/venv/lib/python3.10/site-packages/glance_store/backend.py:216}}
Nov 29 19:45:57 jammy-provider-cloud-0000007761 devstack@g-api.service[103602]: DEBUG glance_store.capabilities [-] Store glance_store._drivers.filesystem.Store doesn't support updating dynamic storage capabilities. Please overwrite 'update_capabilities' method of the store to implement updating logics if needed. {{(pid=103602) update_capabilities /opt/stack/data/venv/lib/python3.10/site-packages/glance_store/capabilities.py:91}}
Nov 29 19:45:57 jammy-provider-cloud-0000007761 devstack@g-api.service[103602]: DEBUG glance_store.backend [-] Registering store file with schemes ('file', 'filesystem') {{(pid=103602) create_stores /opt/stack/data/venv/lib/python3.10/site-packages/glance_store/backend.py:262}}
Nov 29 19:45:57 jammy-provider-cloud-0000007761 devstack@g-api.service[103602]: DEBUG glance_store.driver [-] Late loading location class glance_store._drivers.filesystem.StoreLocation {{(pid=103602) get_store_location_class /opt/stack/data/venv/lib/python3.10/site-packages/glance_store/driver.py:133}}
Nov 29 19:45:57 jammy-provider-cloud-0000007761 devstack@g-api.service[103602]: DEBUG glance_store.location [-] Registering scheme file with {'store': <glance_store._drivers.filesystem.Store object at 0x7fe10475bb50>, 'location_class': <class 'glance_store._drivers.filesystem.StoreLocation'>, 'store_entry': 'file'} {{(pid=103602) register_scheme_map /opt/stack/data/venv/lib/python3.10/site-packages/glance_store/location.py:146}}
Nov 29 19:45:57 jammy-provider-cloud-0000007761 devstack@g-api.service[103602]: DEBUG glance_store.location [-] Registering scheme filesystem with {'store': <glance_store._drivers.filesystem.Store object at 0x7fe10475bb50>, 'location_class': <class 'glance_store._drivers.filesystem.StoreLocation'>, 'store_entry': 'file'} {{(pid=103602) register_scheme_map /opt/stack/data/venv/lib/python3.10/site-packages/glance_store/location.py:146}}
Nov 29 19:45:57 jammy-provider-cloud-0000007761 devstack@g-api.service[103602]: DEBUG glance_store.backend [-] Attempting to import store http {{(pid=103602) _load_store /opt/stack/data/venv/lib/python3.10/site-packages/glance_store/backend.py:216}}
Nov 29 19:45:57 jammy-provider-cloud-0000007761 devstack@g-api.service[103602]: DEBUG glance_store.capabilities [-] Store glance_store._drivers.http.Store doesn't support updating dynamic storage capabilities. Please overwrite 'update_capabilities' method of the store to implement updating logics if needed. {{(pid=103602) update_capabilities /opt/stack/data/venv/lib/python3.10/site-packages/glance_store/capabilities.py:91}}
Nov 29 19:45:57 jammy-provider-cloud-0000007761 devstack@g-api.service[103602]: DEBUG glance_store.backend [-] Registering store http with schemes ('http', 'https') {{(pid=103602) create_stores /opt/stack/data/venv/lib/python3.10/site-packages/glance_store/backend.py:262}}
Nov 29 19:45:57 jammy-provider-cloud-0000007761 devstack@g-api.service[103602]: DEBUG glance_store.driver [-] Late loading location class glance_store._drivers.http.StoreLocation {{(pid=103602) get_store_location_class /opt/stack/data/venv/lib/python3.10/site-packages/glance_store/driver.py:133}}
Nov 29 19:45:57 jammy-provider-cloud-0000007761 devstack@g-api.service[103602]: DEBUG glance_store.location [-] Registering scheme http with {'store': <glance_store._drivers.http.Store object at 0x7fe10475b430>, 'location_class': <class 'glance_store._drivers.http.StoreLocation'>, 'store_entry': 'http'} {{(pid=103602) register_scheme_map /opt/stack/data/venv/lib/python3.10/site-packages/glance_store/location.py:146}}
Nov 29 19:45:57 jammy-provider-cloud-0000007761 devstack@g-api.service[103602]: DEBUG glance_store.location [-] Registering scheme https with {'store': <glance_store._drivers.http.Store object at 0x7fe10475b430>, 'location_class': <class 'glance_store._drivers.http.StoreLocation'>, 'store_entry': 'http'} {{(pid=103602) register_scheme_map /opt/stack/data/venv/lib/python3.10/site-packages/glance_store/location.py:146}}
Nov 29 19:45:57 jammy-provider-cloud-0000007761 devstack@g-api.service[103602]: DEBUG glance.sqlite_migration [-] SQLite caching database not located, skipping migration {{(pid=103602) get_db_path /opt/stack/glance/glance/sqlite_migration.py:68}}
Nov 29 19:45:57 jammy-provider-cloud-0000007761 devstack@g-api.service[103602]: WARNING glance.common.wsgi_app [-] Import methods are enabled but staging directory /tmp/staging/ does not exist; Imports will fail!
Nov 29 19:45:57 jammy-provider-cloud-0000007761 devstack@g-api.service[103603]: DEBUG glance_store.backend [-] Attempting to import store cinder {{(pid=103603) _load_store /opt/stack/data/venv/lib/python3.10/site-packages/glance_store/backend.py:216}}
Nov 29 19:45:57 jammy-provider-cloud-0000007761 devstack@g-api.service[103603]: DEBUG glance_store.backend [-] Attempting to import store file {{(pid=103603) _load_store /opt/stack/data/venv/lib/python3.10/site-packages/glance_store/backend.py:216}}
Nov 29 19:45:57 jammy-provider-cloud-0000007761 devstack@g-api.service[103603]: DEBUG glance_store.backend [-] Attempting to import store glance.store.cinder.Store {{(pid=103603) _load_store /opt/stack/data/venv/lib/python3.10/site-packages/glance_store/backend.py:216}}
Nov 29 19:45:57 jammy-provider-cloud-0000007761 devstack@g-api.service[103603]: DEBUG glance_store.backend [-] Attempting to import store glance.store.filesystem.Store {{(pid=103603) _load_store /opt/stack/data/venv/lib/python3.10/site-packages/glance_store/backend.py:216}}
Nov 29 19:45:57 jammy-provider-cloud-0000007761 devstack@g-api.service[103603]: DEBUG glance_store.backend [-] Attempting to import store glance.store.http.Store {{(pid=103603) _load_store /opt/stack/data/venv/lib/python3.10/site-packages/glance_store/backend.py:216}}
Nov 29 19:45:57 jammy-provider-cloud-0000007761 devstack@g-api.service[103603]: DEBUG glance_store.backend [-] Attempting to import store glance.store.rbd.Store {{(pid=103603) _load_store /opt/stack/data/venv/lib/python3.10/site-packages/glance_store/backend.py:216}}
Nov 29 19:45:57 jammy-provider-cloud-0000007761 devstack@g-api.service[103603]: DEBUG glance_store.backend [-] Attempting to import store glance.store.s3.Store {{(pid=103603) _load_store /opt/stack/data/venv/lib/python3.10/site-packages/glance_store/backend.py:216}}
Nov 29 19:45:57 jammy-provider-cloud-0000007761 devstack@g-api.service[103603]: DEBUG glance_store.backend [-] Attempting to import store glance.store.swift.Store {{(pid=103603) _load_store /opt/stack/data/venv/lib/python3.10/site-packages/glance_store/backend.py:216}}
Nov 29 19:45:57 jammy-provider-cloud-0000007761 devstack@g-api.service[103603]: DEBUG glance_store.backend [-] Attempting to import store glance.store.vmware_datastore.Store {{(pid=103603) _load_store /opt/stack/data/venv/lib/python3.10/site-packages/glance_store/backend.py:216}}
Nov 29 19:45:57 jammy-provider-cloud-0000007761 devstack@g-api.service[103603]: DEBUG glance_store.backend [-] Attempting to import store http {{(pid=103603) _load_store /opt/stack/data/venv/lib/python3.10/site-packages/glance_store/backend.py:216}}
Nov 29 19:45:57 jammy-provider-cloud-0000007761 devstack@g-api.service[103603]: DEBUG glance_store.backend [-] Attempting to import store no_conf {{(pid=103603) _load_store /opt/stack/data/venv/lib/python3.10/site-packages/glance_store/backend.py:216}}
Nov 29 19:45:57 jammy-provider-cloud-0000007761 devstack@g-api.service[103603]: DEBUG glance_store.backend [-] Attempting to import store rbd {{(pid=103603) _load_store /opt/stack/data/venv/lib/python3.10/site-packages/glance_store/backend.py:216}}
Nov 29 19:45:57 jammy-provider-cloud-0000007761 devstack@g-api.service[103603]: DEBUG glance_store.backend [-] Attempting to import store s3 {{(pid=103603) _load_store /opt/stack/data/venv/lib/python3.10/site-packages/glance_store/backend.py:216}}
Nov 29 19:45:57 jammy-provider-cloud-0000007761 devstack@g-api.service[103603]: DEBUG glance_store.backend [-] Attempting to import store swift {{(pid=103603) _load_store /opt/stack/data/venv/lib/python3.10/site-packages/glance_store/backend.py:216}}
Nov 29 19:45:57 jammy-provider-cloud-0000007761 devstack@g-api.service[103603]: DEBUG glance_store.backend [-] Attempting to import store vmware {{(pid=103603) _load_store /opt/stack/data/venv/lib/python3.10/site-packages/glance_store/backend.py:216}}
Nov 29 19:45:57 jammy-provider-cloud-0000007761 devstack@g-api.service[103603]: DEBUG glance_store.backend [-] Registering options for group glance_store {{(pid=103603) register_opts /opt/stack/data/venv/lib/python3.10/site-packages/glance_store/backend.py:145}}
Nov 29 19:45:57 jammy-provider-cloud-0000007761 devstack@g-api.service[103603]: DEBUG glance_store.backend [-] Registering options for group glance_store {{(pid=103603) register_opts /opt/stack/data/venv/lib/python3.10/site-packages/glance_store/backend.py:145}}
Nov 29 19:45:57 jammy-provider-cloud-0000007761 devstack@g-api.service[103603]: DEBUG glance_store.backend [-] Attempting to import store file {{(pid=103603) _load_store /opt/stack/data/venv/lib/python3.10/site-packages/glance_store/backend.py:216}}
Nov 29 19:45:57 jammy-provider-cloud-0000007761 devstack@g-api.service[103603]: DEBUG glance_store.capabilities [-] Store glance_store._drivers.filesystem.Store doesn't support updating dynamic storage capabilities. Please overwrite 'update_capabilities' method of the store to implement updating logics if needed. {{(pid=103603) update_capabilities /opt/stack/data/venv/lib/python3.10/site-packages/glance_store/capabilities.py:91}}
Nov 29 19:45:57 jammy-provider-cloud-0000007761 devstack@g-api.service[103603]: DEBUG glance_store.backend [-] Registering store file with schemes ('file', 'filesystem') {{(pid=103603) create_stores /opt/stack/data/venv/lib/python3.10/site-packages/glance_store/backend.py:262}}
Nov 29 19:45:57 jammy-provider-cloud-0000007761 devstack@g-api.service[103603]: DEBUG glance_store.driver [-] Late loading location class glance_store._drivers.filesystem.StoreLocation {{(pid=103603) get_store_location_class /opt/stack/data/venv/lib/python3.10/site-packages/glance_store/driver.py:133}}
Nov 29 19:45:57 jammy-provider-cloud-0000007761 devstack@g-api.service[103603]: DEBUG glance_store.location [-] Registering scheme file with {'store': <glance_store._drivers.filesystem.Store object at 0x7fe10475bb50>, 'location_class': <class 'glance_store._drivers.filesystem.StoreLocation'>, 'store_entry': 'file'} {{(pid=103603) register_scheme_map /opt/stack/data/venv/lib/python3.10/site-packages/glance_store/location.py:146}}
Nov 29 19:45:57 jammy-provider-cloud-0000007761 devstack@g-api.service[103603]: DEBUG glance_store.location [-] Registering scheme filesystem with {'store': <glance_store._drivers.filesystem.Store object at 0x7fe10475bb50>, 'location_class': <class 'glance_store._drivers.filesystem.StoreLocation'>, 'store_entry': 'file'} {{(pid=103603) register_scheme_map /opt/stack/data/venv/lib/python3.10/site-packages/glance_store/location.py:146}}
Nov 29 19:45:57 jammy-provider-cloud-0000007761 devstack@g-api.service[103603]: DEBUG glance_store.backend [-] Attempting to import store http {{(pid=103603) _load_store /opt/stack/data/venv/lib/python3.10/site-packages/glance_store/backend.py:216}}
Nov 29 19:45:57 jammy-provider-cloud-0000007761 devstack@g-api.service[103603]: DEBUG glance_store.capabilities [-] Store glance_store._drivers.http.Store doesn't support updating dynamic storage capabilities. Please overwrite 'update_capabilities' method of the store to implement updating logics if needed. {{(pid=103603) update_capabilities /opt/stack/data/venv/lib/python3.10/site-packages/glance_store/capabilities.py:91}}
Nov 29 19:45:57 jammy-provider-cloud-0000007761 devstack@g-api.service[103603]: DEBUG glance_store.backend [-] Registering store http with schemes ('http', 'https') {{(pid=103603) create_stores /opt/stack/data/venv/lib/python3.10/site-packages/glance_store/backend.py:262}}
Nov 29 19:45:57 jammy-provider-cloud-0000007761 devstack@g-api.service[103603]: DEBUG glance_store.driver [-] Late loading location class glance_store._drivers.http.StoreLocation {{(pid=103603) get_store_location_class /opt/stack/data/venv/lib/python3.10/site-packages/glance_store/driver.py:133}}
Nov 29 19:45:57 jammy-provider-cloud-0000007761 devstack@g-api.service[103603]: DEBUG glance_store.location [-] Registering scheme http with {'store': <glance_store._drivers.http.Store object at 0x7fe10475b430>, 'location_class': <class 'glance_store._drivers.http.StoreLocation'>, 'store_entry': 'http'} {{(pid=103603) register_scheme_map /opt/stack/data/venv/lib/python3.10/site-packages/glance_store/location.py:146}}
Nov 29 19:45:57 jammy-provider-cloud-0000007761 devstack@g-api.service[103603]: DEBUG glance_store.location [-] Registering scheme https with {'store': <glance_store._drivers.http.Store object at 0x7fe10475b430>, 'location_class': <class 'glance_store._drivers.http.StoreLocation'>, 'store_entry': 'http'} {{(pid=103603) register_scheme_map /opt/stack/data/venv/lib/python3.10/site-packages/glance_store/location.py:146}}
Nov 29 19:45:57 jammy-provider-cloud-0000007761 devstack@g-api.service[103603]: DEBUG glance.sqlite_migration [-] SQLite caching database not located, skipping migration {{(pid=103603) get_db_path /opt/stack/glance/glance/sqlite_migration.py:68}}
Nov 29 19:45:57 jammy-provider-cloud-0000007761 devstack@g-api.service[103603]: WARNING glance.common.wsgi_app [-] Import methods are enabled but staging directory /tmp/staging/ does not exist; Imports will fail!
Nov 29 19:45:57 jammy-provider-cloud-0000007761 devstack@g-api.service[103602]: DEBUG glance.common.config [None req-17a098f5-c168-4e1f-b582-bc21c7805a28 None None] Loading glance-api-keystone+cachemanagement from /etc/glance/glance-api-paste.ini {{(pid=103602) load_paste_app /opt/stack/glance/glance/common/config.py:723}}
Nov 29 19:45:57 jammy-provider-cloud-0000007761 devstack@g-api.service[103603]: DEBUG glance.common.config [None req-c18a2bb0-e9d8-4846-8368-ebf302029c5d None None] Loading glance-api-keystone+cachemanagement from /etc/glance/glance-api-paste.ini {{(pid=103603) load_paste_app /opt/stack/glance/glance/common/config.py:723}}
Nov 29 19:45:58 jammy-provider-cloud-0000007761 devstack@g-api.service[103602]: INFO glance.image_cache [None req-17a098f5-c168-4e1f-b582-bc21c7805a28 None None] Image cache loaded driver 'centralized_db'.
Nov 29 19:45:58 jammy-provider-cloud-0000007761 devstack@g-api.service[103603]: INFO glance.image_cache [None req-c18a2bb0-e9d8-4846-8368-ebf302029c5d None None] Image cache loaded driver 'centralized_db'.
Nov 29 19:45:58 jammy-provider-cloud-0000007761 devstack@g-api.service[103602]: INFO dbcounter [None req-17a098f5-c168-4e1f-b582-bc21c7805a28 None None] Registered counter for database glance
Nov 29 19:45:58 jammy-provider-cloud-0000007761 devstack@g-api.service[103603]: INFO dbcounter [None req-c18a2bb0-e9d8-4846-8368-ebf302029c5d None None] Registered counter for database glance
Nov 29 19:45:58 jammy-provider-cloud-0000007761 devstack@g-api.service[103602]: DEBUG oslo_db.sqlalchemy.engines [None req-17a098f5-c168-4e1f-b582-bc21c7805a28 None None] MySQL server mode set to STRICT_TRANS_TABLES,STRICT_ALL_TABLES,NO_ZERO_IN_DATE,NO_ZERO_DATE,ERROR_FOR_DIVISION_BY_ZERO,TRADITIONAL,NO_ENGINE_SUBSTITUTION {{(pid=103602) _check_effective_sql_mode /opt/stack/data/venv/lib/python3.10/site-packages/oslo_db/sqlalchemy/engines.py:342}}
Nov 29 19:45:58 jammy-provider-cloud-0000007761 devstack@g-api.service[103603]: DEBUG oslo_db.sqlalchemy.engines [None req-c18a2bb0-e9d8-4846-8368-ebf302029c5d None None] MySQL server mode set to STRICT_TRANS_TABLES,STRICT_ALL_TABLES,NO_ZERO_IN_DATE,NO_ZERO_DATE,ERROR_FOR_DIVISION_BY_ZERO,TRADITIONAL,NO_ENGINE_SUBSTITUTION {{(pid=103603) _check_effective_sql_mode /opt/stack/data/venv/lib/python3.10/site-packages/oslo_db/sqlalchemy/engines.py:342}}
Nov 29 19:45:58 jammy-provider-cloud-0000007761 devstack@g-api.service[103602]: DEBUG dbcounter [-] [103602] Writer thread running {{(pid=103602) stat_writer /opt/stack/data/venv/lib/python3.10/site-packages/dbcounter.py:102}}
Nov 29 19:45:58 jammy-provider-cloud-0000007761 devstack@g-api.service[103603]: DEBUG dbcounter [-] [103603] Writer thread running {{(pid=103603) stat_writer /opt/stack/data/venv/lib/python3.10/site-packages/dbcounter.py:102}}
Nov 29 19:45:58 jammy-provider-cloud-0000007761 devstack@g-api.service[103603]: DEBUG glance.image_cache.drivers.centralized_db [None req-c18a2bb0-e9d8-4846-8368-ebf302029c5d None None] Node reference is already recorded, ignoring it {{(pid=103603) configure /opt/stack/glance/glance/image_cache/drivers/centralized_db.py:71}}
Nov 29 19:45:58 jammy-provider-cloud-0000007761 devstack@g-api.service[103602]: INFO glance.image_cache [None req-17a098f5-c168-4e1f-b582-bc21c7805a28 None None] Image cache loaded driver 'centralized_db'.
Nov 29 19:45:58 jammy-provider-cloud-0000007761 devstack@g-api.service[103603]: INFO glance.image_cache [None req-c18a2bb0-e9d8-4846-8368-ebf302029c5d None None] Image cache loaded driver 'centralized_db'.
Nov 29 19:45:58 jammy-provider-cloud-0000007761 devstack@g-api.service[103602]: DEBUG glance.image_cache.drivers.centralized_db [None req-17a098f5-c168-4e1f-b582-bc21c7805a28 None None] Node reference is already recorded, ignoring it {{(pid=103602) configure /opt/stack/glance/glance/image_cache/drivers/centralized_db.py:71}}
Nov 29 19:45:58 jammy-provider-cloud-0000007761 devstack@g-api.service[103603]: DEBUG glance.image_cache.drivers.centralized_db [None req-c18a2bb0-e9d8-4846-8368-ebf302029c5d None None] Node reference is already recorded, ignoring it {{(pid=103603) configure /opt/stack/glance/glance/image_cache/drivers/centralized_db.py:71}}
Nov 29 19:45:58 jammy-provider-cloud-0000007761 devstack@g-api.service[103602]: DEBUG glance.api.v2.cached_images [None req-17a098f5-c168-4e1f-b582-bc21c7805a28 None None] Started cache worker thread {{(pid=103602) __init__ /opt/stack/glance/glance/api/v2/cached_images.py:69}}
Nov 29 19:45:58 jammy-provider-cloud-0000007761 devstack@g-api.service[103602]: INFO glance.image_cache [None req-17a098f5-c168-4e1f-b582-bc21c7805a28 None None] Image cache loaded driver 'centralized_db'.
Nov 29 19:45:58 jammy-provider-cloud-0000007761 devstack@g-api.service[103603]: DEBUG glance.api.v2.cached_images [None req-c18a2bb0-e9d8-4846-8368-ebf302029c5d None None] Started cache worker thread {{(pid=103603) __init__ /opt/stack/glance/glance/api/v2/cached_images.py:69}}
Nov 29 19:45:58 jammy-provider-cloud-0000007761 devstack@g-api.service[103603]: INFO glance.image_cache [None req-c18a2bb0-e9d8-4846-8368-ebf302029c5d None None] Image cache loaded driver 'centralized_db'.
Nov 29 19:45:58 jammy-provider-cloud-0000007761 devstack@g-api.service[103602]: DEBUG glance.image_cache.drivers.centralized_db [None req-17a098f5-c168-4e1f-b582-bc21c7805a28 None None] Node reference is already recorded, ignoring it {{(pid=103602) configure /opt/stack/glance/glance/image_cache/drivers/centralized_db.py:71}}
Nov 29 19:45:58 jammy-provider-cloud-0000007761 devstack@g-api.service[103603]: DEBUG glance.image_cache.drivers.centralized_db [None req-c18a2bb0-e9d8-4846-8368-ebf302029c5d None None] Node reference is already recorded, ignoring it {{(pid=103603) configure /opt/stack/glance/glance/image_cache/drivers/centralized_db.py:71}}
Nov 29 19:45:58 jammy-provider-cloud-0000007761 devstack@g-api.service[103602]: INFO glance.api.middleware.cache_manage [None req-17a098f5-c168-4e1f-b582-bc21c7805a28 None None] Initialized image cache management middleware
Nov 29 19:45:58 jammy-provider-cloud-0000007761 devstack@g-api.service[103602]: INFO glance.image_cache [None req-17a098f5-c168-4e1f-b582-bc21c7805a28 None None] Image cache loaded driver 'centralized_db'.
Nov 29 19:45:58 jammy-provider-cloud-0000007761 devstack@g-api.service[103603]: INFO glance.api.middleware.cache_manage [None req-c18a2bb0-e9d8-4846-8368-ebf302029c5d None None] Initialized image cache management middleware
Nov 29 19:45:58 jammy-provider-cloud-0000007761 devstack@g-api.service[103603]: INFO glance.image_cache [None req-c18a2bb0-e9d8-4846-8368-ebf302029c5d None None] Image cache loaded driver 'centralized_db'.
Nov 29 19:45:58 jammy-provider-cloud-0000007761 devstack@g-api.service[103602]: DEBUG glance.image_cache.drivers.centralized_db [None req-17a098f5-c168-4e1f-b582-bc21c7805a28 None None] Node reference is already recorded, ignoring it {{(pid=103602) configure /opt/stack/glance/glance/image_cache/drivers/centralized_db.py:71}}
Nov 29 19:45:58 jammy-provider-cloud-0000007761 devstack@g-api.service[103603]: DEBUG glance.image_cache.drivers.centralized_db [None req-c18a2bb0-e9d8-4846-8368-ebf302029c5d None None] Node reference is already recorded, ignoring it {{(pid=103603) configure /opt/stack/glance/glance/image_cache/drivers/centralized_db.py:71}}
Nov 29 19:45:58 jammy-provider-cloud-0000007761 devstack@g-api.service[103602]: INFO glance.api.middleware.cache [None req-17a098f5-c168-4e1f-b582-bc21c7805a28 None None] Initialized image cache middleware
Nov 29 19:45:58 jammy-provider-cloud-0000007761 devstack@g-api.service[103603]: INFO glance.api.middleware.cache [None req-c18a2bb0-e9d8-4846-8368-ebf302029c5d None None] Initialized image cache middleware
Nov 29 19:45:58 jammy-provider-cloud-0000007761 devstack@g-api.service[103602]: WARNING keystonemiddleware.auth_token [None req-17a098f5-c168-4e1f-b582-bc21c7805a28 None None] AuthToken middleware is set with keystone_authtoken.service_token_roles_required set to False. This is backwards compatible but deprecated behaviour. Please set this to True.
Nov 29 19:45:58 jammy-provider-cloud-0000007761 devstack@g-api.service[103602]: WARNING keystonemiddleware.auth_token [None req-17a098f5-c168-4e1f-b582-bc21c7805a28 None None] Configuring www_authenticate_uri to point to the public identity endpoint is required; clients may not be able to authenticate against an admin endpoint
Nov 29 19:45:58 jammy-provider-cloud-0000007761 devstack@g-api.service[103603]: WARNING keystonemiddleware.auth_token [None req-c18a2bb0-e9d8-4846-8368-ebf302029c5d None None] AuthToken middleware is set with keystone_authtoken.service_token_roles_required set to False. This is backwards compatible but deprecated behaviour. Please set this to True.
Nov 29 19:45:58 jammy-provider-cloud-0000007761 devstack@g-api.service[103602]: DEBUG glance.common.config [None req-17a098f5-c168-4e1f-b582-bc21c7805a28 None None] ******************************************************************************** {{(pid=103602) log_opt_values /opt/stack/data/venv/lib/python3.10/site-packages/oslo_config/cfg.py:2804}}
Nov 29 19:45:58 jammy-provider-cloud-0000007761 devstack@g-api.service[103602]: DEBUG glance.common.config [None req-17a098f5-c168-4e1f-b582-bc21c7805a28 None None] Configuration options gathered from: {{(pid=103602) log_opt_values /opt/stack/data/venv/lib/python3.10/site-packages/oslo_config/cfg.py:2805}}
Nov 29 19:45:58 jammy-provider-cloud-0000007761 devstack@g-api.service[103602]: DEBUG glance.common.config [None req-17a098f5-c168-4e1f-b582-bc21c7805a28 None None] command line args: [] {{(pid=103602) log_opt_values /opt/stack/data/venv/lib/python3.10/site-packages/oslo_config/cfg.py:2806}}
Nov 29 19:45:58 jammy-provider-cloud-0000007761 devstack@g-api.service[103602]: DEBUG glance.common.config [None req-17a098f5-c168-4e1f-b582-bc21c7805a28 None None] config files: ['/etc/glance/glance-image-import.conf', '/etc/glance/glance-api.conf'] {{(pid=103602) log_opt_values /opt/stack/data/venv/lib/python3.10/site-packages/oslo_config/cfg.py:2807}}
Nov 29 19:45:58 jammy-provider-cloud-0000007761 devstack@g-api.service[103602]: DEBUG glance.common.config [None req-17a098f5-c168-4e1f-b582-bc21c7805a28 None None] ================================================================================ {{(pid=103602) log_opt_values /opt/stack/data/venv/lib/python3.10/site-packages/oslo_config/cfg.py:2809}}
Nov 29 19:45:58 jammy-provider-cloud-0000007761 devstack@g-api.service[103602]: DEBUG glance.common.config [None req-17a098f5-c168-4e1f-b582-bc21c7805a28 None None] allow_anonymous_access         = False {{(pid=103602) log_opt_values /opt/stack/data/venv/lib/python3.10/site-packages/oslo_config/cfg.py:2817}}
Nov 29 19:45:58 jammy-provider-cloud-0000007761 devstack@g-api.service[103602]: DEBUG glance.common.config [None req-17a098f5-c168-4e1f-b582-bc21c7805a28 None None] api_limit_max                  = 1000 {{(pid=103602) log_opt_values /opt/stack/data/venv/lib/python3.10/site-packages/oslo_config/cfg.py:2817}}
Nov 29 19:45:58 jammy-provider-cloud-0000007761 devstack@g-api.service[103602]: DEBUG glance.common.config [None req-17a098f5-c168-4e1f-b582-bc21c7805a28 None None] backlog                        = 4096 {{(pid=103602) log_opt_values /opt/stack/data/venv/lib/python3.10/site-packages/oslo_config/cfg.py:2817}}
Nov 29 19:45:58 jammy-provider-cloud-0000007761 devstack@g-api.service[103603]: WARNING keystonemiddleware.auth_token [None req-c18a2bb0-e9d8-4846-8368-ebf302029c5d None None] Configuring www_authenticate_uri to point to the public identity endpoint is required; clients may not be able to authenticate against an admin endpoint
Nov 29 19:45:58 jammy-provider-cloud-0000007761 devstack@g-api.service[103602]: DEBUG glance.common.config [None req-17a098f5-c168-4e1f-b582-bc21c7805a28 None None] bind_host                      = 0.0.0.0 {{(pid=103602) log_opt_values /opt/stack/data/venv/lib/python3.10/site-packages/oslo_config/cfg.py:2817}}
Nov 29 19:45:58 jammy-provider-cloud-0000007761 devstack@g-api.service[103602]: DEBUG glance.common.config [None req-17a098f5-c168-4e1f-b582-bc21c7805a28 None None] bind_port                      = None {{(pid=103602) log_opt_values /opt/stack/data/venv/lib/python3.10/site-packages/oslo_config/cfg.py:2817}}
Nov 29 19:45:58 jammy-provider-cloud-0000007761 devstack@g-api.service[103602]: DEBUG glance.common.config [None req-17a098f5-c168-4e1f-b582-bc21c7805a28 None None] client_socket_timeout          = 900 {{(pid=103602) log_opt_values /opt/stack/data/venv/lib/python3.10/site-packages/oslo_config/cfg.py:2817}}
Nov 29 19:45:58 jammy-provider-cloud-0000007761 devstack@g-api.service[103602]: DEBUG glance.common.config [None req-17a098f5-c168-4e1f-b582-bc21c7805a28 None None] config_dir                     = [] {{(pid=103602) log_opt_values /opt/stack/data/venv/lib/python3.10/site-packages/oslo_config/cfg.py:2817}}
Nov 29 19:45:58 jammy-provider-cloud-0000007761 devstack@g-api.service[103602]: DEBUG glance.common.config [None req-17a098f5-c168-4e1f-b582-bc21c7805a28 None None] config_file                    = ['/etc/glance/glance-image-import.conf', '/etc/glance/glance-api.conf'] {{(pid=103602) log_opt_values /opt/stack/data/venv/lib/python3.10/site-packages/oslo_config/cfg.py:2817}}
Nov 29 19:45:58 jammy-provider-cloud-0000007761 devstack@g-api.service[103602]: DEBUG glance.common.config [None req-17a098f5-c168-4e1f-b582-bc21c7805a28 None None] config_source                  = [] {{(pid=103602) log_opt_values /opt/stack/data/venv/lib/python3.10/site-packages/oslo_config/cfg.py:2817}}
Nov 29 19:45:58 jammy-provider-cloud-0000007761 devstack@g-api.service[103602]: DEBUG glance.common.config [None req-17a098f5-c168-4e1f-b582-bc21c7805a28 None None] control_exchange               = glance {{(pid=103602) log_opt_values /opt/stack/data/venv/lib/python3.10/site-packages/oslo_config/cfg.py:2817}}
Nov 29 19:45:58 jammy-provider-cloud-0000007761 devstack@g-api.service[103602]: DEBUG glance.common.config [None req-17a098f5-c168-4e1f-b582-bc21c7805a28 None None] debug                          = True {{(pid=103602) log_opt_values /opt/stack/data/venv/lib/python3.10/site-packages/oslo_config/cfg.py:2817}}
Nov 29 19:45:58 jammy-provider-cloud-0000007761 devstack@g-api.service[103602]: DEBUG glance.common.config [None req-17a098f5-c168-4e1f-b582-bc21c7805a28 None None] default_log_levels             = ['amqp=WARN', 'amqplib=WARN', 'boto=WARN', 'qpid=WARN', 'sqlalchemy=WARN', 'suds=INFO', 'oslo.messaging=INFO', 'oslo_messaging=INFO', 'iso8601=WARN', 'requests.packages.urllib3.connectionpool=WARN', 'urllib3.connectionpool=WARN', 'websocket=WARN', 'requests.packages.urllib3.util.retry=WARN', 'urllib3.util.retry=WARN', 'keystonemiddleware=WARN', 'routes.middleware=WARN', 'stevedore=WARN', 'taskflow=WARN', 'keystoneauth=WARN', 'oslo.cache=INFO', 'oslo_policy=INFO', 'dogpile.core.dogpile=INFO'] {{(pid=103602) log_opt_values /opt/stack/data/venv/lib/python3.10/site-packages/oslo_config/cfg.py:2817}}
Nov 29 19:45:58 jammy-provider-cloud-0000007761 devstack@g-api.service[103602]: DEBUG glance.common.config [None req-17a098f5-c168-4e1f-b582-bc21c7805a28 None None] default_publisher_id           = image.localhost {{(pid=103602) log_opt_values /opt/stack/data/venv/lib/python3.10/site-packages/oslo_config/cfg.py:2817}}
Nov 29 19:45:58 jammy-provider-cloud-0000007761 devstack@g-api.service[103602]: DEBUG glance.common.config [None req-17a098f5-c168-4e1f-b582-bc21c7805a28 None None] delayed_delete                 = False {{(pid=103602) log_opt_values /opt/stack/data/venv/lib/python3.10/site-packages/oslo_config/cfg.py:2817}}
Nov 29 19:45:58 jammy-provider-cloud-0000007761 devstack@g-api.service[103602]: DEBUG glance.common.config [None req-17a098f5-c168-4e1f-b582-bc21c7805a28 None None] digest_algorithm               = sha256 {{(pid=103602) log_opt_values /opt/stack/data/venv/lib/python3.10/site-packages/oslo_config/cfg.py:2817}}
Nov 29 19:45:58 jammy-provider-cloud-0000007761 devstack@g-api.service[103602]: DEBUG glance.common.config [None req-17a098f5-c168-4e1f-b582-bc21c7805a28 None None] disabled_notifications         = [] {{(pid=103602) log_opt_values /opt/stack/data/venv/lib/python3.10/site-packages/oslo_config/cfg.py:2817}}
Nov 29 19:45:58 jammy-provider-cloud-0000007761 devstack@g-api.service[103602]: DEBUG glance.common.config [None req-17a098f5-c168-4e1f-b582-bc21c7805a28 None None] do_secure_hash                 = True {{(pid=103602) log_opt_values /opt/stack/data/venv/lib/python3.10/site-packages/oslo_config/cfg.py:2817}}
Nov 29 19:45:58 jammy-provider-cloud-0000007761 devstack@g-api.service[103602]: DEBUG glance.common.config [None req-17a098f5-c168-4e1f-b582-bc21c7805a28 None None] enabled_backends               = None {{(pid=103602) log_opt_values /opt/stack/data/venv/lib/python3.10/site-packages/oslo_config/cfg.py:2817}}
Nov 29 19:45:58 jammy-provider-cloud-0000007761 devstack@g-api.service[103602]: DEBUG glance.common.config [None req-17a098f5-c168-4e1f-b582-bc21c7805a28 None None] enabled_import_methods         = ['glance-direct', 'web-download', 'copy-image'] {{(pid=103602) log_opt_values /opt/stack/data/venv/lib/python3.10/site-packages/oslo_config/cfg.py:2817}}
Nov 29 19:45:58 jammy-provider-cloud-0000007761 devstack@g-api.service[103602]: DEBUG glance.common.config [None req-17a098f5-c168-4e1f-b582-bc21c7805a28 None None] hashing_algorithm              = sha512 {{(pid=103602) log_opt_values /opt/stack/data/venv/lib/python3.10/site-packages/oslo_config/cfg.py:2817}}
Nov 29 19:45:58 jammy-provider-cloud-0000007761 devstack@g-api.service[103602]: DEBUG glance.common.config [None req-17a098f5-c168-4e1f-b582-bc21c7805a28 None None] http_keepalive                 = True {{(pid=103602) log_opt_values /opt/stack/data/venv/lib/python3.10/site-packages/oslo_config/cfg.py:2817}}
Nov 29 19:45:58 jammy-provider-cloud-0000007761 devstack@g-api.service[103602]: DEBUG glance.common.config [None req-17a098f5-c168-4e1f-b582-bc21c7805a28 None None] http_retries                   = 3 {{(pid=103602) log_opt_values /opt/stack/data/venv/lib/python3.10/site-packages/oslo_config/cfg.py:2817}}
Nov 29 19:45:58 jammy-provider-cloud-0000007761 devstack@g-api.service[103602]: DEBUG glance.common.config [None req-17a098f5-c168-4e1f-b582-bc21c7805a28 None None] image_cache_dir                = /opt/stack/data/glance/cache/ {{(pid=103602) log_opt_values /opt/stack/data/venv/lib/python3.10/site-packages/oslo_config/cfg.py:2817}}
Nov 29 19:45:58 jammy-provider-cloud-0000007761 devstack@g-api.service[103602]: DEBUG glance.common.config [None req-17a098f5-c168-4e1f-b582-bc21c7805a28 None None] image_cache_driver             = centralized_db {{(pid=103602) log_opt_values /opt/stack/data/venv/lib/python3.10/site-packages/oslo_config/cfg.py:2817}}
Nov 29 19:45:58 jammy-provider-cloud-0000007761 devstack@g-api.service[103602]: DEBUG glance.common.config [None req-17a098f5-c168-4e1f-b582-bc21c7805a28 None None] image_cache_max_size           = 10737418240 {{(pid=103602) log_opt_values /opt/stack/data/venv/lib/python3.10/site-packages/oslo_config/cfg.py:2817}}
Nov 29 19:45:58 jammy-provider-cloud-0000007761 devstack@g-api.service[103602]: DEBUG glance.common.config [None req-17a098f5-c168-4e1f-b582-bc21c7805a28 None None] image_cache_sqlite_db          = cache.db {{(pid=103602) log_opt_values /opt/stack/data/venv/lib/python3.10/site-packages/oslo_config/cfg.py:2817}}
Nov 29 19:45:58 jammy-provider-cloud-0000007761 devstack@g-api.service[103602]: DEBUG glance.common.config [None req-17a098f5-c168-4e1f-b582-bc21c7805a28 None None] image_cache_stall_time         = 86400 {{(pid=103602) log_opt_values /opt/stack/data/venv/lib/python3.10/site-packages/oslo_config/cfg.py:2817}}
Nov 29 19:45:58 jammy-provider-cloud-0000007761 devstack@g-api.service[103602]: DEBUG glance.common.config [None req-17a098f5-c168-4e1f-b582-bc21c7805a28 None None] image_location_quota           = 10 {{(pid=103602) log_opt_values /opt/stack/data/venv/lib/python3.10/site-packages/oslo_config/cfg.py:2817}}
Nov 29 19:45:58 jammy-provider-cloud-0000007761 devstack@g-api.service[103602]: DEBUG glance.common.config [None req-17a098f5-c168-4e1f-b582-bc21c7805a28 None None] image_member_quota             = 128 {{(pid=103602) log_opt_values /opt/stack/data/venv/lib/python3.10/site-packages/oslo_config/cfg.py:2817}}
Nov 29 19:45:58 jammy-provider-cloud-0000007761 devstack@g-api.service[103602]: DEBUG glance.common.config [None req-17a098f5-c168-4e1f-b582-bc21c7805a28 None None] image_property_quota           = 128 {{(pid=103602) log_opt_values /opt/stack/data/venv/lib/python3.10/site-packages/oslo_config/cfg.py:2817}}
Nov 29 19:45:58 jammy-provider-cloud-0000007761 devstack@g-api.service[103602]: DEBUG glance.common.config [None req-17a098f5-c168-4e1f-b582-bc21c7805a28 None None] image_size_cap                 = 1099511627776 {{(pid=103602) log_opt_values /opt/stack/data/venv/lib/python3.10/site-packages/oslo_config/cfg.py:2817}}
Nov 29 19:45:58 jammy-provider-cloud-0000007761 devstack@g-api.service[103602]: DEBUG glance.common.config [None req-17a098f5-c168-4e1f-b582-bc21c7805a28 None None] image_tag_quota                = 128 {{(pid=103602) log_opt_values /opt/stack/data/venv/lib/python3.10/site-packages/oslo_config/cfg.py:2817}}
Nov 29 19:45:58 jammy-provider-cloud-0000007761 devstack@g-api.service[103602]: DEBUG glance.common.config [None req-17a098f5-c168-4e1f-b582-bc21c7805a28 None None] instance_format                = [instance: %(uuid)s]  {{(pid=103602) log_opt_values /opt/stack/data/venv/lib/python3.10/site-packages/oslo_config/cfg.py:2817}}
Nov 29 19:45:58 jammy-provider-cloud-0000007761 devstack@g-api.service[103602]: DEBUG glance.common.config [None req-17a098f5-c168-4e1f-b582-bc21c7805a28 None None] instance_uuid_format           = [instance: %(uuid)s]  {{(pid=103602) log_opt_values /opt/stack/data/venv/lib/python3.10/site-packages/oslo_config/cfg.py:2817}}
Nov 29 19:45:58 jammy-provider-cloud-0000007761 devstack@g-api.service[103602]: DEBUG glance.common.config [None req-17a098f5-c168-4e1f-b582-bc21c7805a28 None None] limit_param_default            = 25 {{(pid=103602) log_opt_values /opt/stack/data/venv/lib/python3.10/site-packages/oslo_config/cfg.py:2817}}
Nov 29 19:45:58 jammy-provider-cloud-0000007761 devstack@g-api.service[103602]: DEBUG glance.common.config [None req-17a098f5-c168-4e1f-b582-bc21c7805a28 None None] log_color                      = True {{(pid=103602) log_opt_values /opt/stack/data/venv/lib/python3.10/site-packages/oslo_config/cfg.py:2817}}
Nov 29 19:45:58 jammy-provider-cloud-0000007761 devstack@g-api.service[103602]: DEBUG glance.common.config [None req-17a098f5-c168-4e1f-b582-bc21c7805a28 None None] log_config_append              = None {{(pid=103602) log_opt_values /opt/stack/data/venv/lib/python3.10/site-packages/oslo_config/cfg.py:2817}}
Nov 29 19:45:58 jammy-provider-cloud-0000007761 devstack@g-api.service[103602]: DEBUG glance.common.config [None req-17a098f5-c168-4e1f-b582-bc21c7805a28 None None] log_date_format                = %Y-%m-%d %H:%M:%S {{(pid=103602) log_opt_values /opt/stack/data/venv/lib/python3.10/site-packages/oslo_config/cfg.py:2817}}
Nov 29 19:45:58 jammy-provider-cloud-0000007761 devstack@g-api.service[103602]: DEBUG glance.common.config [None req-17a098f5-c168-4e1f-b582-bc21c7805a28 None None] log_dir                        = None {{(pid=103602) log_opt_values /opt/stack/data/venv/lib/python3.10/site-packages/oslo_config/cfg.py:2817}}
Nov 29 19:45:58 jammy-provider-cloud-0000007761 devstack@g-api.service[103602]: DEBUG glance.common.config [None req-17a098f5-c168-4e1f-b582-bc21c7805a28 None None] log_file                       = None {{(pid=103602) log_opt_values /opt/stack/data/venv/lib/python3.10/site-packages/oslo_config/cfg.py:2817}}
Nov 29 19:45:58 jammy-provider-cloud-0000007761 devstack@g-api.service[103602]: DEBUG glance.common.config [None req-17a098f5-c168-4e1f-b582-bc21c7805a28 None None] log_rotate_interval            = 1 {{(pid=103602) log_opt_values /opt/stack/data/venv/lib/python3.10/site-packages/oslo_config/cfg.py:2817}}
Nov 29 19:45:58 jammy-provider-cloud-0000007761 devstack@g-api.service[103602]: DEBUG glance.common.config [None req-17a098f5-c168-4e1f-b582-bc21c7805a28 None None] log_rotate_interval_type       = days {{(pid=103602) log_opt_values /opt/stack/data/venv/lib/python3.10/site-packages/oslo_config/cfg.py:2817}}
Nov 29 19:45:58 jammy-provider-cloud-0000007761 devstack@g-api.service[103602]: DEBUG glance.common.config [None req-17a098f5-c168-4e1f-b582-bc21c7805a28 None None] log_rotation_type              = none {{(pid=103602) log_opt_values /opt/stack/data/venv/lib/python3.10/site-packages/oslo_config/cfg.py:2817}}
Nov 29 19:45:58 jammy-provider-cloud-0000007761 devstack@g-api.service[103602]: DEBUG glance.common.config [None req-17a098f5-c168-4e1f-b582-bc21c7805a28 None None] logging_context_format_string  = %(color)s%(levelname)s %(name)s [%(global_request_id)s %(request_id)s %(project_name)s %(user_name)s%(color)s] %(instance)s%(color)s%(message)s {{(pid=103602) log_opt_values /opt/stack/data/venv/lib/python3.10/site-packages/oslo_config/cfg.py:2817}}
