May 06 20:12:02 ubuntu devstack@keystone.service[67670]: ERROR keystone.server.flask.application     _handle_flask_propagate_exceptions_config(current_app, e)
May 06 20:12:02 ubuntu devstack@keystone.service[67670]: ERROR keystone.server.flask.application   File "/opt/stack/data/venv/lib/python3.12/site-packages/flask/app.py", line 917, in full_dispatch_request
May 06 20:12:02 ubuntu devstack@keystone.service[67670]: ERROR keystone.server.flask.application     rv = self.dispatch_request()
May 06 20:12:02 ubuntu devstack@keystone.service[67670]: ERROR keystone.server.flask.application          ^^^^^^^^^^^^^^^^^^^^^^^
May 06 20:12:02 ubuntu devstack@keystone.service[67670]: ERROR keystone.server.flask.application   File "/opt/stack/data/venv/lib/python3.12/site-packages/flask/app.py", line 902, in dispatch_request
May 06 20:12:02 ubuntu devstack@keystone.service[67670]: ERROR keystone.server.flask.application     return self.ensure_sync(self.view_functions[rule.endpoint])(**view_args)  # type: ignore[no-any-return]
May 06 20:12:02 ubuntu devstack@keystone.service[67670]: ERROR keystone.server.flask.application            ^^^^^^^^^^^^^^^^^^^^^^^^^^^^^^^^^^^^^^^^^^^^^^^^^^^^^^^^^^^^^^^^^
May 06 20:12:02 ubuntu devstack@keystone.service[67670]: ERROR keystone.server.flask.application   File "/opt/stack/data/venv/lib/python3.12/site-packages/flask_restful/__init__.py", line 489, in wrapper
May 06 20:12:02 ubuntu devstack@keystone.service[67670]: ERROR keystone.server.flask.application     resp = resource(*args, **kwargs)
May 06 20:12:02 ubuntu devstack@keystone.service[67670]: ERROR keystone.server.flask.application            ^^^^^^^^^^^^^^^^^^^^^^^^^
May 06 20:12:02 ubuntu devstack@keystone.service[67670]: ERROR keystone.server.flask.application   File "/opt/stack/data/venv/lib/python3.12/site-packages/flask/views.py", line 110, in view
May 06 20:12:02 ubuntu devstack@keystone.service[67670]: ERROR keystone.server.flask.application     return current_app.ensure_sync(self.dispatch_request)(**kwargs)  # type: ignore[no-any-return]
May 06 20:12:02 ubuntu devstack@keystone.service[67670]: ERROR keystone.server.flask.application            ^^^^^^^^^^^^^^^^^^^^^^^^^^^^^^^^^^^^^^^^^^^^^^^^^^^^^^^^
May 06 20:12:02 ubuntu devstack@keystone.service[67670]: ERROR keystone.server.flask.application   File "/opt/stack/data/venv/lib/python3.12/site-packages/flask_restful/__init__.py", line 604, in dispatch_request
May 06 20:12:02 ubuntu devstack@keystone.service[67670]: ERROR keystone.server.flask.application     resp = meth(*args, **kwargs)
May 06 20:12:02 ubuntu devstack@keystone.service[67670]: ERROR keystone.server.flask.application            ^^^^^^^^^^^^^^^^^^^^^
May 06 20:12:02 ubuntu devstack@keystone.service[67670]: ERROR keystone.server.flask.application   File "/opt/stack/keystone/keystone/api/validation/__init__.py", line 86, in wrapper
May 06 20:12:02 ubuntu devstack@keystone.service[67670]: ERROR keystone.server.flask.application     return func(*args, **kwargs)
May 06 20:12:02 ubuntu devstack@keystone.service[67670]: ERROR keystone.server.flask.application            ^^^^^^^^^^^^^^^^^^^^^
May 06 20:12:02 ubuntu devstack@keystone.service[67670]: ERROR keystone.server.flask.application   File "/opt/stack/keystone/keystone/api/validation/__init__.py", line 145, in wrapper
May 06 20:12:02 ubuntu devstack@keystone.service[67670]: ERROR keystone.server.flask.application     response = func(*args, **kwargs)
May 06 20:12:02 ubuntu devstack@keystone.service[67670]: ERROR keystone.server.flask.application                ^^^^^^^^^^^^^^^^^^^^^
May 06 20:12:02 ubuntu devstack@keystone.service[67670]: ERROR keystone.server.flask.application   File "/opt/stack/keystone/keystone/api/roles.py", line 91, in post
May 06 20:12:02 ubuntu devstack@keystone.service[67670]: ERROR keystone.server.flask.application     ref = PROVIDERS.role_api.create_role(
May 06 20:12:02 ubuntu devstack@keystone.service[67670]: ERROR keystone.server.flask.application           ^^^^^^^^^^^^^^^^^^^^^^^^^^^^^^^
May 06 20:12:02 ubuntu devstack@keystone.service[67670]: ERROR keystone.server.flask.application   File "/opt/stack/keystone/keystone/common/manager.py", line 114, in wrapped
May 06 20:12:02 ubuntu devstack@keystone.service[67670]: ERROR keystone.server.flask.application     __ret_val = __f(*args, **kwargs)
May 06 20:12:02 ubuntu devstack@keystone.service[67670]: ERROR keystone.server.flask.application                 ^^^^^^^^^^^^^^^^^^^^
May 06 20:12:02 ubuntu devstack@keystone.service[67670]: ERROR keystone.server.flask.application   File "/opt/stack/keystone/keystone/assignment/core.py", line 1486, in create_role
May 06 20:12:02 ubuntu devstack@keystone.service[67670]: ERROR keystone.server.flask.application     ret = self.driver.create_role(role_id, role)
May 06 20:12:02 ubuntu devstack@keystone.service[67670]: ERROR keystone.server.flask.application           ^^^^^^^^^^^^^^^^^^^^^^^^^^^^^^^^^^^^^^
May 06 20:12:02 ubuntu devstack@keystone.service[67670]: ERROR keystone.server.flask.application   File "/opt/stack/keystone/keystone/common/sql/core.py", line 614, in wrapper
May 06 20:12:02 ubuntu devstack@keystone.service[67670]: ERROR keystone.server.flask.application     raise exception.Conflict(type=conflict_type, details=msg)
May 06 20:12:02 ubuntu devstack@keystone.service[67670]: ERROR keystone.server.flask.application keystone.exception.Conflict: Conflict occurred attempting to store role - Duplicate entry found with name service.
May 06 20:12:02 ubuntu devstack@keystone.service[67670]: ERROR keystone.server.flask.application 
May 06 20:12:02 ubuntu devstack@keystone.service[67670]: [pid: 67670|app: 0|req: 16/32] 10.120.125.137 () {62 vars in 1198 bytes} [Wed May  6 20:12:02 2026] POST /identity/v3/roles => generated 140 bytes in 77 msecs (HTTP/1.1 409) 5 headers in 183 bytes (1 switches on core 0)
May 06 20:12:02 ubuntu devstack@keystone.service[67671]: DEBUG keystone.server.flask.request_processing.middleware.auth_context [None req-d91c1542-ef09-4d2a-aa4d-d571c3d8093f None None] Validating token access rules against request {{(pid=67671) validate_allowed_request /opt/stack/data/venv/lib/python3.12/site-packages/keystonemiddleware/auth_token/__init__.py:545}}
May 06 20:12:02 ubuntu devstack@keystone.service[67671]: DEBUG keystone.server.flask.request_processing.middleware.auth_context [None req-9d3032e3-5660-45eb-9b7a-480a642e3f7b None admin] RBAC: auth_context: {'token': <TokenModel (audit_id=ZgGt7qqhTxGRLNmFBCt0RQ, audit_chain_id=['ZgGt7qqhTxGRLNmFBCt0RQ']) at 0x7fd4db642f60>, 'domain_id': None, 'trust_id': None, 'trustor_id': None, 'trustee_id': None, 'domain_name': None, 'group_ids': [], 'user_id': 'f26e8cd599ed4f01a554c1a86755b188', 'user_domain_id': 'default', 'system_scope': 'all', 'project_id': None, 'project_domain_id': None, 'roles': ['admin', 'manager', 'member', 'reader'], 'is_admin_project': True, 'service_user_id': None, 'service_user_domain_id': None, 'service_project_id': None, 'service_project_domain_id': None, 'service_roles': []} {{(pid=67671) fill_context /opt/stack/keystone/keystone/server/flask/request_processing/middleware/auth_context.py:509}}
May 06 20:12:02 ubuntu devstack@keystone.service[67671]: DEBUG keystone.server.flask.request_processing.req_logging [None req-9d3032e3-5660-45eb-9b7a-480a642e3f7b None admin] REQUEST_METHOD: `GET` {{(pid=67671) log_request_info /opt/stack/keystone/keystone/server/flask/request_processing/req_logging.py:26}}
May 06 20:12:02 ubuntu devstack@keystone.service[67671]: DEBUG keystone.server.flask.request_processing.req_logging [None req-9d3032e3-5660-45eb-9b7a-480a642e3f7b None admin] SCRIPT_NAME: `/identity` {{(pid=67671) log_request_info /opt/stack/keystone/keystone/server/flask/request_processing/req_logging.py:27}}
May 06 20:12:02 ubuntu devstack@keystone.service[67671]: DEBUG keystone.server.flask.request_processing.req_logging [None req-9d3032e3-5660-45eb-9b7a-480a642e3f7b None admin] PATH_INFO: `/v3/domains` {{(pid=67671) log_request_info /opt/stack/keystone/keystone/server/flask/request_processing/req_logging.py:28}}
May 06 20:12:02 ubuntu devstack@keystone.service[67670]: DEBUG keystone.server.flask.request_processing.middleware.auth_context [None req-071d0f47-7fd7-41db-9df3-ff3ed6720ef1 None admin] Authenticating user token {{(pid=67670) process_request /opt/stack/data/venv/lib/python3.12/site-packages/keystonemiddleware/auth_token/__init__.py:407}}
May 06 20:12:02 ubuntu devstack@keystone.service[67671]: DEBUG keystone.common.rbac_enforcer.enforcer [None req-9d3032e3-5660-45eb-9b7a-480a642e3f7b None admin] RBAC: Adding query filter params (name=Default) {{(pid=67671) _extract_filter_values /opt/stack/keystone/keystone/common/rbac_enforcer/enforcer.py:176}}
May 06 20:12:02 ubuntu devstack@keystone.service[67671]: DEBUG keystone.common.rbac_enforcer.enforcer [None req-9d3032e3-5660-45eb-9b7a-480a642e3f7b None admin] RBAC: Authorizing `identity:list_domains()` {{(pid=67671) enforce_call /opt/stack/keystone/keystone/common/rbac_enforcer/enforcer.py:494}}
May 06 20:12:02 ubuntu devstack@keystone.service[67671]: DEBUG keystone.common.rbac_enforcer.enforcer [None req-9d3032e3-5660-45eb-9b7a-480a642e3f7b None admin] RBAC: Authorization granted {{(pid=67671) enforce_call /opt/stack/keystone/keystone/common/rbac_enforcer/enforcer.py:505}}
May 06 20:12:02 ubuntu devstack@keystone.service[67671]: [pid: 67671|app: 0|req: 17/33] 10.120.125.137 () {58 vars in 1190 bytes} [Wed May  6 20:12:02 2026] GET /identity/v3/domains?name=Default => generated 310 bytes in 92 msecs (HTTP/1.1 200) 5 headers in 177 bytes (1 switches on core 0)
May 06 20:12:02 ubuntu devstack@keystone.service[67670]: DEBUG keystone.server.flask.request_processing.middleware.auth_context [None req-071d0f47-7fd7-41db-9df3-ff3ed6720ef1 None admin] Validating token access rules against request {{(pid=67670) validate_allowed_request /opt/stack/data/venv/lib/python3.12/site-packages/keystonemiddleware/auth_token/__init__.py:545}}
May 06 20:12:02 ubuntu devstack@keystone.service[67671]: DEBUG keystone.server.flask.request_processing.req_logging [None req-4090b40f-7f95-408f-bc09-72f8e7c26740 None None] REQUEST_METHOD: `GET` {{(pid=67671) log_request_info /opt/stack/keystone/keystone/server/flask/request_processing/req_logging.py:26}}
May 06 20:12:02 ubuntu devstack@keystone.service[67671]: DEBUG keystone.server.flask.request_processing.req_logging [None req-4090b40f-7f95-408f-bc09-72f8e7c26740 None None] SCRIPT_NAME: `/identity` {{(pid=67671) log_request_info /opt/stack/keystone/keystone/server/flask/request_processing/req_logging.py:27}}
May 06 20:12:02 ubuntu devstack@keystone.service[67671]: DEBUG keystone.server.flask.request_processing.req_logging [None req-4090b40f-7f95-408f-bc09-72f8e7c26740 None None] PATH_INFO: `/` {{(pid=67671) log_request_info /opt/stack/keystone/keystone/server/flask/request_processing/req_logging.py:28}}
May 06 20:12:02 ubuntu devstack@keystone.service[67671]: [pid: 67671|app: 0|req: 18/34] 10.120.125.137 () {56 vars in 950 bytes} [Wed May  6 20:12:02 2026] GET /identity => generated 271 bytes in 1 msecs (HTTP/1.1 300) 6 headers in 235 bytes (1 switches on core 0)
May 06 20:12:02 ubuntu devstack@keystone.service[67670]: DEBUG keystone.server.flask.request_processing.middleware.auth_context [None req-272c87ae-97c6-4308-9ba5-617fe0d189f0 None admin] RBAC: auth_context: {'token': <TokenModel (audit_id=FpypUdxIQMSsJ9FvwL_9lQ, audit_chain_id=['FpypUdxIQMSsJ9FvwL_9lQ']) at 0x7fd4db27aa80>, 'domain_id': None, 'trust_id': None, 'trustor_id': None, 'trustee_id': None, 'domain_name': None, 'group_ids': [], 'user_id': 'f26e8cd599ed4f01a554c1a86755b188', 'user_domain_id': 'default', 'system_scope': 'all', 'project_id': None, 'project_domain_id': None, 'roles': ['admin', 'manager', 'member', 'reader'], 'is_admin_project': True, 'service_user_id': None, 'service_user_domain_id': None, 'service_project_id': None, 'service_project_domain_id': None, 'service_roles': []} {{(pid=67670) fill_context /opt/stack/keystone/keystone/server/flask/request_processing/middleware/auth_context.py:509}}
May 06 20:12:02 ubuntu devstack@keystone.service[67670]: DEBUG keystone.server.flask.request_processing.req_logging [None req-272c87ae-97c6-4308-9ba5-617fe0d189f0 None admin] REQUEST_METHOD: `GET` {{(pid=67670) log_request_info /opt/stack/keystone/keystone/server/flask/request_processing/req_logging.py:26}}
May 06 20:12:02 ubuntu devstack@keystone.service[67670]: DEBUG keystone.server.flask.request_processing.req_logging [None req-272c87ae-97c6-4308-9ba5-617fe0d189f0 None admin] SCRIPT_NAME: `/identity` {{(pid=67670) log_request_info /opt/stack/keystone/keystone/server/flask/request_processing/req_logging.py:27}}
May 06 20:12:02 ubuntu devstack@keystone.service[67670]: DEBUG keystone.server.flask.request_processing.req_logging [None req-272c87ae-97c6-4308-9ba5-617fe0d189f0 None admin] PATH_INFO: `/v3/roles/service` {{(pid=67670) log_request_info /opt/stack/keystone/keystone/server/flask/request_processing/req_logging.py:28}}
May 06 20:12:02 ubuntu devstack@keystone.service[67670]: DEBUG keystone.common.rbac_enforcer.enforcer [None req-272c87ae-97c6-4308-9ba5-617fe0d189f0 None admin] Extracting inferred target data resulted in "NOT FOUND (404)". {{(pid=67670) enforce_call /opt/stack/keystone/keystone/common/rbac_enforcer/enforcer.py:445}}
May 06 20:12:02 ubuntu devstack@keystone.service[67670]: DEBUG keystone.server.flask.application [None req-272c87ae-97c6-4308-9ba5-617fe0d189f0 None admin] Could not find role: service. {{(pid=67670) _handle_keystone_exception /opt/stack/keystone/keystone/server/flask/application.py:146}}
May 06 20:12:02 ubuntu devstack@keystone.service[67670]: [pid: 67670|app: 0|req: 17/35] 10.120.125.137 () {58 vars in 1170 bytes} [Wed May  6 20:12:02 2026] GET /identity/v3/roles/service => generated 85 bytes in 81 msecs (HTTP/1.1 404) 5 headers in 183 bytes (2 switches on core 0)
May 06 20:12:02 ubuntu devstack@keystone.service[67671]: DEBUG keystone.server.flask.request_processing.middleware.auth_context [None req-4090b40f-7f95-408f-bc09-72f8e7c26740 None None] Authenticating user token {{(pid=67671) process_request /opt/stack/data/venv/lib/python3.12/site-packages/keystonemiddleware/auth_token/__init__.py:407}}
May 06 20:12:02 ubuntu devstack@keystone.service[67670]: DEBUG keystone.server.flask.request_processing.req_logging [None req-5de6f465-9805-4727-a919-bb701543672c None None] REQUEST_METHOD: `GET` {{(pid=67670) log_request_info /opt/stack/keystone/keystone/server/flask/request_processing/req_logging.py:26}}
May 06 20:12:02 ubuntu devstack@keystone.service[67670]: DEBUG keystone.server.flask.request_processing.req_logging [None req-5de6f465-9805-4727-a919-bb701543672c None None] SCRIPT_NAME: `/identity` {{(pid=67670) log_request_info /opt/stack/keystone/keystone/server/flask/request_processing/req_logging.py:27}}
May 06 20:12:02 ubuntu devstack@keystone.service[67670]: DEBUG keystone.server.flask.request_processing.req_logging [None req-5de6f465-9805-4727-a919-bb701543672c None None] PATH_INFO: `/` {{(pid=67670) log_request_info /opt/stack/keystone/keystone/server/flask/request_processing/req_logging.py:28}}
May 06 20:12:02 ubuntu devstack@keystone.service[67670]: [pid: 67670|app: 0|req: 18/36] 10.120.125.137 () {56 vars in 951 bytes} [Wed May  6 20:12:02 2026] GET /identity => generated 271 bytes in 1 msecs (HTTP/1.1 300) 6 headers in 235 bytes (1 switches on core 0)
May 06 20:12:02 ubuntu devstack@keystone.service[67671]: DEBUG keystone.server.flask.request_processing.middleware.auth_context [None req-4090b40f-7f95-408f-bc09-72f8e7c26740 None None] Validating token access rules against request {{(pid=67671) validate_allowed_request /opt/stack/data/venv/lib/python3.12/site-packages/keystonemiddleware/auth_token/__init__.py:545}}
May 06 20:12:02 ubuntu devstack@keystone.service[67670]: DEBUG keystone.server.flask.request_processing.middleware.auth_context [None req-5de6f465-9805-4727-a919-bb701543672c None None] Authenticating user token {{(pid=67670) process_request /opt/stack/data/venv/lib/python3.12/site-packages/keystonemiddleware/auth_token/__init__.py:407}}
May 06 20:12:02 ubuntu devstack@keystone.service[67671]: DEBUG keystone.server.flask.request_processing.middleware.auth_context [None req-86072b19-025d-4130-8a9b-07a0714da411 None admin] RBAC: auth_context: {'token': <TokenModel (audit_id=FpypUdxIQMSsJ9FvwL_9lQ, audit_chain_id=['FpypUdxIQMSsJ9FvwL_9lQ']) at 0x7fd4db6fe0f0>, 'domain_id': None, 'trust_id': None, 'trustor_id': None, 'trustee_id': None, 'domain_name': None, 'group_ids': [], 'user_id': 'f26e8cd599ed4f01a554c1a86755b188', 'user_domain_id': 'default', 'system_scope': 'all', 'project_id': None, 'project_domain_id': None, 'roles': ['admin', 'manager', 'member', 'reader'], 'is_admin_project': True, 'service_user_id': None, 'service_user_domain_id': None, 'service_project_id': None, 'service_project_domain_id': None, 'service_roles': []} {{(pid=67671) fill_context /opt/stack/keystone/keystone/server/flask/request_processing/middleware/auth_context.py:509}}
May 06 20:12:02 ubuntu devstack@keystone.service[67671]: DEBUG keystone.server.flask.request_processing.req_logging [None req-86072b19-025d-4130-8a9b-07a0714da411 None admin] REQUEST_METHOD: `GET` {{(pid=67671) log_request_info /opt/stack/keystone/keystone/server/flask/request_processing/req_logging.py:26}}
May 06 20:12:02 ubuntu devstack@keystone.service[67671]: DEBUG keystone.server.flask.request_processing.req_logging [None req-86072b19-025d-4130-8a9b-07a0714da411 None admin] SCRIPT_NAME: `/identity` {{(pid=67671) log_request_info /opt/stack/keystone/keystone/server/flask/request_processing/req_logging.py:27}}
May 06 20:12:02 ubuntu devstack@keystone.service[67671]: DEBUG keystone.server.flask.request_processing.req_logging [None req-86072b19-025d-4130-8a9b-07a0714da411 None admin] PATH_INFO: `/v3/roles` {{(pid=67671) log_request_info /opt/stack/keystone/keystone/server/flask/request_processing/req_logging.py:28}}
May 06 20:12:02 ubuntu devstack@keystone.service[67671]: DEBUG keystone.common.rbac_enforcer.enforcer [None req-86072b19-025d-4130-8a9b-07a0714da411 None admin] RBAC: Adding query filter params (name=service) {{(pid=67671) _extract_filter_values /opt/stack/keystone/keystone/common/rbac_enforcer/enforcer.py:176}}
May 06 20:12:02 ubuntu devstack@keystone.service[67671]: DEBUG keystone.common.rbac_enforcer.enforcer [None req-86072b19-025d-4130-8a9b-07a0714da411 None admin] RBAC: Authorizing `identity:list_roles()` {{(pid=67671) enforce_call /opt/stack/keystone/keystone/common/rbac_enforcer/enforcer.py:494}}
May 06 20:12:02 ubuntu devstack@keystone.service[67671]: DEBUG keystone.common.rbac_enforcer.enforcer [None req-86072b19-025d-4130-8a9b-07a0714da411 None admin] RBAC: Authorization granted {{(pid=67671) enforce_call /opt/stack/keystone/keystone/common/rbac_enforcer/enforcer.py:505}}
May 06 20:12:02 ubuntu devstack@keystone.service[67671]: [pid: 67671|app: 0|req: 19/37] 10.120.125.137 () {58 vars in 1184 bytes} [Wed May  6 20:12:02 2026] GET /identity/v3/roles?name=service => generated 345 bytes in 62 msecs (HTTP/1.1 200) 5 headers in 177 bytes (1 switches on core 0)
May 06 20:12:02 ubuntu devstack@keystone.service[67670]: DEBUG keystone.server.flask.request_processing.middleware.auth_context [None req-5de6f465-9805-4727-a919-bb701543672c None None] Validating token access rules against request {{(pid=67670) validate_allowed_request /opt/stack/data/venv/lib/python3.12/site-packages/keystonemiddleware/auth_token/__init__.py:545}}
May 06 20:12:02 ubuntu devstack@keystone.service[67671]: DEBUG keystone.server.flask.request_processing.req_logging [None req-ed2b3a64-0181-4fd1-9d74-ce2c3dc921ba None None] REQUEST_METHOD: `POST` {{(pid=67671) log_request_info /opt/stack/keystone/keystone/server/flask/request_processing/req_logging.py:26}}
May 06 20:12:02 ubuntu devstack@keystone.service[67671]: DEBUG keystone.server.flask.request_processing.req_logging [None req-ed2b3a64-0181-4fd1-9d74-ce2c3dc921ba None None] SCRIPT_NAME: `/identity` {{(pid=67671) log_request_info /opt/stack/keystone/keystone/server/flask/request_processing/req_logging.py:27}}
May 06 20:12:02 ubuntu devstack@keystone.service[67671]: DEBUG keystone.server.flask.request_processing.req_logging [None req-ed2b3a64-0181-4fd1-9d74-ce2c3dc921ba None None] PATH_INFO: `/v3/auth/tokens` {{(pid=67671) log_request_info /opt/stack/keystone/keystone/server/flask/request_processing/req_logging.py:28}}
May 06 20:12:02 ubuntu devstack@keystone.service[67670]: DEBUG keystone.server.flask.request_processing.middleware.auth_context [None req-4af20751-7db1-4dcc-8110-8cf3b27d633a None admin] RBAC: auth_context: {'token': <TokenModel (audit_id=ZgGt7qqhTxGRLNmFBCt0RQ, audit_chain_id=['ZgGt7qqhTxGRLNmFBCt0RQ']) at 0x7fd4db27bcb0>, 'domain_id': None, 'trust_id': None, 'trustor_id': None, 'trustee_id': None, 'domain_name': None, 'group_ids': [], 'user_id': 'f26e8cd599ed4f01a554c1a86755b188', 'user_domain_id': 'default', 'system_scope': 'all', 'project_id': None, 'project_domain_id': None, 'roles': ['admin', 'manager', 'member', 'reader'], 'is_admin_project': True, 'service_user_id': None, 'service_user_domain_id': None, 'service_project_id': None, 'service_project_domain_id': None, 'service_roles': []} {{(pid=67670) fill_context /opt/stack/keystone/keystone/server/flask/request_processing/middleware/auth_context.py:509}}
May 06 20:12:02 ubuntu devstack@keystone.service[67670]: DEBUG keystone.server.flask.request_processing.req_logging [None req-4af20751-7db1-4dcc-8110-8cf3b27d633a None admin] REQUEST_METHOD: `POST` {{(pid=67670) log_request_info /opt/stack/keystone/keystone/server/flask/request_processing/req_logging.py:26}}
May 06 20:12:02 ubuntu devstack@keystone.service[67670]: DEBUG keystone.server.flask.request_processing.req_logging [None req-4af20751-7db1-4dcc-8110-8cf3b27d633a None admin] SCRIPT_NAME: `/identity` {{(pid=67670) log_request_info /opt/stack/keystone/keystone/server/flask/request_processing/req_logging.py:27}}
May 06 20:12:02 ubuntu devstack@keystone.service[67670]: DEBUG keystone.server.flask.request_processing.req_logging [None req-4af20751-7db1-4dcc-8110-8cf3b27d633a None admin] PATH_INFO: `/v3/projects` {{(pid=67670) log_request_info /opt/stack/keystone/keystone/server/flask/request_processing/req_logging.py:28}}
May 06 20:12:02 ubuntu devstack@keystone.service[67670]: DEBUG keystone.common.rbac_enforcer.enforcer [None req-4af20751-7db1-4dcc-8110-8cf3b27d633a None admin] RBAC: Authorizing `identity:create_project()` {{(pid=67670) enforce_call /opt/stack/keystone/keystone/common/rbac_enforcer/enforcer.py:494}}
May 06 20:12:02 ubuntu devstack@keystone.service[67670]: DEBUG keystone.common.rbac_enforcer.enforcer [None req-4af20751-7db1-4dcc-8110-8cf3b27d633a None admin] RBAC: Authorization granted {{(pid=67670) enforce_call /opt/stack/keystone/keystone/common/rbac_enforcer/enforcer.py:505}}
May 06 20:12:02 ubuntu devstack@keystone.service[67671]: WARNING keystone.common.password_hashing [None req-ed2b3a64-0181-4fd1-9d74-ce2c3dc921ba None None] Truncating password to algorithm specific maximum length 72 characters.
May 06 20:12:02 ubuntu devstack@keystone.service[67671]: DEBUG keystone.auth.core [None req-ed2b3a64-0181-4fd1-9d74-ce2c3dc921ba None None] MFA Rules not processed for user `f26e8cd599ed4f01a554c1a86755b188`. Rule list: `[]` (Enabled: `True`). {{(pid=67671) check_auth_methods_against_rules /opt/stack/keystone/keystone/auth/core.py:476}}
May 06 20:12:02 ubuntu devstack@keystone.service[67671]: DEBUG keystone.common.fernet_utils [None req-ed2b3a64-0181-4fd1-9d74-ce2c3dc921ba None None] Loaded 2 Fernet keys from /etc/keystone/fernet-keys/, but `[fernet_tokens] max_active_keys = 3`; perhaps there have not been enough key rotations to reach `max_active_keys` yet? {{(pid=67671) load_keys /opt/stack/keystone/keystone/common/fernet_utils.py:297}}
May 06 20:12:02 ubuntu devstack@keystone.service[67670]: [pid: 67670|app: 0|req: 19/38] 10.120.125.137 () {62 vars in 1208 bytes} [Wed May  6 20:12:02 2026] POST /identity/v3/projects => generated 302 bytes in 83 msecs (HTTP/1.1 201) 5 headers in 182 bytes (1 switches on core 0)
May 06 20:12:02 ubuntu devstack@keystone.service[67670]: DEBUG keystone.server.flask.request_processing.middleware.auth_context [None req-4af20751-7db1-4dcc-8110-8cf3b27d633a None admin] Authenticating user token {{(pid=67670) process_request /opt/stack/data/venv/lib/python3.12/site-packages/keystonemiddleware/auth_token/__init__.py:407}}
May 06 20:12:02 ubuntu devstack@keystone.service[67671]: [pid: 67671|app: 0|req: 20/39] 10.120.125.137 () {60 vars in 1048 bytes} [Wed May  6 20:12:02 2026] POST /identity/v3/auth/tokens => generated 863 bytes in 77 msecs (HTTP/1.1 201) 6 headers in 363 bytes (1 switches on core 0)
May 06 20:12:02 ubuntu devstack@keystone.service[67671]: DEBUG keystone.server.flask.request_processing.req_logging [None req-ce665f9a-09fb-46f9-8746-2fe52b539ee1 None None] REQUEST_METHOD: `POST` {{(pid=67671) log_request_info /opt/stack/keystone/keystone/server/flask/request_processing/req_logging.py:26}}
May 06 20:12:02 ubuntu devstack@keystone.service[67671]: DEBUG keystone.server.flask.request_processing.req_logging [None req-ce665f9a-09fb-46f9-8746-2fe52b539ee1 None None] SCRIPT_NAME: `/identity` {{(pid=67671) log_request_info /opt/stack/keystone/keystone/server/flask/request_processing/req_logging.py:27}}
May 06 20:12:02 ubuntu devstack@keystone.service[67671]: DEBUG keystone.server.flask.request_processing.req_logging [None req-ce665f9a-09fb-46f9-8746-2fe52b539ee1 None None] PATH_INFO: `/v3/auth/tokens` {{(pid=67671) log_request_info /opt/stack/keystone/keystone/server/flask/request_processing/req_logging.py:28}}
May 06 20:12:02 ubuntu devstack@keystone.service[67670]: DEBUG keystone.server.flask.request_processing.middleware.auth_context [None req-4af20751-7db1-4dcc-8110-8cf3b27d633a None admin] Validating token access rules against request {{(pid=67670) validate_allowed_request /opt/stack/data/venv/lib/python3.12/site-packages/keystonemiddleware/auth_token/__init__.py:545}}
May 06 20:12:02 ubuntu devstack@keystone.service[67671]: WARNING keystone.common.password_hashing [None req-ce665f9a-09fb-46f9-8746-2fe52b539ee1 None None] Truncating password to algorithm specific maximum length 72 characters.
May 06 20:12:02 ubuntu devstack@keystone.service[67671]: DEBUG keystone.auth.core [None req-ce665f9a-09fb-46f9-8746-2fe52b539ee1 None None] MFA Rules not processed for user `f26e8cd599ed4f01a554c1a86755b188`. Rule list: `[]` (Enabled: `True`). {{(pid=67671) check_auth_methods_against_rules /opt/stack/keystone/keystone/auth/core.py:476}}
May 06 20:12:02 ubuntu devstack@keystone.service[67671]: DEBUG keystone.common.fernet_utils [None req-ce665f9a-09fb-46f9-8746-2fe52b539ee1 None None] Loaded 2 Fernet keys from /etc/keystone/fernet-keys/, but `[fernet_tokens] max_active_keys = 3`; perhaps there have not been enough key rotations to reach `max_active_keys` yet? {{(pid=67671) load_keys /opt/stack/keystone/keystone/common/fernet_utils.py:297}}
May 06 20:12:02 ubuntu devstack@keystone.service[67670]: DEBUG keystone.server.flask.request_processing.middleware.auth_context [None req-3ac8f15f-59ca-4232-96a4-b962ab0d49f7 None admin] RBAC: auth_context: {'token': <TokenModel (audit_id=Qvm06lfzR_y9wxr7SPS9tQ, audit_chain_id=['Qvm06lfzR_y9wxr7SPS9tQ']) at 0x7fd4db279d00>, 'domain_id': None, 'trust_id': None, 'trustor_id': None, 'trustee_id': None, 'domain_name': None, 'group_ids': [], 'user_id': 'f26e8cd599ed4f01a554c1a86755b188', 'user_domain_id': 'default', 'system_scope': 'all', 'project_id': None, 'project_domain_id': None, 'roles': ['admin', 'manager', 'member', 'reader'], 'is_admin_project': True, 'service_user_id': None, 'service_user_domain_id': None, 'service_project_id': None, 'service_project_domain_id': None, 'service_roles': []} {{(pid=67670) fill_context /opt/stack/keystone/keystone/server/flask/request_processing/middleware/auth_context.py:509}}
May 06 20:12:02 ubuntu devstack@keystone.service[67670]: DEBUG keystone.server.flask.request_processing.req_logging [None req-3ac8f15f-59ca-4232-96a4-b962ab0d49f7 None admin] REQUEST_METHOD: `GET` {{(pid=67670) log_request_info /opt/stack/keystone/keystone/server/flask/request_processing/req_logging.py:26}}
May 06 20:12:02 ubuntu devstack@keystone.service[67670]: DEBUG keystone.server.flask.request_processing.req_logging [None req-3ac8f15f-59ca-4232-96a4-b962ab0d49f7 None admin] SCRIPT_NAME: `/identity` {{(pid=67670) log_request_info /opt/stack/keystone/keystone/server/flask/request_processing/req_logging.py:27}}
May 06 20:12:02 ubuntu devstack@keystone.service[67670]: DEBUG keystone.server.flask.request_processing.req_logging [None req-3ac8f15f-59ca-4232-96a4-b962ab0d49f7 None admin] PATH_INFO: `/v3/roles/admin` {{(pid=67670) log_request_info /opt/stack/keystone/keystone/server/flask/request_processing/req_logging.py:28}}
May 06 20:12:02 ubuntu devstack@keystone.service[67670]: DEBUG keystone.common.rbac_enforcer.enforcer [None req-3ac8f15f-59ca-4232-96a4-b962ab0d49f7 None admin] Extracting inferred target data resulted in "NOT FOUND (404)". {{(pid=67670) enforce_call /opt/stack/keystone/keystone/common/rbac_enforcer/enforcer.py:445}}
May 06 20:12:02 ubuntu devstack@keystone.service[67670]: DEBUG keystone.server.flask.application [None req-3ac8f15f-59ca-4232-96a4-b962ab0d49f7 None admin] Could not find role: admin. {{(pid=67670) _handle_keystone_exception /opt/stack/keystone/keystone/server/flask/application.py:146}}
May 06 20:12:02 ubuntu devstack@keystone.service[67670]: [pid: 67670|app: 0|req: 20/40] 10.120.125.137 () {58 vars in 1164 bytes} [Wed May  6 20:12:02 2026] GET /identity/v3/roles/admin => generated 83 bytes in 78 msecs (HTTP/1.1 404) 5 headers in 183 bytes (1 switches on core 0)
May 06 20:12:02 ubuntu devstack@keystone.service[67671]: [pid: 67671|app: 0|req: 21/41] 10.120.125.137 () {60 vars in 1048 bytes} [Wed May  6 20:12:02 2026] POST /identity/v3/auth/tokens => generated 863 bytes in 51 msecs (HTTP/1.1 201) 6 headers in 363 bytes (1 switches on core 0)
May 06 20:12:02 ubuntu devstack@keystone.service[67670]: DEBUG keystone.server.flask.request_processing.middleware.auth_context [None req-3ac8f15f-59ca-4232-96a4-b962ab0d49f7 None admin] Authenticating user token {{(pid=67670) process_request /opt/stack/data/venv/lib/python3.12/site-packages/keystonemiddleware/auth_token/__init__.py:407}}
May 06 20:12:02 ubuntu devstack@keystone.service[67671]: DEBUG keystone.server.flask.request_processing.middleware.auth_context [None req-ce665f9a-09fb-46f9-8746-2fe52b539ee1 None None] Authenticating user token {{(pid=67671) process_request /opt/stack/data/venv/lib/python3.12/site-packages/keystonemiddleware/auth_token/__init__.py:407}}
May 06 20:12:02 ubuntu devstack@keystone.service[67671]: DEBUG keystone.server.flask.request_processing.middleware.auth_context [None req-ce665f9a-09fb-46f9-8746-2fe52b539ee1 None None] Validating token access rules against request {{(pid=67671) validate_allowed_request /opt/stack/data/venv/lib/python3.12/site-packages/keystonemiddleware/auth_token/__init__.py:545}}
May 06 20:12:02 ubuntu devstack@keystone.service[67671]: DEBUG keystone.server.flask.request_processing.middleware.auth_context [None req-31d1e195-650d-42d9-8a37-93718549de0a None admin] RBAC: auth_context: {'token': <TokenModel (audit_id=Qvm06lfzR_y9wxr7SPS9tQ, audit_chain_id=['Qvm06lfzR_y9wxr7SPS9tQ']) at 0x7fd4db6417c0>, 'domain_id': None, 'trust_id': None, 'trustor_id': None, 'trustee_id': None, 'domain_name': None, 'group_ids': [], 'user_id': 'f26e8cd599ed4f01a554c1a86755b188', 'user_domain_id': 'default', 'system_scope': 'all', 'project_id': None, 'project_domain_id': None, 'roles': ['admin', 'manager', 'member', 'reader'], 'is_admin_project': True, 'service_user_id': None, 'service_user_domain_id': None, 'service_project_id': None, 'service_project_domain_id': None, 'service_roles': []} {{(pid=67671) fill_context /opt/stack/keystone/keystone/server/flask/request_processing/middleware/auth_context.py:509}}
May 06 20:12:02 ubuntu devstack@keystone.service[67671]: DEBUG keystone.server.flask.request_processing.req_logging [None req-31d1e195-650d-42d9-8a37-93718549de0a None admin] REQUEST_METHOD: `GET` {{(pid=67671) log_request_info /opt/stack/keystone/keystone/server/flask/request_processing/req_logging.py:26}}
May 06 20:12:02 ubuntu devstack@keystone.service[67671]: DEBUG keystone.server.flask.request_processing.req_logging [None req-31d1e195-650d-42d9-8a37-93718549de0a None admin] SCRIPT_NAME: `/identity` {{(pid=67671) log_request_info /opt/stack/keystone/keystone/server/flask/request_processing/req_logging.py:27}}
May 06 20:12:02 ubuntu devstack@keystone.service[67671]: DEBUG keystone.server.flask.request_processing.req_logging [None req-31d1e195-650d-42d9-8a37-93718549de0a None admin] PATH_INFO: `/v3/roles` {{(pid=67671) log_request_info /opt/stack/keystone/keystone/server/flask/request_processing/req_logging.py:28}}
May 06 20:12:02 ubuntu devstack@keystone.service[67671]: DEBUG keystone.common.rbac_enforcer.enforcer [None req-31d1e195-650d-42d9-8a37-93718549de0a None admin] RBAC: Adding query filter params (name=admin) {{(pid=67671) _extract_filter_values /opt/stack/keystone/keystone/common/rbac_enforcer/enforcer.py:176}}
May 06 20:12:02 ubuntu devstack@keystone.service[67671]: DEBUG keystone.common.rbac_enforcer.enforcer [None req-31d1e195-650d-42d9-8a37-93718549de0a None admin] RBAC: Authorizing `identity:list_roles()` {{(pid=67671) enforce_call /opt/stack/keystone/keystone/common/rbac_enforcer/enforcer.py:494}}
May 06 20:12:02 ubuntu devstack@keystone.service[67671]: DEBUG keystone.common.rbac_enforcer.enforcer [None req-31d1e195-650d-42d9-8a37-93718549de0a None admin] RBAC: Authorization granted {{(pid=67671) enforce_call /opt/stack/keystone/keystone/common/rbac_enforcer/enforcer.py:505}}
May 06 20:12:02 ubuntu devstack@keystone.service[67670]: DEBUG keystone.server.flask.request_processing.middleware.auth_context [None req-3ac8f15f-59ca-4232-96a4-b962ab0d49f7 None admin] Validating token access rules against request {{(pid=67670) validate_allowed_request /opt/stack/data/venv/lib/python3.12/site-packages/keystonemiddleware/auth_token/__init__.py:545}}
May 06 20:12:02 ubuntu devstack@keystone.service[67671]: [pid: 67671|app: 0|req: 22/42] 10.120.125.137 () {58 vars in 1180 bytes} [Wed May  6 20:12:02 2026] GET /identity/v3/roles?name=admin => generated 341 bytes in 65 msecs (HTTP/1.1 200) 5 headers in 177 bytes (1 switches on core 0)
May 06 20:12:02 ubuntu devstack@keystone.service[67670]: DEBUG keystone.server.flask.request_processing.middleware.auth_context [None req-98ec3fd0-f59d-46da-97fe-9e374ae48046 None admin] RBAC: auth_context: {'token': <TokenModel (audit_id=e6RHb4qZRayFYlQuM7zP3g, audit_chain_id=['e6RHb4qZRayFYlQuM7zP3g']) at 0x7fd4db0a1e50>, 'domain_id': None, 'trust_id': None, 'trustor_id': None, 'trustee_id': None, 'domain_name': None, 'group_ids': [], 'user_id': 'f26e8cd599ed4f01a554c1a86755b188', 'user_domain_id': 'default', 'system_scope': 'all', 'project_id': None, 'project_domain_id': None, 'roles': ['admin', 'manager', 'member', 'reader'], 'is_admin_project': True, 'service_user_id': None, 'service_user_domain_id': None, 'service_project_id': None, 'service_project_domain_id': None, 'service_roles': []} {{(pid=67670) fill_context /opt/stack/keystone/keystone/server/flask/request_processing/middleware/auth_context.py:509}}
May 06 20:12:02 ubuntu devstack@keystone.service[67670]: DEBUG keystone.server.flask.request_processing.req_logging [None req-98ec3fd0-f59d-46da-97fe-9e374ae48046 None admin] REQUEST_METHOD: `POST` {{(pid=67670) log_request_info /opt/stack/keystone/keystone/server/flask/request_processing/req_logging.py:26}}
May 06 20:12:02 ubuntu devstack@keystone.service[67670]: DEBUG keystone.server.flask.request_processing.req_logging [None req-98ec3fd0-f59d-46da-97fe-9e374ae48046 None admin] SCRIPT_NAME: `/identity` {{(pid=67670) log_request_info /opt/stack/keystone/keystone/server/flask/request_processing/req_logging.py:27}}
May 06 20:12:02 ubuntu devstack@keystone.service[67670]: DEBUG keystone.server.flask.request_processing.req_logging [None req-98ec3fd0-f59d-46da-97fe-9e374ae48046 None admin] PATH_INFO: `/v3/roles` {{(pid=67670) log_request_info /opt/stack/keystone/keystone/server/flask/request_processing/req_logging.py:28}}
May 06 20:12:02 ubuntu devstack@keystone.service[67670]: DEBUG keystone.common.rbac_enforcer.enforcer [None req-98ec3fd0-f59d-46da-97fe-9e374ae48046 None admin] RBAC: Authorizing `identity:create_role()` {{(pid=67670) enforce_call /opt/stack/keystone/keystone/common/rbac_enforcer/enforcer.py:494}}
May 06 20:12:02 ubuntu devstack@keystone.service[67670]: DEBUG keystone.common.rbac_enforcer.enforcer [None req-98ec3fd0-f59d-46da-97fe-9e374ae48046 None admin] RBAC: Authorization granted {{(pid=67670) enforce_call /opt/stack/keystone/keystone/common/rbac_enforcer/enforcer.py:505}}
May 06 20:12:02 ubuntu devstack@keystone.service[67670]: [pid: 67670|app: 0|req: 21/43] 10.120.125.137 () {62 vars in 1199 bytes} [Wed May  6 20:12:02 2026] POST /identity/v3/roles => generated 226 bytes in 103 msecs (HTTP/1.1 201) 5 headers in 182 bytes (1 switches on core 0)
May 06 20:12:02 ubuntu devstack@keystone.service[67671]: DEBUG keystone.server.flask.request_processing.middleware.auth_context [None req-31d1e195-650d-42d9-8a37-93718549de0a None admin] Authenticating user token {{(pid=67671) process_request /opt/stack/data/venv/lib/python3.12/site-packages/keystonemiddleware/auth_token/__init__.py:407}}
May 06 20:12:02 ubuntu devstack@keystone.service[67671]: DEBUG keystone.server.flask.request_processing.middleware.auth_context [None req-31d1e195-650d-42d9-8a37-93718549de0a None admin] Validating token access rules against request {{(pid=67671) validate_allowed_request /opt/stack/data/venv/lib/python3.12/site-packages/keystonemiddleware/auth_token/__init__.py:545}}
May 06 20:12:03 ubuntu devstack@keystone.service[67671]: DEBUG keystone.server.flask.request_processing.middleware.auth_context [None req-98ecaca6-c613-45bb-8ac3-a85a7f05abad None admin] RBAC: auth_context: {'token': <TokenModel (audit_id=Qvm06lfzR_y9wxr7SPS9tQ, audit_chain_id=['Qvm06lfzR_y9wxr7SPS9tQ']) at 0x7fd4db4ccfe0>, 'domain_id': None, 'trust_id': None, 'trustor_id': None, 'trustee_id': None, 'domain_name': None, 'group_ids': [], 'user_id': 'f26e8cd599ed4f01a554c1a86755b188', 'user_domain_id': 'default', 'system_scope': 'all', 'project_id': None, 'project_domain_id': None, 'roles': ['admin', 'manager', 'member', 'reader'], 'is_admin_project': True, 'service_user_id': None, 'service_user_domain_id': None, 'service_project_id': None, 'service_project_domain_id': None, 'service_roles': []} {{(pid=67671) fill_context /opt/stack/keystone/keystone/server/flask/request_processing/middleware/auth_context.py:509}}
May 06 20:12:03 ubuntu devstack@keystone.service[67671]: DEBUG keystone.server.flask.request_processing.req_logging [None req-98ecaca6-c613-45bb-8ac3-a85a7f05abad None admin] REQUEST_METHOD: `GET` {{(pid=67671) log_request_info /opt/stack/keystone/keystone/server/flask/request_processing/req_logging.py:26}}
May 06 20:12:03 ubuntu devstack@keystone.service[67671]: DEBUG keystone.server.flask.request_processing.req_logging [None req-98ecaca6-c613-45bb-8ac3-a85a7f05abad None admin] SCRIPT_NAME: `/identity` {{(pid=67671) log_request_info /opt/stack/keystone/keystone/server/flask/request_processing/req_logging.py:27}}
May 06 20:12:03 ubuntu devstack@keystone.service[67671]: DEBUG keystone.server.flask.request_processing.req_logging [None req-98ecaca6-c613-45bb-8ac3-a85a7f05abad None admin] PATH_INFO: `/v3/users/f26e8cd599ed4f01a554c1a86755b188` {{(pid=67671) log_request_info /opt/stack/keystone/keystone/server/flask/request_processing/req_logging.py:28}}
May 06 20:12:03 ubuntu devstack@keystone.service[67671]: DEBUG keystone.common.rbac_enforcer.enforcer [None req-98ecaca6-c613-45bb-8ac3-a85a7f05abad None admin] RBAC: Authorizing `identity:get_user(user_id=f26e8cd599ed4f01a554c1a86755b188)` {{(pid=67671) enforce_call /opt/stack/keystone/keystone/common/rbac_enforcer/enforcer.py:494}}
May 06 20:12:03 ubuntu devstack@keystone.service[67671]: DEBUG keystone.common.rbac_enforcer.enforcer [None req-98ecaca6-c613-45bb-8ac3-a85a7f05abad None admin] RBAC: Authorization granted {{(pid=67671) enforce_call /opt/stack/keystone/keystone/common/rbac_enforcer/enforcer.py:505}}
May 06 20:12:03 ubuntu devstack@keystone.service[67671]: [pid: 67671|app: 0|req: 23/44] 10.120.125.137 () {58 vars in 1245 bytes} [Wed May  6 20:12:02 2026] GET /identity/v3/users/f26e8cd599ed4f01a554c1a86755b188 => generated 248 bytes in 79 msecs (HTTP/1.1 200) 5 headers in 177 bytes (1 switches on core 0)
May 06 20:12:03 ubuntu devstack@keystone.service[67670]: DEBUG keystone.server.flask.request_processing.middleware.auth_context [None req-98ec3fd0-f59d-46da-97fe-9e374ae48046 None admin] Authenticating user token {{(pid=67670) process_request /opt/stack/data/venv/lib/python3.12/site-packages/keystonemiddleware/auth_token/__init__.py:407}}
May 06 20:12:03 ubuntu devstack@keystone.service[67670]: DEBUG keystone.server.flask.request_processing.middleware.auth_context [None req-98ec3fd0-f59d-46da-97fe-9e374ae48046 None admin] Validating token access rules against request {{(pid=67670) validate_allowed_request /opt/stack/data/venv/lib/python3.12/site-packages/keystonemiddleware/auth_token/__init__.py:545}}
May 06 20:12:03 ubuntu devstack@keystone.service[67670]: DEBUG keystone.server.flask.request_processing.middleware.auth_context [None req-c0034822-5b5a-4098-a8b4-63ae33457481 None admin] RBAC: auth_context: {'token': <TokenModel (audit_id=Qvm06lfzR_y9wxr7SPS9tQ, audit_chain_id=['Qvm06lfzR_y9wxr7SPS9tQ']) at 0x7fd4db0a1b20>, 'domain_id': None, 'trust_id': None, 'trustor_id': None, 'trustee_id': None, 'domain_name': None, 'group_ids': [], 'user_id': 'f26e8cd599ed4f01a554c1a86755b188', 'user_domain_id': 'default', 'system_scope': 'all', 'project_id': None, 'project_domain_id': None, 'roles': ['admin', 'manager', 'member', 'reader'], 'is_admin_project': True, 'service_user_id': None, 'service_user_domain_id': None, 'service_project_id': None, 'service_project_domain_id': None, 'service_roles': []} {{(pid=67670) fill_context /opt/stack/keystone/keystone/server/flask/request_processing/middleware/auth_context.py:509}}
May 06 20:12:03 ubuntu devstack@keystone.service[67670]: DEBUG keystone.server.flask.request_processing.req_logging [None req-c0034822-5b5a-4098-a8b4-63ae33457481 None admin] REQUEST_METHOD: `GET` {{(pid=67670) log_request_info /opt/stack/keystone/keystone/server/flask/request_processing/req_logging.py:26}}
May 06 20:12:03 ubuntu devstack@keystone.service[67670]: DEBUG keystone.server.flask.request_processing.req_logging [None req-c0034822-5b5a-4098-a8b4-63ae33457481 None admin] SCRIPT_NAME: `/identity` {{(pid=67670) log_request_info /opt/stack/keystone/keystone/server/flask/request_processing/req_logging.py:27}}
May 06 20:12:03 ubuntu devstack@keystone.service[67670]: DEBUG keystone.server.flask.request_processing.req_logging [None req-c0034822-5b5a-4098-a8b4-63ae33457481 None admin] PATH_INFO: `/v3/domains/default` {{(pid=67670) log_request_info /opt/stack/keystone/keystone/server/flask/request_processing/req_logging.py:28}}
May 06 20:12:03 ubuntu devstack@keystone.service[67670]: DEBUG keystone.common.rbac_enforcer.enforcer [None req-c0034822-5b5a-4098-a8b4-63ae33457481 None admin] RBAC: Authorizing `identity:get_domain(domain_id=default)` {{(pid=67670) enforce_call /opt/stack/keystone/keystone/common/rbac_enforcer/enforcer.py:494}}
May 06 20:12:03 ubuntu devstack@keystone.service[67670]: DEBUG keystone.common.rbac_enforcer.enforcer [None req-c0034822-5b5a-4098-a8b4-63ae33457481 None admin] RBAC: Authorization granted {{(pid=67670) enforce_call /opt/stack/keystone/keystone/common/rbac_enforcer/enforcer.py:505}}
May 06 20:12:03 ubuntu devstack@keystone.service[67670]: [pid: 67670|app: 0|req: 22/45] 10.120.125.137 () {58 vars in 1175 bytes} [Wed May  6 20:12:03 2026] GET /identity/v3/domains/default => generated 200 bytes in 85 msecs (HTTP/1.1 200) 5 headers in 177 bytes (1 switches on core 0)
May 06 20:12:03 ubuntu devstack@keystone.service[67671]: DEBUG keystone.server.flask.request_processing.middleware.auth_context [None req-98ecaca6-c613-45bb-8ac3-a85a7f05abad None admin] Authenticating user token {{(pid=67671) process_request /opt/stack/data/venv/lib/python3.12/site-packages/keystonemiddleware/auth_token/__init__.py:407}}
May 06 20:12:03 ubuntu devstack@keystone.service[67671]: DEBUG keystone.server.flask.request_processing.middleware.auth_context [None req-98ecaca6-c613-45bb-8ac3-a85a7f05abad None admin] Validating token access rules against request {{(pid=67671) validate_allowed_request /opt/stack/data/venv/lib/python3.12/site-packages/keystonemiddleware/auth_token/__init__.py:545}}
May 06 20:12:03 ubuntu devstack@keystone.service[67670]: DEBUG keystone.server.flask.request_processing.middleware.auth_context [None req-c0034822-5b5a-4098-a8b4-63ae33457481 None admin] Authenticating user token {{(pid=67670) process_request /opt/stack/data/venv/lib/python3.12/site-packages/keystonemiddleware/auth_token/__init__.py:407}}
May 06 20:12:03 ubuntu devstack@keystone.service[67671]: DEBUG keystone.server.flask.request_processing.middleware.auth_context [None req-620a861e-0ef2-44a3-b37b-65282a779180 None admin] RBAC: auth_context: {'token': <TokenModel (audit_id=Qvm06lfzR_y9wxr7SPS9tQ, audit_chain_id=['Qvm06lfzR_y9wxr7SPS9tQ']) at 0x7fd4db673c80>, 'domain_id': None, 'trust_id': None, 'trustor_id': None, 'trustee_id': None, 'domain_name': None, 'group_ids': [], 'user_id': 'f26e8cd599ed4f01a554c1a86755b188', 'user_domain_id': 'default', 'system_scope': 'all', 'project_id': None, 'project_domain_id': None, 'roles': ['admin', 'manager', 'member', 'reader'], 'is_admin_project': True, 'service_user_id': None, 'service_user_domain_id': None, 'service_project_id': None, 'service_project_domain_id': None, 'service_roles': []} {{(pid=67671) fill_context /opt/stack/keystone/keystone/server/flask/request_processing/middleware/auth_context.py:509}}
May 06 20:12:03 ubuntu devstack@keystone.service[67671]: DEBUG keystone.server.flask.request_processing.req_logging [None req-620a861e-0ef2-44a3-b37b-65282a779180 None admin] REQUEST_METHOD: `GET` {{(pid=67671) log_request_info /opt/stack/keystone/keystone/server/flask/request_processing/req_logging.py:26}}
May 06 20:12:03 ubuntu devstack@keystone.service[67671]: DEBUG keystone.server.flask.request_processing.req_logging [None req-620a861e-0ef2-44a3-b37b-65282a779180 None admin] SCRIPT_NAME: `/identity` {{(pid=67671) log_request_info /opt/stack/keystone/keystone/server/flask/request_processing/req_logging.py:27}}
May 06 20:12:03 ubuntu devstack@keystone.service[67671]: DEBUG keystone.server.flask.request_processing.req_logging [None req-620a861e-0ef2-44a3-b37b-65282a779180 None admin] PATH_INFO: `/v3/role_assignments` {{(pid=67671) log_request_info /opt/stack/keystone/keystone/server/flask/request_processing/req_logging.py:28}}
May 06 20:12:03 ubuntu devstack@keystone.service[67671]: DEBUG keystone.common.rbac_enforcer.enforcer [None req-620a861e-0ef2-44a3-b37b-65282a779180 None admin] RBAC: Adding query filter params (role.id=e361aff837774abcbbbb9296b627f4a7, scope.domain.id=default, user.id=f26e8cd599ed4f01a554c1a86755b188) {{(pid=67671) _extract_filter_values /opt/stack/keystone/keystone/common/rbac_enforcer/enforcer.py:176}}
May 06 20:12:03 ubuntu devstack@keystone.service[67671]: DEBUG keystone.common.rbac_enforcer.enforcer [None req-620a861e-0ef2-44a3-b37b-65282a779180 None admin] RBAC: Authorizing `identity:list_role_assignments()` {{(pid=67671) enforce_call /opt/stack/keystone/keystone/common/rbac_enforcer/enforcer.py:494}}
May 06 20:12:03 ubuntu devstack@keystone.service[67671]: DEBUG keystone.common.rbac_enforcer.enforcer [None req-620a861e-0ef2-44a3-b37b-65282a779180 None admin] RBAC: Authorization granted {{(pid=67671) enforce_call /opt/stack/keystone/keystone/common/rbac_enforcer/enforcer.py:505}}
May 06 20:12:03 ubuntu devstack@keystone.service[67671]: [pid: 67671|app: 0|req: 24/46] 10.120.125.137 () {58 vars in 1403 bytes} [Wed May  6 20:12:03 2026] GET /identity/v3/role_assignments?role.id=e361aff837774abcbbbb9296b627f4a7&scope.domain.id=default&user.id=f26e8cd599ed4f01a554c1a86755b188 => generated 532 bytes in 72 msecs (HTTP/1.1 200) 5 headers in 177 bytes (1 switches on core 0)
May 06 20:12:03 ubuntu devstack@keystone.service[67671]: DEBUG keystone.server.flask.request_processing.middleware.auth_context [None req-620a861e-0ef2-44a3-b37b-65282a779180 None admin] Authenticating user token {{(pid=67671) process_request /opt/stack/data/venv/lib/python3.12/site-packages/keystonemiddleware/auth_token/__init__.py:407}}
May 06 20:12:03 ubuntu devstack@keystone.service[67670]: DEBUG keystone.server.flask.request_processing.middleware.auth_context [None req-c0034822-5b5a-4098-a8b4-63ae33457481 None admin] Validating token access rules against request {{(pid=67670) validate_allowed_request /opt/stack/data/venv/lib/python3.12/site-packages/keystonemiddleware/auth_token/__init__.py:545}}
May 06 20:12:03 ubuntu devstack@keystone.service[67671]: DEBUG keystone.server.flask.request_processing.middleware.auth_context [None req-620a861e-0ef2-44a3-b37b-65282a779180 None admin] Validating token access rules against request {{(pid=67671) validate_allowed_request /opt/stack/data/venv/lib/python3.12/site-packages/keystonemiddleware/auth_token/__init__.py:545}}
