Feb 04 00:37:59 jammy-provider-cloud-0000007975 cinder-volume[102694]: DEBUG dbcounter [-] [102694] Writing DB stats cinder:UPDATE=1 {{(pid=102694) stat_writer /opt/stack/data/venv/lib/python3.10/site-packages/dbcounter.py:115}}
Feb 04 00:38:20 jammy-provider-cloud-0000007975 systemd[1]: Stopping Devstack devstack@c-vol.service...
Feb 04 00:38:20 jammy-provider-cloud-0000007975 cinder-volume[102501]: INFO oslo_service.service [None req-6a6c0e98-9746-4555-a387-ce5e0bdb7eab None None] Caught SIGTERM, stopping children
Feb 04 00:38:20 jammy-provider-cloud-0000007975 cinder-volume[102501]: DEBUG oslo_concurrency.lockutils [None req-6a6c0e98-9746-4555-a387-ce5e0bdb7eab None None] Acquiring lock "singleton_lock" {{(pid=102501) lock /opt/stack/data/venv/lib/python3.10/site-packages/oslo_concurrency/lockutils.py:310}}
Feb 04 00:38:20 jammy-provider-cloud-0000007975 cinder-volume[102501]: DEBUG oslo_concurrency.lockutils [None req-6a6c0e98-9746-4555-a387-ce5e0bdb7eab None None] Acquired lock "singleton_lock" {{(pid=102501) lock /opt/stack/data/venv/lib/python3.10/site-packages/oslo_concurrency/lockutils.py:313}}
Feb 04 00:38:20 jammy-provider-cloud-0000007975 cinder-volume[102501]: DEBUG oslo_concurrency.lockutils [None req-6a6c0e98-9746-4555-a387-ce5e0bdb7eab None None] Releasing lock "singleton_lock" {{(pid=102501) lock /opt/stack/data/venv/lib/python3.10/site-packages/oslo_concurrency/lockutils.py:331}}
Feb 04 00:38:20 jammy-provider-cloud-0000007975 cinder-volume[102501]: DEBUG oslo_service.service [None req-6a6c0e98-9746-4555-a387-ce5e0bdb7eab None None] Stop services. {{(pid=102501) stop /opt/stack/data/venv/lib/python3.10/site-packages/oslo_service/service.py:699}}
Feb 04 00:38:20 jammy-provider-cloud-0000007975 cinder-volume[102501]: DEBUG oslo_service.service [None req-6a6c0e98-9746-4555-a387-ce5e0bdb7eab None None] Killing children. {{(pid=102501) stop /opt/stack/data/venv/lib/python3.10/site-packages/oslo_service/service.py:704}}
Feb 04 00:38:20 jammy-provider-cloud-0000007975 cinder-volume[102501]: INFO oslo_service.service [None req-6a6c0e98-9746-4555-a387-ce5e0bdb7eab None None] Waiting on 1 children to exit
Feb 04 00:38:23 jammy-provider-cloud-0000007975 cinder-volume[102694]: DEBUG cinder.volume.drivers.lvm [None req-3cf4b60d-177d-4604-bf65-88fb5e7f3abb None None] Updating volume stats {{(pid=102694) _update_volume_stats /opt/stack/cinder/cinder/volume/drivers/lvm.py:227}}
Feb 04 00:38:23 jammy-provider-cloud-0000007975 cinder-volume[102694]: DEBUG oslo_concurrency.processutils [None req-3cf4b60d-177d-4604-bf65-88fb5e7f3abb None None] Running cmd (subprocess): sudo cinder-rootwrap /etc/cinder/rootwrap.conf env LC_ALL=C vgs --noheadings --unit=g -o name,size,free,lv_count,uuid --separator : --nosuffix stack-volumes-lvmdriver-1 {{(pid=102694) execute /opt/stack/data/venv/lib/python3.10/site-packages/oslo_concurrency/processutils.py:349}}
Feb 04 00:38:23 jammy-provider-cloud-0000007975 sudo[112318]:   ubuntu : PWD=/ ; USER=root ; COMMAND=/usr/local/bin/cinder-rootwrap /etc/cinder/rootwrap.conf env LC_ALL=C vgs --noheadings --unit=g -o name,size,free,lv_count,uuid --separator : --nosuffix stack-volumes-lvmdriver-1
Feb 04 00:38:23 jammy-provider-cloud-0000007975 sudo[112318]: pam_unix(sudo:session): session opened for user root(uid=0) by (uid=1000)
Feb 04 00:38:23 jammy-provider-cloud-0000007975 cinder-volume[102694]: DEBUG oslo_concurrency.lockutils [None req-6a6c0e98-9746-4555-a387-ce5e0bdb7eab None None] Acquiring lock "singleton_lock" {{(pid=102694) lock /opt/stack/data/venv/lib/python3.10/site-packages/oslo_concurrency/lockutils.py:310}}
Feb 04 00:38:23 jammy-provider-cloud-0000007975 cinder-volume[102694]: DEBUG oslo_concurrency.lockutils [None req-6a6c0e98-9746-4555-a387-ce5e0bdb7eab None None] Acquired lock "singleton_lock" {{(pid=102694) lock /opt/stack/data/venv/lib/python3.10/site-packages/oslo_concurrency/lockutils.py:313}}
Feb 04 00:38:23 jammy-provider-cloud-0000007975 cinder-volume[102694]: DEBUG oslo_concurrency.lockutils [None req-6a6c0e98-9746-4555-a387-ce5e0bdb7eab None None] Releasing lock "singleton_lock" {{(pid=102694) lock /opt/stack/data/venv/lib/python3.10/site-packages/oslo_concurrency/lockutils.py:331}}
Feb 04 00:38:23 jammy-provider-cloud-0000007975 sudo[112318]: pam_unix(sudo:session): session closed for user root
Feb 04 00:38:23 jammy-provider-cloud-0000007975 cinder-volume[102694]: DEBUG oslo_concurrency.processutils [None req-3cf4b60d-177d-4604-bf65-88fb5e7f3abb None None] CMD "sudo cinder-rootwrap /etc/cinder/rootwrap.conf env LC_ALL=C vgs --noheadings --unit=g -o name,size,free,lv_count,uuid --separator : --nosuffix stack-volumes-lvmdriver-1" returned: 0 in 0.410s {{(pid=102694) execute /opt/stack/data/venv/lib/python3.10/site-packages/oslo_concurrency/processutils.py:372}}
Feb 04 00:38:23 jammy-provider-cloud-0000007975 cinder-volume[102694]: DEBUG oslo_concurrency.processutils [None req-3cf4b60d-177d-4604-bf65-88fb5e7f3abb None None] Running cmd (subprocess): sudo cinder-rootwrap /etc/cinder/rootwrap.conf env LC_ALL=C lvs --noheadings --unit=g -o vg_name,name,size --nosuffix --readonly stack-volumes-lvmdriver-1 {{(pid=102694) execute /opt/stack/data/venv/lib/python3.10/site-packages/oslo_concurrency/processutils.py:349}}
Feb 04 00:38:23 jammy-provider-cloud-0000007975 sudo[112321]:   ubuntu : PWD=/ ; USER=root ; COMMAND=/usr/local/bin/cinder-rootwrap /etc/cinder/rootwrap.conf env LC_ALL=C lvs --noheadings --unit=g -o vg_name,name,size --nosuffix --readonly stack-volumes-lvmdriver-1
Feb 04 00:38:23 jammy-provider-cloud-0000007975 sudo[112321]: pam_unix(sudo:session): session opened for user root(uid=0) by (uid=1000)
Feb 04 00:38:23 jammy-provider-cloud-0000007975 sudo[112321]: pam_unix(sudo:session): session closed for user root
Feb 04 00:38:23 jammy-provider-cloud-0000007975 cinder-volume[102694]: DEBUG oslo_concurrency.processutils [None req-3cf4b60d-177d-4604-bf65-88fb5e7f3abb None None] CMD "sudo cinder-rootwrap /etc/cinder/rootwrap.conf env LC_ALL=C lvs --noheadings --unit=g -o vg_name,name,size --nosuffix --readonly stack-volumes-lvmdriver-1" returned: 0 in 0.406s {{(pid=102694) execute /opt/stack/data/venv/lib/python3.10/site-packages/oslo_concurrency/processutils.py:372}}
Feb 04 00:38:23 jammy-provider-cloud-0000007975 cinder-volume[102694]: DEBUG oslo_concurrency.processutils [None req-3cf4b60d-177d-4604-bf65-88fb5e7f3abb None None] Running cmd (subprocess): sudo cinder-rootwrap /etc/cinder/rootwrap.conf env LC_ALL=C lvs --noheadings --unit=g -o size,data_percent --separator : --nosuffix /dev/stack-volumes-lvmdriver-1/stack-volumes-lvmdriver-1-pool {{(pid=102694) execute /opt/stack/data/venv/lib/python3.10/site-packages/oslo_concurrency/processutils.py:349}}
Feb 04 00:38:23 jammy-provider-cloud-0000007975 sudo[112325]:   ubuntu : PWD=/ ; USER=root ; COMMAND=/usr/local/bin/cinder-rootwrap /etc/cinder/rootwrap.conf env LC_ALL=C lvs --noheadings --unit=g -o size,data_percent --separator : --nosuffix /dev/stack-volumes-lvmdriver-1/stack-volumes-lvmdriver-1-pool
Feb 04 00:38:23 jammy-provider-cloud-0000007975 sudo[112325]: pam_unix(sudo:session): session opened for user root(uid=0) by (uid=1000)
Feb 04 00:38:24 jammy-provider-cloud-0000007975 sudo[112325]: pam_unix(sudo:session): session closed for user root
Feb 04 00:38:24 jammy-provider-cloud-0000007975 cinder-volume[102694]: DEBUG oslo_concurrency.processutils [None req-3cf4b60d-177d-4604-bf65-88fb5e7f3abb None None] CMD "sudo cinder-rootwrap /etc/cinder/rootwrap.conf env LC_ALL=C lvs --noheadings --unit=g -o size,data_percent --separator : --nosuffix /dev/stack-volumes-lvmdriver-1/stack-volumes-lvmdriver-1-pool" returned: 0 in 0.325s {{(pid=102694) execute /opt/stack/data/venv/lib/python3.10/site-packages/oslo_concurrency/processutils.py:372}}
Feb 04 00:38:24 jammy-provider-cloud-0000007975 cinder-volume[102694]: DEBUG oslo_concurrency.processutils [None req-3cf4b60d-177d-4604-bf65-88fb5e7f3abb None None] Running cmd (subprocess): sudo cinder-rootwrap /etc/cinder/rootwrap.conf env LC_ALL=C lvs --noheadings --unit=g -o vg_name,name,size --nosuffix --readonly stack-volumes-lvmdriver-1 {{(pid=102694) execute /opt/stack/data/venv/lib/python3.10/site-packages/oslo_concurrency/processutils.py:349}}
Feb 04 00:38:24 jammy-provider-cloud-0000007975 sudo[112330]:   ubuntu : PWD=/ ; USER=root ; COMMAND=/usr/local/bin/cinder-rootwrap /etc/cinder/rootwrap.conf env LC_ALL=C lvs --noheadings --unit=g -o vg_name,name,size --nosuffix --readonly stack-volumes-lvmdriver-1
Feb 04 00:38:24 jammy-provider-cloud-0000007975 sudo[112330]: pam_unix(sudo:session): session opened for user root(uid=0) by (uid=1000)
Feb 04 00:38:24 jammy-provider-cloud-0000007975 sudo[112330]: pam_unix(sudo:session): session closed for user root
Feb 04 00:38:24 jammy-provider-cloud-0000007975 cinder-volume[102694]: DEBUG oslo_concurrency.processutils [None req-3cf4b60d-177d-4604-bf65-88fb5e7f3abb None None] CMD "sudo cinder-rootwrap /etc/cinder/rootwrap.conf env LC_ALL=C lvs --noheadings --unit=g -o vg_name,name,size --nosuffix --readonly stack-volumes-lvmdriver-1" returned: 0 in 0.345s {{(pid=102694) execute /opt/stack/data/venv/lib/python3.10/site-packages/oslo_concurrency/processutils.py:372}}
Feb 04 00:38:24 jammy-provider-cloud-0000007975 cinder-volume[102694]: DEBUG cinder.manager [None req-3cf4b60d-177d-4604-bf65-88fb5e7f3abb None None] Notifying Schedulers of capabilities ... {{(pid=102694) _publish_service_capabilities /opt/stack/cinder/cinder/manager.py:202}}
Feb 04 00:38:24 jammy-provider-cloud-0000007975 cinder-volume[102694]: WARNING amqp [None req-6a6c0e98-9746-4555-a387-ce5e0bdb7eab None None] Received method (60, 30) during closing channel 1. This method will be ignored
Feb 04 00:38:24 jammy-provider-cloud-0000007975 cinder-volume[102694]: WARNING amqp [None req-6a6c0e98-9746-4555-a387-ce5e0bdb7eab None None] Received method (60, 30) during closing channel 1. This method will be ignored
Feb 04 00:38:24 jammy-provider-cloud-0000007975 cinder-volume[102501]: INFO oslo_service.service [None req-6a6c0e98-9746-4555-a387-ce5e0bdb7eab None None] Child 102694 exited with status 0
Feb 04 00:38:24 jammy-provider-cloud-0000007975 systemd[1]: devstack@c-vol.service: Deactivated successfully.
Feb 04 00:38:24 jammy-provider-cloud-0000007975 systemd[1]: Stopped Devstack devstack@c-vol.service.
Feb 04 00:38:24 jammy-provider-cloud-0000007975 systemd[1]: devstack@c-vol.service: Consumed 18.919s CPU time.
Feb 04 00:38:24 jammy-provider-cloud-0000007975 systemd[1]: Started Devstack devstack@c-vol.service.
Feb 04 00:38:25 jammy-provider-cloud-0000007975 cinder-volume[112335]: DEBUG oslo_concurrency.lockutils [-] Acquiring lock "singleton_lock" {{(pid=112335) lock /opt/stack/data/venv/lib/python3.10/site-packages/oslo_concurrency/lockutils.py:310}}
Feb 04 00:38:25 jammy-provider-cloud-0000007975 cinder-volume[112335]: DEBUG oslo_concurrency.lockutils [-] Acquired lock "singleton_lock" {{(pid=112335) lock /opt/stack/data/venv/lib/python3.10/site-packages/oslo_concurrency/lockutils.py:313}}
Feb 04 00:38:25 jammy-provider-cloud-0000007975 cinder-volume[112335]: DEBUG oslo_concurrency.lockutils [-] Releasing lock "singleton_lock" {{(pid=112335) lock /opt/stack/data/venv/lib/python3.10/site-packages/oslo_concurrency/lockutils.py:331}}
Feb 04 00:38:26 jammy-provider-cloud-0000007975 cinder-volume[112335]: DEBUG oslo_db.sqlalchemy.engines [None req-56893512-6964-4d94-aa78-231e8e9a9342 None None] MySQL server mode set to STRICT_TRANS_TABLES,STRICT_ALL_TABLES,NO_ZERO_IN_DATE,NO_ZERO_DATE,ERROR_FOR_DIVISION_BY_ZERO,TRADITIONAL,NO_ENGINE_SUBSTITUTION {{(pid=112335) _check_effective_sql_mode /opt/stack/data/venv/lib/python3.10/site-packages/oslo_db/sqlalchemy/engines.py:395}}
Feb 04 00:38:26 jammy-provider-cloud-0000007975 cinder-volume[112335]: INFO cinder.rpc [None req-56893512-6964-4d94-aa78-231e8e9a9342 None None] Automatically selected cinder-scheduler objects version 1.39 as minimum service version.
Feb 04 00:38:26 jammy-provider-cloud-0000007975 cinder-volume[112335]: INFO cinder.rpc [None req-56893512-6964-4d94-aa78-231e8e9a9342 None None] Automatically selected cinder-scheduler RPC version 3.12 as minimum service version.
Feb 04 00:38:26 jammy-provider-cloud-0000007975 cinder-volume[112335]: DEBUG oslo_db.sqlalchemy.engines [None req-56893512-6964-4d94-aa78-231e8e9a9342 None None] MySQL server mode set to STRICT_TRANS_TABLES,STRICT_ALL_TABLES,NO_ZERO_IN_DATE,NO_ZERO_DATE,ERROR_FOR_DIVISION_BY_ZERO,TRADITIONAL,NO_ENGINE_SUBSTITUTION {{(pid=112335) _check_effective_sql_mode /opt/stack/data/venv/lib/python3.10/site-packages/oslo_db/sqlalchemy/engines.py:395}}
Feb 04 00:38:26 jammy-provider-cloud-0000007975 cinder-volume[112335]: INFO cinder.volume.manager [None req-56893512-6964-4d94-aa78-231e8e9a9342 None None] Determined volume DB was empty at startup.
Feb 04 00:38:26 jammy-provider-cloud-0000007975 cinder-volume[112335]: DEBUG cinder.volume.manager [None req-56893512-6964-4d94-aa78-231e8e9a9342 None None] Cinder Volume DB check: vol_db_empty=True {{(pid=112335) __init__ /opt/stack/cinder/cinder/volume/manager.py:288}}
Feb 04 00:38:26 jammy-provider-cloud-0000007975 cinder-volume[112335]: INFO cinder.volume.manager [None req-56893512-6964-4d94-aa78-231e8e9a9342 None None] Service not found for updating active_backend_id, assuming default for driver init.
Feb 04 00:38:26 jammy-provider-cloud-0000007975 cinder-volume[112335]: WARNING stevedore.named [None req-56893512-6964-4d94-aa78-231e8e9a9342 None None] Could not load cinder.keymgr.conf_key_mgr.ConfKeyManager
Feb 04 00:38:26 jammy-provider-cloud-0000007975 cinder-volume[112335]: WARNING castellan.key_manager [None req-56893512-6964-4d94-aa78-231e8e9a9342 None None] Deprecation Warning : cinder.keymgr.conf_key_mgr.ConfKeyManager is not a stevedore based driver, trying to load it as a class: stevedore.exception.NoMatches: No 'castellan.drivers' driver found, looking for 'cinder.keymgr.conf_key_mgr.ConfKeyManager'
Feb 04 00:38:26 jammy-provider-cloud-0000007975 cinder-volume[112335]: WARNING cinder.keymgr.conf_key_mgr [None req-56893512-6964-4d94-aa78-231e8e9a9342 None None] This key manager is insecure and is not recommended for production deployments: stevedore.exception.NoMatches: No 'castellan.drivers' driver found, looking for 'cinder.keymgr.conf_key_mgr.ConfKeyManager'
Feb 04 00:38:26 jammy-provider-cloud-0000007975 cinder-volume[112335]: DEBUG cinder.zonemanager.utils [None req-56893512-6964-4d94-aa78-231e8e9a9342 None None] Zoning mode: None. {{(pid=112335) create_lookup_service /opt/stack/cinder/cinder/zonemanager/utils.py:56}}
Feb 04 00:38:26 jammy-provider-cloud-0000007975 cinder-volume[112335]: DEBUG cinder.zonemanager.utils [None req-56893512-6964-4d94-aa78-231e8e9a9342 None None] FC Lookup Service not enabled in cinder.conf. {{(pid=112335) create_lookup_service /opt/stack/cinder/cinder/zonemanager/utils.py:63}}
Feb 04 00:38:26 jammy-provider-cloud-0000007975 cinder-volume[112335]: INFO cinder.volume.manager [None req-56893512-6964-4d94-aa78-231e8e9a9342 None None] Image-volume cache disabled for host jammy-provider-cloud-0000007975@arcusfc1.
Feb 04 00:38:26 jammy-provider-cloud-0000007975 cinder-volume[112335]: DEBUG oslo_db.sqlalchemy.engines [None req-56893512-6964-4d94-aa78-231e8e9a9342 None None] MySQL server mode set to STRICT_TRANS_TABLES,STRICT_ALL_TABLES,NO_ZERO_IN_DATE,NO_ZERO_DATE,ERROR_FOR_DIVISION_BY_ZERO,TRADITIONAL,NO_ENGINE_SUBSTITUTION {{(pid=112335) _check_effective_sql_mode /opt/stack/data/venv/lib/python3.10/site-packages/oslo_db/sqlalchemy/engines.py:395}}
Feb 04 00:38:26 jammy-provider-cloud-0000007975 cinder-volume[112335]: INFO oslo_service.service [None req-56893512-6964-4d94-aa78-231e8e9a9342 None None] Starting 1 workers
Feb 04 00:38:26 jammy-provider-cloud-0000007975 cinder-volume[112335]: DEBUG oslo_service.service [None req-56893512-6964-4d94-aa78-231e8e9a9342 None None] Started child 112341 {{(pid=112335) _start_child /opt/stack/data/venv/lib/python3.10/site-packages/oslo_service/service.py:579}}
Feb 04 00:38:26 jammy-provider-cloud-0000007975 cinder-volume[112341]: INFO cinder.service [-] Starting cinder-volume node (version 25.1.0)
Feb 04 00:38:26 jammy-provider-cloud-0000007975 cinder-volume[112335]: DEBUG oslo_db.sqlalchemy.engines [None req-56893512-6964-4d94-aa78-231e8e9a9342 None None] MySQL server mode set to STRICT_TRANS_TABLES,STRICT_ALL_TABLES,NO_ZERO_IN_DATE,NO_ZERO_DATE,ERROR_FOR_DIVISION_BY_ZERO,TRADITIONAL,NO_ENGINE_SUBSTITUTION {{(pid=112335) _check_effective_sql_mode /opt/stack/data/venv/lib/python3.10/site-packages/oslo_db/sqlalchemy/engines.py:395}}
Feb 04 00:38:26 jammy-provider-cloud-0000007975 cinder-volume[112341]: INFO cinder.volume.manager [None req-66eaaf60-1c65-4c15-93d1-b0c082e1e0f5 None None] Starting volume driver HPE3PARNVMEDriver (1.0)
Feb 04 00:38:26 jammy-provider-cloud-0000007975 cinder-volume[112335]: INFO cinder.volume.manager [None req-56893512-6964-4d94-aa78-231e8e9a9342 None None] Determined volume DB was empty at startup.
Feb 04 00:38:26 jammy-provider-cloud-0000007975 cinder-volume[112335]: DEBUG cinder.volume.manager [None req-56893512-6964-4d94-aa78-231e8e9a9342 None None] Cinder Volume DB check: vol_db_empty=True {{(pid=112335) __init__ /opt/stack/cinder/cinder/volume/manager.py:288}}
Feb 04 00:38:26 jammy-provider-cloud-0000007975 cinder-volume[112341]: DEBUG cinder.volume.drivers.hpe.hpe_3par_common [None req-66eaaf60-1c65-4c15-93d1-b0c082e1e0f5 None None] Connecting to 3PAR {{(pid=112341) client_login /opt/stack/cinder/cinder/volume/drivers/hpe/hpe_3par_common.py:425}}
Feb 04 00:38:26 jammy-provider-cloud-0000007975 cinder-volume[112335]: INFO cinder.volume.manager [None req-56893512-6964-4d94-aa78-231e8e9a9342 None None] Service not found for updating active_backend_id, assuming default for driver init.
Feb 04 00:38:26 jammy-provider-cloud-0000007975 cinder-volume[112335]: WARNING stevedore.named [None req-56893512-6964-4d94-aa78-231e8e9a9342 None None] Could not load cinder.keymgr.conf_key_mgr.ConfKeyManager
Feb 04 00:38:26 jammy-provider-cloud-0000007975 cinder-volume[112335]: WARNING castellan.key_manager [None req-56893512-6964-4d94-aa78-231e8e9a9342 None None] Deprecation Warning : cinder.keymgr.conf_key_mgr.ConfKeyManager is not a stevedore based driver, trying to load it as a class: stevedore.exception.NoMatches: No 'castellan.drivers' driver found, looking for 'cinder.keymgr.conf_key_mgr.ConfKeyManager'
Feb 04 00:38:26 jammy-provider-cloud-0000007975 cinder-volume[112335]: DEBUG cinder.zonemanager.utils [None req-56893512-6964-4d94-aa78-231e8e9a9342 None None] Zoning mode: None. {{(pid=112335) create_lookup_service /opt/stack/cinder/cinder/zonemanager/utils.py:56}}
Feb 04 00:38:26 jammy-provider-cloud-0000007975 cinder-volume[112335]: DEBUG cinder.zonemanager.utils [None req-56893512-6964-4d94-aa78-231e8e9a9342 None None] FC Lookup Service not enabled in cinder.conf. {{(pid=112335) create_lookup_service /opt/stack/cinder/cinder/zonemanager/utils.py:63}}
Feb 04 00:38:26 jammy-provider-cloud-0000007975 cinder-volume[112335]: INFO cinder.volume.manager [None req-56893512-6964-4d94-aa78-231e8e9a9342 None None] Image-volume cache disabled for host jammy-provider-cloud-0000007975@arcusfc2.
Feb 04 00:38:26 jammy-provider-cloud-0000007975 cinder-volume[112335]: DEBUG oslo_db.sqlalchemy.engines [None req-56893512-6964-4d94-aa78-231e8e9a9342 None None] MySQL server mode set to STRICT_TRANS_TABLES,STRICT_ALL_TABLES,NO_ZERO_IN_DATE,NO_ZERO_DATE,ERROR_FOR_DIVISION_BY_ZERO,TRADITIONAL,NO_ENGINE_SUBSTITUTION {{(pid=112335) _check_effective_sql_mode /opt/stack/data/venv/lib/python3.10/site-packages/oslo_db/sqlalchemy/engines.py:395}}
Feb 04 00:38:26 jammy-provider-cloud-0000007975 cinder-volume[112341]: WARNING py.warnings [None req-66eaaf60-1c65-4c15-93d1-b0c082e1e0f5 None None] /opt/stack/data/venv/lib/python3.10/site-packages/urllib3/connectionpool.py:1064: InsecureRequestWarning: Unverified HTTPS request is being made to host '10.201.5.12'. Adding certificate verification is strongly advised. See: https://urllib3.readthedocs.io/en/1.26.x/advanced-usage.html#ssl-warnings
Feb 04 00:38:26 jammy-provider-cloud-0000007975 cinder-volume[112341]:   warnings.warn(
Feb 04 00:38:26 jammy-provider-cloud-0000007975 cinder-volume[112335]: INFO oslo_service.service [None req-56893512-6964-4d94-aa78-231e8e9a9342 None None] Starting 1 workers
Feb 04 00:38:26 jammy-provider-cloud-0000007975 cinder-volume[112335]: DEBUG oslo_service.service [None req-56893512-6964-4d94-aa78-231e8e9a9342 None None] Started child 112342 {{(pid=112335) _start_child /opt/stack/data/venv/lib/python3.10/site-packages/oslo_service/service.py:579}}
Feb 04 00:38:26 jammy-provider-cloud-0000007975 cinder-volume[112335]: DEBUG oslo_service.service [None req-56893512-6964-4d94-aa78-231e8e9a9342 None None] Full set of CONF: {{(pid=112335) wait /opt/stack/data/venv/lib/python3.10/site-packages/oslo_service/service.py:653}}
Feb 04 00:38:26 jammy-provider-cloud-0000007975 cinder-volume[112335]: DEBUG oslo_service.service [None req-56893512-6964-4d94-aa78-231e8e9a9342 None None] ******************************************************************************** {{(pid=112335) log_opt_values /opt/stack/data/venv/lib/python3.10/site-packages/oslo_config/cfg.py:2804}}
Feb 04 00:38:26 jammy-provider-cloud-0000007975 cinder-volume[112335]: DEBUG oslo_service.service [None req-56893512-6964-4d94-aa78-231e8e9a9342 None None] Configuration options gathered from: {{(pid=112335) log_opt_values /opt/stack/data/venv/lib/python3.10/site-packages/oslo_config/cfg.py:2805}}
Feb 04 00:38:26 jammy-provider-cloud-0000007975 cinder-volume[112335]: DEBUG oslo_service.service [None req-56893512-6964-4d94-aa78-231e8e9a9342 None None] command line args: ['--config-file', '/etc/cinder/cinder.conf'] {{(pid=112335) log_opt_values /opt/stack/data/venv/lib/python3.10/site-packages/oslo_config/cfg.py:2806}}
Feb 04 00:38:26 jammy-provider-cloud-0000007975 cinder-volume[112335]: DEBUG oslo_service.service [None req-56893512-6964-4d94-aa78-231e8e9a9342 None None] config files: ['/etc/cinder/cinder.conf'] {{(pid=112335) log_opt_values /opt/stack/data/venv/lib/python3.10/site-packages/oslo_config/cfg.py:2807}}
Feb 04 00:38:26 jammy-provider-cloud-0000007975 cinder-volume[112335]: DEBUG oslo_service.service [None req-56893512-6964-4d94-aa78-231e8e9a9342 None None] ================================================================================ {{(pid=112335) log_opt_values /opt/stack/data/venv/lib/python3.10/site-packages/oslo_config/cfg.py:2809}}
Feb 04 00:38:26 jammy-provider-cloud-0000007975 cinder-volume[112335]: DEBUG oslo_service.service [None req-56893512-6964-4d94-aa78-231e8e9a9342 None None] allow_availability_zone_fallback = False {{(pid=112335) log_opt_values /opt/stack/data/venv/lib/python3.10/site-packages/oslo_config/cfg.py:2817}}
Feb 04 00:38:26 jammy-provider-cloud-0000007975 cinder-volume[112341]: WARNING py.warnings [None req-66eaaf60-1c65-4c15-93d1-b0c082e1e0f5 None None] /opt/stack/data/venv/lib/python3.10/site-packages/urllib3/connectionpool.py:1064: InsecureRequestWarning: Unverified HTTPS request is being made to host '10.201.5.12'. Adding certificate verification is strongly advised. See: https://urllib3.readthedocs.io/en/1.26.x/advanced-usage.html#ssl-warnings
Feb 04 00:38:26 jammy-provider-cloud-0000007975 cinder-volume[112341]:   warnings.warn(
Feb 04 00:38:26 jammy-provider-cloud-0000007975 cinder-volume[112335]: DEBUG oslo_service.service [None req-56893512-6964-4d94-aa78-231e8e9a9342 None None] allow_compression_on_image_upload = False {{(pid=112335) log_opt_values /opt/stack/data/venv/lib/python3.10/site-packages/oslo_config/cfg.py:2817}}
Feb 04 00:38:26 jammy-provider-cloud-0000007975 cinder-volume[112335]: DEBUG oslo_service.service [None req-56893512-6964-4d94-aa78-231e8e9a9342 None None] allowed_direct_url_schemes     = [] {{(pid=112335) log_opt_values /opt/stack/data/venv/lib/python3.10/site-packages/oslo_config/cfg.py:2817}}
Feb 04 00:38:26 jammy-provider-cloud-0000007975 cinder-volume[112335]: DEBUG oslo_service.service [None req-56893512-6964-4d94-aa78-231e8e9a9342 None None] api_rate_limit                 = True {{(pid=112335) log_opt_values /opt/stack/data/venv/lib/python3.10/site-packages/oslo_config/cfg.py:2817}}
Feb 04 00:38:26 jammy-provider-cloud-0000007975 cinder-volume[112335]: DEBUG oslo_service.service [None req-56893512-6964-4d94-aa78-231e8e9a9342 None None] auth_strategy                  = keystone {{(pid=112335) log_opt_values /opt/stack/data/venv/lib/python3.10/site-packages/oslo_config/cfg.py:2817}}
Feb 04 00:38:26 jammy-provider-cloud-0000007975 cinder-volume[112335]: DEBUG oslo_service.service [None req-56893512-6964-4d94-aa78-231e8e9a9342 None None] backend_availability_zone      = None {{(pid=112335) log_opt_values /opt/stack/data/venv/lib/python3.10/site-packages/oslo_config/cfg.py:2817}}
Feb 04 00:38:26 jammy-provider-cloud-0000007975 cinder-volume[112335]: DEBUG oslo_service.service [None req-56893512-6964-4d94-aa78-231e8e9a9342 None None] backend_host                   = None {{(pid=112335) log_opt_values /opt/stack/data/venv/lib/python3.10/site-packages/oslo_config/cfg.py:2817}}
Feb 04 00:38:26 jammy-provider-cloud-0000007975 cinder-volume[112341]: INFO cinder.volume.drivers.hpe.hpe_3par_common [None req-66eaaf60-1c65-4c15-93d1-b0c082e1e0f5 None None] HPE3PARCommon 4.0.22,hpe3parclient 4.2.13
Feb 04 00:38:26 jammy-provider-cloud-0000007975 cinder-volume[112335]: DEBUG oslo_service.service [None req-56893512-6964-4d94-aa78-231e8e9a9342 None None] backend_name                   = None {{(pid=112335) log_opt_values /opt/stack/data/venv/lib/python3.10/site-packages/oslo_config/cfg.py:2817}}
Feb 04 00:38:26 jammy-provider-cloud-0000007975 cinder-volume[112341]: DEBUG cinder.volume.drivers.hpe.hpe_3par_common [None req-66eaaf60-1c65-4c15-93d1-b0c082e1e0f5 None None] Connecting to 3PAR {{(pid=112341) client_login /opt/stack/cinder/cinder/volume/drivers/hpe/hpe_3par_common.py:425}}
Feb 04 00:38:26 jammy-provider-cloud-0000007975 cinder-volume[112335]: DEBUG oslo_service.service [None req-56893512-6964-4d94-aa78-231e8e9a9342 None None] backend_stats_polling_interval = 60 {{(pid=112335) log_opt_values /opt/stack/data/venv/lib/python3.10/site-packages/oslo_config/cfg.py:2817}}
Feb 04 00:38:26 jammy-provider-cloud-0000007975 cinder-volume[112335]: DEBUG oslo_service.service [None req-56893512-6964-4d94-aa78-231e8e9a9342 None None] backup_api_class               = cinder.backup.api.API {{(pid=112335) log_opt_values /opt/stack/data/venv/lib/python3.10/site-packages/oslo_config/cfg.py:2817}}
Feb 04 00:38:26 jammy-provider-cloud-0000007975 cinder-volume[112335]: DEBUG oslo_service.service [None req-56893512-6964-4d94-aa78-231e8e9a9342 None None] backup_manager                 = cinder.backup.manager.BackupManager {{(pid=112335) log_opt_values /opt/stack/data/venv/lib/python3.10/site-packages/oslo_config/cfg.py:2817}}
Feb 04 00:38:26 jammy-provider-cloud-0000007975 cinder-volume[112335]: DEBUG oslo_service.service [None req-56893512-6964-4d94-aa78-231e8e9a9342 None None] backup_name_template           = backup-%s {{(pid=112335) log_opt_values /opt/stack/data/venv/lib/python3.10/site-packages/oslo_config/cfg.py:2817}}
Feb 04 00:38:26 jammy-provider-cloud-0000007975 cinder-volume[112335]: DEBUG oslo_service.service [None req-56893512-6964-4d94-aa78-231e8e9a9342 None None] backup_use_same_host           = False {{(pid=112335) log_opt_values /opt/stack/data/venv/lib/python3.10/site-packages/oslo_config/cfg.py:2817}}
Feb 04 00:38:26 jammy-provider-cloud-0000007975 cinder-volume[112335]: DEBUG oslo_service.service [None req-56893512-6964-4d94-aa78-231e8e9a9342 None None] backup_use_temp_snapshot       = False {{(pid=112335) log_opt_values /opt/stack/data/venv/lib/python3.10/site-packages/oslo_config/cfg.py:2817}}
Feb 04 00:38:26 jammy-provider-cloud-0000007975 cinder-volume[112335]: DEBUG oslo_service.service [None req-56893512-6964-4d94-aa78-231e8e9a9342 None None] chap_password                  = **** {{(pid=112335) log_opt_values /opt/stack/data/venv/lib/python3.10/site-packages/oslo_config/cfg.py:2817}}
Feb 04 00:38:26 jammy-provider-cloud-0000007975 cinder-volume[112335]: DEBUG oslo_service.service [None req-56893512-6964-4d94-aa78-231e8e9a9342 None None] chap_username                  =  {{(pid=112335) log_opt_values /opt/stack/data/venv/lib/python3.10/site-packages/oslo_config/cfg.py:2817}}
Feb 04 00:38:26 jammy-provider-cloud-0000007975 cinder-volume[112335]: DEBUG oslo_service.service [None req-56893512-6964-4d94-aa78-231e8e9a9342 None None] chiscsi_conf                   = /etc/chelsio-iscsi/chiscsi.conf {{(pid=112335) log_opt_values /opt/stack/data/venv/lib/python3.10/site-packages/oslo_config/cfg.py:2817}}
Feb 04 00:38:26 jammy-provider-cloud-0000007975 cinder-volume[112335]: DEBUG oslo_service.service [None req-56893512-6964-4d94-aa78-231e8e9a9342 None None] cinder_internal_tenant_project_id = b0108fdf216945c6b66503f4c42a5333 {{(pid=112335) log_opt_values /opt/stack/data/venv/lib/python3.10/site-packages/oslo_config/cfg.py:2817}}
Feb 04 00:38:26 jammy-provider-cloud-0000007975 cinder-volume[112335]: DEBUG oslo_service.service [None req-56893512-6964-4d94-aa78-231e8e9a9342 None None] cinder_internal_tenant_user_id = d4cb6e68f1544335b0d00c3763c72046 {{(pid=112335) log_opt_values /opt/stack/data/venv/lib/python3.10/site-packages/oslo_config/cfg.py:2817}}
Feb 04 00:38:26 jammy-provider-cloud-0000007975 cinder-volume[112335]: DEBUG oslo_service.service [None req-56893512-6964-4d94-aa78-231e8e9a9342 None None] cluster                        = None {{(pid=112335) log_opt_values /opt/stack/data/venv/lib/python3.10/site-packages/oslo_config/cfg.py:2817}}
Feb 04 00:38:26 jammy-provider-cloud-0000007975 cinder-volume[112342]: INFO cinder.service [-] Starting cinder-volume node (version 25.1.0)
Feb 04 00:38:26 jammy-provider-cloud-0000007975 cinder-volume[112335]: DEBUG oslo_service.service [None req-56893512-6964-4d94-aa78-231e8e9a9342 None None] compression_format             = gzip {{(pid=112335) log_opt_values /opt/stack/data/venv/lib/python3.10/site-packages/oslo_config/cfg.py:2817}}
Feb 04 00:38:26 jammy-provider-cloud-0000007975 cinder-volume[112335]: DEBUG oslo_service.service [None req-56893512-6964-4d94-aa78-231e8e9a9342 None None] compute_api_class              = cinder.compute.nova.API {{(pid=112335) log_opt_values /opt/stack/data/venv/lib/python3.10/site-packages/oslo_config/cfg.py:2817}}
Feb 04 00:38:26 jammy-provider-cloud-0000007975 cinder-volume[112335]: DEBUG oslo_service.service [None req-56893512-6964-4d94-aa78-231e8e9a9342 None None] config_dir                     = [] {{(pid=112335) log_opt_values /opt/stack/data/venv/lib/python3.10/site-packages/oslo_config/cfg.py:2817}}
Feb 04 00:38:26 jammy-provider-cloud-0000007975 cinder-volume[112335]: DEBUG oslo_service.service [None req-56893512-6964-4d94-aa78-231e8e9a9342 None None] config_file                    = ['/etc/cinder/cinder.conf'] {{(pid=112335) log_opt_values /opt/stack/data/venv/lib/python3.10/site-packages/oslo_config/cfg.py:2817}}
Feb 04 00:38:26 jammy-provider-cloud-0000007975 cinder-volume[112335]: DEBUG oslo_service.service [None req-56893512-6964-4d94-aa78-231e8e9a9342 None None] config_source                  = [] {{(pid=112335) log_opt_values /opt/stack/data/venv/lib/python3.10/site-packages/oslo_config/cfg.py:2817}}
Feb 04 00:38:26 jammy-provider-cloud-0000007975 cinder-volume[112335]: DEBUG oslo_service.service [None req-56893512-6964-4d94-aa78-231e8e9a9342 None None] consistencygroup_api_class     = cinder.consistencygroup.api.API {{(pid=112335) log_opt_values /opt/stack/data/venv/lib/python3.10/site-packages/oslo_config/cfg.py:2817}}
Feb 04 00:38:26 jammy-provider-cloud-0000007975 cinder-volume[112335]: DEBUG oslo_service.service [None req-56893512-6964-4d94-aa78-231e8e9a9342 None None] control_exchange               = openstack {{(pid=112335) log_opt_values /opt/stack/data/venv/lib/python3.10/site-packages/oslo_config/cfg.py:2817}}
Feb 04 00:38:26 jammy-provider-cloud-0000007975 cinder-volume[112335]: DEBUG oslo_service.service [None req-56893512-6964-4d94-aa78-231e8e9a9342 None None] debug                          = True {{(pid=112335) log_opt_values /opt/stack/data/venv/lib/python3.10/site-packages/oslo_config/cfg.py:2817}}
Feb 04 00:38:26 jammy-provider-cloud-0000007975 cinder-volume[112335]: DEBUG oslo_service.service [None req-56893512-6964-4d94-aa78-231e8e9a9342 None None] default_availability_zone      = None {{(pid=112335) log_opt_values /opt/stack/data/venv/lib/python3.10/site-packages/oslo_config/cfg.py:2817}}
Feb 04 00:38:26 jammy-provider-cloud-0000007975 cinder-volume[112335]: DEBUG oslo_service.service [None req-56893512-6964-4d94-aa78-231e8e9a9342 None None] default_group_type             = None {{(pid=112335) log_opt_values /opt/stack/data/venv/lib/python3.10/site-packages/oslo_config/cfg.py:2817}}
Feb 04 00:38:26 jammy-provider-cloud-0000007975 cinder-volume[112335]: DEBUG oslo_service.service [None req-56893512-6964-4d94-aa78-231e8e9a9342 None None] default_log_levels             = ['amqp=WARN', 'amqplib=WARN', 'boto=WARN', 'qpid=WARN', 'sqlalchemy=WARN', 'suds=INFO', 'oslo.messaging=INFO', 'oslo_messaging=INFO', 'iso8601=WARN', 'requests.packages.urllib3.connectionpool=WARN', 'urllib3.connectionpool=WARN', 'websocket=WARN', 'requests.packages.urllib3.util.retry=WARN', 'urllib3.util.retry=WARN', 'keystonemiddleware=WARN', 'routes.middleware=WARN', 'stevedore=WARN', 'taskflow=WARN', 'keystoneauth=WARN', 'oslo.cache=INFO', 'oslo_policy=INFO', 'dogpile.core.dogpile=INFO'] {{(pid=112335) log_opt_values /opt/stack/data/venv/lib/python3.10/site-packages/oslo_config/cfg.py:2817}}
Feb 04 00:38:26 jammy-provider-cloud-0000007975 cinder-volume[112335]: DEBUG oslo_service.service [None req-56893512-6964-4d94-aa78-231e8e9a9342 None None] default_volume_type            = arcusfc1 {{(pid=112335) log_opt_values /opt/stack/data/venv/lib/python3.10/site-packages/oslo_config/cfg.py:2817}}
Feb 04 00:38:26 jammy-provider-cloud-0000007975 cinder-volume[112335]: DEBUG oslo_service.service [None req-56893512-6964-4d94-aa78-231e8e9a9342 None None] driver_client_cert             = None {{(pid=112335) log_opt_values /opt/stack/data/venv/lib/python3.10/site-packages/oslo_config/cfg.py:2817}}
Feb 04 00:38:26 jammy-provider-cloud-0000007975 cinder-volume[112341]: WARNING py.warnings [None req-66eaaf60-1c65-4c15-93d1-b0c082e1e0f5 None None] /opt/stack/data/venv/lib/python3.10/site-packages/urllib3/connectionpool.py:1064: InsecureRequestWarning: Unverified HTTPS request is being made to host '10.201.5.12'. Adding certificate verification is strongly advised. See: https://urllib3.readthedocs.io/en/1.26.x/advanced-usage.html#ssl-warnings
Feb 04 00:38:26 jammy-provider-cloud-0000007975 cinder-volume[112341]:   warnings.warn(
Feb 04 00:38:26 jammy-provider-cloud-0000007975 cinder-volume[112335]: DEBUG oslo_service.service [None req-56893512-6964-4d94-aa78-231e8e9a9342 None None] driver_client_cert_key         = None {{(pid=112335) log_opt_values /opt/stack/data/venv/lib/python3.10/site-packages/oslo_config/cfg.py:2817}}
Feb 04 00:38:26 jammy-provider-cloud-0000007975 cinder-volume[112335]: DEBUG oslo_service.service [None req-56893512-6964-4d94-aa78-231e8e9a9342 None None] driver_data_namespace          = None {{(pid=112335) log_opt_values /opt/stack/data/venv/lib/python3.10/site-packages/oslo_config/cfg.py:2817}}
Feb 04 00:38:26 jammy-provider-cloud-0000007975 cinder-volume[112335]: DEBUG oslo_service.service [None req-56893512-6964-4d94-aa78-231e8e9a9342 None None] driver_ssl_cert_path           = None {{(pid=112335) log_opt_values /opt/stack/data/venv/lib/python3.10/site-packages/oslo_config/cfg.py:2817}}
Feb 04 00:38:26 jammy-provider-cloud-0000007975 cinder-volume[112335]: DEBUG oslo_service.service [None req-56893512-6964-4d94-aa78-231e8e9a9342 None None] driver_ssl_cert_verify         = False {{(pid=112335) log_opt_values /opt/stack/data/venv/lib/python3.10/site-packages/oslo_config/cfg.py:2817}}
Feb 04 00:38:26 jammy-provider-cloud-0000007975 cinder-volume[112335]: DEBUG oslo_service.service [None req-56893512-6964-4d94-aa78-231e8e9a9342 None None] driver_use_ssl                 = False {{(pid=112335) log_opt_values /opt/stack/data/venv/lib/python3.10/site-packages/oslo_config/cfg.py:2817}}
Feb 04 00:38:26 jammy-provider-cloud-0000007975 cinder-volume[112335]: DEBUG oslo_service.service [None req-56893512-6964-4d94-aa78-231e8e9a9342 None None] enable_new_services            = True {{(pid=112335) log_opt_values /opt/stack/data/venv/lib/python3.10/site-packages/oslo_config/cfg.py:2817}}
Feb 04 00:38:26 jammy-provider-cloud-0000007975 cinder-volume[112335]: DEBUG oslo_service.service [None req-56893512-6964-4d94-aa78-231e8e9a9342 None None] enable_unsupported_driver      = False {{(pid=112335) log_opt_values /opt/stack/data/venv/lib/python3.10/site-packages/oslo_config/cfg.py:2817}}
Feb 04 00:38:26 jammy-provider-cloud-0000007975 cinder-volume[112335]: DEBUG oslo_service.service [None req-56893512-6964-4d94-aa78-231e8e9a9342 None None] enabled_backends               = ['arcusfc1', 'arcusfc2'] {{(pid=112335) log_opt_values /opt/stack/data/venv/lib/python3.10/site-packages/oslo_config/cfg.py:2817}}
Feb 04 00:38:26 jammy-provider-cloud-0000007975 cinder-volume[112335]: DEBUG oslo_service.service [None req-56893512-6964-4d94-aa78-231e8e9a9342 None None] enforce_multipath_for_image_xfer = False {{(pid=112335) log_opt_values /opt/stack/data/venv/lib/python3.10/site-packages/oslo_config/cfg.py:2817}}
Feb 04 00:38:26 jammy-provider-cloud-0000007975 cinder-volume[112335]: DEBUG oslo_service.service [None req-56893512-6964-4d94-aa78-231e8e9a9342 None None] filter_function                = None {{(pid=112335) log_opt_values /opt/stack/data/venv/lib/python3.10/site-packages/oslo_config/cfg.py:2817}}
Feb 04 00:38:26 jammy-provider-cloud-0000007975 cinder-volume[112335]: DEBUG oslo_service.service [None req-56893512-6964-4d94-aa78-231e8e9a9342 None None] glance_api_insecure            = False {{(pid=112335) log_opt_values /opt/stack/data/venv/lib/python3.10/site-packages/oslo_config/cfg.py:2817}}
Feb 04 00:38:26 jammy-provider-cloud-0000007975 cinder-volume[112335]: DEBUG oslo_service.service [None req-56893512-6964-4d94-aa78-231e8e9a9342 None None] glance_api_servers             = ['http://10.201.5.87/image'] {{(pid=112335) log_opt_values /opt/stack/data/venv/lib/python3.10/site-packages/oslo_config/cfg.py:2817}}
Feb 04 00:38:26 jammy-provider-cloud-0000007975 cinder-volume[112335]: DEBUG oslo_service.service [None req-56893512-6964-4d94-aa78-231e8e9a9342 None None] glance_api_ssl_compression     = False {{(pid=112335) log_opt_values /opt/stack/data/venv/lib/python3.10/site-packages/oslo_config/cfg.py:2817}}
Feb 04 00:38:26 jammy-provider-cloud-0000007975 cinder-volume[112335]: DEBUG oslo_service.service [None req-56893512-6964-4d94-aa78-231e8e9a9342 None None] glance_ca_certificates_file    = None {{(pid=112335) log_opt_values /opt/stack/data/venv/lib/python3.10/site-packages/oslo_config/cfg.py:2817}}
Feb 04 00:38:26 jammy-provider-cloud-0000007975 cinder-volume[112335]: DEBUG oslo_service.service [None req-56893512-6964-4d94-aa78-231e8e9a9342 None None] glance_catalog_info            = image:glance:publicURL {{(pid=112335) log_opt_values /opt/stack/data/venv/lib/python3.10/site-packages/oslo_config/cfg.py:2817}}
Feb 04 00:38:26 jammy-provider-cloud-0000007975 cinder-volume[112335]: DEBUG oslo_service.service [None req-56893512-6964-4d94-aa78-231e8e9a9342 None None] glance_certfile                = None {{(pid=112335) log_opt_values /opt/stack/data/venv/lib/python3.10/site-packages/oslo_config/cfg.py:2817}}
Feb 04 00:38:26 jammy-provider-cloud-0000007975 cinder-volume[112335]: DEBUG oslo_service.service [None req-56893512-6964-4d94-aa78-231e8e9a9342 None None] glance_core_properties         = ['checksum', 'container_format', 'disk_format', 'image_name', 'image_id', 'min_disk', 'min_ram', 'name', 'size'] {{(pid=112335) log_opt_values /opt/stack/data/venv/lib/python3.10/site-packages/oslo_config/cfg.py:2817}}
Feb 04 00:38:26 jammy-provider-cloud-0000007975 cinder-volume[112335]: DEBUG oslo_service.service [None req-56893512-6964-4d94-aa78-231e8e9a9342 None None] glance_keyfile                 = None {{(pid=112335) log_opt_values /opt/stack/data/venv/lib/python3.10/site-packages/oslo_config/cfg.py:2817}}
Feb 04 00:38:26 jammy-provider-cloud-0000007975 cinder-volume[112335]: DEBUG oslo_service.service [None req-56893512-6964-4d94-aa78-231e8e9a9342 None None] glance_num_retries             = 3 {{(pid=112335) log_opt_values /opt/stack/data/venv/lib/python3.10/site-packages/oslo_config/cfg.py:2817}}
Feb 04 00:38:26 jammy-provider-cloud-0000007975 cinder-volume[112335]: DEBUG oslo_service.service [None req-56893512-6964-4d94-aa78-231e8e9a9342 None None] glance_request_timeout         = None {{(pid=112335) log_opt_values /opt/stack/data/venv/lib/python3.10/site-packages/oslo_config/cfg.py:2817}}
Feb 04 00:38:26 jammy-provider-cloud-0000007975 cinder-volume[112335]: DEBUG oslo_service.service [None req-56893512-6964-4d94-aa78-231e8e9a9342 None None] goodness_function              = None {{(pid=112335) log_opt_values /opt/stack/data/venv/lib/python3.10/site-packages/oslo_config/cfg.py:2817}}
Feb 04 00:38:26 jammy-provider-cloud-0000007975 cinder-volume[112335]: DEBUG oslo_service.service [None req-56893512-6964-4d94-aa78-231e8e9a9342 None None] graceful_shutdown_timeout      = 5 {{(pid=112335) log_opt_values /opt/stack/data/venv/lib/python3.10/site-packages/oslo_config/cfg.py:2817}}
Feb 04 00:38:26 jammy-provider-cloud-0000007975 cinder-volume[112335]: DEBUG oslo_service.service [None req-56893512-6964-4d94-aa78-231e8e9a9342 None None] group_api_class                = cinder.group.api.API {{(pid=112335) log_opt_values /opt/stack/data/venv/lib/python3.10/site-packages/oslo_config/cfg.py:2817}}
Feb 04 00:38:26 jammy-provider-cloud-0000007975 cinder-volume[112335]: DEBUG oslo_service.service [None req-56893512-6964-4d94-aa78-231e8e9a9342 None None] host                           = jammy-provider-cloud-0000007975 {{(pid=112335) log_opt_values /opt/stack/data/venv/lib/python3.10/site-packages/oslo_config/cfg.py:2817}}
Feb 04 00:38:26 jammy-provider-cloud-0000007975 cinder-volume[112335]: DEBUG oslo_service.service [None req-56893512-6964-4d94-aa78-231e8e9a9342 None None] image_compress_on_upload       = True {{(pid=112335) log_opt_values /opt/stack/data/venv/lib/python3.10/site-packages/oslo_config/cfg.py:2817}}
Feb 04 00:38:26 jammy-provider-cloud-0000007975 cinder-volume[112335]: DEBUG oslo_service.service [None req-56893512-6964-4d94-aa78-231e8e9a9342 None None] image_conversion_address_space_limit = 1 {{(pid=112335) log_opt_values /opt/stack/data/venv/lib/python3.10/site-packages/oslo_config/cfg.py:2817}}
Feb 04 00:38:26 jammy-provider-cloud-0000007975 cinder-volume[112335]: DEBUG oslo_service.service [None req-56893512-6964-4d94-aa78-231e8e9a9342 None None] image_conversion_cpu_limit     = 60 {{(pid=112335) log_opt_values /opt/stack/data/venv/lib/python3.10/site-packages/oslo_config/cfg.py:2817}}
Feb 04 00:38:26 jammy-provider-cloud-0000007975 cinder-volume[112335]: DEBUG oslo_service.service [None req-56893512-6964-4d94-aa78-231e8e9a9342 None None] image_conversion_dir           = /opt/stack/data/cinder/conversion {{(pid=112335) log_opt_values /opt/stack/data/venv/lib/python3.10/site-packages/oslo_config/cfg.py:2817}}
Feb 04 00:38:26 jammy-provider-cloud-0000007975 cinder-volume[112335]: DEBUG oslo_service.service [None req-56893512-6964-4d94-aa78-231e8e9a9342 None None] image_conversion_disable       = False {{(pid=112335) log_opt_values /opt/stack/data/venv/lib/python3.10/site-packages/oslo_config/cfg.py:2817}}
Feb 04 00:38:26 jammy-provider-cloud-0000007975 cinder-volume[112335]: DEBUG oslo_service.service [None req-56893512-6964-4d94-aa78-231e8e9a9342 None None] image_upload_use_cinder_backend = False {{(pid=112335) log_opt_values /opt/stack/data/venv/lib/python3.10/site-packages/oslo_config/cfg.py:2817}}
Feb 04 00:38:26 jammy-provider-cloud-0000007975 cinder-volume[112335]: DEBUG oslo_service.service [None req-56893512-6964-4d94-aa78-231e8e9a9342 None None] image_upload_use_internal_tenant = False {{(pid=112335) log_opt_values /opt/stack/data/venv/lib/python3.10/site-packages/oslo_config/cfg.py:2817}}
Feb 04 00:38:26 jammy-provider-cloud-0000007975 cinder-volume[112335]: DEBUG oslo_service.service [None req-56893512-6964-4d94-aa78-231e8e9a9342 None None] image_volume_cache_enabled     = False {{(pid=112335) log_opt_values /opt/stack/data/venv/lib/python3.10/site-packages/oslo_config/cfg.py:2817}}
Feb 04 00:38:26 jammy-provider-cloud-0000007975 cinder-volume[112335]: DEBUG oslo_service.service [None req-56893512-6964-4d94-aa78-231e8e9a9342 None None] image_volume_cache_max_count   = 0 {{(pid=112335) log_opt_values /opt/stack/data/venv/lib/python3.10/site-packages/oslo_config/cfg.py:2817}}
Feb 04 00:38:26 jammy-provider-cloud-0000007975 cinder-volume[112335]: DEBUG oslo_service.service [None req-56893512-6964-4d94-aa78-231e8e9a9342 None None] image_volume_cache_max_size_gb = 0 {{(pid=112335) log_opt_values /opt/stack/data/venv/lib/python3.10/site-packages/oslo_config/cfg.py:2817}}
Feb 04 00:38:26 jammy-provider-cloud-0000007975 cinder-volume[112335]: DEBUG oslo_service.service [None req-56893512-6964-4d94-aa78-231e8e9a9342 None None] init_host_max_objects_retrieval = 0 {{(pid=112335) log_opt_values /opt/stack/data/venv/lib/python3.10/site-packages/oslo_config/cfg.py:2817}}
Feb 04 00:38:26 jammy-provider-cloud-0000007975 cinder-volume[112335]: DEBUG oslo_service.service [None req-56893512-6964-4d94-aa78-231e8e9a9342 None None] instance_format                = [instance: %(uuid)s]  {{(pid=112335) log_opt_values /opt/stack/data/venv/lib/python3.10/site-packages/oslo_config/cfg.py:2817}}
Feb 04 00:38:26 jammy-provider-cloud-0000007975 cinder-volume[112335]: DEBUG oslo_service.service [None req-56893512-6964-4d94-aa78-231e8e9a9342 None None] instance_uuid_format           = [instance: %(uuid)s]  {{(pid=112335) log_opt_values /opt/stack/data/venv/lib/python3.10/site-packages/oslo_config/cfg.py:2817}}
Feb 04 00:38:26 jammy-provider-cloud-0000007975 cinder-volume[112335]: DEBUG oslo_service.service [None req-56893512-6964-4d94-aa78-231e8e9a9342 None None] iscsi_iotype                   = fileio {{(pid=112335) log_opt_values /opt/stack/data/venv/lib/python3.10/site-packages/oslo_config/cfg.py:2817}}
Feb 04 00:38:26 jammy-provider-cloud-0000007975 cinder-volume[112335]: DEBUG oslo_service.service [None req-56893512-6964-4d94-aa78-231e8e9a9342 None None] iscsi_target_flags             =  {{(pid=112335) log_opt_values /opt/stack/data/venv/lib/python3.10/site-packages/oslo_config/cfg.py:2817}}
Feb 04 00:38:26 jammy-provider-cloud-0000007975 cinder-volume[112335]: DEBUG oslo_service.service [None req-56893512-6964-4d94-aa78-231e8e9a9342 None None] iscsi_write_cache              = on {{(pid=112335) log_opt_values /opt/stack/data/venv/lib/python3.10/site-packages/oslo_config/cfg.py:2817}}
Feb 04 00:38:26 jammy-provider-cloud-0000007975 cinder-volume[112335]: DEBUG oslo_service.service [None req-56893512-6964-4d94-aa78-231e8e9a9342 None None] iser_helper                    = tgtadm {{(pid=112335) log_opt_values /opt/stack/data/venv/lib/python3.10/site-packages/oslo_config/cfg.py:2817}}
Feb 04 00:38:26 jammy-provider-cloud-0000007975 cinder-volume[112335]: DEBUG oslo_service.service [None req-56893512-6964-4d94-aa78-231e8e9a9342 None None] iser_ip_address                = 10.201.5.87 {{(pid=112335) log_opt_values /opt/stack/data/venv/lib/python3.10/site-packages/oslo_config/cfg.py:2817}}
Feb 04 00:38:26 jammy-provider-cloud-0000007975 cinder-volume[112335]: DEBUG oslo_service.service [None req-56893512-6964-4d94-aa78-231e8e9a9342 None None] iser_port                      = 3260 {{(pid=112335) log_opt_values /opt/stack/data/venv/lib/python3.10/site-packages/oslo_config/cfg.py:2817}}
Feb 04 00:38:26 jammy-provider-cloud-0000007975 cinder-volume[112335]: DEBUG oslo_service.service [None req-56893512-6964-4d94-aa78-231e8e9a9342 None None] iser_target_prefix             = iqn.2010-10.org.openstack: {{(pid=112335) log_opt_values /opt/stack/data/venv/lib/python3.10/site-packages/oslo_config/cfg.py:2817}}
Feb 04 00:38:26 jammy-provider-cloud-0000007975 cinder-volume[112335]: DEBUG oslo_service.service [None req-56893512-6964-4d94-aa78-231e8e9a9342 None None] log_color                      = False {{(pid=112335) log_opt_values /opt/stack/data/venv/lib/python3.10/site-packages/oslo_config/cfg.py:2817}}
Feb 04 00:38:26 jammy-provider-cloud-0000007975 cinder-volume[112335]: DEBUG oslo_service.service [None req-56893512-6964-4d94-aa78-231e8e9a9342 None None] log_config_append              = None {{(pid=112335) log_opt_values /opt/stack/data/venv/lib/python3.10/site-packages/oslo_config/cfg.py:2817}}
Feb 04 00:38:26 jammy-provider-cloud-0000007975 cinder-volume[112335]: DEBUG oslo_service.service [None req-56893512-6964-4d94-aa78-231e8e9a9342 None None] log_date_format                = %Y-%m-%d %H:%M:%S {{(pid=112335) log_opt_values /opt/stack/data/venv/lib/python3.10/site-packages/oslo_config/cfg.py:2817}}
Feb 04 00:38:26 jammy-provider-cloud-0000007975 cinder-volume[112341]: WARNING py.warnings [None req-66eaaf60-1c65-4c15-93d1-b0c082e1e0f5 None None] /opt/stack/data/venv/lib/python3.10/site-packages/urllib3/connectionpool.py:1064: InsecureRequestWarning: Unverified HTTPS request is being made to host '10.201.5.12'. Adding certificate verification is strongly advised. See: https://urllib3.readthedocs.io/en/1.26.x/advanced-usage.html#ssl-warnings
Feb 04 00:38:26 jammy-provider-cloud-0000007975 cinder-volume[112341]:   warnings.warn(
