Dec 06 14:28:48 jammy-provider-cloud-0000007781 systemd[1]: Starting Devstack devstack@g-api.service...
Dec 06 14:28:48 jammy-provider-cloud-0000007781 devstack@g-api.service[104291]: [uWSGI] getting INI configuration from /etc/glance/glance-uwsgi.ini
Dec 06 14:28:48 jammy-provider-cloud-0000007781 devstack@g-api.service[104291]: *** Starting uWSGI 2.0.20-debian (64bit) on [Fri Dec  6 14:28:48 2024] ***
Dec 06 14:28:48 jammy-provider-cloud-0000007781 devstack@g-api.service[104291]: compiled with version: 11.2.0 on 21 March 2022 11:00:44
Dec 06 14:28:48 jammy-provider-cloud-0000007781 devstack@g-api.service[104291]: os: Linux-5.15.0-107-generic #117-Ubuntu SMP Fri Apr 26 12:26:49 UTC 2024
Dec 06 14:28:48 jammy-provider-cloud-0000007781 devstack@g-api.service[104291]: nodename: jammy-provider-cloud-0000007781
Dec 06 14:28:48 jammy-provider-cloud-0000007781 devstack@g-api.service[104291]: machine: x86_64
Dec 06 14:28:48 jammy-provider-cloud-0000007781 devstack@g-api.service[104291]: clock source: unix
Dec 06 14:28:48 jammy-provider-cloud-0000007781 devstack@g-api.service[104291]: pcre jit disabled
Dec 06 14:28:48 jammy-provider-cloud-0000007781 devstack@g-api.service[104291]: detected number of CPU cores: 4
Dec 06 14:28:48 jammy-provider-cloud-0000007781 devstack@g-api.service[104291]: current working directory: /
Dec 06 14:28:48 jammy-provider-cloud-0000007781 devstack@g-api.service[104291]: detected binary path: /usr/bin/uwsgi-core
Dec 06 14:28:48 jammy-provider-cloud-0000007781 devstack@g-api.service[104291]: your processes number limit is 31298
Dec 06 14:28:48 jammy-provider-cloud-0000007781 devstack@g-api.service[104291]: your memory page size is 4096 bytes
Dec 06 14:28:48 jammy-provider-cloud-0000007781 devstack@g-api.service[104291]: detected max file descriptor number: 2048
Dec 06 14:28:48 jammy-provider-cloud-0000007781 devstack@g-api.service[104291]: lock engine: pthread robust mutexes
Dec 06 14:28:48 jammy-provider-cloud-0000007781 devstack@g-api.service[104291]: thunder lock: enabled
Dec 06 14:28:48 jammy-provider-cloud-0000007781 devstack@g-api.service[104291]: uwsgi socket 0 bound to TCP address 127.0.0.1:60999 fd 4
Dec 06 14:28:48 jammy-provider-cloud-0000007781 devstack@g-api.service[104291]: Python version: 3.10.12 (main, Nov  6 2024, 20:22:13) [GCC 11.4.0]
Dec 06 14:28:48 jammy-provider-cloud-0000007781 devstack@g-api.service[104291]: PEP 405 virtualenv detected: /opt/stack/data/venv
Dec 06 14:28:48 jammy-provider-cloud-0000007781 devstack@g-api.service[104291]: Set PythonHome to /opt/stack/data/venv
Dec 06 14:28:48 jammy-provider-cloud-0000007781 devstack@g-api.service[104291]: Python main interpreter initialized at 0x55de46e18e60
Dec 06 14:28:48 jammy-provider-cloud-0000007781 devstack@g-api.service[104291]: python threads support enabled
Dec 06 14:28:48 jammy-provider-cloud-0000007781 devstack@g-api.service[104291]: your server socket listen backlog is limited to 100 connections
Dec 06 14:28:48 jammy-provider-cloud-0000007781 devstack@g-api.service[104291]: your mercy for graceful operations on workers is 80 seconds
Dec 06 14:28:48 jammy-provider-cloud-0000007781 devstack@g-api.service[104291]: mapped 403077 bytes (393 KB) for 2 cores
Dec 06 14:28:48 jammy-provider-cloud-0000007781 devstack@g-api.service[104291]: *** Operational MODE: preforking ***
Dec 06 14:28:48 jammy-provider-cloud-0000007781 devstack@g-api.service[104291]: *** uWSGI is running in multiple interpreter mode ***
Dec 06 14:28:48 jammy-provider-cloud-0000007781 devstack@g-api.service[104291]: spawned uWSGI master process (pid: 104291)
Dec 06 14:28:48 jammy-provider-cloud-0000007781 systemd[1]: Started Devstack devstack@g-api.service.
Dec 06 14:28:48 jammy-provider-cloud-0000007781 devstack@g-api.service[104291]: spawned uWSGI worker 1 (pid: 104292, cores: 1)
Dec 06 14:28:48 jammy-provider-cloud-0000007781 devstack@g-api.service[104291]: spawned uWSGI worker 2 (pid: 104293, cores: 1)
Dec 06 14:28:48 jammy-provider-cloud-0000007781 devstack@g-api.service[104291]: running "unix_signal:15 gracefully_kill_them_all" (master-start)...
Dec 06 14:28:49 jammy-provider-cloud-0000007781 devstack@g-api.service[104292]: INFO glance.async_ [-] Threadpool model set to 'NativeThreadPoolModel'
Dec 06 14:28:49 jammy-provider-cloud-0000007781 devstack@g-api.service[104293]: INFO glance.async_ [-] Threadpool model set to 'NativeThreadPoolModel'
Dec 06 14:28:49 jammy-provider-cloud-0000007781 devstack@g-api.service[104292]: DEBUG oslo_concurrency.processutils [-] Running cmd (subprocess): grep -F node.session.scan /sbin/iscsiadm {{(pid=104292) execute /opt/stack/data/venv/lib/python3.10/site-packages/oslo_concurrency/processutils.py:383}}
Dec 06 14:28:49 jammy-provider-cloud-0000007781 devstack@g-api.service[104292]: DEBUG oslo_concurrency.processutils [-] CMD "grep -F node.session.scan /sbin/iscsiadm" returned: 0 in 0.014s {{(pid=104292) execute /opt/stack/data/venv/lib/python3.10/site-packages/oslo_concurrency/processutils.py:421}}
Dec 06 14:28:49 jammy-provider-cloud-0000007781 devstack@g-api.service[104293]: DEBUG oslo_concurrency.processutils [-] Running cmd (subprocess): grep -F node.session.scan /sbin/iscsiadm {{(pid=104293) execute /opt/stack/data/venv/lib/python3.10/site-packages/oslo_concurrency/processutils.py:383}}
Dec 06 14:28:49 jammy-provider-cloud-0000007781 devstack@g-api.service[104293]: DEBUG oslo_concurrency.processutils [-] CMD "grep -F node.session.scan /sbin/iscsiadm" returned: 0 in 0.013s {{(pid=104293) execute /opt/stack/data/venv/lib/python3.10/site-packages/oslo_concurrency/processutils.py:421}}
Dec 06 14:28:49 jammy-provider-cloud-0000007781 devstack@g-api.service[104292]: DEBUG glance_store.common.attachment_state_manager [-] Initialising _AttachmentStateManager {{(pid=104292) __init__ /opt/stack/data/venv/lib/python3.10/site-packages/glance_store/common/attachment_state_manager.py:86}}
Dec 06 14:28:49 jammy-provider-cloud-0000007781 devstack@g-api.service[104293]: DEBUG glance_store.common.attachment_state_manager [-] Initialising _AttachmentStateManager {{(pid=104293) __init__ /opt/stack/data/venv/lib/python3.10/site-packages/glance_store/common/attachment_state_manager.py:86}}
Dec 06 14:28:49 jammy-provider-cloud-0000007781 devstack@g-api.service[104292]: DEBUG glance_store.backend [-] Attempting to import store cinder {{(pid=104292) _load_store /opt/stack/data/venv/lib/python3.10/site-packages/glance_store/backend.py:216}}
Dec 06 14:28:49 jammy-provider-cloud-0000007781 devstack@g-api.service[104292]: DEBUG glance_store.backend [-] Attempting to import store file {{(pid=104292) _load_store /opt/stack/data/venv/lib/python3.10/site-packages/glance_store/backend.py:216}}
Dec 06 14:28:49 jammy-provider-cloud-0000007781 devstack@g-api.service[104292]: DEBUG glance_store.backend [-] Attempting to import store glance.store.cinder.Store {{(pid=104292) _load_store /opt/stack/data/venv/lib/python3.10/site-packages/glance_store/backend.py:216}}
Dec 06 14:28:49 jammy-provider-cloud-0000007781 devstack@g-api.service[104292]: DEBUG glance_store.backend [-] Attempting to import store glance.store.filesystem.Store {{(pid=104292) _load_store /opt/stack/data/venv/lib/python3.10/site-packages/glance_store/backend.py:216}}
Dec 06 14:28:49 jammy-provider-cloud-0000007781 devstack@g-api.service[104292]: DEBUG glance_store.backend [-] Attempting to import store glance.store.http.Store {{(pid=104292) _load_store /opt/stack/data/venv/lib/python3.10/site-packages/glance_store/backend.py:216}}
Dec 06 14:28:49 jammy-provider-cloud-0000007781 devstack@g-api.service[104292]: DEBUG glance_store.backend [-] Attempting to import store glance.store.rbd.Store {{(pid=104292) _load_store /opt/stack/data/venv/lib/python3.10/site-packages/glance_store/backend.py:216}}
Dec 06 14:28:49 jammy-provider-cloud-0000007781 devstack@g-api.service[104292]: DEBUG glance_store.backend [-] Attempting to import store glance.store.s3.Store {{(pid=104292) _load_store /opt/stack/data/venv/lib/python3.10/site-packages/glance_store/backend.py:216}}
Dec 06 14:28:49 jammy-provider-cloud-0000007781 devstack@g-api.service[104292]: DEBUG glance_store.backend [-] Attempting to import store glance.store.swift.Store {{(pid=104292) _load_store /opt/stack/data/venv/lib/python3.10/site-packages/glance_store/backend.py:216}}
Dec 06 14:28:49 jammy-provider-cloud-0000007781 devstack@g-api.service[104292]: DEBUG glance_store.backend [-] Attempting to import store glance.store.vmware_datastore.Store {{(pid=104292) _load_store /opt/stack/data/venv/lib/python3.10/site-packages/glance_store/backend.py:216}}
Dec 06 14:28:49 jammy-provider-cloud-0000007781 devstack@g-api.service[104292]: DEBUG glance_store.backend [-] Attempting to import store http {{(pid=104292) _load_store /opt/stack/data/venv/lib/python3.10/site-packages/glance_store/backend.py:216}}
Dec 06 14:28:49 jammy-provider-cloud-0000007781 devstack@g-api.service[104292]: DEBUG glance_store.backend [-] Attempting to import store no_conf {{(pid=104292) _load_store /opt/stack/data/venv/lib/python3.10/site-packages/glance_store/backend.py:216}}
Dec 06 14:28:49 jammy-provider-cloud-0000007781 devstack@g-api.service[104292]: DEBUG glance_store.backend [-] Attempting to import store rbd {{(pid=104292) _load_store /opt/stack/data/venv/lib/python3.10/site-packages/glance_store/backend.py:216}}
Dec 06 14:28:49 jammy-provider-cloud-0000007781 devstack@g-api.service[104292]: DEBUG glance_store.backend [-] Attempting to import store s3 {{(pid=104292) _load_store /opt/stack/data/venv/lib/python3.10/site-packages/glance_store/backend.py:216}}
Dec 06 14:28:49 jammy-provider-cloud-0000007781 devstack@g-api.service[104292]: DEBUG glance_store.backend [-] Attempting to import store swift {{(pid=104292) _load_store /opt/stack/data/venv/lib/python3.10/site-packages/glance_store/backend.py:216}}
Dec 06 14:28:49 jammy-provider-cloud-0000007781 devstack@g-api.service[104292]: DEBUG glance_store.backend [-] Attempting to import store vmware {{(pid=104292) _load_store /opt/stack/data/venv/lib/python3.10/site-packages/glance_store/backend.py:216}}
Dec 06 14:28:49 jammy-provider-cloud-0000007781 devstack@g-api.service[104292]: DEBUG glance_store.backend [-] Registering options for group glance_store {{(pid=104292) register_opts /opt/stack/data/venv/lib/python3.10/site-packages/glance_store/backend.py:145}}
Dec 06 14:28:49 jammy-provider-cloud-0000007781 devstack@g-api.service[104292]: DEBUG glance_store.backend [-] Registering options for group glance_store {{(pid=104292) register_opts /opt/stack/data/venv/lib/python3.10/site-packages/glance_store/backend.py:145}}
Dec 06 14:28:49 jammy-provider-cloud-0000007781 devstack@g-api.service[104292]: DEBUG glance_store.backend [-] Attempting to import store http {{(pid=104292) _load_store /opt/stack/data/venv/lib/python3.10/site-packages/glance_store/backend.py:216}}
Dec 06 14:28:49 jammy-provider-cloud-0000007781 devstack@g-api.service[104292]: DEBUG glance_store.capabilities [-] Store glance_store._drivers.http.Store doesn't support updating dynamic storage capabilities. Please overwrite 'update_capabilities' method of the store to implement updating logics if needed. {{(pid=104292) update_capabilities /opt/stack/data/venv/lib/python3.10/site-packages/glance_store/capabilities.py:91}}
Dec 06 14:28:49 jammy-provider-cloud-0000007781 devstack@g-api.service[104292]: DEBUG glance_store.backend [-] Registering store http with schemes ('http', 'https') {{(pid=104292) create_stores /opt/stack/data/venv/lib/python3.10/site-packages/glance_store/backend.py:262}}
Dec 06 14:28:49 jammy-provider-cloud-0000007781 devstack@g-api.service[104292]: DEBUG glance_store.driver [-] Late loading location class glance_store._drivers.http.StoreLocation {{(pid=104292) get_store_location_class /opt/stack/data/venv/lib/python3.10/site-packages/glance_store/driver.py:133}}
Dec 06 14:28:49 jammy-provider-cloud-0000007781 devstack@g-api.service[104292]: DEBUG glance_store.location [-] Registering scheme http with {'store': <glance_store._drivers.http.Store object at 0x7fe31414e1d0>, 'location_class': <class 'glance_store._drivers.http.StoreLocation'>, 'store_entry': 'http'} {{(pid=104292) register_scheme_map /opt/stack/data/venv/lib/python3.10/site-packages/glance_store/location.py:146}}
Dec 06 14:28:49 jammy-provider-cloud-0000007781 devstack@g-api.service[104292]: DEBUG glance_store.location [-] Registering scheme https with {'store': <glance_store._drivers.http.Store object at 0x7fe31414e1d0>, 'location_class': <class 'glance_store._drivers.http.StoreLocation'>, 'store_entry': 'http'} {{(pid=104292) register_scheme_map /opt/stack/data/venv/lib/python3.10/site-packages/glance_store/location.py:146}}
Dec 06 14:28:49 jammy-provider-cloud-0000007781 devstack@g-api.service[104292]: DEBUG glance_store.backend [-] Attempting to import store file {{(pid=104292) _load_store /opt/stack/data/venv/lib/python3.10/site-packages/glance_store/backend.py:216}}
Dec 06 14:28:49 jammy-provider-cloud-0000007781 devstack@g-api.service[104292]: DEBUG glance_store.capabilities [-] Store glance_store._drivers.filesystem.Store doesn't support updating dynamic storage capabilities. Please overwrite 'update_capabilities' method of the store to implement updating logics if needed. {{(pid=104292) update_capabilities /opt/stack/data/venv/lib/python3.10/site-packages/glance_store/capabilities.py:91}}
Dec 06 14:28:49 jammy-provider-cloud-0000007781 devstack@g-api.service[104292]: DEBUG glance_store.backend [-] Registering store file with schemes ('file', 'filesystem') {{(pid=104292) create_stores /opt/stack/data/venv/lib/python3.10/site-packages/glance_store/backend.py:262}}
Dec 06 14:28:49 jammy-provider-cloud-0000007781 devstack@g-api.service[104292]: DEBUG glance_store.driver [-] Late loading location class glance_store._drivers.filesystem.StoreLocation {{(pid=104292) get_store_location_class /opt/stack/data/venv/lib/python3.10/site-packages/glance_store/driver.py:133}}
Dec 06 14:28:49 jammy-provider-cloud-0000007781 devstack@g-api.service[104292]: DEBUG glance_store.location [-] Registering scheme file with {'store': <glance_store._drivers.filesystem.Store object at 0x7fe31414eb90>, 'location_class': <class 'glance_store._drivers.filesystem.StoreLocation'>, 'store_entry': 'file'} {{(pid=104292) register_scheme_map /opt/stack/data/venv/lib/python3.10/site-packages/glance_store/location.py:146}}
Dec 06 14:28:49 jammy-provider-cloud-0000007781 devstack@g-api.service[104292]: DEBUG glance_store.location [-] Registering scheme filesystem with {'store': <glance_store._drivers.filesystem.Store object at 0x7fe31414eb90>, 'location_class': <class 'glance_store._drivers.filesystem.StoreLocation'>, 'store_entry': 'file'} {{(pid=104292) register_scheme_map /opt/stack/data/venv/lib/python3.10/site-packages/glance_store/location.py:146}}
Dec 06 14:28:49 jammy-provider-cloud-0000007781 devstack@g-api.service[104292]: DEBUG glance.sqlite_migration [-] SQLite caching database not located, skipping migration {{(pid=104292) get_db_path /opt/stack/glance/glance/sqlite_migration.py:68}}
Dec 06 14:28:49 jammy-provider-cloud-0000007781 devstack@g-api.service[104292]: WARNING glance.common.wsgi_app [-] Import methods are enabled but staging directory /tmp/staging/ does not exist; Imports will fail!
Dec 06 14:28:49 jammy-provider-cloud-0000007781 devstack@g-api.service[104293]: DEBUG glance_store.backend [-] Attempting to import store cinder {{(pid=104293) _load_store /opt/stack/data/venv/lib/python3.10/site-packages/glance_store/backend.py:216}}
Dec 06 14:28:49 jammy-provider-cloud-0000007781 devstack@g-api.service[104293]: DEBUG glance_store.backend [-] Attempting to import store file {{(pid=104293) _load_store /opt/stack/data/venv/lib/python3.10/site-packages/glance_store/backend.py:216}}
Dec 06 14:28:49 jammy-provider-cloud-0000007781 devstack@g-api.service[104293]: DEBUG glance_store.backend [-] Attempting to import store glance.store.cinder.Store {{(pid=104293) _load_store /opt/stack/data/venv/lib/python3.10/site-packages/glance_store/backend.py:216}}
Dec 06 14:28:49 jammy-provider-cloud-0000007781 devstack@g-api.service[104293]: DEBUG glance_store.backend [-] Attempting to import store glance.store.filesystem.Store {{(pid=104293) _load_store /opt/stack/data/venv/lib/python3.10/site-packages/glance_store/backend.py:216}}
Dec 06 14:28:49 jammy-provider-cloud-0000007781 devstack@g-api.service[104293]: DEBUG glance_store.backend [-] Attempting to import store glance.store.http.Store {{(pid=104293) _load_store /opt/stack/data/venv/lib/python3.10/site-packages/glance_store/backend.py:216}}
Dec 06 14:28:49 jammy-provider-cloud-0000007781 devstack@g-api.service[104293]: DEBUG glance_store.backend [-] Attempting to import store glance.store.rbd.Store {{(pid=104293) _load_store /opt/stack/data/venv/lib/python3.10/site-packages/glance_store/backend.py:216}}
Dec 06 14:28:49 jammy-provider-cloud-0000007781 devstack@g-api.service[104293]: DEBUG glance_store.backend [-] Attempting to import store glance.store.s3.Store {{(pid=104293) _load_store /opt/stack/data/venv/lib/python3.10/site-packages/glance_store/backend.py:216}}
Dec 06 14:28:49 jammy-provider-cloud-0000007781 devstack@g-api.service[104293]: DEBUG glance_store.backend [-] Attempting to import store glance.store.swift.Store {{(pid=104293) _load_store /opt/stack/data/venv/lib/python3.10/site-packages/glance_store/backend.py:216}}
Dec 06 14:28:49 jammy-provider-cloud-0000007781 devstack@g-api.service[104293]: DEBUG glance_store.backend [-] Attempting to import store glance.store.vmware_datastore.Store {{(pid=104293) _load_store /opt/stack/data/venv/lib/python3.10/site-packages/glance_store/backend.py:216}}
Dec 06 14:28:49 jammy-provider-cloud-0000007781 devstack@g-api.service[104293]: DEBUG glance_store.backend [-] Attempting to import store http {{(pid=104293) _load_store /opt/stack/data/venv/lib/python3.10/site-packages/glance_store/backend.py:216}}
Dec 06 14:28:49 jammy-provider-cloud-0000007781 devstack@g-api.service[104293]: DEBUG glance_store.backend [-] Attempting to import store no_conf {{(pid=104293) _load_store /opt/stack/data/venv/lib/python3.10/site-packages/glance_store/backend.py:216}}
Dec 06 14:28:49 jammy-provider-cloud-0000007781 devstack@g-api.service[104293]: DEBUG glance_store.backend [-] Attempting to import store rbd {{(pid=104293) _load_store /opt/stack/data/venv/lib/python3.10/site-packages/glance_store/backend.py:216}}
Dec 06 14:28:49 jammy-provider-cloud-0000007781 devstack@g-api.service[104293]: DEBUG glance_store.backend [-] Attempting to import store s3 {{(pid=104293) _load_store /opt/stack/data/venv/lib/python3.10/site-packages/glance_store/backend.py:216}}
Dec 06 14:28:49 jammy-provider-cloud-0000007781 devstack@g-api.service[104293]: DEBUG glance_store.backend [-] Attempting to import store swift {{(pid=104293) _load_store /opt/stack/data/venv/lib/python3.10/site-packages/glance_store/backend.py:216}}
Dec 06 14:28:49 jammy-provider-cloud-0000007781 devstack@g-api.service[104293]: DEBUG glance_store.backend [-] Attempting to import store vmware {{(pid=104293) _load_store /opt/stack/data/venv/lib/python3.10/site-packages/glance_store/backend.py:216}}
Dec 06 14:28:49 jammy-provider-cloud-0000007781 devstack@g-api.service[104293]: DEBUG glance_store.backend [-] Registering options for group glance_store {{(pid=104293) register_opts /opt/stack/data/venv/lib/python3.10/site-packages/glance_store/backend.py:145}}
Dec 06 14:28:49 jammy-provider-cloud-0000007781 devstack@g-api.service[104293]: DEBUG glance_store.backend [-] Registering options for group glance_store {{(pid=104293) register_opts /opt/stack/data/venv/lib/python3.10/site-packages/glance_store/backend.py:145}}
Dec 06 14:28:49 jammy-provider-cloud-0000007781 devstack@g-api.service[104293]: DEBUG glance_store.backend [-] Attempting to import store http {{(pid=104293) _load_store /opt/stack/data/venv/lib/python3.10/site-packages/glance_store/backend.py:216}}
Dec 06 14:28:49 jammy-provider-cloud-0000007781 devstack@g-api.service[104293]: DEBUG glance_store.capabilities [-] Store glance_store._drivers.http.Store doesn't support updating dynamic storage capabilities. Please overwrite 'update_capabilities' method of the store to implement updating logics if needed. {{(pid=104293) update_capabilities /opt/stack/data/venv/lib/python3.10/site-packages/glance_store/capabilities.py:91}}
Dec 06 14:28:49 jammy-provider-cloud-0000007781 devstack@g-api.service[104293]: DEBUG glance_store.backend [-] Registering store http with schemes ('http', 'https') {{(pid=104293) create_stores /opt/stack/data/venv/lib/python3.10/site-packages/glance_store/backend.py:262}}
Dec 06 14:28:49 jammy-provider-cloud-0000007781 devstack@g-api.service[104293]: DEBUG glance_store.driver [-] Late loading location class glance_store._drivers.http.StoreLocation {{(pid=104293) get_store_location_class /opt/stack/data/venv/lib/python3.10/site-packages/glance_store/driver.py:133}}
Dec 06 14:28:49 jammy-provider-cloud-0000007781 devstack@g-api.service[104293]: DEBUG glance_store.location [-] Registering scheme http with {'store': <glance_store._drivers.http.Store object at 0x7fe31414a1d0>, 'location_class': <class 'glance_store._drivers.http.StoreLocation'>, 'store_entry': 'http'} {{(pid=104293) register_scheme_map /opt/stack/data/venv/lib/python3.10/site-packages/glance_store/location.py:146}}
Dec 06 14:28:49 jammy-provider-cloud-0000007781 devstack@g-api.service[104293]: DEBUG glance_store.location [-] Registering scheme https with {'store': <glance_store._drivers.http.Store object at 0x7fe31414a1d0>, 'location_class': <class 'glance_store._drivers.http.StoreLocation'>, 'store_entry': 'http'} {{(pid=104293) register_scheme_map /opt/stack/data/venv/lib/python3.10/site-packages/glance_store/location.py:146}}
Dec 06 14:28:49 jammy-provider-cloud-0000007781 devstack@g-api.service[104293]: DEBUG glance_store.backend [-] Attempting to import store file {{(pid=104293) _load_store /opt/stack/data/venv/lib/python3.10/site-packages/glance_store/backend.py:216}}
Dec 06 14:28:49 jammy-provider-cloud-0000007781 devstack@g-api.service[104293]: DEBUG glance_store.capabilities [-] Store glance_store._drivers.filesystem.Store doesn't support updating dynamic storage capabilities. Please overwrite 'update_capabilities' method of the store to implement updating logics if needed. {{(pid=104293) update_capabilities /opt/stack/data/venv/lib/python3.10/site-packages/glance_store/capabilities.py:91}}
Dec 06 14:28:49 jammy-provider-cloud-0000007781 devstack@g-api.service[104293]: DEBUG glance_store.backend [-] Registering store file with schemes ('file', 'filesystem') {{(pid=104293) create_stores /opt/stack/data/venv/lib/python3.10/site-packages/glance_store/backend.py:262}}
Dec 06 14:28:49 jammy-provider-cloud-0000007781 devstack@g-api.service[104293]: DEBUG glance_store.driver [-] Late loading location class glance_store._drivers.filesystem.StoreLocation {{(pid=104293) get_store_location_class /opt/stack/data/venv/lib/python3.10/site-packages/glance_store/driver.py:133}}
Dec 06 14:28:49 jammy-provider-cloud-0000007781 devstack@g-api.service[104293]: DEBUG glance_store.location [-] Registering scheme file with {'store': <glance_store._drivers.filesystem.Store object at 0x7fe31414ab90>, 'location_class': <class 'glance_store._drivers.filesystem.StoreLocation'>, 'store_entry': 'file'} {{(pid=104293) register_scheme_map /opt/stack/data/venv/lib/python3.10/site-packages/glance_store/location.py:146}}
Dec 06 14:28:49 jammy-provider-cloud-0000007781 devstack@g-api.service[104293]: DEBUG glance_store.location [-] Registering scheme filesystem with {'store': <glance_store._drivers.filesystem.Store object at 0x7fe31414ab90>, 'location_class': <class 'glance_store._drivers.filesystem.StoreLocation'>, 'store_entry': 'file'} {{(pid=104293) register_scheme_map /opt/stack/data/venv/lib/python3.10/site-packages/glance_store/location.py:146}}
Dec 06 14:28:49 jammy-provider-cloud-0000007781 devstack@g-api.service[104293]: DEBUG glance.sqlite_migration [-] SQLite caching database not located, skipping migration {{(pid=104293) get_db_path /opt/stack/glance/glance/sqlite_migration.py:68}}
Dec 06 14:28:49 jammy-provider-cloud-0000007781 devstack@g-api.service[104293]: WARNING glance.common.wsgi_app [-] Import methods are enabled but staging directory /tmp/staging/ does not exist; Imports will fail!
Dec 06 14:28:49 jammy-provider-cloud-0000007781 devstack@g-api.service[104292]: DEBUG glance.common.config [None req-62ef3117-812e-43d0-ae1f-9c74b71242bb None None] Loading glance-api-keystone+cachemanagement from /etc/glance/glance-api-paste.ini {{(pid=104292) load_paste_app /opt/stack/glance/glance/common/config.py:723}}
Dec 06 14:28:49 jammy-provider-cloud-0000007781 devstack@g-api.service[104293]: DEBUG glance.common.config [None req-18220e27-b670-4d5d-86fd-0bc05b2d0561 None None] Loading glance-api-keystone+cachemanagement from /etc/glance/glance-api-paste.ini {{(pid=104293) load_paste_app /opt/stack/glance/glance/common/config.py:723}}
Dec 06 14:28:50 jammy-provider-cloud-0000007781 devstack@g-api.service[104292]: INFO glance.image_cache [None req-62ef3117-812e-43d0-ae1f-9c74b71242bb None None] Image cache loaded driver 'centralized_db'.
Dec 06 14:28:50 jammy-provider-cloud-0000007781 devstack@g-api.service[104293]: INFO glance.image_cache [None req-18220e27-b670-4d5d-86fd-0bc05b2d0561 None None] Image cache loaded driver 'centralized_db'.
Dec 06 14:28:50 jammy-provider-cloud-0000007781 devstack@g-api.service[104292]: INFO dbcounter [None req-62ef3117-812e-43d0-ae1f-9c74b71242bb None None] Registered counter for database glance
Dec 06 14:28:50 jammy-provider-cloud-0000007781 devstack@g-api.service[104293]: INFO dbcounter [None req-18220e27-b670-4d5d-86fd-0bc05b2d0561 None None] Registered counter for database glance
Dec 06 14:28:50 jammy-provider-cloud-0000007781 devstack@g-api.service[104292]: DEBUG oslo_db.sqlalchemy.engines [None req-62ef3117-812e-43d0-ae1f-9c74b71242bb None None] MySQL server mode set to STRICT_TRANS_TABLES,STRICT_ALL_TABLES,NO_ZERO_IN_DATE,NO_ZERO_DATE,ERROR_FOR_DIVISION_BY_ZERO,TRADITIONAL,NO_ENGINE_SUBSTITUTION {{(pid=104292) _check_effective_sql_mode /opt/stack/data/venv/lib/python3.10/site-packages/oslo_db/sqlalchemy/engines.py:342}}
Dec 06 14:28:50 jammy-provider-cloud-0000007781 devstack@g-api.service[104293]: DEBUG oslo_db.sqlalchemy.engines [None req-18220e27-b670-4d5d-86fd-0bc05b2d0561 None None] MySQL server mode set to STRICT_TRANS_TABLES,STRICT_ALL_TABLES,NO_ZERO_IN_DATE,NO_ZERO_DATE,ERROR_FOR_DIVISION_BY_ZERO,TRADITIONAL,NO_ENGINE_SUBSTITUTION {{(pid=104293) _check_effective_sql_mode /opt/stack/data/venv/lib/python3.10/site-packages/oslo_db/sqlalchemy/engines.py:342}}
Dec 06 14:28:50 jammy-provider-cloud-0000007781 devstack@g-api.service[104292]: DEBUG dbcounter [-] [104292] Writer thread running {{(pid=104292) stat_writer /opt/stack/data/venv/lib/python3.10/site-packages/dbcounter.py:102}}
Dec 06 14:28:50 jammy-provider-cloud-0000007781 devstack@g-api.service[104293]: DEBUG dbcounter [-] [104293] Writer thread running {{(pid=104293) stat_writer /opt/stack/data/venv/lib/python3.10/site-packages/dbcounter.py:102}}
Dec 06 14:28:50 jammy-provider-cloud-0000007781 devstack@g-api.service[104292]: DEBUG glance.image_cache.drivers.centralized_db [None req-62ef3117-812e-43d0-ae1f-9c74b71242bb None None] Node reference is already recorded, ignoring it {{(pid=104292) configure /opt/stack/glance/glance/image_cache/drivers/centralized_db.py:71}}
Dec 06 14:28:50 jammy-provider-cloud-0000007781 devstack@g-api.service[104293]: INFO glance.image_cache [None req-18220e27-b670-4d5d-86fd-0bc05b2d0561 None None] Image cache loaded driver 'centralized_db'.
Dec 06 14:28:50 jammy-provider-cloud-0000007781 devstack@g-api.service[104292]: INFO glance.image_cache [None req-62ef3117-812e-43d0-ae1f-9c74b71242bb None None] Image cache loaded driver 'centralized_db'.
Dec 06 14:28:50 jammy-provider-cloud-0000007781 devstack@g-api.service[104293]: DEBUG glance.image_cache.drivers.centralized_db [None req-18220e27-b670-4d5d-86fd-0bc05b2d0561 None None] Node reference is already recorded, ignoring it {{(pid=104293) configure /opt/stack/glance/glance/image_cache/drivers/centralized_db.py:71}}
Dec 06 14:28:50 jammy-provider-cloud-0000007781 devstack@g-api.service[104292]: DEBUG glance.image_cache.drivers.centralized_db [None req-62ef3117-812e-43d0-ae1f-9c74b71242bb None None] Node reference is already recorded, ignoring it {{(pid=104292) configure /opt/stack/glance/glance/image_cache/drivers/centralized_db.py:71}}
Dec 06 14:28:50 jammy-provider-cloud-0000007781 devstack@g-api.service[104293]: DEBUG glance.api.v2.cached_images [None req-18220e27-b670-4d5d-86fd-0bc05b2d0561 None None] Started cache worker thread {{(pid=104293) __init__ /opt/stack/glance/glance/api/v2/cached_images.py:69}}
Dec 06 14:28:50 jammy-provider-cloud-0000007781 devstack@g-api.service[104293]: INFO glance.image_cache [None req-18220e27-b670-4d5d-86fd-0bc05b2d0561 None None] Image cache loaded driver 'centralized_db'.
Dec 06 14:28:50 jammy-provider-cloud-0000007781 devstack@g-api.service[104292]: DEBUG glance.api.v2.cached_images [None req-62ef3117-812e-43d0-ae1f-9c74b71242bb None None] Started cache worker thread {{(pid=104292) __init__ /opt/stack/glance/glance/api/v2/cached_images.py:69}}
Dec 06 14:28:50 jammy-provider-cloud-0000007781 devstack@g-api.service[104292]: INFO glance.image_cache [None req-62ef3117-812e-43d0-ae1f-9c74b71242bb None None] Image cache loaded driver 'centralized_db'.
Dec 06 14:28:50 jammy-provider-cloud-0000007781 devstack@g-api.service[104293]: DEBUG glance.image_cache.drivers.centralized_db [None req-18220e27-b670-4d5d-86fd-0bc05b2d0561 None None] Node reference is already recorded, ignoring it {{(pid=104293) configure /opt/stack/glance/glance/image_cache/drivers/centralized_db.py:71}}
Dec 06 14:28:50 jammy-provider-cloud-0000007781 devstack@g-api.service[104292]: DEBUG glance.image_cache.drivers.centralized_db [None req-62ef3117-812e-43d0-ae1f-9c74b71242bb None None] Node reference is already recorded, ignoring it {{(pid=104292) configure /opt/stack/glance/glance/image_cache/drivers/centralized_db.py:71}}
Dec 06 14:28:50 jammy-provider-cloud-0000007781 devstack@g-api.service[104293]: INFO glance.api.middleware.cache_manage [None req-18220e27-b670-4d5d-86fd-0bc05b2d0561 None None] Initialized image cache management middleware
Dec 06 14:28:50 jammy-provider-cloud-0000007781 devstack@g-api.service[104293]: INFO glance.image_cache [None req-18220e27-b670-4d5d-86fd-0bc05b2d0561 None None] Image cache loaded driver 'centralized_db'.
Dec 06 14:28:50 jammy-provider-cloud-0000007781 devstack@g-api.service[104292]: INFO glance.api.middleware.cache_manage [None req-62ef3117-812e-43d0-ae1f-9c74b71242bb None None] Initialized image cache management middleware
Dec 06 14:28:50 jammy-provider-cloud-0000007781 devstack@g-api.service[104292]: INFO glance.image_cache [None req-62ef3117-812e-43d0-ae1f-9c74b71242bb None None] Image cache loaded driver 'centralized_db'.
Dec 06 14:28:50 jammy-provider-cloud-0000007781 devstack@g-api.service[104293]: DEBUG glance.image_cache.drivers.centralized_db [None req-18220e27-b670-4d5d-86fd-0bc05b2d0561 None None] Node reference is already recorded, ignoring it {{(pid=104293) configure /opt/stack/glance/glance/image_cache/drivers/centralized_db.py:71}}
Dec 06 14:28:50 jammy-provider-cloud-0000007781 devstack@g-api.service[104293]: INFO glance.api.middleware.cache [None req-18220e27-b670-4d5d-86fd-0bc05b2d0561 None None] Initialized image cache middleware
Dec 06 14:28:50 jammy-provider-cloud-0000007781 devstack@g-api.service[104292]: DEBUG glance.image_cache.drivers.centralized_db [None req-62ef3117-812e-43d0-ae1f-9c74b71242bb None None] Node reference is already recorded, ignoring it {{(pid=104292) configure /opt/stack/glance/glance/image_cache/drivers/centralized_db.py:71}}
Dec 06 14:28:50 jammy-provider-cloud-0000007781 devstack@g-api.service[104292]: INFO glance.api.middleware.cache [None req-62ef3117-812e-43d0-ae1f-9c74b71242bb None None] Initialized image cache middleware
Dec 06 14:28:50 jammy-provider-cloud-0000007781 devstack@g-api.service[104293]: WARNING keystonemiddleware.auth_token [None req-18220e27-b670-4d5d-86fd-0bc05b2d0561 None None] AuthToken middleware is set with keystone_authtoken.service_token_roles_required set to False. This is backwards compatible but deprecated behaviour. Please set this to True.
Dec 06 14:28:50 jammy-provider-cloud-0000007781 devstack@g-api.service[104293]: WARNING keystonemiddleware.auth_token [None req-18220e27-b670-4d5d-86fd-0bc05b2d0561 None None] Configuring www_authenticate_uri to point to the public identity endpoint is required; clients may not be able to authenticate against an admin endpoint
Dec 06 14:28:50 jammy-provider-cloud-0000007781 devstack@g-api.service[104292]: WARNING keystonemiddleware.auth_token [None req-62ef3117-812e-43d0-ae1f-9c74b71242bb None None] AuthToken middleware is set with keystone_authtoken.service_token_roles_required set to False. This is backwards compatible but deprecated behaviour. Please set this to True.
Dec 06 14:28:50 jammy-provider-cloud-0000007781 devstack@g-api.service[104293]: DEBUG glance.common.config [None req-18220e27-b670-4d5d-86fd-0bc05b2d0561 None None] ******************************************************************************** {{(pid=104293) log_opt_values /opt/stack/data/venv/lib/python3.10/site-packages/oslo_config/cfg.py:2804}}
Dec 06 14:28:50 jammy-provider-cloud-0000007781 devstack@g-api.service[104293]: DEBUG glance.common.config [None req-18220e27-b670-4d5d-86fd-0bc05b2d0561 None None] Configuration options gathered from: {{(pid=104293) log_opt_values /opt/stack/data/venv/lib/python3.10/site-packages/oslo_config/cfg.py:2805}}
Dec 06 14:28:50 jammy-provider-cloud-0000007781 devstack@g-api.service[104293]: DEBUG glance.common.config [None req-18220e27-b670-4d5d-86fd-0bc05b2d0561 None None] command line args: [] {{(pid=104293) log_opt_values /opt/stack/data/venv/lib/python3.10/site-packages/oslo_config/cfg.py:2806}}
Dec 06 14:28:50 jammy-provider-cloud-0000007781 devstack@g-api.service[104293]: DEBUG glance.common.config [None req-18220e27-b670-4d5d-86fd-0bc05b2d0561 None None] config files: ['/etc/glance/glance-image-import.conf', '/etc/glance/glance-api.conf'] {{(pid=104293) log_opt_values /opt/stack/data/venv/lib/python3.10/site-packages/oslo_config/cfg.py:2807}}
Dec 06 14:28:50 jammy-provider-cloud-0000007781 devstack@g-api.service[104293]: DEBUG glance.common.config [None req-18220e27-b670-4d5d-86fd-0bc05b2d0561 None None] ================================================================================ {{(pid=104293) log_opt_values /opt/stack/data/venv/lib/python3.10/site-packages/oslo_config/cfg.py:2809}}
Dec 06 14:28:50 jammy-provider-cloud-0000007781 devstack@g-api.service[104293]: DEBUG glance.common.config [None req-18220e27-b670-4d5d-86fd-0bc05b2d0561 None None] allow_anonymous_access         = False {{(pid=104293) log_opt_values /opt/stack/data/venv/lib/python3.10/site-packages/oslo_config/cfg.py:2817}}
Dec 06 14:28:50 jammy-provider-cloud-0000007781 devstack@g-api.service[104293]: DEBUG glance.common.config [None req-18220e27-b670-4d5d-86fd-0bc05b2d0561 None None] api_limit_max                  = 1000 {{(pid=104293) log_opt_values /opt/stack/data/venv/lib/python3.10/site-packages/oslo_config/cfg.py:2817}}
Dec 06 14:28:50 jammy-provider-cloud-0000007781 devstack@g-api.service[104293]: DEBUG glance.common.config [None req-18220e27-b670-4d5d-86fd-0bc05b2d0561 None None] backlog                        = 4096 {{(pid=104293) log_opt_values /opt/stack/data/venv/lib/python3.10/site-packages/oslo_config/cfg.py:2817}}
Dec 06 14:28:50 jammy-provider-cloud-0000007781 devstack@g-api.service[104293]: DEBUG glance.common.config [None req-18220e27-b670-4d5d-86fd-0bc05b2d0561 None None] bind_host                      = 0.0.0.0 {{(pid=104293) log_opt_values /opt/stack/data/venv/lib/python3.10/site-packages/oslo_config/cfg.py:2817}}
Dec 06 14:28:50 jammy-provider-cloud-0000007781 devstack@g-api.service[104293]: DEBUG glance.common.config [None req-18220e27-b670-4d5d-86fd-0bc05b2d0561 None None] bind_port                      = None {{(pid=104293) log_opt_values /opt/stack/data/venv/lib/python3.10/site-packages/oslo_config/cfg.py:2817}}
Dec 06 14:28:50 jammy-provider-cloud-0000007781 devstack@g-api.service[104293]: DEBUG glance.common.config [None req-18220e27-b670-4d5d-86fd-0bc05b2d0561 None None] client_socket_timeout          = 900 {{(pid=104293) log_opt_values /opt/stack/data/venv/lib/python3.10/site-packages/oslo_config/cfg.py:2817}}
Dec 06 14:28:50 jammy-provider-cloud-0000007781 devstack@g-api.service[104293]: DEBUG glance.common.config [None req-18220e27-b670-4d5d-86fd-0bc05b2d0561 None None] config_dir                     = [] {{(pid=104293) log_opt_values /opt/stack/data/venv/lib/python3.10/site-packages/oslo_config/cfg.py:2817}}
Dec 06 14:28:50 jammy-provider-cloud-0000007781 devstack@g-api.service[104293]: DEBUG glance.common.config [None req-18220e27-b670-4d5d-86fd-0bc05b2d0561 None None] config_file                    = ['/etc/glance/glance-image-import.conf', '/etc/glance/glance-api.conf'] {{(pid=104293) log_opt_values /opt/stack/data/venv/lib/python3.10/site-packages/oslo_config/cfg.py:2817}}
Dec 06 14:28:50 jammy-provider-cloud-0000007781 devstack@g-api.service[104293]: DEBUG glance.common.config [None req-18220e27-b670-4d5d-86fd-0bc05b2d0561 None None] config_source                  = [] {{(pid=104293) log_opt_values /opt/stack/data/venv/lib/python3.10/site-packages/oslo_config/cfg.py:2817}}
Dec 06 14:28:50 jammy-provider-cloud-0000007781 devstack@g-api.service[104293]: DEBUG glance.common.config [None req-18220e27-b670-4d5d-86fd-0bc05b2d0561 None None] control_exchange               = glance {{(pid=104293) log_opt_values /opt/stack/data/venv/lib/python3.10/site-packages/oslo_config/cfg.py:2817}}
Dec 06 14:28:50 jammy-provider-cloud-0000007781 devstack@g-api.service[104293]: DEBUG glance.common.config [None req-18220e27-b670-4d5d-86fd-0bc05b2d0561 None None] debug                          = True {{(pid=104293) log_opt_values /opt/stack/data/venv/lib/python3.10/site-packages/oslo_config/cfg.py:2817}}
Dec 06 14:28:50 jammy-provider-cloud-0000007781 devstack@g-api.service[104292]: WARNING keystonemiddleware.auth_token [None req-62ef3117-812e-43d0-ae1f-9c74b71242bb None None] Configuring www_authenticate_uri to point to the public identity endpoint is required; clients may not be able to authenticate against an admin endpoint
Dec 06 14:28:50 jammy-provider-cloud-0000007781 devstack@g-api.service[104293]: DEBUG glance.common.config [None req-18220e27-b670-4d5d-86fd-0bc05b2d0561 None None] default_log_levels             = ['amqp=WARN', 'amqplib=WARN', 'boto=WARN', 'qpid=WARN', 'sqlalchemy=WARN', 'suds=INFO', 'oslo.messaging=INFO', 'oslo_messaging=INFO', 'iso8601=WARN', 'requests.packages.urllib3.connectionpool=WARN', 'urllib3.connectionpool=WARN', 'websocket=WARN', 'requests.packages.urllib3.util.retry=WARN', 'urllib3.util.retry=WARN', 'keystonemiddleware=WARN', 'routes.middleware=WARN', 'stevedore=WARN', 'taskflow=WARN', 'keystoneauth=WARN', 'oslo.cache=INFO', 'oslo_policy=INFO', 'dogpile.core.dogpile=INFO'] {{(pid=104293) log_opt_values /opt/stack/data/venv/lib/python3.10/site-packages/oslo_config/cfg.py:2817}}
Dec 06 14:28:50 jammy-provider-cloud-0000007781 devstack@g-api.service[104293]: DEBUG glance.common.config [None req-18220e27-b670-4d5d-86fd-0bc05b2d0561 None None] default_publisher_id           = image.localhost {{(pid=104293) log_opt_values /opt/stack/data/venv/lib/python3.10/site-packages/oslo_config/cfg.py:2817}}
Dec 06 14:28:50 jammy-provider-cloud-0000007781 devstack@g-api.service[104293]: DEBUG glance.common.config [None req-18220e27-b670-4d5d-86fd-0bc05b2d0561 None None] delayed_delete                 = False {{(pid=104293) log_opt_values /opt/stack/data/venv/lib/python3.10/site-packages/oslo_config/cfg.py:2817}}
Dec 06 14:28:50 jammy-provider-cloud-0000007781 devstack@g-api.service[104293]: DEBUG glance.common.config [None req-18220e27-b670-4d5d-86fd-0bc05b2d0561 None None] digest_algorithm               = sha256 {{(pid=104293) log_opt_values /opt/stack/data/venv/lib/python3.10/site-packages/oslo_config/cfg.py:2817}}
Dec 06 14:28:50 jammy-provider-cloud-0000007781 devstack@g-api.service[104293]: DEBUG glance.common.config [None req-18220e27-b670-4d5d-86fd-0bc05b2d0561 None None] disabled_notifications         = [] {{(pid=104293) log_opt_values /opt/stack/data/venv/lib/python3.10/site-packages/oslo_config/cfg.py:2817}}
Dec 06 14:28:50 jammy-provider-cloud-0000007781 devstack@g-api.service[104293]: DEBUG glance.common.config [None req-18220e27-b670-4d5d-86fd-0bc05b2d0561 None None] do_secure_hash                 = True {{(pid=104293) log_opt_values /opt/stack/data/venv/lib/python3.10/site-packages/oslo_config/cfg.py:2817}}
Dec 06 14:28:50 jammy-provider-cloud-0000007781 devstack@g-api.service[104293]: DEBUG glance.common.config [None req-18220e27-b670-4d5d-86fd-0bc05b2d0561 None None] enabled_backends               = None {{(pid=104293) log_opt_values /opt/stack/data/venv/lib/python3.10/site-packages/oslo_config/cfg.py:2817}}
Dec 06 14:28:50 jammy-provider-cloud-0000007781 devstack@g-api.service[104293]: DEBUG glance.common.config [None req-18220e27-b670-4d5d-86fd-0bc05b2d0561 None None] enabled_import_methods         = ['glance-direct', 'web-download', 'copy-image'] {{(pid=104293) log_opt_values /opt/stack/data/venv/lib/python3.10/site-packages/oslo_config/cfg.py:2817}}
Dec 06 14:28:50 jammy-provider-cloud-0000007781 devstack@g-api.service[104293]: DEBUG glance.common.config [None req-18220e27-b670-4d5d-86fd-0bc05b2d0561 None None] hashing_algorithm              = sha512 {{(pid=104293) log_opt_values /opt/stack/data/venv/lib/python3.10/site-packages/oslo_config/cfg.py:2817}}
Dec 06 14:28:50 jammy-provider-cloud-0000007781 devstack@g-api.service[104293]: DEBUG glance.common.config [None req-18220e27-b670-4d5d-86fd-0bc05b2d0561 None None] http_keepalive                 = True {{(pid=104293) log_opt_values /opt/stack/data/venv/lib/python3.10/site-packages/oslo_config/cfg.py:2817}}
Dec 06 14:28:50 jammy-provider-cloud-0000007781 devstack@g-api.service[104293]: DEBUG glance.common.config [None req-18220e27-b670-4d5d-86fd-0bc05b2d0561 None None] http_retries                   = 3 {{(pid=104293) log_opt_values /opt/stack/data/venv/lib/python3.10/site-packages/oslo_config/cfg.py:2817}}
Dec 06 14:28:50 jammy-provider-cloud-0000007781 devstack@g-api.service[104293]: DEBUG glance.common.config [None req-18220e27-b670-4d5d-86fd-0bc05b2d0561 None None] image_cache_dir                = /opt/stack/data/glance/cache/ {{(pid=104293) log_opt_values /opt/stack/data/venv/lib/python3.10/site-packages/oslo_config/cfg.py:2817}}
Dec 06 14:28:50 jammy-provider-cloud-0000007781 devstack@g-api.service[104293]: DEBUG glance.common.config [None req-18220e27-b670-4d5d-86fd-0bc05b2d0561 None None] image_cache_driver             = centralized_db {{(pid=104293) log_opt_values /opt/stack/data/venv/lib/python3.10/site-packages/oslo_config/cfg.py:2817}}
Dec 06 14:28:50 jammy-provider-cloud-0000007781 devstack@g-api.service[104293]: DEBUG glance.common.config [None req-18220e27-b670-4d5d-86fd-0bc05b2d0561 None None] image_cache_max_size           = 10737418240 {{(pid=104293) log_opt_values /opt/stack/data/venv/lib/python3.10/site-packages/oslo_config/cfg.py:2817}}
Dec 06 14:28:50 jammy-provider-cloud-0000007781 devstack@g-api.service[104293]: DEBUG glance.common.config [None req-18220e27-b670-4d5d-86fd-0bc05b2d0561 None None] image_cache_sqlite_db          = cache.db {{(pid=104293) log_opt_values /opt/stack/data/venv/lib/python3.10/site-packages/oslo_config/cfg.py:2817}}
Dec 06 14:28:50 jammy-provider-cloud-0000007781 devstack@g-api.service[104293]: DEBUG glance.common.config [None req-18220e27-b670-4d5d-86fd-0bc05b2d0561 None None] image_cache_stall_time         = 86400 {{(pid=104293) log_opt_values /opt/stack/data/venv/lib/python3.10/site-packages/oslo_config/cfg.py:2817}}
Dec 06 14:28:50 jammy-provider-cloud-0000007781 devstack@g-api.service[104293]: DEBUG glance.common.config [None req-18220e27-b670-4d5d-86fd-0bc05b2d0561 None None] image_location_quota           = 10 {{(pid=104293) log_opt_values /opt/stack/data/venv/lib/python3.10/site-packages/oslo_config/cfg.py:2817}}
Dec 06 14:28:50 jammy-provider-cloud-0000007781 devstack@g-api.service[104293]: DEBUG glance.common.config [None req-18220e27-b670-4d5d-86fd-0bc05b2d0561 None None] image_member_quota             = 128 {{(pid=104293) log_opt_values /opt/stack/data/venv/lib/python3.10/site-packages/oslo_config/cfg.py:2817}}
Dec 06 14:28:50 jammy-provider-cloud-0000007781 devstack@g-api.service[104293]: DEBUG glance.common.config [None req-18220e27-b670-4d5d-86fd-0bc05b2d0561 None None] image_property_quota           = 128 {{(pid=104293) log_opt_values /opt/stack/data/venv/lib/python3.10/site-packages/oslo_config/cfg.py:2817}}
Dec 06 14:28:50 jammy-provider-cloud-0000007781 devstack@g-api.service[104293]: DEBUG glance.common.config [None req-18220e27-b670-4d5d-86fd-0bc05b2d0561 None None] image_size_cap                 = 1099511627776 {{(pid=104293) log_opt_values /opt/stack/data/venv/lib/python3.10/site-packages/oslo_config/cfg.py:2817}}
Dec 06 14:28:50 jammy-provider-cloud-0000007781 devstack@g-api.service[104293]: DEBUG glance.common.config [None req-18220e27-b670-4d5d-86fd-0bc05b2d0561 None None] image_tag_quota                = 128 {{(pid=104293) log_opt_values /opt/stack/data/venv/lib/python3.10/site-packages/oslo_config/cfg.py:2817}}
Dec 06 14:28:50 jammy-provider-cloud-0000007781 devstack@g-api.service[104293]: DEBUG glance.common.config [None req-18220e27-b670-4d5d-86fd-0bc05b2d0561 None None] instance_format                = [instance: %(uuid)s]  {{(pid=104293) log_opt_values /opt/stack/data/venv/lib/python3.10/site-packages/oslo_config/cfg.py:2817}}
Dec 06 14:28:50 jammy-provider-cloud-0000007781 devstack@g-api.service[104293]: DEBUG glance.common.config [None req-18220e27-b670-4d5d-86fd-0bc05b2d0561 None None] instance_uuid_format           = [instance: %(uuid)s]  {{(pid=104293) log_opt_values /opt/stack/data/venv/lib/python3.10/site-packages/oslo_config/cfg.py:2817}}
Dec 06 14:28:50 jammy-provider-cloud-0000007781 devstack@g-api.service[104293]: DEBUG glance.common.config [None req-18220e27-b670-4d5d-86fd-0bc05b2d0561 None None] limit_param_default            = 25 {{(pid=104293) log_opt_values /opt/stack/data/venv/lib/python3.10/site-packages/oslo_config/cfg.py:2817}}
Dec 06 14:28:50 jammy-provider-cloud-0000007781 devstack@g-api.service[104293]: DEBUG glance.common.config [None req-18220e27-b670-4d5d-86fd-0bc05b2d0561 None None] log_color                      = True {{(pid=104293) log_opt_values /opt/stack/data/venv/lib/python3.10/site-packages/oslo_config/cfg.py:2817}}
Dec 06 14:28:50 jammy-provider-cloud-0000007781 devstack@g-api.service[104293]: DEBUG glance.common.config [None req-18220e27-b670-4d5d-86fd-0bc05b2d0561 None None] log_config_append              = None {{(pid=104293) log_opt_values /opt/stack/data/venv/lib/python3.10/site-packages/oslo_config/cfg.py:2817}}
Dec 06 14:28:50 jammy-provider-cloud-0000007781 devstack@g-api.service[104293]: DEBUG glance.common.config [None req-18220e27-b670-4d5d-86fd-0bc05b2d0561 None None] log_date_format                = %Y-%m-%d %H:%M:%S {{(pid=104293) log_opt_values /opt/stack/data/venv/lib/python3.10/site-packages/oslo_config/cfg.py:2817}}
Dec 06 14:28:50 jammy-provider-cloud-0000007781 devstack@g-api.service[104293]: DEBUG glance.common.config [None req-18220e27-b670-4d5d-86fd-0bc05b2d0561 None None] log_dir                        = None {{(pid=104293) log_opt_values /opt/stack/data/venv/lib/python3.10/site-packages/oslo_config/cfg.py:2817}}
Dec 06 14:28:50 jammy-provider-cloud-0000007781 devstack@g-api.service[104293]: DEBUG glance.common.config [None req-18220e27-b670-4d5d-86fd-0bc05b2d0561 None None] log_file                       = None {{(pid=104293) log_opt_values /opt/stack/data/venv/lib/python3.10/site-packages/oslo_config/cfg.py:2817}}
Dec 06 14:28:50 jammy-provider-cloud-0000007781 devstack@g-api.service[104293]: DEBUG glance.common.config [None req-18220e27-b670-4d5d-86fd-0bc05b2d0561 None None] log_rotate_interval            = 1 {{(pid=104293) log_opt_values /opt/stack/data/venv/lib/python3.10/site-packages/oslo_config/cfg.py:2817}}
Dec 06 14:28:50 jammy-provider-cloud-0000007781 devstack@g-api.service[104292]: DEBUG glance.common.config [None req-62ef3117-812e-43d0-ae1f-9c74b71242bb None None] ******************************************************************************** {{(pid=104292) log_opt_values /opt/stack/data/venv/lib/python3.10/site-packages/oslo_config/cfg.py:2804}}
Dec 06 14:28:50 jammy-provider-cloud-0000007781 devstack@g-api.service[104293]: DEBUG glance.common.config [None req-18220e27-b670-4d5d-86fd-0bc05b2d0561 None None] log_rotate_interval_type       = days {{(pid=104293) log_opt_values /opt/stack/data/venv/lib/python3.10/site-packages/oslo_config/cfg.py:2817}}
Dec 06 14:28:50 jammy-provider-cloud-0000007781 devstack@g-api.service[104292]: DEBUG glance.common.config [None req-62ef3117-812e-43d0-ae1f-9c74b71242bb None None] Configuration options gathered from: {{(pid=104292) log_opt_values /opt/stack/data/venv/lib/python3.10/site-packages/oslo_config/cfg.py:2805}}
Dec 06 14:28:50 jammy-provider-cloud-0000007781 devstack@g-api.service[104293]: DEBUG glance.common.config [None req-18220e27-b670-4d5d-86fd-0bc05b2d0561 None None] log_rotation_type              = none {{(pid=104293) log_opt_values /opt/stack/data/venv/lib/python3.10/site-packages/oslo_config/cfg.py:2817}}
