Apr 29 06:32:18 ubuntu systemd[1]: Starting devstack@g-api.service - Devstack devstack@g-api.service...
Apr 29 06:32:18 ubuntu devstack@g-api.service[115881]: [uWSGI] getting INI configuration from /etc/glance/glance-uwsgi.ini
Apr 29 06:32:18 ubuntu devstack@g-api.service[115881]: *** Starting uWSGI 2.0.24-debian (64bit) on [Wed Apr 29 06:32:18 2026] ***
Apr 29 06:32:18 ubuntu devstack@g-api.service[115881]: compiled with version: 13.2.0 on 17 April 2024 16:23:48
Apr 29 06:32:18 ubuntu devstack@g-api.service[115881]: os: Linux-6.8.0-100-generic #100-Ubuntu SMP PREEMPT_DYNAMIC Tue Jan 13 16:40:06 UTC 2026
Apr 29 06:32:18 ubuntu devstack@g-api.service[115881]: nodename: ubuntu
Apr 29 06:32:18 ubuntu devstack@g-api.service[115881]: machine: x86_64
Apr 29 06:32:18 ubuntu devstack@g-api.service[115881]: clock source: unix
Apr 29 06:32:18 ubuntu devstack@g-api.service[115881]: pcre jit disabled
Apr 29 06:32:18 ubuntu devstack@g-api.service[115881]: detected number of CPU cores: 4
Apr 29 06:32:18 ubuntu devstack@g-api.service[115881]: current working directory: /
Apr 29 06:32:18 ubuntu devstack@g-api.service[115881]: detected binary path: /usr/bin/uwsgi-core
Apr 29 06:32:18 ubuntu devstack@g-api.service[115881]: your processes number limit is 31446
Apr 29 06:32:18 ubuntu devstack@g-api.service[115881]: your memory page size is 4096 bytes
Apr 29 06:32:18 ubuntu devstack@g-api.service[115881]: detected max file descriptor number: 2048
Apr 29 06:32:18 ubuntu devstack@g-api.service[115881]: lock engine: pthread robust mutexes
Apr 29 06:32:18 ubuntu devstack@g-api.service[115881]: thunder lock: enabled
Apr 29 06:32:18 ubuntu devstack@g-api.service[115881]: uwsgi socket 0 bound to TCP address 127.0.0.1:60999 fd 4
Apr 29 06:32:18 ubuntu devstack@g-api.service[115881]: Python version: 3.12.3 (main, Mar 23 2026, 19:04:32) [GCC 13.3.0]
Apr 29 06:32:18 ubuntu devstack@g-api.service[115881]: PEP 405 virtualenv detected: /opt/stack/data/venv
Apr 29 06:32:18 ubuntu devstack@g-api.service[115881]: Set PythonHome to /opt/stack/data/venv
Apr 29 06:32:18 ubuntu devstack@g-api.service[115881]: Python main interpreter initialized at 0x78a2c0ea3668
Apr 29 06:32:18 ubuntu devstack@g-api.service[115881]: python threads support enabled
Apr 29 06:32:18 ubuntu devstack@g-api.service[115881]: your server socket listen backlog is limited to 100 connections
Apr 29 06:32:18 ubuntu devstack@g-api.service[115881]: your mercy for graceful operations on workers is 80 seconds
Apr 29 06:32:18 ubuntu devstack@g-api.service[115881]: mapped 403077 bytes (393 KB) for 2 cores
Apr 29 06:32:18 ubuntu devstack@g-api.service[115881]: *** Operational MODE: preforking ***
Apr 29 06:32:18 ubuntu devstack@g-api.service[115881]: *** uWSGI is running in multiple interpreter mode ***
Apr 29 06:32:18 ubuntu devstack@g-api.service[115881]: spawned uWSGI master process (pid: 115881)
Apr 29 06:32:18 ubuntu devstack@g-api.service[115881]: spawned uWSGI worker 1 (pid: 115883, cores: 1)
Apr 29 06:32:18 ubuntu devstack@g-api.service[115881]: spawned uWSGI worker 2 (pid: 115884, cores: 1)
Apr 29 06:32:18 ubuntu devstack@g-api.service[115881]: running "unix_signal:15 gracefully_kill_them_all" (master-start)...
Apr 29 06:32:18 ubuntu systemd[1]: Started devstack@g-api.service - Devstack devstack@g-api.service.
Apr 29 06:32:18 ubuntu devstack@g-api.service[115883]: /opt/stack/data/venv/lib/python3.12/site-packages/oslo_utils/importutils.py:77: EventletDeprecationWarning:
Apr 29 06:32:18 ubuntu devstack@g-api.service[115883]: Eventlet is deprecated. It is currently being maintained in bugfix mode, and
Apr 29 06:32:18 ubuntu devstack@g-api.service[115883]: we strongly recommend against using it for new projects.
Apr 29 06:32:18 ubuntu devstack@g-api.service[115883]: If you are already using Eventlet, we recommend migrating to a different
Apr 29 06:32:18 ubuntu devstack@g-api.service[115883]: framework.  For more detail see
Apr 29 06:32:18 ubuntu devstack@g-api.service[115883]: https://eventlet.readthedocs.io/en/latest/asyncio/migration.html
Apr 29 06:32:18 ubuntu devstack@g-api.service[115883]:   __import__(import_str)
Apr 29 06:32:18 ubuntu devstack@g-api.service[115884]: /opt/stack/data/venv/lib/python3.12/site-packages/oslo_utils/importutils.py:77: EventletDeprecationWarning:
Apr 29 06:32:18 ubuntu devstack@g-api.service[115884]: Eventlet is deprecated. It is currently being maintained in bugfix mode, and
Apr 29 06:32:18 ubuntu devstack@g-api.service[115884]: we strongly recommend against using it for new projects.
Apr 29 06:32:18 ubuntu devstack@g-api.service[115884]: If you are already using Eventlet, we recommend migrating to a different
Apr 29 06:32:18 ubuntu devstack@g-api.service[115884]: framework.  For more detail see
Apr 29 06:32:18 ubuntu devstack@g-api.service[115884]: https://eventlet.readthedocs.io/en/latest/asyncio/migration.html
Apr 29 06:32:18 ubuntu devstack@g-api.service[115884]:   __import__(import_str)
Apr 29 06:32:19 ubuntu devstack@g-api.service[115884]: INFO glance.async_ [-] Threadpool model set to 'NativeThreadPoolModel'
Apr 29 06:32:19 ubuntu devstack@g-api.service[115883]: INFO glance.async_ [-] Threadpool model set to 'NativeThreadPoolModel'
Apr 29 06:32:19 ubuntu devstack@g-api.service[115884]: DEBUG oslo_concurrency.processutils [-] Running cmd (subprocess): grep -F node.session.scan /sbin/iscsiadm {{(pid=115884) execute /opt/stack/data/venv/lib/python3.12/site-packages/oslo_concurrency/processutils.py:440}}
Apr 29 06:32:19 ubuntu devstack@g-api.service[115884]: DEBUG oslo_concurrency.processutils [-] CMD "grep -F node.session.scan /sbin/iscsiadm" returned: 0 in 0.009s {{(pid=115884) execute /opt/stack/data/venv/lib/python3.12/site-packages/oslo_concurrency/processutils.py:468}}
Apr 29 06:32:19 ubuntu devstack@g-api.service[115883]: DEBUG oslo_concurrency.processutils [-] Running cmd (subprocess): grep -F node.session.scan /sbin/iscsiadm {{(pid=115883) execute /opt/stack/data/venv/lib/python3.12/site-packages/oslo_concurrency/processutils.py:440}}
Apr 29 06:32:19 ubuntu devstack@g-api.service[115883]: DEBUG oslo_concurrency.processutils [-] CMD "grep -F node.session.scan /sbin/iscsiadm" returned: 0 in 0.010s {{(pid=115883) execute /opt/stack/data/venv/lib/python3.12/site-packages/oslo_concurrency/processutils.py:468}}
Apr 29 06:32:19 ubuntu devstack@g-api.service[115884]: DEBUG glance_store.backend [-] Attempting to import store cinder {{(pid=115884) _load_store /opt/stack/data/venv/lib/python3.12/site-packages/glance_store/backend.py:215}}
Apr 29 06:32:19 ubuntu devstack@g-api.service[115883]: DEBUG glance_store.backend [-] Attempting to import store cinder {{(pid=115883) _load_store /opt/stack/data/venv/lib/python3.12/site-packages/glance_store/backend.py:215}}
Apr 29 06:32:19 ubuntu devstack@g-api.service[115884]: DEBUG glance_store.backend [-] Attempting to import store file {{(pid=115884) _load_store /opt/stack/data/venv/lib/python3.12/site-packages/glance_store/backend.py:215}}
Apr 29 06:32:19 ubuntu devstack@g-api.service[115883]: DEBUG glance_store.backend [-] Attempting to import store file {{(pid=115883) _load_store /opt/stack/data/venv/lib/python3.12/site-packages/glance_store/backend.py:215}}
Apr 29 06:32:19 ubuntu devstack@g-api.service[115884]: DEBUG glance_store.backend [-] Attempting to import store glance.store.cinder.Store {{(pid=115884) _load_store /opt/stack/data/venv/lib/python3.12/site-packages/glance_store/backend.py:215}}
Apr 29 06:32:19 ubuntu devstack@g-api.service[115883]: DEBUG glance_store.backend [-] Attempting to import store glance.store.cinder.Store {{(pid=115883) _load_store /opt/stack/data/venv/lib/python3.12/site-packages/glance_store/backend.py:215}}
Apr 29 06:32:19 ubuntu devstack@g-api.service[115883]: DEBUG glance_store.backend [-] Attempting to import store glance.store.filesystem.Store {{(pid=115883) _load_store /opt/stack/data/venv/lib/python3.12/site-packages/glance_store/backend.py:215}}
Apr 29 06:32:19 ubuntu devstack@g-api.service[115884]: DEBUG glance_store.backend [-] Attempting to import store glance.store.filesystem.Store {{(pid=115884) _load_store /opt/stack/data/venv/lib/python3.12/site-packages/glance_store/backend.py:215}}
Apr 29 06:32:19 ubuntu devstack@g-api.service[115883]: DEBUG glance_store.backend [-] Attempting to import store glance.store.http.Store {{(pid=115883) _load_store /opt/stack/data/venv/lib/python3.12/site-packages/glance_store/backend.py:215}}
Apr 29 06:32:19 ubuntu devstack@g-api.service[115884]: DEBUG glance_store.backend [-] Attempting to import store glance.store.http.Store {{(pid=115884) _load_store /opt/stack/data/venv/lib/python3.12/site-packages/glance_store/backend.py:215}}
Apr 29 06:32:19 ubuntu devstack@g-api.service[115883]: DEBUG glance_store.backend [-] Attempting to import store glance.store.rbd.Store {{(pid=115883) _load_store /opt/stack/data/venv/lib/python3.12/site-packages/glance_store/backend.py:215}}
Apr 29 06:32:19 ubuntu devstack@g-api.service[115884]: DEBUG glance_store.backend [-] Attempting to import store glance.store.rbd.Store {{(pid=115884) _load_store /opt/stack/data/venv/lib/python3.12/site-packages/glance_store/backend.py:215}}
Apr 29 06:32:19 ubuntu devstack@g-api.service[115883]: DEBUG glance_store.backend [-] Attempting to import store glance.store.s3.Store {{(pid=115883) _load_store /opt/stack/data/venv/lib/python3.12/site-packages/glance_store/backend.py:215}}
Apr 29 06:32:19 ubuntu devstack@g-api.service[115884]: DEBUG glance_store.backend [-] Attempting to import store glance.store.s3.Store {{(pid=115884) _load_store /opt/stack/data/venv/lib/python3.12/site-packages/glance_store/backend.py:215}}
Apr 29 06:32:19 ubuntu devstack@g-api.service[115883]: DEBUG glance_store.backend [-] Attempting to import store glance.store.swift.Store {{(pid=115883) _load_store /opt/stack/data/venv/lib/python3.12/site-packages/glance_store/backend.py:215}}
Apr 29 06:32:19 ubuntu devstack@g-api.service[115883]: DEBUG glance_store.backend [-] Attempting to import store glance.store.vmware_datastore.Store {{(pid=115883) _load_store /opt/stack/data/venv/lib/python3.12/site-packages/glance_store/backend.py:215}}
Apr 29 06:32:19 ubuntu devstack@g-api.service[115884]: DEBUG glance_store.backend [-] Attempting to import store glance.store.swift.Store {{(pid=115884) _load_store /opt/stack/data/venv/lib/python3.12/site-packages/glance_store/backend.py:215}}
Apr 29 06:32:19 ubuntu devstack@g-api.service[115883]: DEBUG glance_store.backend [-] Attempting to import store http {{(pid=115883) _load_store /opt/stack/data/venv/lib/python3.12/site-packages/glance_store/backend.py:215}}
Apr 29 06:32:19 ubuntu devstack@g-api.service[115883]: DEBUG glance_store.backend [-] Attempting to import store no_conf {{(pid=115883) _load_store /opt/stack/data/venv/lib/python3.12/site-packages/glance_store/backend.py:215}}
Apr 29 06:32:19 ubuntu devstack@g-api.service[115884]: DEBUG glance_store.backend [-] Attempting to import store glance.store.vmware_datastore.Store {{(pid=115884) _load_store /opt/stack/data/venv/lib/python3.12/site-packages/glance_store/backend.py:215}}
Apr 29 06:32:19 ubuntu devstack@g-api.service[115883]: DEBUG glance_store.backend [-] Attempting to import store rbd {{(pid=115883) _load_store /opt/stack/data/venv/lib/python3.12/site-packages/glance_store/backend.py:215}}
Apr 29 06:32:19 ubuntu devstack@g-api.service[115884]: DEBUG glance_store.backend [-] Attempting to import store http {{(pid=115884) _load_store /opt/stack/data/venv/lib/python3.12/site-packages/glance_store/backend.py:215}}
Apr 29 06:32:19 ubuntu devstack@g-api.service[115883]: DEBUG glance_store.backend [-] Attempting to import store s3 {{(pid=115883) _load_store /opt/stack/data/venv/lib/python3.12/site-packages/glance_store/backend.py:215}}
Apr 29 06:32:19 ubuntu devstack@g-api.service[115883]: DEBUG glance_store.backend [-] Attempting to import store swift {{(pid=115883) _load_store /opt/stack/data/venv/lib/python3.12/site-packages/glance_store/backend.py:215}}
Apr 29 06:32:19 ubuntu devstack@g-api.service[115884]: DEBUG glance_store.backend [-] Attempting to import store no_conf {{(pid=115884) _load_store /opt/stack/data/venv/lib/python3.12/site-packages/glance_store/backend.py:215}}
Apr 29 06:32:19 ubuntu devstack@g-api.service[115883]: DEBUG glance_store.backend [-] Attempting to import store vmware {{(pid=115883) _load_store /opt/stack/data/venv/lib/python3.12/site-packages/glance_store/backend.py:215}}
Apr 29 06:32:19 ubuntu devstack@g-api.service[115884]: DEBUG glance_store.backend [-] Attempting to import store rbd {{(pid=115884) _load_store /opt/stack/data/venv/lib/python3.12/site-packages/glance_store/backend.py:215}}
Apr 29 06:32:19 ubuntu devstack@g-api.service[115884]: DEBUG glance_store.backend [-] Attempting to import store s3 {{(pid=115884) _load_store /opt/stack/data/venv/lib/python3.12/site-packages/glance_store/backend.py:215}}
Apr 29 06:32:19 ubuntu devstack@g-api.service[115884]: DEBUG glance_store.backend [-] Attempting to import store swift {{(pid=115884) _load_store /opt/stack/data/venv/lib/python3.12/site-packages/glance_store/backend.py:215}}
Apr 29 06:32:19 ubuntu devstack@g-api.service[115884]: DEBUG glance_store.backend [-] Attempting to import store vmware {{(pid=115884) _load_store /opt/stack/data/venv/lib/python3.12/site-packages/glance_store/backend.py:215}}
Apr 29 06:32:19 ubuntu devstack@g-api.service[115884]: DEBUG glance_store.backend [-] Registering options for group glance_store {{(pid=115884) register_opts /opt/stack/data/venv/lib/python3.12/site-packages/glance_store/backend.py:144}}
Apr 29 06:32:19 ubuntu devstack@g-api.service[115883]: DEBUG glance_store.backend [-] Registering options for group glance_store {{(pid=115883) register_opts /opt/stack/data/venv/lib/python3.12/site-packages/glance_store/backend.py:144}}
Apr 29 06:32:19 ubuntu devstack@g-api.service[115884]: DEBUG glance_store.backend [-] Registering options for group glance_store {{(pid=115884) register_opts /opt/stack/data/venv/lib/python3.12/site-packages/glance_store/backend.py:144}}
Apr 29 06:32:19 ubuntu devstack@g-api.service[115883]: DEBUG glance_store.backend [-] Registering options for group glance_store {{(pid=115883) register_opts /opt/stack/data/venv/lib/python3.12/site-packages/glance_store/backend.py:144}}
Apr 29 06:32:19 ubuntu devstack@g-api.service[115884]: DEBUG glance_store.backend [-] Attempting to import store file {{(pid=115884) _load_store /opt/stack/data/venv/lib/python3.12/site-packages/glance_store/backend.py:215}}
Apr 29 06:32:19 ubuntu devstack@g-api.service[115883]: DEBUG glance_store.backend [-] Attempting to import store file {{(pid=115883) _load_store /opt/stack/data/venv/lib/python3.12/site-packages/glance_store/backend.py:215}}
Apr 29 06:32:19 ubuntu devstack@g-api.service[115884]: DEBUG glance_store.capabilities [-] Store glance_store._drivers.filesystem.Store doesn't support updating dynamic storage capabilities. Please overwrite 'update_capabilities' method of the store to implement updating logics if needed. {{(pid=115884) update_capabilities /opt/stack/data/venv/lib/python3.12/site-packages/glance_store/capabilities.py:91}}
Apr 29 06:32:19 ubuntu devstack@g-api.service[115883]: DEBUG glance_store.capabilities [-] Store glance_store._drivers.filesystem.Store doesn't support updating dynamic storage capabilities. Please overwrite 'update_capabilities' method of the store to implement updating logics if needed. {{(pid=115883) update_capabilities /opt/stack/data/venv/lib/python3.12/site-packages/glance_store/capabilities.py:91}}
Apr 29 06:32:19 ubuntu devstack@g-api.service[115884]: DEBUG glance_store.backend [-] Registering store file with schemes ('file', 'filesystem') {{(pid=115884) create_stores /opt/stack/data/venv/lib/python3.12/site-packages/glance_store/backend.py:261}}
Apr 29 06:32:19 ubuntu devstack@g-api.service[115883]: DEBUG glance_store.backend [-] Registering store file with schemes ('file', 'filesystem') {{(pid=115883) create_stores /opt/stack/data/venv/lib/python3.12/site-packages/glance_store/backend.py:261}}
Apr 29 06:32:19 ubuntu devstack@g-api.service[115884]: DEBUG glance_store.driver [-] Late loading location class glance_store._drivers.filesystem.StoreLocation {{(pid=115884) get_store_location_class /opt/stack/data/venv/lib/python3.12/site-packages/glance_store/driver.py:134}}
Apr 29 06:32:19 ubuntu devstack@g-api.service[115883]: DEBUG glance_store.driver [-] Late loading location class glance_store._drivers.filesystem.StoreLocation {{(pid=115883) get_store_location_class /opt/stack/data/venv/lib/python3.12/site-packages/glance_store/driver.py:134}}
Apr 29 06:32:19 ubuntu devstack@g-api.service[115884]: DEBUG glance_store.location [-] Registering scheme file with {'store': <glance_store._drivers.filesystem.Store object at 0x78a2bc4a6900>, 'location_class': <class 'glance_store._drivers.filesystem.StoreLocation'>, 'store_entry': 'file'} {{(pid=115884) register_scheme_map /opt/stack/data/venv/lib/python3.12/site-packages/glance_store/location.py:146}}
Apr 29 06:32:19 ubuntu devstack@g-api.service[115883]: DEBUG glance_store.location [-] Registering scheme file with {'store': <glance_store._drivers.filesystem.Store object at 0x78a2bbd6eea0>, 'location_class': <class 'glance_store._drivers.filesystem.StoreLocation'>, 'store_entry': 'file'} {{(pid=115883) register_scheme_map /opt/stack/data/venv/lib/python3.12/site-packages/glance_store/location.py:146}}
Apr 29 06:32:19 ubuntu devstack@g-api.service[115884]: DEBUG glance_store.location [-] Registering scheme filesystem with {'store': <glance_store._drivers.filesystem.Store object at 0x78a2bc4a6900>, 'location_class': <class 'glance_store._drivers.filesystem.StoreLocation'>, 'store_entry': 'file'} {{(pid=115884) register_scheme_map /opt/stack/data/venv/lib/python3.12/site-packages/glance_store/location.py:146}}
Apr 29 06:32:19 ubuntu devstack@g-api.service[115883]: DEBUG glance_store.location [-] Registering scheme filesystem with {'store': <glance_store._drivers.filesystem.Store object at 0x78a2bbd6eea0>, 'location_class': <class 'glance_store._drivers.filesystem.StoreLocation'>, 'store_entry': 'file'} {{(pid=115883) register_scheme_map /opt/stack/data/venv/lib/python3.12/site-packages/glance_store/location.py:146}}
Apr 29 06:32:19 ubuntu devstack@g-api.service[115884]: DEBUG glance_store.backend [-] Attempting to import store http {{(pid=115884) _load_store /opt/stack/data/venv/lib/python3.12/site-packages/glance_store/backend.py:215}}
Apr 29 06:32:19 ubuntu devstack@g-api.service[115883]: DEBUG glance_store.backend [-] Attempting to import store http {{(pid=115883) _load_store /opt/stack/data/venv/lib/python3.12/site-packages/glance_store/backend.py:215}}
Apr 29 06:32:19 ubuntu devstack@g-api.service[115884]: DEBUG glance_store.capabilities [-] Store glance_store._drivers.http.Store doesn't support updating dynamic storage capabilities. Please overwrite 'update_capabilities' method of the store to implement updating logics if needed. {{(pid=115884) update_capabilities /opt/stack/data/venv/lib/python3.12/site-packages/glance_store/capabilities.py:91}}
Apr 29 06:32:19 ubuntu devstack@g-api.service[115883]: DEBUG glance_store.capabilities [-] Store glance_store._drivers.http.Store doesn't support updating dynamic storage capabilities. Please overwrite 'update_capabilities' method of the store to implement updating logics if needed. {{(pid=115883) update_capabilities /opt/stack/data/venv/lib/python3.12/site-packages/glance_store/capabilities.py:91}}
Apr 29 06:32:19 ubuntu devstack@g-api.service[115883]: DEBUG glance_store.backend [-] Registering store http with schemes ('http', 'https') {{(pid=115883) create_stores /opt/stack/data/venv/lib/python3.12/site-packages/glance_store/backend.py:261}}
Apr 29 06:32:19 ubuntu devstack@g-api.service[115884]: DEBUG glance_store.backend [-] Registering store http with schemes ('http', 'https') {{(pid=115884) create_stores /opt/stack/data/venv/lib/python3.12/site-packages/glance_store/backend.py:261}}
Apr 29 06:32:19 ubuntu devstack@g-api.service[115883]: DEBUG glance_store.driver [-] Late loading location class glance_store._drivers.http.StoreLocation {{(pid=115883) get_store_location_class /opt/stack/data/venv/lib/python3.12/site-packages/glance_store/driver.py:134}}
Apr 29 06:32:19 ubuntu devstack@g-api.service[115884]: DEBUG glance_store.driver [-] Late loading location class glance_store._drivers.http.StoreLocation {{(pid=115884) get_store_location_class /opt/stack/data/venv/lib/python3.12/site-packages/glance_store/driver.py:134}}
Apr 29 06:32:19 ubuntu devstack@g-api.service[115883]: DEBUG glance_store.location [-] Registering scheme http with {'store': <glance_store._drivers.http.Store object at 0x78a2bc6bfb00>, 'location_class': <class 'glance_store._drivers.http.StoreLocation'>, 'store_entry': 'http'} {{(pid=115883) register_scheme_map /opt/stack/data/venv/lib/python3.12/site-packages/glance_store/location.py:146}}
Apr 29 06:32:19 ubuntu devstack@g-api.service[115884]: DEBUG glance_store.location [-] Registering scheme http with {'store': <glance_store._drivers.http.Store object at 0x78a2bc34b2f0>, 'location_class': <class 'glance_store._drivers.http.StoreLocation'>, 'store_entry': 'http'} {{(pid=115884) register_scheme_map /opt/stack/data/venv/lib/python3.12/site-packages/glance_store/location.py:146}}
Apr 29 06:32:19 ubuntu devstack@g-api.service[115883]: DEBUG glance_store.location [-] Registering scheme https with {'store': <glance_store._drivers.http.Store object at 0x78a2bc6bfb00>, 'location_class': <class 'glance_store._drivers.http.StoreLocation'>, 'store_entry': 'http'} {{(pid=115883) register_scheme_map /opt/stack/data/venv/lib/python3.12/site-packages/glance_store/location.py:146}}
Apr 29 06:32:19 ubuntu devstack@g-api.service[115884]: DEBUG glance_store.location [-] Registering scheme https with {'store': <glance_store._drivers.http.Store object at 0x78a2bc34b2f0>, 'location_class': <class 'glance_store._drivers.http.StoreLocation'>, 'store_entry': 'http'} {{(pid=115884) register_scheme_map /opt/stack/data/venv/lib/python3.12/site-packages/glance_store/location.py:146}}
Apr 29 06:32:19 ubuntu devstack@g-api.service[115883]: DEBUG glance.sqlite_migration [-] SQLite caching database not located, skipping migration {{(pid=115883) get_db_path /opt/stack/glance/glance/sqlite_migration.py:68}}
Apr 29 06:32:19 ubuntu devstack@g-api.service[115884]: DEBUG glance.sqlite_migration [-] SQLite caching database not located, skipping migration {{(pid=115884) get_db_path /opt/stack/glance/glance/sqlite_migration.py:68}}
Apr 29 06:32:19 ubuntu devstack@g-api.service[115883]: WARNING glance.common.wsgi_app [-] Import methods are enabled but staging directory /tmp/staging/ does not exist; Imports will fail!
Apr 29 06:32:19 ubuntu devstack@g-api.service[115884]: WARNING glance.common.wsgi_app [-] Import methods are enabled but staging directory /tmp/staging/ does not exist; Imports will fail!
Apr 29 06:32:19 ubuntu devstack@g-api.service[115884]: DEBUG glance.common.config [None req-dd589ce8-a4c6-4131-a244-e7af5f96fe6e None None] Loading glance-api-keystone+cachemanagement from /etc/glance/glance-api-paste.ini {{(pid=115884) load_paste_app /opt/stack/glance/glance/common/config.py:758}}
Apr 29 06:32:19 ubuntu devstack@g-api.service[115883]: DEBUG glance.common.config [None req-b392b122-0269-4084-bff6-486794f84919 None None] Loading glance-api-keystone+cachemanagement from /etc/glance/glance-api-paste.ini {{(pid=115883) load_paste_app /opt/stack/glance/glance/common/config.py:758}}
Apr 29 06:32:20 ubuntu devstack@g-api.service[115883]: INFO glance.image_cache [None req-b392b122-0269-4084-bff6-486794f84919 None None] Image cache loaded driver 'centralized_db'.
Apr 29 06:32:20 ubuntu devstack@g-api.service[115884]: INFO glance.image_cache [None req-dd589ce8-a4c6-4131-a244-e7af5f96fe6e None None] Image cache loaded driver 'centralized_db'.
Apr 29 06:32:20 ubuntu devstack@g-api.service[115883]: INFO dbcounter [None req-b392b122-0269-4084-bff6-486794f84919 None None] Registered counter for database glance
Apr 29 06:32:20 ubuntu devstack@g-api.service[115883]: DEBUG oslo_db.sqlalchemy.engines [None req-b392b122-0269-4084-bff6-486794f84919 None None] MySQL server mode set to STRICT_TRANS_TABLES,STRICT_ALL_TABLES,NO_ZERO_IN_DATE,NO_ZERO_DATE,ERROR_FOR_DIVISION_BY_ZERO,TRADITIONAL,NO_ENGINE_SUBSTITUTION {{(pid=115883) _check_effective_sql_mode /opt/stack/data/venv/lib/python3.12/site-packages/oslo_db/sqlalchemy/engines.py:325}}
Apr 29 06:32:20 ubuntu devstack@g-api.service[115884]: INFO dbcounter [None req-dd589ce8-a4c6-4131-a244-e7af5f96fe6e None None] Registered counter for database glance
Apr 29 06:32:20 ubuntu devstack@g-api.service[115883]: DEBUG dbcounter [-] [115883] Writer thread running {{(pid=115883) stat_writer /opt/stack/data/venv/lib/python3.12/site-packages/dbcounter.py:102}}
Apr 29 06:32:20 ubuntu devstack@g-api.service[115884]: DEBUG oslo_db.sqlalchemy.engines [None req-dd589ce8-a4c6-4131-a244-e7af5f96fe6e None None] MySQL server mode set to STRICT_TRANS_TABLES,STRICT_ALL_TABLES,NO_ZERO_IN_DATE,NO_ZERO_DATE,ERROR_FOR_DIVISION_BY_ZERO,TRADITIONAL,NO_ENGINE_SUBSTITUTION {{(pid=115884) _check_effective_sql_mode /opt/stack/data/venv/lib/python3.12/site-packages/oslo_db/sqlalchemy/engines.py:325}}
Apr 29 06:32:20 ubuntu devstack@g-api.service[115883]: INFO glance.image_cache [None req-b392b122-0269-4084-bff6-486794f84919 None None] Image cache loaded driver 'centralized_db'.
Apr 29 06:32:20 ubuntu devstack@g-api.service[115883]: DEBUG glance.image_cache.drivers.centralized_db [None req-b392b122-0269-4084-bff6-486794f84919 None None] Node reference is already recorded, ignoring it {{(pid=115883) configure /opt/stack/glance/glance/image_cache/drivers/centralized_db.py:71}}
Apr 29 06:32:20 ubuntu devstack@g-api.service[115884]: DEBUG dbcounter [-] [115884] Writer thread running {{(pid=115884) stat_writer /opt/stack/data/venv/lib/python3.12/site-packages/dbcounter.py:102}}
Apr 29 06:32:20 ubuntu devstack@g-api.service[115883]: DEBUG glance.api.v2.cached_images [None req-b392b122-0269-4084-bff6-486794f84919 None None] Started cache worker thread {{(pid=115883) __init__ /opt/stack/glance/glance/api/v2/cached_images.py:69}}
Apr 29 06:32:20 ubuntu devstack@g-api.service[115883]: INFO glance.image_cache [None req-b392b122-0269-4084-bff6-486794f84919 None None] Image cache loaded driver 'centralized_db'.
Apr 29 06:32:20 ubuntu devstack@g-api.service[115884]: DEBUG glance.image_cache.drivers.centralized_db [None req-dd589ce8-a4c6-4131-a244-e7af5f96fe6e None None] Node reference is already recorded, ignoring it {{(pid=115884) configure /opt/stack/glance/glance/image_cache/drivers/centralized_db.py:71}}
Apr 29 06:32:20 ubuntu devstack@g-api.service[115883]: DEBUG glance.image_cache.drivers.centralized_db [None req-b392b122-0269-4084-bff6-486794f84919 None None] Node reference is already recorded, ignoring it {{(pid=115883) configure /opt/stack/glance/glance/image_cache/drivers/centralized_db.py:71}}
Apr 29 06:32:20 ubuntu devstack@g-api.service[115884]: INFO glance.image_cache [None req-dd589ce8-a4c6-4131-a244-e7af5f96fe6e None None] Image cache loaded driver 'centralized_db'.
Apr 29 06:32:20 ubuntu devstack@g-api.service[115883]: INFO glance.api.middleware.cache_manage [None req-b392b122-0269-4084-bff6-486794f84919 None None] Initialized image cache management middleware
Apr 29 06:32:20 ubuntu devstack@g-api.service[115883]: INFO glance.image_cache [None req-b392b122-0269-4084-bff6-486794f84919 None None] Image cache loaded driver 'centralized_db'.
Apr 29 06:32:20 ubuntu devstack@g-api.service[115884]: DEBUG glance.image_cache.drivers.centralized_db [None req-dd589ce8-a4c6-4131-a244-e7af5f96fe6e None None] Node reference is already recorded, ignoring it {{(pid=115884) configure /opt/stack/glance/glance/image_cache/drivers/centralized_db.py:71}}
Apr 29 06:32:20 ubuntu devstack@g-api.service[115883]: DEBUG glance.image_cache.drivers.centralized_db [None req-b392b122-0269-4084-bff6-486794f84919 None None] Node reference is already recorded, ignoring it {{(pid=115883) configure /opt/stack/glance/glance/image_cache/drivers/centralized_db.py:71}}
Apr 29 06:32:20 ubuntu devstack@g-api.service[115884]: DEBUG glance.api.v2.cached_images [None req-dd589ce8-a4c6-4131-a244-e7af5f96fe6e None None] Started cache worker thread {{(pid=115884) __init__ /opt/stack/glance/glance/api/v2/cached_images.py:69}}
Apr 29 06:32:20 ubuntu devstack@g-api.service[115884]: INFO glance.image_cache [None req-dd589ce8-a4c6-4131-a244-e7af5f96fe6e None None] Image cache loaded driver 'centralized_db'.
Apr 29 06:32:20 ubuntu devstack@g-api.service[115883]: INFO glance.api.middleware.cache [None req-b392b122-0269-4084-bff6-486794f84919 None None] Initialized image cache middleware
Apr 29 06:32:20 ubuntu devstack@g-api.service[115883]: WARNING keystonemiddleware.auth_token [None req-b392b122-0269-4084-bff6-486794f84919 None None] AuthToken middleware is set with keystone_authtoken.service_token_roles_required set to False. This is backwards compatible but deprecated behaviour. Please set this to True.
Apr 29 06:32:20 ubuntu devstack@g-api.service[115884]: DEBUG glance.image_cache.drivers.centralized_db [None req-dd589ce8-a4c6-4131-a244-e7af5f96fe6e None None] Node reference is already recorded, ignoring it {{(pid=115884) configure /opt/stack/glance/glance/image_cache/drivers/centralized_db.py:71}}
Apr 29 06:32:20 ubuntu devstack@g-api.service[115884]: INFO glance.api.middleware.cache_manage [None req-dd589ce8-a4c6-4131-a244-e7af5f96fe6e None None] Initialized image cache management middleware
Apr 29 06:32:20 ubuntu devstack@g-api.service[115884]: INFO glance.image_cache [None req-dd589ce8-a4c6-4131-a244-e7af5f96fe6e None None] Image cache loaded driver 'centralized_db'.
Apr 29 06:32:20 ubuntu devstack@g-api.service[115883]: DEBUG glance.common.config [None req-b392b122-0269-4084-bff6-486794f84919 None None] ******************************************************************************** {{(pid=115883) log_opt_values /opt/stack/data/venv/lib/python3.12/site-packages/oslo_config/cfg.py:2979}}
Apr 29 06:32:20 ubuntu devstack@g-api.service[115883]: DEBUG glance.common.config [None req-b392b122-0269-4084-bff6-486794f84919 None None] Configuration options gathered from: {{(pid=115883) log_opt_values /opt/stack/data/venv/lib/python3.12/site-packages/oslo_config/cfg.py:2980}}
Apr 29 06:32:20 ubuntu devstack@g-api.service[115883]: DEBUG glance.common.config [None req-b392b122-0269-4084-bff6-486794f84919 None None] command line args: [] {{(pid=115883) log_opt_values /opt/stack/data/venv/lib/python3.12/site-packages/oslo_config/cfg.py:2981}}
Apr 29 06:32:20 ubuntu devstack@g-api.service[115883]: DEBUG glance.common.config [None req-b392b122-0269-4084-bff6-486794f84919 None None] config files: ['/etc/glance/glance-image-import.conf', '/etc/glance/glance-api.conf'] {{(pid=115883) log_opt_values /opt/stack/data/venv/lib/python3.12/site-packages/oslo_config/cfg.py:2982}}
Apr 29 06:32:20 ubuntu devstack@g-api.service[115883]: DEBUG glance.common.config [None req-b392b122-0269-4084-bff6-486794f84919 None None] ================================================================================ {{(pid=115883) log_opt_values /opt/stack/data/venv/lib/python3.12/site-packages/oslo_config/cfg.py:2987}}
Apr 29 06:32:20 ubuntu devstack@g-api.service[115883]: DEBUG glance.common.config [None req-b392b122-0269-4084-bff6-486794f84919 None None] allow_anonymous_access         = False {{(pid=115883) log_opt_values /opt/stack/data/venv/lib/python3.12/site-packages/oslo_config/cfg.py:2995}}
Apr 29 06:32:20 ubuntu devstack@g-api.service[115883]: DEBUG glance.common.config [None req-b392b122-0269-4084-bff6-486794f84919 None None] api_limit_max                  = 1000 {{(pid=115883) log_opt_values /opt/stack/data/venv/lib/python3.12/site-packages/oslo_config/cfg.py:2995}}
Apr 29 06:32:20 ubuntu devstack@g-api.service[115883]: DEBUG glance.common.config [None req-b392b122-0269-4084-bff6-486794f84919 None None] backlog                        = 4096 {{(pid=115883) log_opt_values /opt/stack/data/venv/lib/python3.12/site-packages/oslo_config/cfg.py:2995}}
Apr 29 06:32:20 ubuntu devstack@g-api.service[115883]: DEBUG glance.common.config [None req-b392b122-0269-4084-bff6-486794f84919 None None] bind_host                      = 0.0.0.0 {{(pid=115883) log_opt_values /opt/stack/data/venv/lib/python3.12/site-packages/oslo_config/cfg.py:2995}}
Apr 29 06:32:20 ubuntu devstack@g-api.service[115883]: DEBUG glance.common.config [None req-b392b122-0269-4084-bff6-486794f84919 None None] bind_port                      = None {{(pid=115883) log_opt_values /opt/stack/data/venv/lib/python3.12/site-packages/oslo_config/cfg.py:2995}}
Apr 29 06:32:20 ubuntu devstack@g-api.service[115883]: DEBUG glance.common.config [None req-b392b122-0269-4084-bff6-486794f84919 None None] client_socket_timeout          = 900 {{(pid=115883) log_opt_values /opt/stack/data/venv/lib/python3.12/site-packages/oslo_config/cfg.py:2995}}
Apr 29 06:32:20 ubuntu devstack@g-api.service[115883]: DEBUG glance.common.config [None req-b392b122-0269-4084-bff6-486794f84919 None None] config_dir                     = [] {{(pid=115883) log_opt_values /opt/stack/data/venv/lib/python3.12/site-packages/oslo_config/cfg.py:2995}}
Apr 29 06:32:20 ubuntu devstack@g-api.service[115883]: DEBUG glance.common.config [None req-b392b122-0269-4084-bff6-486794f84919 None None] config_file                    = ['/etc/glance/glance-image-import.conf', '/etc/glance/glance-api.conf'] {{(pid=115883) log_opt_values /opt/stack/data/venv/lib/python3.12/site-packages/oslo_config/cfg.py:2995}}
Apr 29 06:32:20 ubuntu devstack@g-api.service[115883]: DEBUG glance.common.config [None req-b392b122-0269-4084-bff6-486794f84919 None None] config_source                  = [] {{(pid=115883) log_opt_values /opt/stack/data/venv/lib/python3.12/site-packages/oslo_config/cfg.py:2995}}
Apr 29 06:32:20 ubuntu devstack@g-api.service[115883]: DEBUG glance.common.config [None req-b392b122-0269-4084-bff6-486794f84919 None None] control_exchange               = glance {{(pid=115883) log_opt_values /opt/stack/data/venv/lib/python3.12/site-packages/oslo_config/cfg.py:2995}}
Apr 29 06:32:20 ubuntu devstack@g-api.service[115883]: DEBUG glance.common.config [None req-b392b122-0269-4084-bff6-486794f84919 None None] debug                          = True {{(pid=115883) log_opt_values /opt/stack/data/venv/lib/python3.12/site-packages/oslo_config/cfg.py:2995}}
Apr 29 06:32:20 ubuntu devstack@g-api.service[115883]: DEBUG glance.common.config [None req-b392b122-0269-4084-bff6-486794f84919 None None] default_log_levels             = ['amqp=WARN', 'boto=WARN', 'sqlalchemy=WARN', 'suds=INFO', 'oslo.messaging=INFO', 'oslo_messaging=INFO', 'iso8601=WARN', 'requests.packages.urllib3.connectionpool=WARN', 'urllib3.connectionpool=WARN', 'websocket=WARN', 'requests.packages.urllib3.util.retry=WARN', 'urllib3.util.retry=WARN', 'keystonemiddleware=WARN', 'routes.middleware=WARN', 'stevedore=WARN', 'taskflow=WARN', 'keystoneauth=WARN', 'oslo.cache=INFO', 'oslo_policy=INFO', 'dogpile.core.dogpile=INFO'] {{(pid=115883) log_opt_values /opt/stack/data/venv/lib/python3.12/site-packages/oslo_config/cfg.py:2995}}
Apr 29 06:32:20 ubuntu devstack@g-api.service[115883]: DEBUG glance.common.config [None req-b392b122-0269-4084-bff6-486794f84919 None None] default_publisher_id           = image.localhost {{(pid=115883) log_opt_values /opt/stack/data/venv/lib/python3.12/site-packages/oslo_config/cfg.py:2995}}
Apr 29 06:32:20 ubuntu devstack@g-api.service[115883]: DEBUG glance.common.config [None req-b392b122-0269-4084-bff6-486794f84919 None None] delayed_delete                 = False {{(pid=115883) log_opt_values /opt/stack/data/venv/lib/python3.12/site-packages/oslo_config/cfg.py:2995}}
Apr 29 06:32:20 ubuntu devstack@g-api.service[115883]: DEBUG glance.common.config [None req-b392b122-0269-4084-bff6-486794f84919 None None] digest_algorithm               = sha256 {{(pid=115883) log_opt_values /opt/stack/data/venv/lib/python3.12/site-packages/oslo_config/cfg.py:2995}}
Apr 29 06:32:20 ubuntu devstack@g-api.service[115883]: DEBUG glance.common.config [None req-b392b122-0269-4084-bff6-486794f84919 None None] disabled_notifications         = [] {{(pid=115883) log_opt_values /opt/stack/data/venv/lib/python3.12/site-packages/oslo_config/cfg.py:2995}}
Apr 29 06:32:20 ubuntu devstack@g-api.service[115883]: DEBUG glance.common.config [None req-b392b122-0269-4084-bff6-486794f84919 None None] do_secure_hash                 = True {{(pid=115883) log_opt_values /opt/stack/data/venv/lib/python3.12/site-packages/oslo_config/cfg.py:2995}}
Apr 29 06:32:20 ubuntu devstack@g-api.service[115883]: DEBUG glance.common.config [None req-b392b122-0269-4084-bff6-486794f84919 None None] enabled_backends               = None {{(pid=115883) log_opt_values /opt/stack/data/venv/lib/python3.12/site-packages/oslo_config/cfg.py:2995}}
Apr 29 06:32:20 ubuntu devstack@g-api.service[115883]: DEBUG glance.common.config [None req-b392b122-0269-4084-bff6-486794f84919 None None] enabled_import_methods         = ['glance-direct', 'web-download', 'copy-image'] {{(pid=115883) log_opt_values /opt/stack/data/venv/lib/python3.12/site-packages/oslo_config/cfg.py:2995}}
Apr 29 06:32:20 ubuntu devstack@g-api.service[115883]: DEBUG glance.common.config [None req-b392b122-0269-4084-bff6-486794f84919 None None] hashing_algorithm              = sha512 {{(pid=115883) log_opt_values /opt/stack/data/venv/lib/python3.12/site-packages/oslo_config/cfg.py:2995}}
Apr 29 06:32:20 ubuntu devstack@g-api.service[115883]: DEBUG glance.common.config [None req-b392b122-0269-4084-bff6-486794f84919 None None] http_keepalive                 = True {{(pid=115883) log_opt_values /opt/stack/data/venv/lib/python3.12/site-packages/oslo_config/cfg.py:2995}}
Apr 29 06:32:20 ubuntu devstack@g-api.service[115883]: DEBUG glance.common.config [None req-b392b122-0269-4084-bff6-486794f84919 None None] http_retries                   = 3 {{(pid=115883) log_opt_values /opt/stack/data/venv/lib/python3.12/site-packages/oslo_config/cfg.py:2995}}
Apr 29 06:32:20 ubuntu devstack@g-api.service[115883]: DEBUG glance.common.config [None req-b392b122-0269-4084-bff6-486794f84919 None None] image_cache_dir                = /opt/stack/data/glance/cache/ {{(pid=115883) log_opt_values /opt/stack/data/venv/lib/python3.12/site-packages/oslo_config/cfg.py:2995}}
Apr 29 06:32:20 ubuntu devstack@g-api.service[115883]: DEBUG glance.common.config [None req-b392b122-0269-4084-bff6-486794f84919 None None] image_cache_driver             = centralized_db {{(pid=115883) log_opt_values /opt/stack/data/venv/lib/python3.12/site-packages/oslo_config/cfg.py:2995}}
Apr 29 06:32:20 ubuntu devstack@g-api.service[115883]: DEBUG glance.common.config [None req-b392b122-0269-4084-bff6-486794f84919 None None] image_cache_max_size           = 10737418240 {{(pid=115883) log_opt_values /opt/stack/data/venv/lib/python3.12/site-packages/oslo_config/cfg.py:2995}}
Apr 29 06:32:20 ubuntu devstack@g-api.service[115883]: DEBUG glance.common.config [None req-b392b122-0269-4084-bff6-486794f84919 None None] image_cache_sqlite_db          = cache.db {{(pid=115883) log_opt_values /opt/stack/data/venv/lib/python3.12/site-packages/oslo_config/cfg.py:2995}}
Apr 29 06:32:20 ubuntu devstack@g-api.service[115883]: DEBUG glance.common.config [None req-b392b122-0269-4084-bff6-486794f84919 None None] image_cache_stall_time         = 86400 {{(pid=115883) log_opt_values /opt/stack/data/venv/lib/python3.12/site-packages/oslo_config/cfg.py:2995}}
Apr 29 06:32:20 ubuntu devstack@g-api.service[115883]: DEBUG glance.common.config [None req-b392b122-0269-4084-bff6-486794f84919 None None] image_location_quota           = 10 {{(pid=115883) log_opt_values /opt/stack/data/venv/lib/python3.12/site-packages/oslo_config/cfg.py:2995}}
Apr 29 06:32:20 ubuntu devstack@g-api.service[115883]: DEBUG glance.common.config [None req-b392b122-0269-4084-bff6-486794f84919 None None] image_member_quota             = 128 {{(pid=115883) log_opt_values /opt/stack/data/venv/lib/python3.12/site-packages/oslo_config/cfg.py:2995}}
Apr 29 06:32:20 ubuntu devstack@g-api.service[115883]: DEBUG glance.common.config [None req-b392b122-0269-4084-bff6-486794f84919 None None] image_property_quota           = 128 {{(pid=115883) log_opt_values /opt/stack/data/venv/lib/python3.12/site-packages/oslo_config/cfg.py:2995}}
Apr 29 06:32:20 ubuntu devstack@g-api.service[115883]: DEBUG glance.common.config [None req-b392b122-0269-4084-bff6-486794f84919 None None] image_size_cap                 = 1099511627776 {{(pid=115883) log_opt_values /opt/stack/data/venv/lib/python3.12/site-packages/oslo_config/cfg.py:2995}}
Apr 29 06:32:20 ubuntu devstack@g-api.service[115883]: DEBUG glance.common.config [None req-b392b122-0269-4084-bff6-486794f84919 None None] image_tag_quota                = 128 {{(pid=115883) log_opt_values /opt/stack/data/venv/lib/python3.12/site-packages/oslo_config/cfg.py:2995}}
Apr 29 06:32:20 ubuntu devstack@g-api.service[115883]: DEBUG glance.common.config [None req-b392b122-0269-4084-bff6-486794f84919 None None] instance_format                = [instance: %(uuid)s]  {{(pid=115883) log_opt_values /opt/stack/data/venv/lib/python3.12/site-packages/oslo_config/cfg.py:2995}}
Apr 29 06:32:20 ubuntu devstack@g-api.service[115883]: DEBUG glance.common.config [None req-b392b122-0269-4084-bff6-486794f84919 None None] instance_uuid_format           = [instance: %(uuid)s]  {{(pid=115883) log_opt_values /opt/stack/data/venv/lib/python3.12/site-packages/oslo_config/cfg.py:2995}}
Apr 29 06:32:20 ubuntu devstack@g-api.service[115883]: DEBUG glance.common.config [None req-b392b122-0269-4084-bff6-486794f84919 None None] limit_param_default            = 25 {{(pid=115883) log_opt_values /opt/stack/data/venv/lib/python3.12/site-packages/oslo_config/cfg.py:2995}}
Apr 29 06:32:20 ubuntu devstack@g-api.service[115883]: DEBUG glance.common.config [None req-b392b122-0269-4084-bff6-486794f84919 None None] log_color                      = True {{(pid=115883) log_opt_values /opt/stack/data/venv/lib/python3.12/site-packages/oslo_config/cfg.py:2995}}
Apr 29 06:32:20 ubuntu devstack@g-api.service[115883]: DEBUG glance.common.config [None req-b392b122-0269-4084-bff6-486794f84919 None None] log_config_append              = None {{(pid=115883) log_opt_values /opt/stack/data/venv/lib/python3.12/site-packages/oslo_config/cfg.py:2995}}
Apr 29 06:32:20 ubuntu devstack@g-api.service[115883]: DEBUG glance.common.config [None req-b392b122-0269-4084-bff6-486794f84919 None None] log_date_format                = %Y-%m-%d %H:%M:%S {{(pid=115883) log_opt_values /opt/stack/data/venv/lib/python3.12/site-packages/oslo_config/cfg.py:2995}}
Apr 29 06:32:20 ubuntu devstack@g-api.service[115883]: DEBUG glance.common.config [None req-b392b122-0269-4084-bff6-486794f84919 None None] log_dir                        = None {{(pid=115883) log_opt_values /opt/stack/data/venv/lib/python3.12/site-packages/oslo_config/cfg.py:2995}}
Apr 29 06:32:20 ubuntu devstack@g-api.service[115884]: DEBUG glance.image_cache.drivers.centralized_db [None req-dd589ce8-a4c6-4131-a244-e7af5f96fe6e None None] Node reference is already recorded, ignoring it {{(pid=115884) configure /opt/stack/glance/glance/image_cache/drivers/centralized_db.py:71}}
Apr 29 06:32:20 ubuntu devstack@g-api.service[115883]: DEBUG glance.common.config [None req-b392b122-0269-4084-bff6-486794f84919 None None] log_file                       = None {{(pid=115883) log_opt_values /opt/stack/data/venv/lib/python3.12/site-packages/oslo_config/cfg.py:2995}}
Apr 29 06:32:20 ubuntu devstack@g-api.service[115883]: DEBUG glance.common.config [None req-b392b122-0269-4084-bff6-486794f84919 None None] log_rotate_interval            = 1 {{(pid=115883) log_opt_values /opt/stack/data/venv/lib/python3.12/site-packages/oslo_config/cfg.py:2995}}
Apr 29 06:32:20 ubuntu devstack@g-api.service[115883]: DEBUG glance.common.config [None req-b392b122-0269-4084-bff6-486794f84919 None None] log_rotate_interval_type       = days {{(pid=115883) log_opt_values /opt/stack/data/venv/lib/python3.12/site-packages/oslo_config/cfg.py:2995}}
Apr 29 06:32:20 ubuntu devstack@g-api.service[115883]: DEBUG glance.common.config [None req-b392b122-0269-4084-bff6-486794f84919 None None] log_rotation_type              = none {{(pid=115883) log_opt_values /opt/stack/data/venv/lib/python3.12/site-packages/oslo_config/cfg.py:2995}}
Apr 29 06:32:20 ubuntu devstack@g-api.service[115883]: DEBUG glance.common.config [None req-b392b122-0269-4084-bff6-486794f84919 None None] logging_context_format_string  = %(color)s%(levelname)s %(name)s [%(global_request_id)s %(request_id)s %(project_name)s %(user_name)s%(color)s] %(instance)s%(color)s%(message)s {{(pid=115883) log_opt_values /opt/stack/data/venv/lib/python3.12/site-packages/oslo_config/cfg.py:2995}}
Apr 29 06:32:20 ubuntu devstack@g-api.service[115883]: DEBUG glance.common.config [None req-b392b122-0269-4084-bff6-486794f84919 None None] logging_debug_format_suffix    = {{(pid=%(process)d) %(funcName)s %(pathname)s:%(lineno)d}} {{(pid=115883) log_opt_values /opt/stack/data/venv/lib/python3.12/site-packages/oslo_config/cfg.py:2995}}
Apr 29 06:32:20 ubuntu devstack@g-api.service[115883]: DEBUG glance.common.config [None req-b392b122-0269-4084-bff6-486794f84919 None None] logging_default_format_string  = %(color)s%(levelname)s %(name)s [-%(color)s] %(instance)s%(color)s%(message)s {{(pid=115883) log_opt_values /opt/stack/data/venv/lib/python3.12/site-packages/oslo_config/cfg.py:2995}}
Apr 29 06:32:20 ubuntu devstack@g-api.service[115883]: DEBUG glance.common.config [None req-b392b122-0269-4084-bff6-486794f84919 None None] logging_exception_prefix       = ERROR %(name)s %(instance)s {{(pid=115883) log_opt_values /opt/stack/data/venv/lib/python3.12/site-packages/oslo_config/cfg.py:2995}}
Apr 29 06:32:20 ubuntu devstack@g-api.service[115883]: DEBUG glance.common.config [None req-b392b122-0269-4084-bff6-486794f84919 None None] logging_user_identity_format   = %(user)s %(project)s %(domain)s %(system_scope)s %(user_domain)s %(project_domain)s {{(pid=115883) log_opt_values /opt/stack/data/venv/lib/python3.12/site-packages/oslo_config/cfg.py:2995}}
Apr 29 06:32:20 ubuntu devstack@g-api.service[115883]: DEBUG glance.common.config [None req-b392b122-0269-4084-bff6-486794f84919 None None] max_header_line                = 16384 {{(pid=115883) log_opt_values /opt/stack/data/venv/lib/python3.12/site-packages/oslo_config/cfg.py:2995}}
Apr 29 06:32:20 ubuntu devstack@g-api.service[115883]: DEBUG glance.common.config [None req-b392b122-0269-4084-bff6-486794f84919 None None] max_logfile_count              = 30 {{(pid=115883) log_opt_values /opt/stack/data/venv/lib/python3.12/site-packages/oslo_config/cfg.py:2995}}
Apr 29 06:32:20 ubuntu devstack@g-api.service[115883]: DEBUG glance.common.config [None req-b392b122-0269-4084-bff6-486794f84919 None None] max_logfile_size_mb            = 200 {{(pid=115883) log_opt_values /opt/stack/data/venv/lib/python3.12/site-packages/oslo_config/cfg.py:2995}}
Apr 29 06:32:20 ubuntu devstack@g-api.service[115883]: DEBUG glance.common.config [None req-b392b122-0269-4084-bff6-486794f84919 None None] max_request_id_length          = 64 {{(pid=115883) log_opt_values /opt/stack/data/venv/lib/python3.12/site-packages/oslo_config/cfg.py:2995}}
Apr 29 06:32:20 ubuntu devstack@g-api.service[115883]: DEBUG glance.common.config [None req-b392b122-0269-4084-bff6-486794f84919 None None] metadata_encryption_key        = **** {{(pid=115883) log_opt_values /opt/stack/data/venv/lib/python3.12/site-packages/oslo_config/cfg.py:2995}}
Apr 29 06:32:20 ubuntu devstack@g-api.service[115883]: DEBUG glance.common.config [None req-b392b122-0269-4084-bff6-486794f84919 None None] node_staging_uri               = file:///tmp/staging/ {{(pid=115883) log_opt_values /opt/stack/data/venv/lib/python3.12/site-packages/oslo_config/cfg.py:2995}}
Apr 29 06:32:20 ubuntu devstack@g-api.service[115883]: DEBUG glance.common.config [None req-b392b122-0269-4084-bff6-486794f84919 None None] property_protection_file       = None {{(pid=115883) log_opt_values /opt/stack/data/venv/lib/python3.12/site-packages/oslo_config/cfg.py:2995}}
Apr 29 06:32:20 ubuntu devstack@g-api.service[115883]: DEBUG glance.common.config [None req-b392b122-0269-4084-bff6-486794f84919 None None] property_protection_rule_format = roles {{(pid=115883) log_opt_values /opt/stack/data/venv/lib/python3.12/site-packages/oslo_config/cfg.py:2995}}
Apr 29 06:32:20 ubuntu devstack@g-api.service[115883]: DEBUG glance.common.config [None req-b392b122-0269-4084-bff6-486794f84919 None None] public_endpoint                = http://10.201.5.127/image {{(pid=115883) log_opt_values /opt/stack/data/venv/lib/python3.12/site-packages/oslo_config/cfg.py:2995}}
Apr 29 06:32:20 ubuntu devstack@g-api.service[115883]: DEBUG glance.common.config [None req-b392b122-0269-4084-bff6-486794f84919 None None] publish_errors                 = False {{(pid=115883) log_opt_values /opt/stack/data/venv/lib/python3.12/site-packages/oslo_config/cfg.py:2995}}
Apr 29 06:32:20 ubuntu devstack@g-api.service[115883]: DEBUG glance.common.config [None req-b392b122-0269-4084-bff6-486794f84919 None None] pydev_worker_debug_host        = None {{(pid=115883) log_opt_values /opt/stack/data/venv/lib/python3.12/site-packages/oslo_config/cfg.py:2995}}
Apr 29 06:32:20 ubuntu devstack@g-api.service[115883]: DEBUG glance.common.config [None req-b392b122-0269-4084-bff6-486794f84919 None None] pydev_worker_debug_port        = 5678 {{(pid=115883) log_opt_values /opt/stack/data/venv/lib/python3.12/site-packages/oslo_config/cfg.py:2995}}
