Jun 04 17:21:50 ubuntu systemd[1]: Starting devstack@g-api.service - Devstack devstack@g-api.service...
Jun 04 17:21:50 ubuntu devstack@g-api.service[114787]: [uWSGI] getting INI configuration from /etc/glance/glance-uwsgi.ini
Jun 04 17:21:50 ubuntu devstack@g-api.service[114787]: *** Starting uWSGI 2.0.24-debian (64bit) on [Thu Jun  4 17:21:50 2026] ***
Jun 04 17:21:50 ubuntu devstack@g-api.service[114787]: compiled with version: 13.2.0 on 17 April 2024 16:23:48
Jun 04 17:21:50 ubuntu devstack@g-api.service[114787]: os: Linux-6.8.0-100-generic #100-Ubuntu SMP PREEMPT_DYNAMIC Tue Jan 13 16:40:06 UTC 2026
Jun 04 17:21:50 ubuntu devstack@g-api.service[114787]: nodename: ubuntu
Jun 04 17:21:50 ubuntu devstack@g-api.service[114787]: machine: x86_64
Jun 04 17:21:50 ubuntu devstack@g-api.service[114787]: clock source: unix
Jun 04 17:21:50 ubuntu devstack@g-api.service[114787]: pcre jit disabled
Jun 04 17:21:50 ubuntu devstack@g-api.service[114787]: detected number of CPU cores: 4
Jun 04 17:21:50 ubuntu devstack@g-api.service[114787]: current working directory: /
Jun 04 17:21:50 ubuntu devstack@g-api.service[114787]: detected binary path: /usr/bin/uwsgi-core
Jun 04 17:21:50 ubuntu devstack@g-api.service[114787]: your processes number limit is 31446
Jun 04 17:21:50 ubuntu devstack@g-api.service[114787]: your memory page size is 4096 bytes
Jun 04 17:21:50 ubuntu devstack@g-api.service[114787]: detected max file descriptor number: 2048
Jun 04 17:21:50 ubuntu devstack@g-api.service[114787]: lock engine: pthread robust mutexes
Jun 04 17:21:50 ubuntu devstack@g-api.service[114787]: thunder lock: enabled
Jun 04 17:21:50 ubuntu devstack@g-api.service[114787]: uwsgi socket 0 bound to TCP address 127.0.0.1:60999 fd 4
Jun 04 17:21:50 ubuntu devstack@g-api.service[114787]: Python version: 3.12.3 (main, Mar 23 2026, 19:04:32) [GCC 13.3.0]
Jun 04 17:21:50 ubuntu devstack@g-api.service[114787]: PEP 405 virtualenv detected: /opt/stack/data/venv
Jun 04 17:21:50 ubuntu devstack@g-api.service[114787]: Set PythonHome to /opt/stack/data/venv
Jun 04 17:21:50 ubuntu devstack@g-api.service[114787]: Python main interpreter initialized at 0x7064dc4a3668
Jun 04 17:21:50 ubuntu devstack@g-api.service[114787]: python threads support enabled
Jun 04 17:21:50 ubuntu devstack@g-api.service[114787]: your server socket listen backlog is limited to 100 connections
Jun 04 17:21:50 ubuntu devstack@g-api.service[114787]: your mercy for graceful operations on workers is 80 seconds
Jun 04 17:21:50 ubuntu devstack@g-api.service[114787]: mapped 403077 bytes (393 KB) for 2 cores
Jun 04 17:21:50 ubuntu devstack@g-api.service[114787]: *** Operational MODE: preforking ***
Jun 04 17:21:50 ubuntu devstack@g-api.service[114787]: *** uWSGI is running in multiple interpreter mode ***
Jun 04 17:21:50 ubuntu devstack@g-api.service[114787]: spawned uWSGI master process (pid: 114787)
Jun 04 17:21:50 ubuntu systemd[1]: Started devstack@g-api.service - Devstack devstack@g-api.service.
Jun 04 17:21:50 ubuntu devstack@g-api.service[114787]: spawned uWSGI worker 1 (pid: 114788, cores: 1)
Jun 04 17:21:50 ubuntu devstack@g-api.service[114787]: spawned uWSGI worker 2 (pid: 114789, cores: 1)
Jun 04 17:21:50 ubuntu devstack@g-api.service[114787]: running "unix_signal:15 gracefully_kill_them_all" (master-start)...
Jun 04 17:21:50 ubuntu devstack@g-api.service[114788]: /opt/stack/data/venv/lib/python3.12/site-packages/oslo_utils/importutils.py:77: EventletDeprecationWarning:
Jun 04 17:21:50 ubuntu devstack@g-api.service[114788]: Eventlet is deprecated. It is currently being maintained in bugfix mode, and
Jun 04 17:21:50 ubuntu devstack@g-api.service[114788]: we strongly recommend against using it for new projects.
Jun 04 17:21:50 ubuntu devstack@g-api.service[114788]: If you are already using Eventlet, we recommend migrating to a different
Jun 04 17:21:50 ubuntu devstack@g-api.service[114788]: framework.  For more detail see
Jun 04 17:21:50 ubuntu devstack@g-api.service[114788]: https://eventlet.readthedocs.io/en/latest/asyncio/migration.html
Jun 04 17:21:50 ubuntu devstack@g-api.service[114788]:   __import__(import_str)
Jun 04 17:21:50 ubuntu devstack@g-api.service[114789]: /opt/stack/data/venv/lib/python3.12/site-packages/oslo_utils/importutils.py:77: EventletDeprecationWarning:
Jun 04 17:21:50 ubuntu devstack@g-api.service[114789]: Eventlet is deprecated. It is currently being maintained in bugfix mode, and
Jun 04 17:21:50 ubuntu devstack@g-api.service[114789]: we strongly recommend against using it for new projects.
Jun 04 17:21:50 ubuntu devstack@g-api.service[114789]: If you are already using Eventlet, we recommend migrating to a different
Jun 04 17:21:50 ubuntu devstack@g-api.service[114789]: framework.  For more detail see
Jun 04 17:21:50 ubuntu devstack@g-api.service[114789]: https://eventlet.readthedocs.io/en/latest/asyncio/migration.html
Jun 04 17:21:50 ubuntu devstack@g-api.service[114789]:   __import__(import_str)
Jun 04 17:21:51 ubuntu devstack@g-api.service[114788]: INFO glance.async_ [-] Threadpool model set to 'NativeThreadPoolModel'
Jun 04 17:21:51 ubuntu devstack@g-api.service[114789]: INFO glance.async_ [-] Threadpool model set to 'NativeThreadPoolModel'
Jun 04 17:21:51 ubuntu devstack@g-api.service[114788]: DEBUG oslo_concurrency.processutils [-] Running cmd (subprocess): grep -F node.session.scan /sbin/iscsiadm {{(pid=114788) execute /opt/stack/data/venv/lib/python3.12/site-packages/oslo_concurrency/processutils.py:440}}
Jun 04 17:21:51 ubuntu devstack@g-api.service[114788]: DEBUG oslo_concurrency.processutils [-] CMD "grep -F node.session.scan /sbin/iscsiadm" returned: 0 in 0.010s {{(pid=114788) execute /opt/stack/data/venv/lib/python3.12/site-packages/oslo_concurrency/processutils.py:468}}
Jun 04 17:21:51 ubuntu devstack@g-api.service[114789]: DEBUG oslo_concurrency.processutils [-] Running cmd (subprocess): grep -F node.session.scan /sbin/iscsiadm {{(pid=114789) execute /opt/stack/data/venv/lib/python3.12/site-packages/oslo_concurrency/processutils.py:440}}
Jun 04 17:21:51 ubuntu devstack@g-api.service[114789]: DEBUG oslo_concurrency.processutils [-] CMD "grep -F node.session.scan /sbin/iscsiadm" returned: 0 in 0.010s {{(pid=114789) execute /opt/stack/data/venv/lib/python3.12/site-packages/oslo_concurrency/processutils.py:468}}
Jun 04 17:21:51 ubuntu devstack@g-api.service[114789]: DEBUG glance_store.backend [-] Attempting to import store cinder {{(pid=114789) _load_store /opt/stack/data/venv/lib/python3.12/site-packages/glance_store/backend.py:215}}
Jun 04 17:21:51 ubuntu devstack@g-api.service[114788]: DEBUG glance_store.backend [-] Attempting to import store cinder {{(pid=114788) _load_store /opt/stack/data/venv/lib/python3.12/site-packages/glance_store/backend.py:215}}
Jun 04 17:21:51 ubuntu devstack@g-api.service[114788]: DEBUG glance_store.backend [-] Attempting to import store file {{(pid=114788) _load_store /opt/stack/data/venv/lib/python3.12/site-packages/glance_store/backend.py:215}}
Jun 04 17:21:51 ubuntu devstack@g-api.service[114788]: DEBUG glance_store.backend [-] Attempting to import store glance.store.cinder.Store {{(pid=114788) _load_store /opt/stack/data/venv/lib/python3.12/site-packages/glance_store/backend.py:215}}
Jun 04 17:21:51 ubuntu devstack@g-api.service[114788]: DEBUG glance_store.backend [-] Attempting to import store glance.store.filesystem.Store {{(pid=114788) _load_store /opt/stack/data/venv/lib/python3.12/site-packages/glance_store/backend.py:215}}
Jun 04 17:21:51 ubuntu devstack@g-api.service[114788]: DEBUG glance_store.backend [-] Attempting to import store glance.store.http.Store {{(pid=114788) _load_store /opt/stack/data/venv/lib/python3.12/site-packages/glance_store/backend.py:215}}
Jun 04 17:21:51 ubuntu devstack@g-api.service[114788]: DEBUG glance_store.backend [-] Attempting to import store glance.store.rbd.Store {{(pid=114788) _load_store /opt/stack/data/venv/lib/python3.12/site-packages/glance_store/backend.py:215}}
Jun 04 17:21:51 ubuntu devstack@g-api.service[114788]: DEBUG glance_store.backend [-] Attempting to import store glance.store.s3.Store {{(pid=114788) _load_store /opt/stack/data/venv/lib/python3.12/site-packages/glance_store/backend.py:215}}
Jun 04 17:21:51 ubuntu devstack@g-api.service[114788]: DEBUG glance_store.backend [-] Attempting to import store glance.store.swift.Store {{(pid=114788) _load_store /opt/stack/data/venv/lib/python3.12/site-packages/glance_store/backend.py:215}}
Jun 04 17:21:51 ubuntu devstack@g-api.service[114789]: DEBUG glance_store.backend [-] Attempting to import store file {{(pid=114789) _load_store /opt/stack/data/venv/lib/python3.12/site-packages/glance_store/backend.py:215}}
Jun 04 17:21:51 ubuntu devstack@g-api.service[114788]: DEBUG glance_store.backend [-] Attempting to import store glance.store.vmware_datastore.Store {{(pid=114788) _load_store /opt/stack/data/venv/lib/python3.12/site-packages/glance_store/backend.py:215}}
Jun 04 17:21:51 ubuntu devstack@g-api.service[114788]: DEBUG glance_store.backend [-] Attempting to import store http {{(pid=114788) _load_store /opt/stack/data/venv/lib/python3.12/site-packages/glance_store/backend.py:215}}
Jun 04 17:21:51 ubuntu devstack@g-api.service[114788]: DEBUG glance_store.backend [-] Attempting to import store no_conf {{(pid=114788) _load_store /opt/stack/data/venv/lib/python3.12/site-packages/glance_store/backend.py:215}}
Jun 04 17:21:51 ubuntu devstack@g-api.service[114788]: DEBUG glance_store.backend [-] Attempting to import store rbd {{(pid=114788) _load_store /opt/stack/data/venv/lib/python3.12/site-packages/glance_store/backend.py:215}}
Jun 04 17:21:51 ubuntu devstack@g-api.service[114788]: DEBUG glance_store.backend [-] Attempting to import store s3 {{(pid=114788) _load_store /opt/stack/data/venv/lib/python3.12/site-packages/glance_store/backend.py:215}}
Jun 04 17:21:51 ubuntu devstack@g-api.service[114788]: DEBUG glance_store.backend [-] Attempting to import store swift {{(pid=114788) _load_store /opt/stack/data/venv/lib/python3.12/site-packages/glance_store/backend.py:215}}
Jun 04 17:21:51 ubuntu devstack@g-api.service[114788]: DEBUG glance_store.backend [-] Attempting to import store vmware {{(pid=114788) _load_store /opt/stack/data/venv/lib/python3.12/site-packages/glance_store/backend.py:215}}
Jun 04 17:21:51 ubuntu devstack@g-api.service[114788]: DEBUG glance_store.backend [-] Registering options for group glance_store {{(pid=114788) register_opts /opt/stack/data/venv/lib/python3.12/site-packages/glance_store/backend.py:144}}
Jun 04 17:21:51 ubuntu devstack@g-api.service[114789]: DEBUG glance_store.backend [-] Attempting to import store glance.store.cinder.Store {{(pid=114789) _load_store /opt/stack/data/venv/lib/python3.12/site-packages/glance_store/backend.py:215}}
Jun 04 17:21:51 ubuntu devstack@g-api.service[114788]: DEBUG glance_store.backend [-] Registering options for group glance_store {{(pid=114788) register_opts /opt/stack/data/venv/lib/python3.12/site-packages/glance_store/backend.py:144}}
Jun 04 17:21:51 ubuntu devstack@g-api.service[114789]: DEBUG glance_store.backend [-] Attempting to import store glance.store.filesystem.Store {{(pid=114789) _load_store /opt/stack/data/venv/lib/python3.12/site-packages/glance_store/backend.py:215}}
Jun 04 17:21:51 ubuntu devstack@g-api.service[114789]: DEBUG glance_store.backend [-] Attempting to import store glance.store.http.Store {{(pid=114789) _load_store /opt/stack/data/venv/lib/python3.12/site-packages/glance_store/backend.py:215}}
Jun 04 17:21:51 ubuntu devstack@g-api.service[114788]: DEBUG glance_store.backend [-] Attempting to import store http {{(pid=114788) _load_store /opt/stack/data/venv/lib/python3.12/site-packages/glance_store/backend.py:215}}
Jun 04 17:21:51 ubuntu devstack@g-api.service[114789]: DEBUG glance_store.backend [-] Attempting to import store glance.store.rbd.Store {{(pid=114789) _load_store /opt/stack/data/venv/lib/python3.12/site-packages/glance_store/backend.py:215}}
Jun 04 17:21:51 ubuntu devstack@g-api.service[114788]: DEBUG glance_store.capabilities [-] Store glance_store._drivers.http.Store doesn't support updating dynamic storage capabilities. Please overwrite 'update_capabilities' method of the store to implement updating logics if needed. {{(pid=114788) update_capabilities /opt/stack/data/venv/lib/python3.12/site-packages/glance_store/capabilities.py:91}}
Jun 04 17:21:51 ubuntu devstack@g-api.service[114788]: DEBUG glance_store.backend [-] Registering store http with schemes ('http', 'https') {{(pid=114788) create_stores /opt/stack/data/venv/lib/python3.12/site-packages/glance_store/backend.py:261}}
Jun 04 17:21:51 ubuntu devstack@g-api.service[114788]: DEBUG glance_store.driver [-] Late loading location class glance_store._drivers.http.StoreLocation {{(pid=114788) get_store_location_class /opt/stack/data/venv/lib/python3.12/site-packages/glance_store/driver.py:134}}
Jun 04 17:21:51 ubuntu devstack@g-api.service[114789]: DEBUG glance_store.backend [-] Attempting to import store glance.store.s3.Store {{(pid=114789) _load_store /opt/stack/data/venv/lib/python3.12/site-packages/glance_store/backend.py:215}}
Jun 04 17:21:51 ubuntu devstack@g-api.service[114788]: DEBUG glance_store.location [-] Registering scheme http with {'store': <glance_store._drivers.http.Store object at 0x7064d7609fa0>, 'location_class': <class 'glance_store._drivers.http.StoreLocation'>, 'store_entry': 'http'} {{(pid=114788) register_scheme_map /opt/stack/data/venv/lib/python3.12/site-packages/glance_store/location.py:146}}
Jun 04 17:21:51 ubuntu devstack@g-api.service[114788]: DEBUG glance_store.location [-] Registering scheme https with {'store': <glance_store._drivers.http.Store object at 0x7064d7609fa0>, 'location_class': <class 'glance_store._drivers.http.StoreLocation'>, 'store_entry': 'http'} {{(pid=114788) register_scheme_map /opt/stack/data/venv/lib/python3.12/site-packages/glance_store/location.py:146}}
Jun 04 17:21:51 ubuntu devstack@g-api.service[114788]: DEBUG glance_store.backend [-] Attempting to import store file {{(pid=114788) _load_store /opt/stack/data/venv/lib/python3.12/site-packages/glance_store/backend.py:215}}
Jun 04 17:21:51 ubuntu devstack@g-api.service[114789]: DEBUG glance_store.backend [-] Attempting to import store glance.store.swift.Store {{(pid=114789) _load_store /opt/stack/data/venv/lib/python3.12/site-packages/glance_store/backend.py:215}}
Jun 04 17:21:51 ubuntu devstack@g-api.service[114789]: DEBUG glance_store.backend [-] Attempting to import store glance.store.vmware_datastore.Store {{(pid=114789) _load_store /opt/stack/data/venv/lib/python3.12/site-packages/glance_store/backend.py:215}}
Jun 04 17:21:51 ubuntu devstack@g-api.service[114789]: DEBUG glance_store.backend [-] Attempting to import store http {{(pid=114789) _load_store /opt/stack/data/venv/lib/python3.12/site-packages/glance_store/backend.py:215}}
Jun 04 17:21:51 ubuntu devstack@g-api.service[114788]: DEBUG glance_store.capabilities [-] Store glance_store._drivers.filesystem.Store doesn't support updating dynamic storage capabilities. Please overwrite 'update_capabilities' method of the store to implement updating logics if needed. {{(pid=114788) update_capabilities /opt/stack/data/venv/lib/python3.12/site-packages/glance_store/capabilities.py:91}}
Jun 04 17:21:51 ubuntu devstack@g-api.service[114788]: DEBUG glance_store.backend [-] Registering store file with schemes ('file', 'filesystem') {{(pid=114788) create_stores /opt/stack/data/venv/lib/python3.12/site-packages/glance_store/backend.py:261}}
Jun 04 17:21:51 ubuntu devstack@g-api.service[114788]: DEBUG glance_store.driver [-] Late loading location class glance_store._drivers.filesystem.StoreLocation {{(pid=114788) get_store_location_class /opt/stack/data/venv/lib/python3.12/site-packages/glance_store/driver.py:134}}
Jun 04 17:21:51 ubuntu devstack@g-api.service[114789]: DEBUG glance_store.backend [-] Attempting to import store no_conf {{(pid=114789) _load_store /opt/stack/data/venv/lib/python3.12/site-packages/glance_store/backend.py:215}}
Jun 04 17:21:51 ubuntu devstack@g-api.service[114788]: DEBUG glance_store.location [-] Registering scheme file with {'store': <glance_store._drivers.filesystem.Store object at 0x7064d7d7af60>, 'location_class': <class 'glance_store._drivers.filesystem.StoreLocation'>, 'store_entry': 'file'} {{(pid=114788) register_scheme_map /opt/stack/data/venv/lib/python3.12/site-packages/glance_store/location.py:146}}
Jun 04 17:21:51 ubuntu devstack@g-api.service[114789]: DEBUG glance_store.backend [-] Attempting to import store rbd {{(pid=114789) _load_store /opt/stack/data/venv/lib/python3.12/site-packages/glance_store/backend.py:215}}
Jun 04 17:21:51 ubuntu devstack@g-api.service[114788]: DEBUG glance_store.location [-] Registering scheme filesystem with {'store': <glance_store._drivers.filesystem.Store object at 0x7064d7d7af60>, 'location_class': <class 'glance_store._drivers.filesystem.StoreLocation'>, 'store_entry': 'file'} {{(pid=114788) register_scheme_map /opt/stack/data/venv/lib/python3.12/site-packages/glance_store/location.py:146}}
Jun 04 17:21:51 ubuntu devstack@g-api.service[114789]: DEBUG glance_store.backend [-] Attempting to import store s3 {{(pid=114789) _load_store /opt/stack/data/venv/lib/python3.12/site-packages/glance_store/backend.py:215}}
Jun 04 17:21:51 ubuntu devstack@g-api.service[114789]: DEBUG glance_store.backend [-] Attempting to import store swift {{(pid=114789) _load_store /opt/stack/data/venv/lib/python3.12/site-packages/glance_store/backend.py:215}}
Jun 04 17:21:51 ubuntu devstack@g-api.service[114789]: DEBUG glance_store.backend [-] Attempting to import store vmware {{(pid=114789) _load_store /opt/stack/data/venv/lib/python3.12/site-packages/glance_store/backend.py:215}}
Jun 04 17:21:51 ubuntu devstack@g-api.service[114788]: DEBUG glance.sqlite_migration [-] SQLite caching database not located, skipping migration {{(pid=114788) get_db_path /opt/stack/glance/glance/sqlite_migration.py:68}}
Jun 04 17:21:51 ubuntu devstack@g-api.service[114789]: DEBUG glance_store.backend [-] Registering options for group glance_store {{(pid=114789) register_opts /opt/stack/data/venv/lib/python3.12/site-packages/glance_store/backend.py:144}}
Jun 04 17:21:51 ubuntu devstack@g-api.service[114789]: DEBUG glance_store.backend [-] Registering options for group glance_store {{(pid=114789) register_opts /opt/stack/data/venv/lib/python3.12/site-packages/glance_store/backend.py:144}}
Jun 04 17:21:51 ubuntu devstack@g-api.service[114788]: WARNING glance.common.wsgi_app [-] Import methods are enabled but staging directory /tmp/staging/ does not exist; Imports will fail!
Jun 04 17:21:51 ubuntu devstack@g-api.service[114789]: DEBUG glance_store.backend [-] Attempting to import store http {{(pid=114789) _load_store /opt/stack/data/venv/lib/python3.12/site-packages/glance_store/backend.py:215}}
Jun 04 17:21:51 ubuntu devstack@g-api.service[114789]: DEBUG glance_store.capabilities [-] Store glance_store._drivers.http.Store doesn't support updating dynamic storage capabilities. Please overwrite 'update_capabilities' method of the store to implement updating logics if needed. {{(pid=114789) update_capabilities /opt/stack/data/venv/lib/python3.12/site-packages/glance_store/capabilities.py:91}}
Jun 04 17:21:51 ubuntu devstack@g-api.service[114789]: DEBUG glance_store.backend [-] Registering store http with schemes ('http', 'https') {{(pid=114789) create_stores /opt/stack/data/venv/lib/python3.12/site-packages/glance_store/backend.py:261}}
Jun 04 17:21:51 ubuntu devstack@g-api.service[114789]: DEBUG glance_store.driver [-] Late loading location class glance_store._drivers.http.StoreLocation {{(pid=114789) get_store_location_class /opt/stack/data/venv/lib/python3.12/site-packages/glance_store/driver.py:134}}
Jun 04 17:21:51 ubuntu devstack@g-api.service[114789]: DEBUG glance_store.location [-] Registering scheme http with {'store': <glance_store._drivers.http.Store object at 0x7064d751b170>, 'location_class': <class 'glance_store._drivers.http.StoreLocation'>, 'store_entry': 'http'} {{(pid=114789) register_scheme_map /opt/stack/data/venv/lib/python3.12/site-packages/glance_store/location.py:146}}
Jun 04 17:21:51 ubuntu devstack@g-api.service[114789]: DEBUG glance_store.location [-] Registering scheme https with {'store': <glance_store._drivers.http.Store object at 0x7064d751b170>, 'location_class': <class 'glance_store._drivers.http.StoreLocation'>, 'store_entry': 'http'} {{(pid=114789) register_scheme_map /opt/stack/data/venv/lib/python3.12/site-packages/glance_store/location.py:146}}
Jun 04 17:21:51 ubuntu devstack@g-api.service[114789]: DEBUG glance_store.backend [-] Attempting to import store file {{(pid=114789) _load_store /opt/stack/data/venv/lib/python3.12/site-packages/glance_store/backend.py:215}}
Jun 04 17:21:51 ubuntu devstack@g-api.service[114789]: DEBUG glance_store.capabilities [-] Store glance_store._drivers.filesystem.Store doesn't support updating dynamic storage capabilities. Please overwrite 'update_capabilities' method of the store to implement updating logics if needed. {{(pid=114789) update_capabilities /opt/stack/data/venv/lib/python3.12/site-packages/glance_store/capabilities.py:91}}
Jun 04 17:21:51 ubuntu devstack@g-api.service[114789]: DEBUG glance_store.backend [-] Registering store file with schemes ('file', 'filesystem') {{(pid=114789) create_stores /opt/stack/data/venv/lib/python3.12/site-packages/glance_store/backend.py:261}}
Jun 04 17:21:51 ubuntu devstack@g-api.service[114789]: DEBUG glance_store.driver [-] Late loading location class glance_store._drivers.filesystem.StoreLocation {{(pid=114789) get_store_location_class /opt/stack/data/venv/lib/python3.12/site-packages/glance_store/driver.py:134}}
Jun 04 17:21:51 ubuntu devstack@g-api.service[114789]: DEBUG glance_store.location [-] Registering scheme file with {'store': <glance_store._drivers.filesystem.Store object at 0x7064dc5bddf0>, 'location_class': <class 'glance_store._drivers.filesystem.StoreLocation'>, 'store_entry': 'file'} {{(pid=114789) register_scheme_map /opt/stack/data/venv/lib/python3.12/site-packages/glance_store/location.py:146}}
Jun 04 17:21:51 ubuntu devstack@g-api.service[114789]: DEBUG glance_store.location [-] Registering scheme filesystem with {'store': <glance_store._drivers.filesystem.Store object at 0x7064dc5bddf0>, 'location_class': <class 'glance_store._drivers.filesystem.StoreLocation'>, 'store_entry': 'file'} {{(pid=114789) register_scheme_map /opt/stack/data/venv/lib/python3.12/site-packages/glance_store/location.py:146}}
Jun 04 17:21:51 ubuntu devstack@g-api.service[114789]: DEBUG glance.sqlite_migration [-] SQLite caching database not located, skipping migration {{(pid=114789) get_db_path /opt/stack/glance/glance/sqlite_migration.py:68}}
Jun 04 17:21:51 ubuntu devstack@g-api.service[114789]: WARNING glance.common.wsgi_app [-] Import methods are enabled but staging directory /tmp/staging/ does not exist; Imports will fail!
Jun 04 17:21:52 ubuntu devstack@g-api.service[114788]: DEBUG glance.common.config [None req-15f6b6cf-792d-4a29-b3cd-65f81b06a757 None None] Loading glance-api-keystone+cachemanagement from /etc/glance/glance-api-paste.ini {{(pid=114788) load_paste_app /opt/stack/glance/glance/common/config.py:758}}
Jun 04 17:21:52 ubuntu devstack@g-api.service[114789]: DEBUG glance.common.config [None req-92eec7f2-b321-4b60-80cb-b6f66bd85c76 None None] Loading glance-api-keystone+cachemanagement from /etc/glance/glance-api-paste.ini {{(pid=114789) load_paste_app /opt/stack/glance/glance/common/config.py:758}}
Jun 04 17:21:52 ubuntu devstack@g-api.service[114789]: INFO glance.image_cache [None req-92eec7f2-b321-4b60-80cb-b6f66bd85c76 None None] Image cache loaded driver 'centralized_db'.
Jun 04 17:21:52 ubuntu devstack@g-api.service[114788]: INFO glance.image_cache [None req-15f6b6cf-792d-4a29-b3cd-65f81b06a757 None None] Image cache loaded driver 'centralized_db'.
Jun 04 17:21:52 ubuntu devstack@g-api.service[114789]: INFO dbcounter [None req-92eec7f2-b321-4b60-80cb-b6f66bd85c76 None None] Registered counter for database glance
Jun 04 17:21:52 ubuntu devstack@g-api.service[114788]: INFO dbcounter [None req-15f6b6cf-792d-4a29-b3cd-65f81b06a757 None None] Registered counter for database glance
Jun 04 17:21:52 ubuntu devstack@g-api.service[114789]: DEBUG oslo_db.sqlalchemy.engines [None req-92eec7f2-b321-4b60-80cb-b6f66bd85c76 None None] MySQL server mode set to STRICT_TRANS_TABLES,STRICT_ALL_TABLES,NO_ZERO_IN_DATE,NO_ZERO_DATE,ERROR_FOR_DIVISION_BY_ZERO,TRADITIONAL,NO_ENGINE_SUBSTITUTION {{(pid=114789) _check_effective_sql_mode /opt/stack/data/venv/lib/python3.12/site-packages/oslo_db/sqlalchemy/engines.py:325}}
Jun 04 17:21:52 ubuntu devstack@g-api.service[114788]: DEBUG oslo_db.sqlalchemy.engines [None req-15f6b6cf-792d-4a29-b3cd-65f81b06a757 None None] MySQL server mode set to STRICT_TRANS_TABLES,STRICT_ALL_TABLES,NO_ZERO_IN_DATE,NO_ZERO_DATE,ERROR_FOR_DIVISION_BY_ZERO,TRADITIONAL,NO_ENGINE_SUBSTITUTION {{(pid=114788) _check_effective_sql_mode /opt/stack/data/venv/lib/python3.12/site-packages/oslo_db/sqlalchemy/engines.py:325}}
Jun 04 17:21:52 ubuntu devstack@g-api.service[114789]: DEBUG dbcounter [-] [114789] Writer thread running {{(pid=114789) stat_writer /opt/stack/data/venv/lib/python3.12/site-packages/dbcounter.py:102}}
Jun 04 17:21:52 ubuntu devstack@g-api.service[114789]: INFO glance.image_cache [None req-92eec7f2-b321-4b60-80cb-b6f66bd85c76 None None] Image cache loaded driver 'centralized_db'.
Jun 04 17:21:52 ubuntu devstack@g-api.service[114788]: DEBUG dbcounter [-] [114788] Writer thread running {{(pid=114788) stat_writer /opt/stack/data/venv/lib/python3.12/site-packages/dbcounter.py:102}}
Jun 04 17:21:52 ubuntu devstack@g-api.service[114788]: DEBUG glance.image_cache.drivers.centralized_db [None req-15f6b6cf-792d-4a29-b3cd-65f81b06a757 None None] Node reference is already recorded, ignoring it {{(pid=114788) configure /opt/stack/glance/glance/image_cache/drivers/centralized_db.py:71}}
Jun 04 17:21:52 ubuntu devstack@g-api.service[114789]: DEBUG glance.image_cache.drivers.centralized_db [None req-92eec7f2-b321-4b60-80cb-b6f66bd85c76 None None] Node reference is already recorded, ignoring it {{(pid=114789) configure /opt/stack/glance/glance/image_cache/drivers/centralized_db.py:71}}
Jun 04 17:21:52 ubuntu devstack@g-api.service[114789]: DEBUG glance.api.v2.cached_images [None req-92eec7f2-b321-4b60-80cb-b6f66bd85c76 None None] Started cache worker thread {{(pid=114789) __init__ /opt/stack/glance/glance/api/v2/cached_images.py:69}}
Jun 04 17:21:52 ubuntu devstack@g-api.service[114789]: INFO glance.image_cache [None req-92eec7f2-b321-4b60-80cb-b6f66bd85c76 None None] Image cache loaded driver 'centralized_db'.
Jun 04 17:21:53 ubuntu devstack@g-api.service[114788]: INFO glance.image_cache [None req-15f6b6cf-792d-4a29-b3cd-65f81b06a757 None None] Image cache loaded driver 'centralized_db'.
Jun 04 17:21:53 ubuntu devstack@g-api.service[114789]: DEBUG glance.image_cache.drivers.centralized_db [None req-92eec7f2-b321-4b60-80cb-b6f66bd85c76 None None] Node reference is already recorded, ignoring it {{(pid=114789) configure /opt/stack/glance/glance/image_cache/drivers/centralized_db.py:71}}
Jun 04 17:21:53 ubuntu devstack@g-api.service[114788]: DEBUG glance.image_cache.drivers.centralized_db [None req-15f6b6cf-792d-4a29-b3cd-65f81b06a757 None None] Node reference is already recorded, ignoring it {{(pid=114788) configure /opt/stack/glance/glance/image_cache/drivers/centralized_db.py:71}}
Jun 04 17:21:53 ubuntu devstack@g-api.service[114789]: INFO glance.api.middleware.cache_manage [None req-92eec7f2-b321-4b60-80cb-b6f66bd85c76 None None] Initialized image cache management middleware
Jun 04 17:21:53 ubuntu devstack@g-api.service[114789]: INFO glance.image_cache [None req-92eec7f2-b321-4b60-80cb-b6f66bd85c76 None None] Image cache loaded driver 'centralized_db'.
Jun 04 17:21:53 ubuntu devstack@g-api.service[114788]: DEBUG glance.api.v2.cached_images [None req-15f6b6cf-792d-4a29-b3cd-65f81b06a757 None None] Started cache worker thread {{(pid=114788) __init__ /opt/stack/glance/glance/api/v2/cached_images.py:69}}
Jun 04 17:21:53 ubuntu devstack@g-api.service[114788]: INFO glance.image_cache [None req-15f6b6cf-792d-4a29-b3cd-65f81b06a757 None None] Image cache loaded driver 'centralized_db'.
Jun 04 17:21:53 ubuntu devstack@g-api.service[114788]: DEBUG glance.image_cache.drivers.centralized_db [None req-15f6b6cf-792d-4a29-b3cd-65f81b06a757 None None] Node reference is already recorded, ignoring it {{(pid=114788) configure /opt/stack/glance/glance/image_cache/drivers/centralized_db.py:71}}
Jun 04 17:21:53 ubuntu devstack@g-api.service[114789]: DEBUG glance.image_cache.drivers.centralized_db [None req-92eec7f2-b321-4b60-80cb-b6f66bd85c76 None None] Node reference is already recorded, ignoring it {{(pid=114789) configure /opt/stack/glance/glance/image_cache/drivers/centralized_db.py:71}}
Jun 04 17:21:53 ubuntu devstack@g-api.service[114789]: INFO glance.api.middleware.cache [None req-92eec7f2-b321-4b60-80cb-b6f66bd85c76 None None] Initialized image cache middleware
Jun 04 17:21:53 ubuntu devstack@g-api.service[114788]: INFO glance.api.middleware.cache_manage [None req-15f6b6cf-792d-4a29-b3cd-65f81b06a757 None None] Initialized image cache management middleware
Jun 04 17:21:53 ubuntu devstack@g-api.service[114788]: INFO glance.image_cache [None req-15f6b6cf-792d-4a29-b3cd-65f81b06a757 None None] Image cache loaded driver 'centralized_db'.
Jun 04 17:21:53 ubuntu devstack@g-api.service[114788]: DEBUG glance.image_cache.drivers.centralized_db [None req-15f6b6cf-792d-4a29-b3cd-65f81b06a757 None None] Node reference is already recorded, ignoring it {{(pid=114788) configure /opt/stack/glance/glance/image_cache/drivers/centralized_db.py:71}}
Jun 04 17:21:53 ubuntu devstack@g-api.service[114788]: INFO glance.api.middleware.cache [None req-15f6b6cf-792d-4a29-b3cd-65f81b06a757 None None] Initialized image cache middleware
Jun 04 17:21:53 ubuntu devstack@g-api.service[114788]: DEBUG glance.common.config [None req-15f6b6cf-792d-4a29-b3cd-65f81b06a757 None None] ******************************************************************************** {{(pid=114788) log_opt_values /opt/stack/data/venv/lib/python3.12/site-packages/oslo_config/cfg.py:3229}}
Jun 04 17:21:53 ubuntu devstack@g-api.service[114788]: DEBUG glance.common.config [None req-15f6b6cf-792d-4a29-b3cd-65f81b06a757 None None] Configuration options gathered from: {{(pid=114788) log_opt_values /opt/stack/data/venv/lib/python3.12/site-packages/oslo_config/cfg.py:3230}}
Jun 04 17:21:53 ubuntu devstack@g-api.service[114788]: DEBUG glance.common.config [None req-15f6b6cf-792d-4a29-b3cd-65f81b06a757 None None] command line args: [] {{(pid=114788) log_opt_values /opt/stack/data/venv/lib/python3.12/site-packages/oslo_config/cfg.py:3231}}
Jun 04 17:21:53 ubuntu devstack@g-api.service[114788]: DEBUG glance.common.config [None req-15f6b6cf-792d-4a29-b3cd-65f81b06a757 None None] config files: ['/etc/glance/glance-image-import.conf', '/etc/glance/glance-api.conf'] {{(pid=114788) log_opt_values /opt/stack/data/venv/lib/python3.12/site-packages/oslo_config/cfg.py:3232}}
Jun 04 17:21:53 ubuntu devstack@g-api.service[114788]: DEBUG glance.common.config [None req-15f6b6cf-792d-4a29-b3cd-65f81b06a757 None None] ================================================================================ {{(pid=114788) log_opt_values /opt/stack/data/venv/lib/python3.12/site-packages/oslo_config/cfg.py:3237}}
Jun 04 17:21:53 ubuntu devstack@g-api.service[114788]: DEBUG glance.common.config [None req-15f6b6cf-792d-4a29-b3cd-65f81b06a757 None None] allow_anonymous_access         = False {{(pid=114788) log_opt_values /opt/stack/data/venv/lib/python3.12/site-packages/oslo_config/cfg.py:3245}}
Jun 04 17:21:53 ubuntu devstack@g-api.service[114788]: DEBUG glance.common.config [None req-15f6b6cf-792d-4a29-b3cd-65f81b06a757 None None] api_limit_max                  = 1000 {{(pid=114788) log_opt_values /opt/stack/data/venv/lib/python3.12/site-packages/oslo_config/cfg.py:3245}}
Jun 04 17:21:53 ubuntu devstack@g-api.service[114788]: DEBUG glance.common.config [None req-15f6b6cf-792d-4a29-b3cd-65f81b06a757 None None] backlog                        = 4096 {{(pid=114788) log_opt_values /opt/stack/data/venv/lib/python3.12/site-packages/oslo_config/cfg.py:3245}}
Jun 04 17:21:53 ubuntu devstack@g-api.service[114788]: DEBUG glance.common.config [None req-15f6b6cf-792d-4a29-b3cd-65f81b06a757 None None] bind_host                      = 0.0.0.0 {{(pid=114788) log_opt_values /opt/stack/data/venv/lib/python3.12/site-packages/oslo_config/cfg.py:3245}}
Jun 04 17:21:53 ubuntu devstack@g-api.service[114788]: DEBUG glance.common.config [None req-15f6b6cf-792d-4a29-b3cd-65f81b06a757 None None] bind_port                      = None {{(pid=114788) log_opt_values /opt/stack/data/venv/lib/python3.12/site-packages/oslo_config/cfg.py:3245}}
Jun 04 17:21:53 ubuntu devstack@g-api.service[114788]: DEBUG glance.common.config [None req-15f6b6cf-792d-4a29-b3cd-65f81b06a757 None None] client_socket_timeout          = 900 {{(pid=114788) log_opt_values /opt/stack/data/venv/lib/python3.12/site-packages/oslo_config/cfg.py:3245}}
Jun 04 17:21:53 ubuntu devstack@g-api.service[114788]: DEBUG glance.common.config [None req-15f6b6cf-792d-4a29-b3cd-65f81b06a757 None None] config_dir                     = [] {{(pid=114788) log_opt_values /opt/stack/data/venv/lib/python3.12/site-packages/oslo_config/cfg.py:3245}}
Jun 04 17:21:53 ubuntu devstack@g-api.service[114788]: DEBUG glance.common.config [None req-15f6b6cf-792d-4a29-b3cd-65f81b06a757 None None] config_file                    = ['/etc/glance/glance-image-import.conf', '/etc/glance/glance-api.conf'] {{(pid=114788) log_opt_values /opt/stack/data/venv/lib/python3.12/site-packages/oslo_config/cfg.py:3245}}
Jun 04 17:21:53 ubuntu devstack@g-api.service[114788]: DEBUG glance.common.config [None req-15f6b6cf-792d-4a29-b3cd-65f81b06a757 None None] config_source                  = [] {{(pid=114788) log_opt_values /opt/stack/data/venv/lib/python3.12/site-packages/oslo_config/cfg.py:3245}}
Jun 04 17:21:53 ubuntu devstack@g-api.service[114788]: DEBUG glance.common.config [None req-15f6b6cf-792d-4a29-b3cd-65f81b06a757 None None] control_exchange               = glance {{(pid=114788) log_opt_values /opt/stack/data/venv/lib/python3.12/site-packages/oslo_config/cfg.py:3245}}
Jun 04 17:21:53 ubuntu devstack@g-api.service[114788]: DEBUG glance.common.config [None req-15f6b6cf-792d-4a29-b3cd-65f81b06a757 None None] debug                          = True {{(pid=114788) log_opt_values /opt/stack/data/venv/lib/python3.12/site-packages/oslo_config/cfg.py:3245}}
Jun 04 17:21:53 ubuntu devstack@g-api.service[114788]: DEBUG glance.common.config [None req-15f6b6cf-792d-4a29-b3cd-65f81b06a757 None None] default_log_levels             = ['amqp=WARN', 'boto=WARN', 'sqlalchemy=WARN', 'suds=INFO', 'oslo.messaging=INFO', 'oslo_messaging=INFO', 'iso8601=WARN', 'requests.packages.urllib3.connectionpool=WARN', 'urllib3.connectionpool=WARN', 'websocket=WARN', 'requests.packages.urllib3.util.retry=WARN', 'urllib3.util.retry=WARN', 'keystonemiddleware=WARN', 'routes.middleware=WARN', 'stevedore=WARN', 'taskflow=WARN', 'keystoneauth=WARN', 'oslo.cache=INFO', 'oslo_policy=INFO', 'dogpile.core.dogpile=INFO'] {{(pid=114788) log_opt_values /opt/stack/data/venv/lib/python3.12/site-packages/oslo_config/cfg.py:3245}}
Jun 04 17:21:53 ubuntu devstack@g-api.service[114788]: DEBUG glance.common.config [None req-15f6b6cf-792d-4a29-b3cd-65f81b06a757 None None] default_publisher_id           = image.localhost {{(pid=114788) log_opt_values /opt/stack/data/venv/lib/python3.12/site-packages/oslo_config/cfg.py:3245}}
Jun 04 17:21:53 ubuntu devstack@g-api.service[114788]: DEBUG glance.common.config [None req-15f6b6cf-792d-4a29-b3cd-65f81b06a757 None None] delayed_delete                 = False {{(pid=114788) log_opt_values /opt/stack/data/venv/lib/python3.12/site-packages/oslo_config/cfg.py:3245}}
Jun 04 17:21:53 ubuntu devstack@g-api.service[114788]: DEBUG glance.common.config [None req-15f6b6cf-792d-4a29-b3cd-65f81b06a757 None None] digest_algorithm               = sha256 {{(pid=114788) log_opt_values /opt/stack/data/venv/lib/python3.12/site-packages/oslo_config/cfg.py:3245}}
Jun 04 17:21:53 ubuntu devstack@g-api.service[114788]: DEBUG glance.common.config [None req-15f6b6cf-792d-4a29-b3cd-65f81b06a757 None None] disabled_notifications         = [] {{(pid=114788) log_opt_values /opt/stack/data/venv/lib/python3.12/site-packages/oslo_config/cfg.py:3245}}
Jun 04 17:21:53 ubuntu devstack@g-api.service[114788]: DEBUG glance.common.config [None req-15f6b6cf-792d-4a29-b3cd-65f81b06a757 None None] do_secure_hash                 = True {{(pid=114788) log_opt_values /opt/stack/data/venv/lib/python3.12/site-packages/oslo_config/cfg.py:3245}}
Jun 04 17:21:53 ubuntu devstack@g-api.service[114788]: DEBUG glance.common.config [None req-15f6b6cf-792d-4a29-b3cd-65f81b06a757 None None] enabled_backends               = None {{(pid=114788) log_opt_values /opt/stack/data/venv/lib/python3.12/site-packages/oslo_config/cfg.py:3245}}
Jun 04 17:21:53 ubuntu devstack@g-api.service[114788]: DEBUG glance.common.config [None req-15f6b6cf-792d-4a29-b3cd-65f81b06a757 None None] enabled_import_methods         = ['glance-direct', 'web-download', 'copy-image'] {{(pid=114788) log_opt_values /opt/stack/data/venv/lib/python3.12/site-packages/oslo_config/cfg.py:3245}}
Jun 04 17:21:53 ubuntu devstack@g-api.service[114788]: DEBUG glance.common.config [None req-15f6b6cf-792d-4a29-b3cd-65f81b06a757 None None] hashing_algorithm              = sha512 {{(pid=114788) log_opt_values /opt/stack/data/venv/lib/python3.12/site-packages/oslo_config/cfg.py:3245}}
Jun 04 17:21:53 ubuntu devstack@g-api.service[114788]: DEBUG glance.common.config [None req-15f6b6cf-792d-4a29-b3cd-65f81b06a757 None None] http_keepalive                 = True {{(pid=114788) log_opt_values /opt/stack/data/venv/lib/python3.12/site-packages/oslo_config/cfg.py:3245}}
Jun 04 17:21:53 ubuntu devstack@g-api.service[114788]: DEBUG glance.common.config [None req-15f6b6cf-792d-4a29-b3cd-65f81b06a757 None None] http_retries                   = 3 {{(pid=114788) log_opt_values /opt/stack/data/venv/lib/python3.12/site-packages/oslo_config/cfg.py:3245}}
Jun 04 17:21:53 ubuntu devstack@g-api.service[114788]: DEBUG glance.common.config [None req-15f6b6cf-792d-4a29-b3cd-65f81b06a757 None None] image_cache_dir                = /opt/stack/data/glance/cache/ {{(pid=114788) log_opt_values /opt/stack/data/venv/lib/python3.12/site-packages/oslo_config/cfg.py:3245}}
Jun 04 17:21:53 ubuntu devstack@g-api.service[114788]: DEBUG glance.common.config [None req-15f6b6cf-792d-4a29-b3cd-65f81b06a757 None None] image_cache_driver             = centralized_db {{(pid=114788) log_opt_values /opt/stack/data/venv/lib/python3.12/site-packages/oslo_config/cfg.py:3245}}
Jun 04 17:21:53 ubuntu devstack@g-api.service[114788]: DEBUG glance.common.config [None req-15f6b6cf-792d-4a29-b3cd-65f81b06a757 None None] image_cache_max_size           = 10737418240 {{(pid=114788) log_opt_values /opt/stack/data/venv/lib/python3.12/site-packages/oslo_config/cfg.py:3245}}
Jun 04 17:21:53 ubuntu devstack@g-api.service[114788]: DEBUG glance.common.config [None req-15f6b6cf-792d-4a29-b3cd-65f81b06a757 None None] image_cache_sqlite_db          = cache.db {{(pid=114788) log_opt_values /opt/stack/data/venv/lib/python3.12/site-packages/oslo_config/cfg.py:3245}}
Jun 04 17:21:53 ubuntu devstack@g-api.service[114788]: DEBUG glance.common.config [None req-15f6b6cf-792d-4a29-b3cd-65f81b06a757 None None] image_cache_stall_time         = 86400 {{(pid=114788) log_opt_values /opt/stack/data/venv/lib/python3.12/site-packages/oslo_config/cfg.py:3245}}
Jun 04 17:21:53 ubuntu devstack@g-api.service[114788]: DEBUG glance.common.config [None req-15f6b6cf-792d-4a29-b3cd-65f81b06a757 None None] image_location_quota           = 10 {{(pid=114788) log_opt_values /opt/stack/data/venv/lib/python3.12/site-packages/oslo_config/cfg.py:3245}}
Jun 04 17:21:53 ubuntu devstack@g-api.service[114788]: DEBUG glance.common.config [None req-15f6b6cf-792d-4a29-b3cd-65f81b06a757 None None] image_member_quota             = 128 {{(pid=114788) log_opt_values /opt/stack/data/venv/lib/python3.12/site-packages/oslo_config/cfg.py:3245}}
Jun 04 17:21:53 ubuntu devstack@g-api.service[114788]: DEBUG glance.common.config [None req-15f6b6cf-792d-4a29-b3cd-65f81b06a757 None None] image_property_quota           = 128 {{(pid=114788) log_opt_values /opt/stack/data/venv/lib/python3.12/site-packages/oslo_config/cfg.py:3245}}
Jun 04 17:21:53 ubuntu devstack@g-api.service[114788]: DEBUG glance.common.config [None req-15f6b6cf-792d-4a29-b3cd-65f81b06a757 None None] image_size_cap                 = 1099511627776 {{(pid=114788) log_opt_values /opt/stack/data/venv/lib/python3.12/site-packages/oslo_config/cfg.py:3245}}
Jun 04 17:21:53 ubuntu devstack@g-api.service[114788]: DEBUG glance.common.config [None req-15f6b6cf-792d-4a29-b3cd-65f81b06a757 None None] image_tag_quota                = 128 {{(pid=114788) log_opt_values /opt/stack/data/venv/lib/python3.12/site-packages/oslo_config/cfg.py:3245}}
Jun 04 17:21:53 ubuntu devstack@g-api.service[114788]: DEBUG glance.common.config [None req-15f6b6cf-792d-4a29-b3cd-65f81b06a757 None None] instance_format                = [instance: %(uuid)s]  {{(pid=114788) log_opt_values /opt/stack/data/venv/lib/python3.12/site-packages/oslo_config/cfg.py:3245}}
Jun 04 17:21:53 ubuntu devstack@g-api.service[114788]: DEBUG glance.common.config [None req-15f6b6cf-792d-4a29-b3cd-65f81b06a757 None None] instance_uuid_format           = [instance: %(uuid)s]  {{(pid=114788) log_opt_values /opt/stack/data/venv/lib/python3.12/site-packages/oslo_config/cfg.py:3245}}
Jun 04 17:21:53 ubuntu devstack@g-api.service[114788]: DEBUG glance.common.config [None req-15f6b6cf-792d-4a29-b3cd-65f81b06a757 None None] limit_param_default            = 25 {{(pid=114788) log_opt_values /opt/stack/data/venv/lib/python3.12/site-packages/oslo_config/cfg.py:3245}}
Jun 04 17:21:53 ubuntu devstack@g-api.service[114788]: DEBUG glance.common.config [None req-15f6b6cf-792d-4a29-b3cd-65f81b06a757 None None] log_color                      = True {{(pid=114788) log_opt_values /opt/stack/data/venv/lib/python3.12/site-packages/oslo_config/cfg.py:3245}}
Jun 04 17:21:53 ubuntu devstack@g-api.service[114788]: DEBUG glance.common.config [None req-15f6b6cf-792d-4a29-b3cd-65f81b06a757 None None] log_config_append              = None {{(pid=114788) log_opt_values /opt/stack/data/venv/lib/python3.12/site-packages/oslo_config/cfg.py:3245}}
Jun 04 17:21:53 ubuntu devstack@g-api.service[114788]: DEBUG glance.common.config [None req-15f6b6cf-792d-4a29-b3cd-65f81b06a757 None None] log_date_format                = %Y-%m-%d %H:%M:%S {{(pid=114788) log_opt_values /opt/stack/data/venv/lib/python3.12/site-packages/oslo_config/cfg.py:3245}}
Jun 04 17:21:53 ubuntu devstack@g-api.service[114788]: DEBUG glance.common.config [None req-15f6b6cf-792d-4a29-b3cd-65f81b06a757 None None] log_dir                        = None {{(pid=114788) log_opt_values /opt/stack/data/venv/lib/python3.12/site-packages/oslo_config/cfg.py:3245}}
Jun 04 17:21:53 ubuntu devstack@g-api.service[114788]: DEBUG glance.common.config [None req-15f6b6cf-792d-4a29-b3cd-65f81b06a757 None None] log_file                       = None {{(pid=114788) log_opt_values /opt/stack/data/venv/lib/python3.12/site-packages/oslo_config/cfg.py:3245}}
Jun 04 17:21:53 ubuntu devstack@g-api.service[114788]: DEBUG glance.common.config [None req-15f6b6cf-792d-4a29-b3cd-65f81b06a757 None None] log_rotate_interval            = 1 {{(pid=114788) log_opt_values /opt/stack/data/venv/lib/python3.12/site-packages/oslo_config/cfg.py:3245}}
Jun 04 17:21:53 ubuntu devstack@g-api.service[114788]: DEBUG glance.common.config [None req-15f6b6cf-792d-4a29-b3cd-65f81b06a757 None None] log_rotate_interval_type       = days {{(pid=114788) log_opt_values /opt/stack/data/venv/lib/python3.12/site-packages/oslo_config/cfg.py:3245}}
Jun 04 17:21:53 ubuntu devstack@g-api.service[114788]: DEBUG glance.common.config [None req-15f6b6cf-792d-4a29-b3cd-65f81b06a757 None None] log_rotation_type              = none {{(pid=114788) log_opt_values /opt/stack/data/venv/lib/python3.12/site-packages/oslo_config/cfg.py:3245}}
Jun 04 17:21:53 ubuntu devstack@g-api.service[114788]: DEBUG glance.common.config [None req-15f6b6cf-792d-4a29-b3cd-65f81b06a757 None None] logging_context_format_string  = %(color)s%(levelname)s %(name)s [%(global_request_id)s %(request_id)s %(project_name)s %(user_name)s%(color)s] %(instance)s%(color)s%(message)s {{(pid=114788) log_opt_values /opt/stack/data/venv/lib/python3.12/site-packages/oslo_config/cfg.py:3245}}
Jun 04 17:21:53 ubuntu devstack@g-api.service[114788]: DEBUG glance.common.config [None req-15f6b6cf-792d-4a29-b3cd-65f81b06a757 None None] logging_debug_format_suffix    = {{(pid=%(process)d) %(funcName)s %(pathname)s:%(lineno)d}} {{(pid=114788) log_opt_values /opt/stack/data/venv/lib/python3.12/site-packages/oslo_config/cfg.py:3245}}
Jun 04 17:21:53 ubuntu devstack@g-api.service[114788]: DEBUG glance.common.config [None req-15f6b6cf-792d-4a29-b3cd-65f81b06a757 None None] logging_default_format_string  = %(color)s%(levelname)s %(name)s [-%(color)s] %(instance)s%(color)s%(message)s {{(pid=114788) log_opt_values /opt/stack/data/venv/lib/python3.12/site-packages/oslo_config/cfg.py:3245}}
Jun 04 17:21:53 ubuntu devstack@g-api.service[114788]: DEBUG glance.common.config [None req-15f6b6cf-792d-4a29-b3cd-65f81b06a757 None None] logging_exception_prefix       = ERROR %(name)s %(instance)s {{(pid=114788) log_opt_values /opt/stack/data/venv/lib/python3.12/site-packages/oslo_config/cfg.py:3245}}
Jun 04 17:21:53 ubuntu devstack@g-api.service[114788]: DEBUG glance.common.config [None req-15f6b6cf-792d-4a29-b3cd-65f81b06a757 None None] logging_user_identity_format   = %(user)s %(project)s %(domain)s %(system_scope)s %(user_domain)s %(project_domain)s {{(pid=114788) log_opt_values /opt/stack/data/venv/lib/python3.12/site-packages/oslo_config/cfg.py:3245}}
Jun 04 17:21:53 ubuntu devstack@g-api.service[114788]: DEBUG glance.common.config [None req-15f6b6cf-792d-4a29-b3cd-65f81b06a757 None None] max_header_line                = 16384 {{(pid=114788) log_opt_values /opt/stack/data/venv/lib/python3.12/site-packages/oslo_config/cfg.py:3245}}
Jun 04 17:21:53 ubuntu devstack@g-api.service[114788]: DEBUG glance.common.config [None req-15f6b6cf-792d-4a29-b3cd-65f81b06a757 None None] max_logfile_count              = 30 {{(pid=114788) log_opt_values /opt/stack/data/venv/lib/python3.12/site-packages/oslo_config/cfg.py:3245}}
Jun 04 17:21:53 ubuntu devstack@g-api.service[114788]: DEBUG glance.common.config [None req-15f6b6cf-792d-4a29-b3cd-65f81b06a757 None None] max_logfile_size_mb            = 200 {{(pid=114788) log_opt_values /opt/stack/data/venv/lib/python3.12/site-packages/oslo_config/cfg.py:3245}}
Jun 04 17:21:53 ubuntu devstack@g-api.service[114788]: DEBUG glance.common.config [None req-15f6b6cf-792d-4a29-b3cd-65f81b06a757 None None] max_request_id_length          = 64 {{(pid=114788) log_opt_values /opt/stack/data/venv/lib/python3.12/site-packages/oslo_config/cfg.py:3245}}
Jun 04 17:21:53 ubuntu devstack@g-api.service[114788]: DEBUG glance.common.config [None req-15f6b6cf-792d-4a29-b3cd-65f81b06a757 None None] metadata_encryption_key        = **** {{(pid=114788) log_opt_values /opt/stack/data/venv/lib/python3.12/site-packages/oslo_config/cfg.py:3245}}
Jun 04 17:21:53 ubuntu devstack@g-api.service[114788]: DEBUG glance.common.config [None req-15f6b6cf-792d-4a29-b3cd-65f81b06a757 None None] node_staging_uri               = file:///tmp/staging/ {{(pid=114788) log_opt_values /opt/stack/data/venv/lib/python3.12/site-packages/oslo_config/cfg.py:3245}}
Jun 04 17:21:53 ubuntu devstack@g-api.service[114788]: DEBUG glance.common.config [None req-15f6b6cf-792d-4a29-b3cd-65f81b06a757 None None] property_protection_file       = None {{(pid=114788) log_opt_values /opt/stack/data/venv/lib/python3.12/site-packages/oslo_config/cfg.py:3245}}
Jun 04 17:21:53 ubuntu devstack@g-api.service[114788]: DEBUG glance.common.config [None req-15f6b6cf-792d-4a29-b3cd-65f81b06a757 None None] property_protection_rule_format = roles {{(pid=114788) log_opt_values /opt/stack/data/venv/lib/python3.12/site-packages/oslo_config/cfg.py:3245}}
Jun 04 17:21:53 ubuntu devstack@g-api.service[114788]: DEBUG glance.common.config [None req-15f6b6cf-792d-4a29-b3cd-65f81b06a757 None None] public_endpoint                = http://10.201.5.127/image {{(pid=114788) log_opt_values /opt/stack/data/venv/lib/python3.12/site-packages/oslo_config/cfg.py:3245}}
Jun 04 17:21:53 ubuntu devstack@g-api.service[114788]: DEBUG glance.common.config [None req-15f6b6cf-792d-4a29-b3cd-65f81b06a757 None None] publish_errors                 = False {{(pid=114788) log_opt_values /opt/stack/data/venv/lib/python3.12/site-packages/oslo_config/cfg.py:3245}}
Jun 04 17:21:53 ubuntu devstack@g-api.service[114788]: DEBUG glance.common.config [None req-15f6b6cf-792d-4a29-b3cd-65f81b06a757 None None] pydev_worker_debug_host        = None {{(pid=114788) log_opt_values /opt/stack/data/venv/lib/python3.12/site-packages/oslo_config/cfg.py:3245}}
Jun 04 17:21:53 ubuntu devstack@g-api.service[114788]: DEBUG glance.common.config [None req-15f6b6cf-792d-4a29-b3cd-65f81b06a757 None None] pydev_worker_debug_port        = 5678 {{(pid=114788) log_opt_values /opt/stack/data/venv/lib/python3.12/site-packages/oslo_config/cfg.py:3245}}
Jun 04 17:21:53 ubuntu devstack@g-api.service[114788]: DEBUG glance.common.config [None req-15f6b6cf-792d-4a29-b3cd-65f81b06a757 None None] rate_limit_burst               = 0 {{(pid=114788) log_opt_values /opt/stack/data/venv/lib/python3.12/site-packages/oslo_config/cfg.py:3245}}
