Apr 23 21:22:39 ubuntu devstack@keystone.service[67842]: DEBUG keystone.server.flask.request_processing.middleware.auth_context [None req-2d8d5cea-760d-4e2b-b2d5-055c9c808f37 None admin] RBAC: auth_context: {'token': <TokenModel (audit_id=VgL6o7ixTC6L0gAqAquykQ, audit_chain_id=['VgL6o7ixTC6L0gAqAquykQ']) at 0x7a5ab27ed0d0>, 'domain_id': None, 'trust_id': None, 'trustor_id': None, 'trustee_id': None, 'domain_name': None, 'group_ids': [], 'user_id': 'df74b835952f4905be541931f98ba30a', 'user_domain_id': 'default', 'system_scope': 'all', 'project_id': None, 'project_domain_id': None, 'roles': ['admin', 'manager', 'member', 'reader'], 'is_admin_project': True, 'service_user_id': None, 'service_user_domain_id': None, 'service_project_id': None, 'service_project_domain_id': None, 'service_roles': []} {{(pid=67842) fill_context /opt/stack/keystone/keystone/server/flask/request_processing/middleware/auth_context.py:509}}
Apr 23 21:22:39 ubuntu devstack@keystone.service[67842]: DEBUG keystone.server.flask.request_processing.req_logging [None req-2d8d5cea-760d-4e2b-b2d5-055c9c808f37 None admin] REQUEST_METHOD: `PUT` {{(pid=67842) log_request_info /opt/stack/keystone/keystone/server/flask/request_processing/req_logging.py:26}}
Apr 23 21:22:39 ubuntu devstack@keystone.service[67842]: DEBUG keystone.server.flask.request_processing.req_logging [None req-2d8d5cea-760d-4e2b-b2d5-055c9c808f37 None admin] SCRIPT_NAME: `/identity` {{(pid=67842) log_request_info /opt/stack/keystone/keystone/server/flask/request_processing/req_logging.py:27}}
Apr 23 21:22:39 ubuntu devstack@keystone.service[67842]: DEBUG keystone.server.flask.request_processing.req_logging [None req-2d8d5cea-760d-4e2b-b2d5-055c9c808f37 None admin] PATH_INFO: `/v3/domains/default/users/df74b835952f4905be541931f98ba30a/roles/917f413e5df3484c827e2d62937dd129` {{(pid=67842) log_request_info /opt/stack/keystone/keystone/server/flask/request_processing/req_logging.py:28}}
Apr 23 21:22:39 ubuntu devstack@keystone.service[67842]: DEBUG keystone.common.rbac_enforcer.enforcer [None req-2d8d5cea-760d-4e2b-b2d5-055c9c808f37 None admin] RBAC: Authorizing `identity:create_grant(domain_id=default, user_id=df74b835952f4905be541931f98ba30a, role_id=917f413e5df3484c827e2d62937dd129)` {{(pid=67842) enforce_call /opt/stack/keystone/keystone/common/rbac_enforcer/enforcer.py:494}}
Apr 23 21:22:39 ubuntu devstack@keystone.service[67842]: DEBUG keystone.common.rbac_enforcer.enforcer [None req-2d8d5cea-760d-4e2b-b2d5-055c9c808f37 None admin] RBAC: Authorization granted {{(pid=67842) enforce_call /opt/stack/keystone/keystone/common/rbac_enforcer/enforcer.py:505}}
Apr 23 21:22:39 ubuntu devstack@keystone.service[67841]: DEBUG keystone.server.flask.request_processing.middleware.auth_context [None req-d341c19d-6b61-4c78-9c3f-af5bdf86a59d None admin] Validating token access rules against request {{(pid=67841) validate_allowed_request /opt/stack/data/venv/lib/python3.12/site-packages/keystonemiddleware/auth_token/__init__.py:545}}
Apr 23 21:22:39 ubuntu devstack@keystone.service[67841]: DEBUG keystone.server.flask.request_processing.middleware.auth_context [None req-469e2982-1e03-4f1f-957c-2be9d2e981f4 None admin] RBAC: auth_context: {'token': <TokenModel (audit_id=tgoDfMQhR4CzfcN0JQUTlw, audit_chain_id=['tgoDfMQhR4CzfcN0JQUTlw']) at 0x7a5ab34fb470>, 'domain_id': None, 'trust_id': None, 'trustor_id': None, 'trustee_id': None, 'domain_name': None, 'group_ids': [], 'user_id': 'df74b835952f4905be541931f98ba30a', 'user_domain_id': 'default', 'system_scope': 'all', 'project_id': None, 'project_domain_id': None, 'roles': ['admin', 'manager', 'member', 'reader'], 'is_admin_project': True, 'service_user_id': None, 'service_user_domain_id': None, 'service_project_id': None, 'service_project_domain_id': None, 'service_roles': []} {{(pid=67841) fill_context /opt/stack/keystone/keystone/server/flask/request_processing/middleware/auth_context.py:509}}
Apr 23 21:22:39 ubuntu devstack@keystone.service[67841]: DEBUG keystone.server.flask.request_processing.req_logging [None req-469e2982-1e03-4f1f-957c-2be9d2e981f4 None admin] REQUEST_METHOD: `GET` {{(pid=67841) log_request_info /opt/stack/keystone/keystone/server/flask/request_processing/req_logging.py:26}}
Apr 23 21:22:39 ubuntu devstack@keystone.service[67841]: DEBUG keystone.server.flask.request_processing.req_logging [None req-469e2982-1e03-4f1f-957c-2be9d2e981f4 None admin] SCRIPT_NAME: `/identity` {{(pid=67841) log_request_info /opt/stack/keystone/keystone/server/flask/request_processing/req_logging.py:27}}
Apr 23 21:22:39 ubuntu devstack@keystone.service[67841]: DEBUG keystone.server.flask.request_processing.req_logging [None req-469e2982-1e03-4f1f-957c-2be9d2e981f4 None admin] PATH_INFO: `/v3/domains` {{(pid=67841) log_request_info /opt/stack/keystone/keystone/server/flask/request_processing/req_logging.py:28}}
Apr 23 21:22:39 ubuntu devstack@keystone.service[67841]: DEBUG keystone.common.rbac_enforcer.enforcer [None req-469e2982-1e03-4f1f-957c-2be9d2e981f4 None admin] RBAC: Adding query filter params (name=Default) {{(pid=67841) _extract_filter_values /opt/stack/keystone/keystone/common/rbac_enforcer/enforcer.py:176}}
Apr 23 21:22:39 ubuntu devstack@keystone.service[67841]: DEBUG keystone.common.rbac_enforcer.enforcer [None req-469e2982-1e03-4f1f-957c-2be9d2e981f4 None admin] RBAC: Authorizing `identity:list_domains()` {{(pid=67841) enforce_call /opt/stack/keystone/keystone/common/rbac_enforcer/enforcer.py:494}}
Apr 23 21:22:39 ubuntu devstack@keystone.service[67841]: DEBUG keystone.common.rbac_enforcer.enforcer [None req-469e2982-1e03-4f1f-957c-2be9d2e981f4 None admin] RBAC: Authorization granted {{(pid=67841) enforce_call /opt/stack/keystone/keystone/common/rbac_enforcer/enforcer.py:505}}
Apr 23 21:22:39 ubuntu devstack@keystone.service[67841]: [pid: 67841|app: 0|req: 12/21] 10.120.125.137 () {58 vars in 1190 bytes} [Thu Apr 23 21:22:39 2026] GET /identity/v3/domains?name=Default => generated 310 bytes in 74 msecs (HTTP/1.1 200) 5 headers in 177 bytes (1 switches on core 0)
Apr 23 21:22:39 ubuntu devstack@keystone.service[67842]: [pid: 67842|app: 0|req: 10/22] 10.120.125.137 () {60 vars in 1429 bytes} [Thu Apr 23 21:22:39 2026] PUT /identity/v3/domains/default/users/df74b835952f4905be541931f98ba30a/roles/917f413e5df3484c827e2d62937dd129 => generated 0 bytes in 145 msecs (HTTP/1.1 204) 3 headers in 132 bytes (1 switches on core 0)
Apr 23 21:22:40 ubuntu devstack@keystone.service[67841]: DEBUG keystone.server.flask.request_processing.req_logging [None req-adcbce81-7a2c-464b-8a16-9bcc6047892a None None] REQUEST_METHOD: `GET` {{(pid=67841) log_request_info /opt/stack/keystone/keystone/server/flask/request_processing/req_logging.py:26}}
Apr 23 21:22:40 ubuntu devstack@keystone.service[67841]: DEBUG keystone.server.flask.request_processing.req_logging [None req-adcbce81-7a2c-464b-8a16-9bcc6047892a None None] SCRIPT_NAME: `/identity` {{(pid=67841) log_request_info /opt/stack/keystone/keystone/server/flask/request_processing/req_logging.py:27}}
Apr 23 21:22:40 ubuntu devstack@keystone.service[67841]: DEBUG keystone.server.flask.request_processing.req_logging [None req-adcbce81-7a2c-464b-8a16-9bcc6047892a None None] PATH_INFO: `/` {{(pid=67841) log_request_info /opt/stack/keystone/keystone/server/flask/request_processing/req_logging.py:28}}
Apr 23 21:22:40 ubuntu devstack@keystone.service[67841]: [pid: 67841|app: 0|req: 13/23] 10.120.125.137 () {56 vars in 951 bytes} [Thu Apr 23 21:22:40 2026] GET /identity => generated 271 bytes in 1 msecs (HTTP/1.1 300) 6 headers in 235 bytes (1 switches on core 0)
Apr 23 21:22:40 ubuntu devstack@keystone.service[67842]: DEBUG keystone.server.flask.request_processing.req_logging [None req-fa6940f5-b8e3-4403-bd01-c7f6abe501cc None None] REQUEST_METHOD: `POST` {{(pid=67842) log_request_info /opt/stack/keystone/keystone/server/flask/request_processing/req_logging.py:26}}
Apr 23 21:22:40 ubuntu devstack@keystone.service[67842]: DEBUG keystone.server.flask.request_processing.req_logging [None req-fa6940f5-b8e3-4403-bd01-c7f6abe501cc None None] SCRIPT_NAME: `/identity` {{(pid=67842) log_request_info /opt/stack/keystone/keystone/server/flask/request_processing/req_logging.py:27}}
Apr 23 21:22:40 ubuntu devstack@keystone.service[67842]: DEBUG keystone.server.flask.request_processing.req_logging [None req-fa6940f5-b8e3-4403-bd01-c7f6abe501cc None None] PATH_INFO: `/v3/auth/tokens` {{(pid=67842) log_request_info /opt/stack/keystone/keystone/server/flask/request_processing/req_logging.py:28}}
Apr 23 21:22:40 ubuntu devstack@keystone.service[67842]: WARNING keystone.common.password_hashing [None req-fa6940f5-b8e3-4403-bd01-c7f6abe501cc None None] Truncating password to algorithm specific maximum length 72 characters.
Apr 23 21:22:40 ubuntu devstack@keystone.service[67842]: DEBUG keystone.auth.core [None req-fa6940f5-b8e3-4403-bd01-c7f6abe501cc None None] MFA Rules not processed for user `df74b835952f4905be541931f98ba30a`. Rule list: `[]` (Enabled: `True`). {{(pid=67842) check_auth_methods_against_rules /opt/stack/keystone/keystone/auth/core.py:476}}
Apr 23 21:22:40 ubuntu devstack@keystone.service[67842]: DEBUG keystone.common.fernet_utils [None req-fa6940f5-b8e3-4403-bd01-c7f6abe501cc None None] Loaded 2 Fernet keys from /etc/keystone/fernet-keys/, but `[fernet_tokens] max_active_keys = 3`; perhaps there have not been enough key rotations to reach `max_active_keys` yet? {{(pid=67842) load_keys /opt/stack/keystone/keystone/common/fernet_utils.py:297}}
Apr 23 21:22:40 ubuntu devstack@keystone.service[67842]: [pid: 67842|app: 0|req: 11/24] 10.120.125.137 () {60 vars in 1048 bytes} [Thu Apr 23 21:22:40 2026] POST /identity/v3/auth/tokens => generated 863 bytes in 68 msecs (HTTP/1.1 201) 6 headers in 363 bytes (1 switches on core 0)
Apr 23 21:22:41 ubuntu devstack@keystone.service[67841]: DEBUG keystone.server.flask.request_processing.req_logging [None req-2c7770b8-eab9-41e7-aa65-65e0fb140f6a None None] REQUEST_METHOD: `GET` {{(pid=67841) log_request_info /opt/stack/keystone/keystone/server/flask/request_processing/req_logging.py:26}}
Apr 23 21:22:41 ubuntu devstack@keystone.service[67841]: DEBUG keystone.server.flask.request_processing.req_logging [None req-2c7770b8-eab9-41e7-aa65-65e0fb140f6a None None] SCRIPT_NAME: `/identity` {{(pid=67841) log_request_info /opt/stack/keystone/keystone/server/flask/request_processing/req_logging.py:27}}
Apr 23 21:22:41 ubuntu devstack@keystone.service[67841]: DEBUG keystone.server.flask.request_processing.req_logging [None req-2c7770b8-eab9-41e7-aa65-65e0fb140f6a None None] PATH_INFO: `/` {{(pid=67841) log_request_info /opt/stack/keystone/keystone/server/flask/request_processing/req_logging.py:28}}
Apr 23 21:22:41 ubuntu devstack@keystone.service[67841]: [pid: 67841|app: 0|req: 14/25] 10.120.125.137 () {56 vars in 951 bytes} [Thu Apr 23 21:22:41 2026] GET /identity => generated 271 bytes in 1 msecs (HTTP/1.1 300) 6 headers in 235 bytes (1 switches on core 0)
Apr 23 21:22:41 ubuntu devstack@keystone.service[67842]: DEBUG keystone.server.flask.request_processing.req_logging [None req-df72977f-4077-4c56-9c52-87c680d1b6a3 None None] REQUEST_METHOD: `POST` {{(pid=67842) log_request_info /opt/stack/keystone/keystone/server/flask/request_processing/req_logging.py:26}}
Apr 23 21:22:41 ubuntu devstack@keystone.service[67842]: DEBUG keystone.server.flask.request_processing.req_logging [None req-df72977f-4077-4c56-9c52-87c680d1b6a3 None None] SCRIPT_NAME: `/identity` {{(pid=67842) log_request_info /opt/stack/keystone/keystone/server/flask/request_processing/req_logging.py:27}}
Apr 23 21:22:41 ubuntu devstack@keystone.service[67842]: DEBUG keystone.server.flask.request_processing.req_logging [None req-df72977f-4077-4c56-9c52-87c680d1b6a3 None None] PATH_INFO: `/v3/auth/tokens` {{(pid=67842) log_request_info /opt/stack/keystone/keystone/server/flask/request_processing/req_logging.py:28}}
Apr 23 21:22:41 ubuntu devstack@keystone.service[67842]: WARNING keystone.common.password_hashing [None req-df72977f-4077-4c56-9c52-87c680d1b6a3 None None] Truncating password to algorithm specific maximum length 72 characters.
Apr 23 21:22:41 ubuntu devstack@keystone.service[67842]: DEBUG keystone.auth.core [None req-df72977f-4077-4c56-9c52-87c680d1b6a3 None None] MFA Rules not processed for user `df74b835952f4905be541931f98ba30a`. Rule list: `[]` (Enabled: `True`). {{(pid=67842) check_auth_methods_against_rules /opt/stack/keystone/keystone/auth/core.py:476}}
Apr 23 21:22:41 ubuntu devstack@keystone.service[67842]: DEBUG keystone.common.fernet_utils [None req-df72977f-4077-4c56-9c52-87c680d1b6a3 None None] Loaded 2 Fernet keys from /etc/keystone/fernet-keys/, but `[fernet_tokens] max_active_keys = 3`; perhaps there have not been enough key rotations to reach `max_active_keys` yet? {{(pid=67842) load_keys /opt/stack/keystone/keystone/common/fernet_utils.py:297}}
Apr 23 21:22:41 ubuntu devstack@keystone.service[67842]: [pid: 67842|app: 0|req: 12/26] 10.120.125.137 () {60 vars in 1048 bytes} [Thu Apr 23 21:22:41 2026] POST /identity/v3/auth/tokens => generated 863 bytes in 57 msecs (HTTP/1.1 201) 6 headers in 363 bytes (1 switches on core 0)
Apr 23 21:22:41 ubuntu devstack@keystone.service[67841]: DEBUG keystone.server.flask.request_processing.req_logging [None req-d6a7ff72-1012-496e-9bfb-7d8e4d00bcc2 None None] REQUEST_METHOD: `GET` {{(pid=67841) log_request_info /opt/stack/keystone/keystone/server/flask/request_processing/req_logging.py:26}}
Apr 23 21:22:41 ubuntu devstack@keystone.service[67841]: DEBUG keystone.server.flask.request_processing.req_logging [None req-d6a7ff72-1012-496e-9bfb-7d8e4d00bcc2 None None] SCRIPT_NAME: `/identity` {{(pid=67841) log_request_info /opt/stack/keystone/keystone/server/flask/request_processing/req_logging.py:27}}
Apr 23 21:22:41 ubuntu devstack@keystone.service[67841]: DEBUG keystone.server.flask.request_processing.req_logging [None req-d6a7ff72-1012-496e-9bfb-7d8e4d00bcc2 None None] PATH_INFO: `/` {{(pid=67841) log_request_info /opt/stack/keystone/keystone/server/flask/request_processing/req_logging.py:28}}
Apr 23 21:22:41 ubuntu devstack@keystone.service[67841]: [pid: 67841|app: 0|req: 15/27] 10.120.125.137 () {56 vars in 951 bytes} [Thu Apr 23 21:22:41 2026] GET /identity => generated 271 bytes in 1 msecs (HTTP/1.1 300) 6 headers in 235 bytes (1 switches on core 0)
Apr 23 21:22:41 ubuntu devstack@keystone.service[67842]: DEBUG keystone.server.flask.request_processing.middleware.auth_context [None req-df72977f-4077-4c56-9c52-87c680d1b6a3 None None] Authenticating user token {{(pid=67842) process_request /opt/stack/data/venv/lib/python3.12/site-packages/keystonemiddleware/auth_token/__init__.py:407}}
Apr 23 21:22:41 ubuntu devstack@keystone.service[67841]: DEBUG keystone.server.flask.request_processing.req_logging [None req-2ada9e23-0288-4992-a361-b6853b78a5c5 None None] REQUEST_METHOD: `POST` {{(pid=67841) log_request_info /opt/stack/keystone/keystone/server/flask/request_processing/req_logging.py:26}}
Apr 23 21:22:41 ubuntu devstack@keystone.service[67841]: DEBUG keystone.server.flask.request_processing.req_logging [None req-2ada9e23-0288-4992-a361-b6853b78a5c5 None None] SCRIPT_NAME: `/identity` {{(pid=67841) log_request_info /opt/stack/keystone/keystone/server/flask/request_processing/req_logging.py:27}}
Apr 23 21:22:41 ubuntu devstack@keystone.service[67841]: DEBUG keystone.server.flask.request_processing.req_logging [None req-2ada9e23-0288-4992-a361-b6853b78a5c5 None None] PATH_INFO: `/v3/auth/tokens` {{(pid=67841) log_request_info /opt/stack/keystone/keystone/server/flask/request_processing/req_logging.py:28}}
Apr 23 21:22:41 ubuntu devstack@keystone.service[67841]: WARNING keystone.common.password_hashing [None req-2ada9e23-0288-4992-a361-b6853b78a5c5 None None] Truncating password to algorithm specific maximum length 72 characters.
Apr 23 21:22:41 ubuntu devstack@keystone.service[67842]: DEBUG keystone.server.flask.request_processing.middleware.auth_context [None req-df72977f-4077-4c56-9c52-87c680d1b6a3 None None] Validating token access rules against request {{(pid=67842) validate_allowed_request /opt/stack/data/venv/lib/python3.12/site-packages/keystonemiddleware/auth_token/__init__.py:545}}
Apr 23 21:22:41 ubuntu devstack@keystone.service[67841]: DEBUG keystone.auth.core [None req-2ada9e23-0288-4992-a361-b6853b78a5c5 None None] MFA Rules not processed for user `df74b835952f4905be541931f98ba30a`. Rule list: `[]` (Enabled: `True`). {{(pid=67841) check_auth_methods_against_rules /opt/stack/keystone/keystone/auth/core.py:476}}
Apr 23 21:22:41 ubuntu devstack@keystone.service[67841]: DEBUG keystone.common.fernet_utils [None req-2ada9e23-0288-4992-a361-b6853b78a5c5 None None] Loaded 2 Fernet keys from /etc/keystone/fernet-keys/, but `[fernet_tokens] max_active_keys = 3`; perhaps there have not been enough key rotations to reach `max_active_keys` yet? {{(pid=67841) load_keys /opt/stack/keystone/keystone/common/fernet_utils.py:297}}
Apr 23 21:22:41 ubuntu devstack@keystone.service[67842]: DEBUG keystone.server.flask.request_processing.middleware.auth_context [None req-90c214d8-b14b-43dc-bda6-2d23bf526fbe None admin] RBAC: auth_context: {'token': <TokenModel (audit_id=Sra0brqPSx2uVHVKx-2FDA, audit_chain_id=['Sra0brqPSx2uVHVKx-2FDA']) at 0x7a5ab338c8f0>, 'domain_id': None, 'trust_id': None, 'trustor_id': None, 'trustee_id': None, 'domain_name': None, 'group_ids': [], 'user_id': 'df74b835952f4905be541931f98ba30a', 'user_domain_id': 'default', 'system_scope': 'all', 'project_id': None, 'project_domain_id': None, 'roles': ['admin', 'manager', 'member', 'reader'], 'is_admin_project': True, 'service_user_id': None, 'service_user_domain_id': None, 'service_project_id': None, 'service_project_domain_id': None, 'service_roles': []} {{(pid=67842) fill_context /opt/stack/keystone/keystone/server/flask/request_processing/middleware/auth_context.py:509}}
Apr 23 21:22:41 ubuntu devstack@keystone.service[67842]: DEBUG keystone.server.flask.request_processing.req_logging [None req-90c214d8-b14b-43dc-bda6-2d23bf526fbe None admin] REQUEST_METHOD: `GET` {{(pid=67842) log_request_info /opt/stack/keystone/keystone/server/flask/request_processing/req_logging.py:26}}
Apr 23 21:22:41 ubuntu devstack@keystone.service[67842]: DEBUG keystone.server.flask.request_processing.req_logging [None req-90c214d8-b14b-43dc-bda6-2d23bf526fbe None admin] SCRIPT_NAME: `/identity` {{(pid=67842) log_request_info /opt/stack/keystone/keystone/server/flask/request_processing/req_logging.py:27}}
Apr 23 21:22:41 ubuntu devstack@keystone.service[67842]: DEBUG keystone.server.flask.request_processing.req_logging [None req-90c214d8-b14b-43dc-bda6-2d23bf526fbe None admin] PATH_INFO: `/v3/roles/admin` {{(pid=67842) log_request_info /opt/stack/keystone/keystone/server/flask/request_processing/req_logging.py:28}}
Apr 23 21:22:41 ubuntu devstack@keystone.service[67842]: DEBUG keystone.common.rbac_enforcer.enforcer [None req-90c214d8-b14b-43dc-bda6-2d23bf526fbe None admin] Extracting inferred target data resulted in "NOT FOUND (404)". {{(pid=67842) enforce_call /opt/stack/keystone/keystone/common/rbac_enforcer/enforcer.py:445}}
Apr 23 21:22:41 ubuntu devstack@keystone.service[67842]: DEBUG keystone.server.flask.application [None req-90c214d8-b14b-43dc-bda6-2d23bf526fbe None admin] Could not find role: admin. {{(pid=67842) _handle_keystone_exception /opt/stack/keystone/keystone/server/flask/application.py:146}}
Apr 23 21:22:41 ubuntu devstack@keystone.service[67842]: [pid: 67842|app: 0|req: 13/28] 10.120.125.137 () {58 vars in 1164 bytes} [Thu Apr 23 21:22:41 2026] GET /identity/v3/roles/admin => generated 83 bytes in 88 msecs (HTTP/1.1 404) 5 headers in 183 bytes (1 switches on core 0)
Apr 23 21:22:41 ubuntu devstack@keystone.service[67841]: [pid: 67841|app: 0|req: 16/29] 10.120.125.137 () {60 vars in 1048 bytes} [Thu Apr 23 21:22:41 2026] POST /identity/v3/auth/tokens => generated 863 bytes in 72 msecs (HTTP/1.1 201) 6 headers in 363 bytes (2 switches on core 0)
Apr 23 21:22:41 ubuntu devstack@keystone.service[67842]: DEBUG keystone.server.flask.request_processing.middleware.auth_context [None req-90c214d8-b14b-43dc-bda6-2d23bf526fbe None admin] Authenticating user token {{(pid=67842) process_request /opt/stack/data/venv/lib/python3.12/site-packages/keystonemiddleware/auth_token/__init__.py:407}}
Apr 23 21:22:41 ubuntu devstack@keystone.service[67842]: DEBUG keystone.server.flask.request_processing.middleware.auth_context [None req-90c214d8-b14b-43dc-bda6-2d23bf526fbe None admin] Validating token access rules against request {{(pid=67842) validate_allowed_request /opt/stack/data/venv/lib/python3.12/site-packages/keystonemiddleware/auth_token/__init__.py:545}}
Apr 23 21:22:41 ubuntu devstack@keystone.service[67841]: DEBUG keystone.server.flask.request_processing.req_logging [None req-5e88d8c3-c83c-4f6e-acfb-436c960b11c4 None None] REQUEST_METHOD: `GET` {{(pid=67841) log_request_info /opt/stack/keystone/keystone/server/flask/request_processing/req_logging.py:26}}
Apr 23 21:22:41 ubuntu devstack@keystone.service[67841]: DEBUG keystone.server.flask.request_processing.req_logging [None req-5e88d8c3-c83c-4f6e-acfb-436c960b11c4 None None] SCRIPT_NAME: `/identity` {{(pid=67841) log_request_info /opt/stack/keystone/keystone/server/flask/request_processing/req_logging.py:27}}
Apr 23 21:22:41 ubuntu devstack@keystone.service[67841]: DEBUG keystone.server.flask.request_processing.req_logging [None req-5e88d8c3-c83c-4f6e-acfb-436c960b11c4 None None] PATH_INFO: `/` {{(pid=67841) log_request_info /opt/stack/keystone/keystone/server/flask/request_processing/req_logging.py:28}}
Apr 23 21:22:41 ubuntu devstack@keystone.service[67841]: [pid: 67841|app: 0|req: 17/30] 10.120.125.137 () {56 vars in 951 bytes} [Thu Apr 23 21:22:41 2026] GET /identity => generated 271 bytes in 2 msecs (HTTP/1.1 300) 6 headers in 235 bytes (1 switches on core 0)
Apr 23 21:22:41 ubuntu devstack@keystone.service[67842]: DEBUG keystone.server.flask.request_processing.middleware.auth_context [None req-f25b9f67-6ceb-4de7-b518-eb404e87f169 None admin] RBAC: auth_context: {'token': <TokenModel (audit_id=Sra0brqPSx2uVHVKx-2FDA, audit_chain_id=['Sra0brqPSx2uVHVKx-2FDA']) at 0x7a5ab23fdcd0>, 'domain_id': None, 'trust_id': None, 'trustor_id': None, 'trustee_id': None, 'domain_name': None, 'group_ids': [], 'user_id': 'df74b835952f4905be541931f98ba30a', 'user_domain_id': 'default', 'system_scope': 'all', 'project_id': None, 'project_domain_id': None, 'roles': ['admin', 'manager', 'member', 'reader'], 'is_admin_project': True, 'service_user_id': None, 'service_user_domain_id': None, 'service_project_id': None, 'service_project_domain_id': None, 'service_roles': []} {{(pid=67842) fill_context /opt/stack/keystone/keystone/server/flask/request_processing/middleware/auth_context.py:509}}
Apr 23 21:22:41 ubuntu devstack@keystone.service[67842]: DEBUG keystone.server.flask.request_processing.req_logging [None req-f25b9f67-6ceb-4de7-b518-eb404e87f169 None admin] REQUEST_METHOD: `GET` {{(pid=67842) log_request_info /opt/stack/keystone/keystone/server/flask/request_processing/req_logging.py:26}}
Apr 23 21:22:41 ubuntu devstack@keystone.service[67842]: DEBUG keystone.server.flask.request_processing.req_logging [None req-f25b9f67-6ceb-4de7-b518-eb404e87f169 None admin] SCRIPT_NAME: `/identity` {{(pid=67842) log_request_info /opt/stack/keystone/keystone/server/flask/request_processing/req_logging.py:27}}
Apr 23 21:22:41 ubuntu devstack@keystone.service[67842]: DEBUG keystone.server.flask.request_processing.req_logging [None req-f25b9f67-6ceb-4de7-b518-eb404e87f169 None admin] PATH_INFO: `/v3/roles` {{(pid=67842) log_request_info /opt/stack/keystone/keystone/server/flask/request_processing/req_logging.py:28}}
Apr 23 21:22:41 ubuntu devstack@keystone.service[67842]: DEBUG keystone.common.rbac_enforcer.enforcer [None req-f25b9f67-6ceb-4de7-b518-eb404e87f169 None admin] RBAC: Adding query filter params (name=admin) {{(pid=67842) _extract_filter_values /opt/stack/keystone/keystone/common/rbac_enforcer/enforcer.py:176}}
Apr 23 21:22:41 ubuntu devstack@keystone.service[67842]: DEBUG keystone.common.rbac_enforcer.enforcer [None req-f25b9f67-6ceb-4de7-b518-eb404e87f169 None admin] RBAC: Authorizing `identity:list_roles()` {{(pid=67842) enforce_call /opt/stack/keystone/keystone/common/rbac_enforcer/enforcer.py:494}}
Apr 23 21:22:41 ubuntu devstack@keystone.service[67842]: DEBUG keystone.common.rbac_enforcer.enforcer [None req-f25b9f67-6ceb-4de7-b518-eb404e87f169 None admin] RBAC: Authorization granted {{(pid=67842) enforce_call /opt/stack/keystone/keystone/common/rbac_enforcer/enforcer.py:505}}
Apr 23 21:22:41 ubuntu devstack@keystone.service[67842]: [pid: 67842|app: 0|req: 14/31] 10.120.125.137 () {58 vars in 1180 bytes} [Thu Apr 23 21:22:41 2026] GET /identity/v3/roles?name=admin => generated 341 bytes in 97 msecs (HTTP/1.1 200) 5 headers in 177 bytes (1 switches on core 0)
Apr 23 21:22:41 ubuntu devstack@keystone.service[67841]: DEBUG keystone.server.flask.request_processing.middleware.auth_context [None req-5e88d8c3-c83c-4f6e-acfb-436c960b11c4 None None] Authenticating user token {{(pid=67841) process_request /opt/stack/data/venv/lib/python3.12/site-packages/keystonemiddleware/auth_token/__init__.py:407}}
Apr 23 21:22:41 ubuntu devstack@keystone.service[67842]: DEBUG keystone.server.flask.request_processing.req_logging [None req-c2f882ae-16dc-4af3-b18d-d835f6754406 None None] REQUEST_METHOD: `GET` {{(pid=67842) log_request_info /opt/stack/keystone/keystone/server/flask/request_processing/req_logging.py:26}}
Apr 23 21:22:41 ubuntu devstack@keystone.service[67842]: DEBUG keystone.server.flask.request_processing.req_logging [None req-c2f882ae-16dc-4af3-b18d-d835f6754406 None None] SCRIPT_NAME: `/identity` {{(pid=67842) log_request_info /opt/stack/keystone/keystone/server/flask/request_processing/req_logging.py:27}}
Apr 23 21:22:41 ubuntu devstack@keystone.service[67842]: DEBUG keystone.server.flask.request_processing.req_logging [None req-c2f882ae-16dc-4af3-b18d-d835f6754406 None None] PATH_INFO: `/` {{(pid=67842) log_request_info /opt/stack/keystone/keystone/server/flask/request_processing/req_logging.py:28}}
Apr 23 21:22:41 ubuntu devstack@keystone.service[67842]: [pid: 67842|app: 0|req: 15/32] 10.120.125.137 () {56 vars in 951 bytes} [Thu Apr 23 21:22:41 2026] GET /identity => generated 271 bytes in 1 msecs (HTTP/1.1 300) 6 headers in 235 bytes (1 switches on core 0)
Apr 23 21:22:41 ubuntu devstack@keystone.service[67841]: DEBUG keystone.server.flask.request_processing.middleware.auth_context [None req-5e88d8c3-c83c-4f6e-acfb-436c960b11c4 None None] Validating token access rules against request {{(pid=67841) validate_allowed_request /opt/stack/data/venv/lib/python3.12/site-packages/keystonemiddleware/auth_token/__init__.py:545}}
Apr 23 21:22:41 ubuntu devstack@keystone.service[67841]: DEBUG keystone.server.flask.request_processing.middleware.auth_context [None req-82edf82c-2e9a-4b53-a365-03862fe31b30 None admin] RBAC: auth_context: {'token': <TokenModel (audit_id=Sra0brqPSx2uVHVKx-2FDA, audit_chain_id=['Sra0brqPSx2uVHVKx-2FDA']) at 0x7a5ab27ae8d0>, 'domain_id': None, 'trust_id': None, 'trustor_id': None, 'trustee_id': None, 'domain_name': None, 'group_ids': [], 'user_id': 'df74b835952f4905be541931f98ba30a', 'user_domain_id': 'default', 'system_scope': 'all', 'project_id': None, 'project_domain_id': None, 'roles': ['admin', 'manager', 'member', 'reader'], 'is_admin_project': True, 'service_user_id': None, 'service_user_domain_id': None, 'service_project_id': None, 'service_project_domain_id': None, 'service_roles': []} {{(pid=67841) fill_context /opt/stack/keystone/keystone/server/flask/request_processing/middleware/auth_context.py:509}}
Apr 23 21:22:41 ubuntu devstack@keystone.service[67841]: DEBUG keystone.server.flask.request_processing.req_logging [None req-82edf82c-2e9a-4b53-a365-03862fe31b30 None admin] REQUEST_METHOD: `GET` {{(pid=67841) log_request_info /opt/stack/keystone/keystone/server/flask/request_processing/req_logging.py:26}}
Apr 23 21:22:41 ubuntu devstack@keystone.service[67841]: DEBUG keystone.server.flask.request_processing.req_logging [None req-82edf82c-2e9a-4b53-a365-03862fe31b30 None admin] SCRIPT_NAME: `/identity` {{(pid=67841) log_request_info /opt/stack/keystone/keystone/server/flask/request_processing/req_logging.py:27}}
Apr 23 21:22:41 ubuntu devstack@keystone.service[67842]: DEBUG keystone.server.flask.request_processing.req_logging [None req-f0f58642-4d47-40e8-9599-d335ae101046 None None] REQUEST_METHOD: `POST` {{(pid=67842) log_request_info /opt/stack/keystone/keystone/server/flask/request_processing/req_logging.py:26}}
Apr 23 21:22:41 ubuntu devstack@keystone.service[67841]: DEBUG keystone.server.flask.request_processing.req_logging [None req-82edf82c-2e9a-4b53-a365-03862fe31b30 None admin] PATH_INFO: `/v3/users/df74b835952f4905be541931f98ba30a` {{(pid=67841) log_request_info /opt/stack/keystone/keystone/server/flask/request_processing/req_logging.py:28}}
Apr 23 21:22:41 ubuntu devstack@keystone.service[67842]: DEBUG keystone.server.flask.request_processing.req_logging [None req-f0f58642-4d47-40e8-9599-d335ae101046 None None] SCRIPT_NAME: `/identity` {{(pid=67842) log_request_info /opt/stack/keystone/keystone/server/flask/request_processing/req_logging.py:27}}
Apr 23 21:22:41 ubuntu devstack@keystone.service[67842]: DEBUG keystone.server.flask.request_processing.req_logging [None req-f0f58642-4d47-40e8-9599-d335ae101046 None None] PATH_INFO: `/v3/auth/tokens` {{(pid=67842) log_request_info /opt/stack/keystone/keystone/server/flask/request_processing/req_logging.py:28}}
Apr 23 21:22:41 ubuntu devstack@keystone.service[67841]: DEBUG keystone.common.rbac_enforcer.enforcer [None req-82edf82c-2e9a-4b53-a365-03862fe31b30 None admin] RBAC: Authorizing `identity:get_user(user_id=df74b835952f4905be541931f98ba30a)` {{(pid=67841) enforce_call /opt/stack/keystone/keystone/common/rbac_enforcer/enforcer.py:494}}
Apr 23 21:22:41 ubuntu devstack@keystone.service[67841]: DEBUG keystone.common.rbac_enforcer.enforcer [None req-82edf82c-2e9a-4b53-a365-03862fe31b30 None admin] RBAC: Authorization granted {{(pid=67841) enforce_call /opt/stack/keystone/keystone/common/rbac_enforcer/enforcer.py:505}}
Apr 23 21:22:41 ubuntu devstack@keystone.service[67841]: [pid: 67841|app: 0|req: 18/33] 10.120.125.137 () {58 vars in 1245 bytes} [Thu Apr 23 21:22:41 2026] GET /identity/v3/users/df74b835952f4905be541931f98ba30a => generated 248 bytes in 72 msecs (HTTP/1.1 200) 5 headers in 177 bytes (2 switches on core 0)
Apr 23 21:22:41 ubuntu devstack@keystone.service[67842]: WARNING keystone.common.password_hashing [None req-f0f58642-4d47-40e8-9599-d335ae101046 None None] Truncating password to algorithm specific maximum length 72 characters.
Apr 23 21:22:41 ubuntu devstack@keystone.service[67842]: DEBUG keystone.auth.core [None req-f0f58642-4d47-40e8-9599-d335ae101046 None None] MFA Rules not processed for user `df74b835952f4905be541931f98ba30a`. Rule list: `[]` (Enabled: `True`). {{(pid=67842) check_auth_methods_against_rules /opt/stack/keystone/keystone/auth/core.py:476}}
Apr 23 21:22:41 ubuntu devstack@keystone.service[67842]: DEBUG keystone.common.fernet_utils [None req-f0f58642-4d47-40e8-9599-d335ae101046 None None] Loaded 2 Fernet keys from /etc/keystone/fernet-keys/, but `[fernet_tokens] max_active_keys = 3`; perhaps there have not been enough key rotations to reach `max_active_keys` yet? {{(pid=67842) load_keys /opt/stack/keystone/keystone/common/fernet_utils.py:297}}
Apr 23 21:22:41 ubuntu devstack@keystone.service[67841]: DEBUG keystone.server.flask.request_processing.middleware.auth_context [None req-82edf82c-2e9a-4b53-a365-03862fe31b30 None admin] Authenticating user token {{(pid=67841) process_request /opt/stack/data/venv/lib/python3.12/site-packages/keystonemiddleware/auth_token/__init__.py:407}}
Apr 23 21:22:41 ubuntu devstack@keystone.service[67842]: [pid: 67842|app: 0|req: 16/34] 10.120.125.137 () {60 vars in 1048 bytes} [Thu Apr 23 21:22:41 2026] POST /identity/v3/auth/tokens => generated 863 bytes in 59 msecs (HTTP/1.1 201) 6 headers in 363 bytes (1 switches on core 0)
Apr 23 21:22:41 ubuntu devstack@keystone.service[67842]: DEBUG keystone.server.flask.request_processing.middleware.auth_context [None req-f0f58642-4d47-40e8-9599-d335ae101046 None None] Authenticating user token {{(pid=67842) process_request /opt/stack/data/venv/lib/python3.12/site-packages/keystonemiddleware/auth_token/__init__.py:407}}
Apr 23 21:22:41 ubuntu devstack@keystone.service[67841]: DEBUG keystone.server.flask.request_processing.middleware.auth_context [None req-82edf82c-2e9a-4b53-a365-03862fe31b30 None admin] Validating token access rules against request {{(pid=67841) validate_allowed_request /opt/stack/data/venv/lib/python3.12/site-packages/keystonemiddleware/auth_token/__init__.py:545}}
Apr 23 21:22:41 ubuntu devstack@keystone.service[67842]: DEBUG keystone.server.flask.request_processing.middleware.auth_context [None req-f0f58642-4d47-40e8-9599-d335ae101046 None None] Validating token access rules against request {{(pid=67842) validate_allowed_request /opt/stack/data/venv/lib/python3.12/site-packages/keystonemiddleware/auth_token/__init__.py:545}}
Apr 23 21:22:41 ubuntu devstack@keystone.service[67841]: DEBUG keystone.server.flask.request_processing.middleware.auth_context [None req-e9127111-3219-4de1-bd8b-0dc6e85866df None admin] RBAC: auth_context: {'token': <TokenModel (audit_id=i_rUkQ_QTm-qdxH1uqARiw, audit_chain_id=['i_rUkQ_QTm-qdxH1uqARiw']) at 0x7a5ab3389160>, 'domain_id': None, 'trust_id': None, 'trustor_id': None, 'trustee_id': None, 'domain_name': None, 'group_ids': [], 'user_id': 'df74b835952f4905be541931f98ba30a', 'user_domain_id': 'default', 'system_scope': 'all', 'project_id': None, 'project_domain_id': None, 'roles': ['admin', 'manager', 'member', 'reader'], 'is_admin_project': True, 'service_user_id': None, 'service_user_domain_id': None, 'service_project_id': None, 'service_project_domain_id': None, 'service_roles': []} {{(pid=67841) fill_context /opt/stack/keystone/keystone/server/flask/request_processing/middleware/auth_context.py:509}}
Apr 23 21:22:41 ubuntu devstack@keystone.service[67841]: DEBUG keystone.server.flask.request_processing.req_logging [None req-e9127111-3219-4de1-bd8b-0dc6e85866df None admin] REQUEST_METHOD: `POST` {{(pid=67841) log_request_info /opt/stack/keystone/keystone/server/flask/request_processing/req_logging.py:26}}
Apr 23 21:22:41 ubuntu devstack@keystone.service[67841]: DEBUG keystone.server.flask.request_processing.req_logging [None req-e9127111-3219-4de1-bd8b-0dc6e85866df None admin] SCRIPT_NAME: `/identity` {{(pid=67841) log_request_info /opt/stack/keystone/keystone/server/flask/request_processing/req_logging.py:27}}
Apr 23 21:22:41 ubuntu devstack@keystone.service[67841]: DEBUG keystone.server.flask.request_processing.req_logging [None req-e9127111-3219-4de1-bd8b-0dc6e85866df None admin] PATH_INFO: `/v3/roles` {{(pid=67841) log_request_info /opt/stack/keystone/keystone/server/flask/request_processing/req_logging.py:28}}
Apr 23 21:22:41 ubuntu devstack@keystone.service[67841]: DEBUG keystone.common.rbac_enforcer.enforcer [None req-e9127111-3219-4de1-bd8b-0dc6e85866df None admin] RBAC: Authorizing `identity:create_role()` {{(pid=67841) enforce_call /opt/stack/keystone/keystone/common/rbac_enforcer/enforcer.py:494}}
Apr 23 21:22:41 ubuntu devstack@keystone.service[67841]: DEBUG keystone.common.rbac_enforcer.enforcer [None req-e9127111-3219-4de1-bd8b-0dc6e85866df None admin] RBAC: Authorization granted {{(pid=67841) enforce_call /opt/stack/keystone/keystone/common/rbac_enforcer/enforcer.py:505}}
Apr 23 21:22:41 ubuntu devstack@keystone.service[67842]: DEBUG keystone.server.flask.request_processing.middleware.auth_context [None req-6f6fa780-2649-4433-b3e5-9539144bda37 None admin] RBAC: auth_context: {'token': <TokenModel (audit_id=Sra0brqPSx2uVHVKx-2FDA, audit_chain_id=['Sra0brqPSx2uVHVKx-2FDA']) at 0x7a5ab24267e0>, 'domain_id': None, 'trust_id': None, 'trustor_id': None, 'trustee_id': None, 'domain_name': None, 'group_ids': [], 'user_id': 'df74b835952f4905be541931f98ba30a', 'user_domain_id': 'default', 'system_scope': 'all', 'project_id': None, 'project_domain_id': None, 'roles': ['admin', 'manager', 'member', 'reader'], 'is_admin_project': True, 'service_user_id': None, 'service_user_domain_id': None, 'service_project_id': None, 'service_project_domain_id': None, 'service_roles': []} {{(pid=67842) fill_context /opt/stack/keystone/keystone/server/flask/request_processing/middleware/auth_context.py:509}}
Apr 23 21:22:41 ubuntu devstack@keystone.service[67842]: DEBUG keystone.server.flask.request_processing.req_logging [None req-6f6fa780-2649-4433-b3e5-9539144bda37 None admin] REQUEST_METHOD: `GET` {{(pid=67842) log_request_info /opt/stack/keystone/keystone/server/flask/request_processing/req_logging.py:26}}
Apr 23 21:22:41 ubuntu devstack@keystone.service[67842]: DEBUG keystone.server.flask.request_processing.req_logging [None req-6f6fa780-2649-4433-b3e5-9539144bda37 None admin] SCRIPT_NAME: `/identity` {{(pid=67842) log_request_info /opt/stack/keystone/keystone/server/flask/request_processing/req_logging.py:27}}
Apr 23 21:22:41 ubuntu devstack@keystone.service[67842]: DEBUG keystone.server.flask.request_processing.req_logging [None req-6f6fa780-2649-4433-b3e5-9539144bda37 None admin] PATH_INFO: `/v3/domains/default` {{(pid=67842) log_request_info /opt/stack/keystone/keystone/server/flask/request_processing/req_logging.py:28}}
Apr 23 21:22:41 ubuntu devstack@keystone.service[67842]: DEBUG keystone.common.rbac_enforcer.enforcer [None req-6f6fa780-2649-4433-b3e5-9539144bda37 None admin] RBAC: Authorizing `identity:get_domain(domain_id=default)` {{(pid=67842) enforce_call /opt/stack/keystone/keystone/common/rbac_enforcer/enforcer.py:494}}
Apr 23 21:22:41 ubuntu devstack@keystone.service[67841]: DEBUG keystone.common.sql.core [None req-e9127111-3219-4de1-bd8b-0dc6e85866df None admin] Conflict role: (pymysql.err.IntegrityError) (1062, "Duplicate entry 'service-<<null>>' for key 'role.ixu_role_name_domain_id'")
Apr 23 21:22:41 ubuntu devstack@keystone.service[67841]: [SQL: INSERT INTO `role` (id, name, description, extra) VALUES (%(id)s, %(name)s, %(description)s, %(extra)s)]
Apr 23 21:22:41 ubuntu devstack@keystone.service[67841]: [parameters: {'id': '9e91e2a1f1154e8a93666e160a83526a', 'name': 'service', 'description': None, 'extra': '{}'}]
Apr 23 21:22:41 ubuntu devstack@keystone.service[67841]: (Background on this error at: https://sqlalche.me/e/20/gkpj) {{(pid=67841) wrapper /opt/stack/keystone/keystone/common/sql/core.py:580}}
Apr 23 21:22:41 ubuntu devstack@keystone.service[67842]: DEBUG keystone.common.rbac_enforcer.enforcer [None req-6f6fa780-2649-4433-b3e5-9539144bda37 None admin] RBAC: Authorization granted {{(pid=67842) enforce_call /opt/stack/keystone/keystone/common/rbac_enforcer/enforcer.py:505}}
Apr 23 21:22:41 ubuntu devstack@keystone.service[67842]: [pid: 67842|app: 0|req: 17/35] 10.120.125.137 () {58 vars in 1176 bytes} [Thu Apr 23 21:22:41 2026] GET /identity/v3/domains/default => generated 200 bytes in 59 msecs (HTTP/1.1 200) 5 headers in 177 bytes (1 switches on core 0)
Apr 23 21:22:41 ubuntu devstack@keystone.service[67842]: DEBUG keystone.server.flask.request_processing.req_logging [None req-a8834e92-8e91-4bb4-8023-23d15847c3d8 None None] REQUEST_METHOD: `POST` {{(pid=67842) log_request_info /opt/stack/keystone/keystone/server/flask/request_processing/req_logging.py:26}}
Apr 23 21:22:41 ubuntu devstack@keystone.service[67842]: DEBUG keystone.server.flask.request_processing.req_logging [None req-a8834e92-8e91-4bb4-8023-23d15847c3d8 None None] SCRIPT_NAME: `/identity` {{(pid=67842) log_request_info /opt/stack/keystone/keystone/server/flask/request_processing/req_logging.py:27}}
Apr 23 21:22:41 ubuntu devstack@keystone.service[67842]: DEBUG keystone.server.flask.request_processing.req_logging [None req-a8834e92-8e91-4bb4-8023-23d15847c3d8 None None] PATH_INFO: `/v3/auth/tokens` {{(pid=67842) log_request_info /opt/stack/keystone/keystone/server/flask/request_processing/req_logging.py:28}}
Apr 23 21:22:41 ubuntu devstack@keystone.service[67842]: WARNING keystone.common.password_hashing [None req-a8834e92-8e91-4bb4-8023-23d15847c3d8 None None] Truncating password to algorithm specific maximum length 72 characters.
Apr 23 21:22:41 ubuntu devstack@keystone.service[67842]: DEBUG keystone.auth.core [None req-a8834e92-8e91-4bb4-8023-23d15847c3d8 None None] MFA Rules not processed for user `df74b835952f4905be541931f98ba30a`. Rule list: `[]` (Enabled: `True`). {{(pid=67842) check_auth_methods_against_rules /opt/stack/keystone/keystone/auth/core.py:476}}
Apr 23 21:22:41 ubuntu devstack@keystone.service[67842]: DEBUG keystone.common.fernet_utils [None req-a8834e92-8e91-4bb4-8023-23d15847c3d8 None None] Loaded 2 Fernet keys from /etc/keystone/fernet-keys/, but `[fernet_tokens] max_active_keys = 3`; perhaps there have not been enough key rotations to reach `max_active_keys` yet? {{(pid=67842) load_keys /opt/stack/keystone/keystone/common/fernet_utils.py:297}}
Apr 23 21:22:41 ubuntu devstack@keystone.service[67841]: ERROR keystone.server.flask.application [None req-e9127111-3219-4de1-bd8b-0dc6e85866df None admin] Conflict occurred attempting to store role - Duplicate entry found with name service.: keystone.exception.Conflict: Conflict occurred attempting to store role - Duplicate entry found with name service.
Apr 23 21:22:41 ubuntu devstack@keystone.service[67841]: ERROR keystone.server.flask.application Traceback (most recent call last):
Apr 23 21:22:41 ubuntu devstack@keystone.service[67841]: ERROR keystone.server.flask.application   File "/opt/stack/data/venv/lib/python3.12/site-packages/sqlalchemy/engine/base.py", line 1967, in _exec_single_context
Apr 23 21:22:41 ubuntu devstack@keystone.service[67841]: ERROR keystone.server.flask.application     self.dialect.do_execute(
Apr 23 21:22:41 ubuntu devstack@keystone.service[67841]: ERROR keystone.server.flask.application   File "/opt/stack/data/venv/lib/python3.12/site-packages/sqlalchemy/engine/default.py", line 952, in do_execute
Apr 23 21:22:41 ubuntu devstack@keystone.service[67841]: ERROR keystone.server.flask.application     cursor.execute(statement, parameters)
Apr 23 21:22:41 ubuntu devstack@keystone.service[67841]: ERROR keystone.server.flask.application   File "/opt/stack/data/venv/lib/python3.12/site-packages/pymysql/cursors.py", line 153, in execute
Apr 23 21:22:41 ubuntu devstack@keystone.service[67841]: ERROR keystone.server.flask.application     result = self._query(query)
Apr 23 21:22:41 ubuntu devstack@keystone.service[67841]: ERROR keystone.server.flask.application              ^^^^^^^^^^^^^^^^^^
Apr 23 21:22:41 ubuntu devstack@keystone.service[67841]: ERROR keystone.server.flask.application   File "/opt/stack/data/venv/lib/python3.12/site-packages/pymysql/cursors.py", line 322, in _query
Apr 23 21:22:41 ubuntu devstack@keystone.service[67841]: ERROR keystone.server.flask.application     conn.query(q)
Apr 23 21:22:41 ubuntu devstack@keystone.service[67841]: ERROR keystone.server.flask.application   File "/opt/stack/data/venv/lib/python3.12/site-packages/pymysql/connections.py", line 575, in query
Apr 23 21:22:41 ubuntu devstack@keystone.service[67841]: ERROR keystone.server.flask.application     self._affected_rows = self._read_query_result(unbuffered=unbuffered)
Apr 23 21:22:41 ubuntu devstack@keystone.service[67841]: ERROR keystone.server.flask.application                           ^^^^^^^^^^^^^^^^^^^^^^^^^^^^^^^^^^^^^^^^^^^^^^
Apr 23 21:22:41 ubuntu devstack@keystone.service[67841]: ERROR keystone.server.flask.application   File "/opt/stack/data/venv/lib/python3.12/site-packages/pymysql/connections.py", line 826, in _read_query_result
Apr 23 21:22:41 ubuntu devstack@keystone.service[67841]: ERROR keystone.server.flask.application     result.read()
Apr 23 21:22:41 ubuntu devstack@keystone.service[67841]: ERROR keystone.server.flask.application   File "/opt/stack/data/venv/lib/python3.12/site-packages/pymysql/connections.py", line 1203, in read
Apr 23 21:22:41 ubuntu devstack@keystone.service[67841]: ERROR keystone.server.flask.application     first_packet = self.connection._read_packet()
Apr 23 21:22:41 ubuntu devstack@keystone.service[67841]: ERROR keystone.server.flask.application                    ^^^^^^^^^^^^^^^^^^^^^^^^^^^^^^
Apr 23 21:22:41 ubuntu devstack@keystone.service[67841]: ERROR keystone.server.flask.application   File "/opt/stack/data/venv/lib/python3.12/site-packages/pymysql/connections.py", line 782, in _read_packet
Apr 23 21:22:41 ubuntu devstack@keystone.service[67841]: ERROR keystone.server.flask.application     packet.raise_for_error()
Apr 23 21:22:41 ubuntu devstack@keystone.service[67841]: ERROR keystone.server.flask.application   File "/opt/stack/data/venv/lib/python3.12/site-packages/pymysql/protocol.py", line 219, in raise_for_error
Apr 23 21:22:41 ubuntu devstack@keystone.service[67841]: ERROR keystone.server.flask.application     err.raise_mysql_exception(self._data)
Apr 23 21:22:41 ubuntu devstack@keystone.service[67841]: ERROR keystone.server.flask.application   File "/opt/stack/data/venv/lib/python3.12/site-packages/pymysql/err.py", line 150, in raise_mysql_exception
Apr 23 21:22:41 ubuntu devstack@keystone.service[67841]: ERROR keystone.server.flask.application     raise errorclass(errno, errval)
Apr 23 21:22:41 ubuntu devstack@keystone.service[67841]: ERROR keystone.server.flask.application pymysql.err.IntegrityError: (1062, "Duplicate entry 'service-<<null>>' for key 'role.ixu_role_name_domain_id'")
Apr 23 21:22:41 ubuntu devstack@keystone.service[67841]: ERROR keystone.server.flask.application 
Apr 23 21:22:41 ubuntu devstack@keystone.service[67841]: ERROR keystone.server.flask.application The above exception was the direct cause of the following exception:
Apr 23 21:22:41 ubuntu devstack@keystone.service[67841]: ERROR keystone.server.flask.application 
Apr 23 21:22:41 ubuntu devstack@keystone.service[67841]: ERROR keystone.server.flask.application Traceback (most recent call last):
Apr 23 21:22:41 ubuntu devstack@keystone.service[67841]: ERROR keystone.server.flask.application   File "/opt/stack/keystone/keystone/common/sql/core.py", line 575, in wrapper
Apr 23 21:22:41 ubuntu devstack@keystone.service[67841]: ERROR keystone.server.flask.application     return method(*args, **kwargs)
Apr 23 21:22:41 ubuntu devstack@keystone.service[67841]: ERROR keystone.server.flask.application            ^^^^^^^^^^^^^^^^^^^^^^^
Apr 23 21:22:41 ubuntu devstack@keystone.service[67841]: ERROR keystone.server.flask.application   File "/opt/stack/keystone/keystone/assignment/role_backends/sql.py", line 25, in create_role
Apr 23 21:22:41 ubuntu devstack@keystone.service[67841]: ERROR keystone.server.flask.application     with sql.session_for_write() as session:
Apr 23 21:22:41 ubuntu devstack@keystone.service[67841]: ERROR keystone.server.flask.application   File "/usr/lib/python3.12/contextlib.py", line 144, in __exit__
Apr 23 21:22:41 ubuntu devstack@keystone.service[67841]: ERROR keystone.server.flask.application     next(self.gen)
Apr 23 21:22:41 ubuntu devstack@keystone.service[67841]: ERROR keystone.server.flask.application   File "/opt/stack/data/venv/lib/python3.12/site-packages/oslo_db/sqlalchemy/enginefacade.py", line 1175, in _transaction_scope
Apr 23 21:22:41 ubuntu devstack@keystone.service[67841]: ERROR keystone.server.flask.application     with current._produce_block(
Apr 23 21:22:41 ubuntu devstack@keystone.service[67841]: ERROR keystone.server.flask.application   File "/usr/lib/python3.12/contextlib.py", line 144, in __exit__
Apr 23 21:22:41 ubuntu devstack@keystone.service[67841]: ERROR keystone.server.flask.application     next(self.gen)
Apr 23 21:22:41 ubuntu devstack@keystone.service[67841]: ERROR keystone.server.flask.application   File "/opt/stack/data/venv/lib/python3.12/site-packages/oslo_db/sqlalchemy/enginefacade.py", line 837, in _session
Apr 23 21:22:41 ubuntu devstack@keystone.service[67841]: ERROR keystone.server.flask.application     with excutils.save_and_reraise_exception():
Apr 23 21:22:41 ubuntu devstack@keystone.service[67841]: ERROR keystone.server.flask.application   File "/opt/stack/data/venv/lib/python3.12/site-packages/oslo_utils/excutils.py", line 271, in __exit__
Apr 23 21:22:41 ubuntu devstack@keystone.service[67841]: ERROR keystone.server.flask.application     self.force_reraise()
Apr 23 21:22:41 ubuntu devstack@keystone.service[67841]: ERROR keystone.server.flask.application   File "/opt/stack/data/venv/lib/python3.12/site-packages/oslo_utils/excutils.py", line 233, in force_reraise
Apr 23 21:22:41 ubuntu devstack@keystone.service[67841]: ERROR keystone.server.flask.application     raise self.value
Apr 23 21:22:41 ubuntu devstack@keystone.service[67841]: ERROR keystone.server.flask.application   File "/opt/stack/data/venv/lib/python3.12/site-packages/oslo_db/sqlalchemy/enginefacade.py", line 835, in _session
Apr 23 21:22:41 ubuntu devstack@keystone.service[67841]: ERROR keystone.server.flask.application     self._end_session_transaction(self.session)
Apr 23 21:22:41 ubuntu devstack@keystone.service[67841]: ERROR keystone.server.flask.application   File "/opt/stack/data/venv/lib/python3.12/site-packages/oslo_db/sqlalchemy/enginefacade.py", line 748, in _end_session_transaction
Apr 23 21:22:41 ubuntu devstack@keystone.service[67841]: ERROR keystone.server.flask.application     session.commit()
Apr 23 21:22:41 ubuntu devstack@keystone.service[67841]: ERROR keystone.server.flask.application   File "/opt/stack/data/venv/lib/python3.12/site-packages/sqlalchemy/orm/session.py", line 2030, in commit
Apr 23 21:22:41 ubuntu devstack@keystone.service[67841]: ERROR keystone.server.flask.application     trans.commit(_to_root=True)
