Apr 24 23:59:41 ubuntu devstack@keystone.service[68932]: ERROR keystone.server.flask.application     cursor.execute(statement, parameters)
Apr 24 23:59:41 ubuntu devstack@keystone.service[68932]: ERROR keystone.server.flask.application   File "/opt/stack/data/venv/lib/python3.12/site-packages/pymysql/cursors.py", line 153, in execute
Apr 24 23:59:41 ubuntu devstack@keystone.service[68932]: ERROR keystone.server.flask.application     result = self._query(query)
Apr 24 23:59:41 ubuntu devstack@keystone.service[68932]: ERROR keystone.server.flask.application              ^^^^^^^^^^^^^^^^^^
Apr 24 23:59:41 ubuntu devstack@keystone.service[68932]: ERROR keystone.server.flask.application   File "/opt/stack/data/venv/lib/python3.12/site-packages/pymysql/cursors.py", line 322, in _query
Apr 24 23:59:41 ubuntu devstack@keystone.service[68932]: ERROR keystone.server.flask.application     conn.query(q)
Apr 24 23:59:41 ubuntu devstack@keystone.service[68932]: ERROR keystone.server.flask.application   File "/opt/stack/data/venv/lib/python3.12/site-packages/pymysql/connections.py", line 575, in query
Apr 24 23:59:41 ubuntu devstack@keystone.service[68932]: ERROR keystone.server.flask.application     self._affected_rows = self._read_query_result(unbuffered=unbuffered)
Apr 24 23:59:41 ubuntu devstack@keystone.service[68932]: ERROR keystone.server.flask.application                           ^^^^^^^^^^^^^^^^^^^^^^^^^^^^^^^^^^^^^^^^^^^^^^
Apr 24 23:59:41 ubuntu devstack@keystone.service[68932]: ERROR keystone.server.flask.application   File "/opt/stack/data/venv/lib/python3.12/site-packages/pymysql/connections.py", line 826, in _read_query_result
Apr 24 23:59:41 ubuntu devstack@keystone.service[68932]: ERROR keystone.server.flask.application     result.read()
Apr 24 23:59:41 ubuntu devstack@keystone.service[68932]: ERROR keystone.server.flask.application   File "/opt/stack/data/venv/lib/python3.12/site-packages/pymysql/connections.py", line 1203, in read
Apr 24 23:59:41 ubuntu devstack@keystone.service[68932]: ERROR keystone.server.flask.application     first_packet = self.connection._read_packet()
Apr 24 23:59:41 ubuntu devstack@keystone.service[68932]: ERROR keystone.server.flask.application                    ^^^^^^^^^^^^^^^^^^^^^^^^^^^^^^
Apr 24 23:59:41 ubuntu devstack@keystone.service[68932]: ERROR keystone.server.flask.application   File "/opt/stack/data/venv/lib/python3.12/site-packages/pymysql/connections.py", line 782, in _read_packet
Apr 24 23:59:41 ubuntu devstack@keystone.service[68932]: ERROR keystone.server.flask.application     packet.raise_for_error()
Apr 24 23:59:41 ubuntu devstack@keystone.service[68932]: ERROR keystone.server.flask.application   File "/opt/stack/data/venv/lib/python3.12/site-packages/pymysql/protocol.py", line 219, in raise_for_error
Apr 24 23:59:41 ubuntu devstack@keystone.service[68932]: ERROR keystone.server.flask.application     err.raise_mysql_exception(self._data)
Apr 24 23:59:41 ubuntu devstack@keystone.service[68932]: ERROR keystone.server.flask.application   File "/opt/stack/data/venv/lib/python3.12/site-packages/pymysql/err.py", line 150, in raise_mysql_exception
Apr 24 23:59:41 ubuntu devstack@keystone.service[68932]: ERROR keystone.server.flask.application     raise errorclass(errno, errval)
Apr 24 23:59:41 ubuntu devstack@keystone.service[68932]: ERROR keystone.server.flask.application oslo_db.exception.DBDuplicateEntry: (pymysql.err.IntegrityError) (1062, "Duplicate entry 'service-<<null>>' for key 'role.ixu_role_name_domain_id'")
Apr 24 23:59:41 ubuntu devstack@keystone.service[68932]: ERROR keystone.server.flask.application [SQL: INSERT INTO `role` (id, name, description, extra) VALUES (%(id)s, %(name)s, %(description)s, %(extra)s)]
Apr 24 23:59:41 ubuntu devstack@keystone.service[68932]: ERROR keystone.server.flask.application [parameters: {'id': '1a646c4ba705435f8fc369905d3b8b72', 'name': 'service', 'description': None, 'extra': '{}'}]
Apr 24 23:59:41 ubuntu devstack@keystone.service[68932]: ERROR keystone.server.flask.application (Background on this error at: https://sqlalche.me/e/20/gkpj)
Apr 24 23:59:41 ubuntu devstack@keystone.service[68932]: ERROR keystone.server.flask.application 
Apr 24 23:59:41 ubuntu devstack@keystone.service[68932]: ERROR keystone.server.flask.application During handling of the above exception, another exception occurred:
Apr 24 23:59:41 ubuntu devstack@keystone.service[68932]: ERROR keystone.server.flask.application 
Apr 24 23:59:41 ubuntu devstack@keystone.service[68932]: ERROR keystone.server.flask.application Traceback (most recent call last):
Apr 24 23:59:41 ubuntu devstack@keystone.service[68932]: ERROR keystone.server.flask.application   File "/opt/stack/data/venv/lib/python3.12/site-packages/flask_restful/__init__.py", line 295, in error_router
Apr 24 23:59:41 ubuntu devstack@keystone.service[68932]: ERROR keystone.server.flask.application     return self.handle_error(e)
Apr 24 23:59:41 ubuntu devstack@keystone.service[68932]: ERROR keystone.server.flask.application            ^^^^^^^^^^^^^^^^^^^^
Apr 24 23:59:41 ubuntu devstack@keystone.service[68932]: ERROR keystone.server.flask.application   File "/opt/stack/data/venv/lib/python3.12/site-packages/flask_restful/__init__.py", line 310, in handle_error
Apr 24 23:59:41 ubuntu devstack@keystone.service[68932]: ERROR keystone.server.flask.application     _handle_flask_propagate_exceptions_config(current_app, e)
Apr 24 23:59:41 ubuntu devstack@keystone.service[68932]: ERROR keystone.server.flask.application   File "/opt/stack/data/venv/lib/python3.12/site-packages/flask/app.py", line 917, in full_dispatch_request
Apr 24 23:59:41 ubuntu devstack@keystone.service[68932]: ERROR keystone.server.flask.application     rv = self.dispatch_request()
Apr 24 23:59:41 ubuntu devstack@keystone.service[68932]: ERROR keystone.server.flask.application          ^^^^^^^^^^^^^^^^^^^^^^^
Apr 24 23:59:41 ubuntu devstack@keystone.service[68932]: ERROR keystone.server.flask.application   File "/opt/stack/data/venv/lib/python3.12/site-packages/flask/app.py", line 902, in dispatch_request
Apr 24 23:59:41 ubuntu devstack@keystone.service[68932]: ERROR keystone.server.flask.application     return self.ensure_sync(self.view_functions[rule.endpoint])(**view_args)  # type: ignore[no-any-return]
Apr 24 23:59:41 ubuntu devstack@keystone.service[68932]: ERROR keystone.server.flask.application            ^^^^^^^^^^^^^^^^^^^^^^^^^^^^^^^^^^^^^^^^^^^^^^^^^^^^^^^^^^^^^^^^^
Apr 24 23:59:41 ubuntu devstack@keystone.service[68932]: ERROR keystone.server.flask.application   File "/opt/stack/data/venv/lib/python3.12/site-packages/flask_restful/__init__.py", line 489, in wrapper
Apr 24 23:59:41 ubuntu devstack@keystone.service[68932]: ERROR keystone.server.flask.application     resp = resource(*args, **kwargs)
Apr 24 23:59:41 ubuntu devstack@keystone.service[68932]: ERROR keystone.server.flask.application            ^^^^^^^^^^^^^^^^^^^^^^^^^
Apr 24 23:59:41 ubuntu devstack@keystone.service[68932]: ERROR keystone.server.flask.application   File "/opt/stack/data/venv/lib/python3.12/site-packages/flask/views.py", line 110, in view
Apr 24 23:59:41 ubuntu devstack@keystone.service[68932]: ERROR keystone.server.flask.application     return current_app.ensure_sync(self.dispatch_request)(**kwargs)  # type: ignore[no-any-return]
Apr 24 23:59:41 ubuntu devstack@keystone.service[68932]: ERROR keystone.server.flask.application            ^^^^^^^^^^^^^^^^^^^^^^^^^^^^^^^^^^^^^^^^^^^^^^^^^^^^^^^^
Apr 24 23:59:41 ubuntu devstack@keystone.service[68932]: ERROR keystone.server.flask.application   File "/opt/stack/data/venv/lib/python3.12/site-packages/flask_restful/__init__.py", line 604, in dispatch_request
Apr 24 23:59:41 ubuntu devstack@keystone.service[68932]: ERROR keystone.server.flask.application     resp = meth(*args, **kwargs)
Apr 24 23:59:41 ubuntu devstack@keystone.service[68932]: ERROR keystone.server.flask.application            ^^^^^^^^^^^^^^^^^^^^^
Apr 24 23:59:41 ubuntu devstack@keystone.service[68932]: ERROR keystone.server.flask.application   File "/opt/stack/keystone/keystone/api/validation/__init__.py", line 86, in wrapper
Apr 24 23:59:41 ubuntu devstack@keystone.service[68932]: ERROR keystone.server.flask.application     return func(*args, **kwargs)
Apr 24 23:59:41 ubuntu devstack@keystone.service[68932]: ERROR keystone.server.flask.application            ^^^^^^^^^^^^^^^^^^^^^
Apr 24 23:59:41 ubuntu devstack@keystone.service[68932]: ERROR keystone.server.flask.application   File "/opt/stack/keystone/keystone/api/validation/__init__.py", line 145, in wrapper
Apr 24 23:59:41 ubuntu devstack@keystone.service[68932]: ERROR keystone.server.flask.application     response = func(*args, **kwargs)
Apr 24 23:59:41 ubuntu devstack@keystone.service[68932]: ERROR keystone.server.flask.application                ^^^^^^^^^^^^^^^^^^^^^
Apr 24 23:59:41 ubuntu devstack@keystone.service[68932]: ERROR keystone.server.flask.application   File "/opt/stack/keystone/keystone/api/roles.py", line 91, in post
Apr 24 23:59:41 ubuntu devstack@keystone.service[68932]: ERROR keystone.server.flask.application     ref = PROVIDERS.role_api.create_role(
Apr 24 23:59:41 ubuntu devstack@keystone.service[68932]: ERROR keystone.server.flask.application           ^^^^^^^^^^^^^^^^^^^^^^^^^^^^^^^
Apr 24 23:59:41 ubuntu devstack@keystone.service[68932]: ERROR keystone.server.flask.application   File "/opt/stack/keystone/keystone/common/manager.py", line 114, in wrapped
Apr 24 23:59:41 ubuntu devstack@keystone.service[68932]: ERROR keystone.server.flask.application     __ret_val = __f(*args, **kwargs)
Apr 24 23:59:41 ubuntu devstack@keystone.service[68932]: ERROR keystone.server.flask.application                 ^^^^^^^^^^^^^^^^^^^^
Apr 24 23:59:41 ubuntu devstack@keystone.service[68932]: ERROR keystone.server.flask.application   File "/opt/stack/keystone/keystone/assignment/core.py", line 1486, in create_role
Apr 24 23:59:41 ubuntu devstack@keystone.service[68932]: ERROR keystone.server.flask.application     ret = self.driver.create_role(role_id, role)
Apr 24 23:59:41 ubuntu devstack@keystone.service[68932]: ERROR keystone.server.flask.application           ^^^^^^^^^^^^^^^^^^^^^^^^^^^^^^^^^^^^^^
Apr 24 23:59:41 ubuntu devstack@keystone.service[68932]: ERROR keystone.server.flask.application   File "/opt/stack/keystone/keystone/common/sql/core.py", line 614, in wrapper
Apr 24 23:59:41 ubuntu devstack@keystone.service[68932]: ERROR keystone.server.flask.application     raise exception.Conflict(type=conflict_type, details=msg)
Apr 24 23:59:41 ubuntu devstack@keystone.service[68932]: ERROR keystone.server.flask.application keystone.exception.Conflict: Conflict occurred attempting to store role - Duplicate entry found with name service.
Apr 24 23:59:41 ubuntu devstack@keystone.service[68932]: ERROR keystone.server.flask.application 
Apr 24 23:59:41 ubuntu devstack@keystone.service[68932]: [pid: 68932|app: 0|req: 19/35] 10.120.125.137 () {62 vars in 1199 bytes} [Fri Apr 24 23:59:41 2026] POST /identity/v3/roles => generated 140 bytes in 93 msecs (HTTP/1.1 409) 5 headers in 183 bytes (1 switches on core 0)
Apr 24 23:59:41 ubuntu devstack@keystone.service[68932]: DEBUG keystone.server.flask.request_processing.req_logging [None req-397d67b0-c36a-4daf-9bcd-3beb3a6be337 None None] REQUEST_METHOD: `POST` {{(pid=68932) log_request_info /opt/stack/keystone/keystone/server/flask/request_processing/req_logging.py:26}}
Apr 24 23:59:41 ubuntu devstack@keystone.service[68932]: DEBUG keystone.server.flask.request_processing.req_logging [None req-397d67b0-c36a-4daf-9bcd-3beb3a6be337 None None] SCRIPT_NAME: `/identity` {{(pid=68932) log_request_info /opt/stack/keystone/keystone/server/flask/request_processing/req_logging.py:27}}
Apr 24 23:59:41 ubuntu devstack@keystone.service[68932]: DEBUG keystone.server.flask.request_processing.req_logging [None req-397d67b0-c36a-4daf-9bcd-3beb3a6be337 None None] PATH_INFO: `/v3/auth/tokens` {{(pid=68932) log_request_info /opt/stack/keystone/keystone/server/flask/request_processing/req_logging.py:28}}
Apr 24 23:59:41 ubuntu devstack@keystone.service[68931]: DEBUG keystone.server.flask.request_processing.middleware.auth_context [None req-40bdd68f-3d89-415f-9deb-320f9bb8fea9 None admin] RBAC: auth_context: {'token': <TokenModel (audit_id=pg2AcTE6RJSHl5A9ZsPnsg, audit_chain_id=['pg2AcTE6RJSHl5A9ZsPnsg']) at 0x7462f81aaed0>, 'domain_id': None, 'trust_id': None, 'trustor_id': None, 'trustee_id': None, 'domain_name': None, 'group_ids': [], 'user_id': '233d6631f8dd492b81a71c2851cccb57', 'user_domain_id': 'default', 'system_scope': 'all', 'project_id': None, 'project_domain_id': None, 'roles': ['admin', 'manager', 'member', 'reader'], 'is_admin_project': True, 'service_user_id': None, 'service_user_domain_id': None, 'service_project_id': None, 'service_project_domain_id': None, 'service_roles': []} {{(pid=68931) fill_context /opt/stack/keystone/keystone/server/flask/request_processing/middleware/auth_context.py:509}}
Apr 24 23:59:41 ubuntu devstack@keystone.service[68931]: DEBUG keystone.server.flask.request_processing.req_logging [None req-40bdd68f-3d89-415f-9deb-320f9bb8fea9 None admin] REQUEST_METHOD: `GET` {{(pid=68931) log_request_info /opt/stack/keystone/keystone/server/flask/request_processing/req_logging.py:26}}
Apr 24 23:59:41 ubuntu devstack@keystone.service[68931]: DEBUG keystone.server.flask.request_processing.req_logging [None req-40bdd68f-3d89-415f-9deb-320f9bb8fea9 None admin] SCRIPT_NAME: `/identity` {{(pid=68931) log_request_info /opt/stack/keystone/keystone/server/flask/request_processing/req_logging.py:27}}
Apr 24 23:59:41 ubuntu devstack@keystone.service[68931]: DEBUG keystone.server.flask.request_processing.req_logging [None req-40bdd68f-3d89-415f-9deb-320f9bb8fea9 None admin] PATH_INFO: `/v3/users/233d6631f8dd492b81a71c2851cccb57` {{(pid=68931) log_request_info /opt/stack/keystone/keystone/server/flask/request_processing/req_logging.py:28}}
Apr 24 23:59:41 ubuntu devstack@keystone.service[68931]: DEBUG keystone.common.rbac_enforcer.enforcer [None req-40bdd68f-3d89-415f-9deb-320f9bb8fea9 None admin] RBAC: Authorizing `identity:get_user(user_id=233d6631f8dd492b81a71c2851cccb57)` {{(pid=68931) enforce_call /opt/stack/keystone/keystone/common/rbac_enforcer/enforcer.py:494}}
Apr 24 23:59:41 ubuntu devstack@keystone.service[68931]: DEBUG keystone.common.rbac_enforcer.enforcer [None req-40bdd68f-3d89-415f-9deb-320f9bb8fea9 None admin] RBAC: Authorization granted {{(pid=68931) enforce_call /opt/stack/keystone/keystone/common/rbac_enforcer/enforcer.py:505}}
Apr 24 23:59:41 ubuntu devstack@keystone.service[68931]: [pid: 68931|app: 0|req: 17/36] 10.120.125.137 () {58 vars in 1245 bytes} [Fri Apr 24 23:59:41 2026] GET /identity/v3/users/233d6631f8dd492b81a71c2851cccb57 => generated 248 bytes in 61 msecs (HTTP/1.1 200) 5 headers in 177 bytes (2 switches on core 0)
Apr 24 23:59:41 ubuntu devstack@keystone.service[68931]: DEBUG keystone.server.flask.request_processing.middleware.auth_context [None req-40bdd68f-3d89-415f-9deb-320f9bb8fea9 None admin] Authenticating user token {{(pid=68931) process_request /opt/stack/data/venv/lib/python3.12/site-packages/keystonemiddleware/auth_token/__init__.py:407}}
Apr 24 23:59:41 ubuntu devstack@keystone.service[68932]: WARNING keystone.common.password_hashing [None req-397d67b0-c36a-4daf-9bcd-3beb3a6be337 None None] Truncating password to algorithm specific maximum length 72 characters.
Apr 24 23:59:41 ubuntu devstack@keystone.service[68932]: DEBUG keystone.auth.core [None req-397d67b0-c36a-4daf-9bcd-3beb3a6be337 None None] MFA Rules not processed for user `233d6631f8dd492b81a71c2851cccb57`. Rule list: `[]` (Enabled: `True`). {{(pid=68932) check_auth_methods_against_rules /opt/stack/keystone/keystone/auth/core.py:476}}
Apr 24 23:59:41 ubuntu devstack@keystone.service[68932]: DEBUG keystone.common.fernet_utils [None req-397d67b0-c36a-4daf-9bcd-3beb3a6be337 None None] Loaded 2 Fernet keys from /etc/keystone/fernet-keys/, but `[fernet_tokens] max_active_keys = 3`; perhaps there have not been enough key rotations to reach `max_active_keys` yet? {{(pid=68932) load_keys /opt/stack/keystone/keystone/common/fernet_utils.py:297}}
Apr 24 23:59:41 ubuntu devstack@keystone.service[68931]: DEBUG keystone.server.flask.request_processing.middleware.auth_context [None req-40bdd68f-3d89-415f-9deb-320f9bb8fea9 None admin] Validating token access rules against request {{(pid=68931) validate_allowed_request /opt/stack/data/venv/lib/python3.12/site-packages/keystonemiddleware/auth_token/__init__.py:545}}
Apr 24 23:59:41 ubuntu devstack@keystone.service[68932]: [pid: 68932|app: 0|req: 20/37] 10.120.125.137 () {60 vars in 1048 bytes} [Fri Apr 24 23:59:41 2026] POST /identity/v3/auth/tokens => generated 863 bytes in 55 msecs (HTTP/1.1 201) 6 headers in 363 bytes (1 switches on core 0)
Apr 24 23:59:41 ubuntu devstack@keystone.service[68932]: DEBUG keystone.server.flask.request_processing.req_logging [None req-ea07599b-9298-44a1-91ee-2af8a45eb76a None None] REQUEST_METHOD: `POST` {{(pid=68932) log_request_info /opt/stack/keystone/keystone/server/flask/request_processing/req_logging.py:26}}
Apr 24 23:59:41 ubuntu devstack@keystone.service[68932]: DEBUG keystone.server.flask.request_processing.req_logging [None req-ea07599b-9298-44a1-91ee-2af8a45eb76a None None] SCRIPT_NAME: `/identity` {{(pid=68932) log_request_info /opt/stack/keystone/keystone/server/flask/request_processing/req_logging.py:27}}
Apr 24 23:59:41 ubuntu devstack@keystone.service[68932]: DEBUG keystone.server.flask.request_processing.req_logging [None req-ea07599b-9298-44a1-91ee-2af8a45eb76a None None] PATH_INFO: `/v3/auth/tokens` {{(pid=68932) log_request_info /opt/stack/keystone/keystone/server/flask/request_processing/req_logging.py:28}}
Apr 24 23:59:41 ubuntu devstack@keystone.service[68931]: DEBUG keystone.server.flask.request_processing.middleware.auth_context [None req-3fc17080-e74f-485b-a844-d72e92dcc9ac None admin] RBAC: auth_context: {'token': <TokenModel (audit_id=xdRZd9VVSB6aFVF_ek3OFg, audit_chain_id=['xdRZd9VVSB6aFVF_ek3OFg']) at 0x7462f817c050>, 'domain_id': None, 'trust_id': None, 'trustor_id': None, 'trustee_id': None, 'domain_name': None, 'group_ids': [], 'user_id': '233d6631f8dd492b81a71c2851cccb57', 'user_domain_id': 'default', 'system_scope': 'all', 'project_id': None, 'project_domain_id': None, 'roles': ['admin', 'manager', 'member', 'reader'], 'is_admin_project': True, 'service_user_id': None, 'service_user_domain_id': None, 'service_project_id': None, 'service_project_domain_id': None, 'service_roles': []} {{(pid=68931) fill_context /opt/stack/keystone/keystone/server/flask/request_processing/middleware/auth_context.py:509}}
Apr 24 23:59:41 ubuntu devstack@keystone.service[68931]: DEBUG keystone.server.flask.request_processing.req_logging [None req-3fc17080-e74f-485b-a844-d72e92dcc9ac None admin] REQUEST_METHOD: `GET` {{(pid=68931) log_request_info /opt/stack/keystone/keystone/server/flask/request_processing/req_logging.py:26}}
Apr 24 23:59:41 ubuntu devstack@keystone.service[68931]: DEBUG keystone.server.flask.request_processing.req_logging [None req-3fc17080-e74f-485b-a844-d72e92dcc9ac None admin] SCRIPT_NAME: `/identity` {{(pid=68931) log_request_info /opt/stack/keystone/keystone/server/flask/request_processing/req_logging.py:27}}
Apr 24 23:59:41 ubuntu devstack@keystone.service[68931]: DEBUG keystone.server.flask.request_processing.req_logging [None req-3fc17080-e74f-485b-a844-d72e92dcc9ac None admin] PATH_INFO: `/v3/domains/Default` {{(pid=68931) log_request_info /opt/stack/keystone/keystone/server/flask/request_processing/req_logging.py:28}}
Apr 24 23:59:41 ubuntu devstack@keystone.service[68932]: WARNING keystone.common.password_hashing [None req-ea07599b-9298-44a1-91ee-2af8a45eb76a None None] Truncating password to algorithm specific maximum length 72 characters.
Apr 24 23:59:41 ubuntu devstack@keystone.service[68931]: DEBUG keystone.common.rbac_enforcer.enforcer [None req-3fc17080-e74f-485b-a844-d72e92dcc9ac None admin] RBAC: Authorizing `identity:get_domain(domain_id=Default)` {{(pid=68931) enforce_call /opt/stack/keystone/keystone/common/rbac_enforcer/enforcer.py:494}}
Apr 24 23:59:41 ubuntu devstack@keystone.service[68931]: DEBUG keystone.common.rbac_enforcer.enforcer [None req-3fc17080-e74f-485b-a844-d72e92dcc9ac None admin] RBAC: Authorization granted {{(pid=68931) enforce_call /opt/stack/keystone/keystone/common/rbac_enforcer/enforcer.py:505}}
Apr 24 23:59:41 ubuntu devstack@keystone.service[68932]: DEBUG keystone.auth.core [None req-ea07599b-9298-44a1-91ee-2af8a45eb76a None None] MFA Rules not processed for user `233d6631f8dd492b81a71c2851cccb57`. Rule list: `[]` (Enabled: `True`). {{(pid=68932) check_auth_methods_against_rules /opt/stack/keystone/keystone/auth/core.py:476}}
Apr 24 23:59:41 ubuntu devstack@keystone.service[68932]: DEBUG keystone.common.fernet_utils [None req-ea07599b-9298-44a1-91ee-2af8a45eb76a None None] Loaded 2 Fernet keys from /etc/keystone/fernet-keys/, but `[fernet_tokens] max_active_keys = 3`; perhaps there have not been enough key rotations to reach `max_active_keys` yet? {{(pid=68932) load_keys /opt/stack/keystone/keystone/common/fernet_utils.py:297}}
Apr 24 23:59:41 ubuntu devstack@keystone.service[68931]: DEBUG keystone.server.flask.application [None req-3fc17080-e74f-485b-a844-d72e92dcc9ac None admin] Could not find domain: Default. {{(pid=68931) _handle_keystone_exception /opt/stack/keystone/keystone/server/flask/application.py:146}}
Apr 24 23:59:41 ubuntu devstack@keystone.service[68931]: [pid: 68931|app: 0|req: 18/38] 10.120.125.137 () {58 vars in 1176 bytes} [Fri Apr 24 23:59:41 2026] GET /identity/v3/domains/Default => generated 87 bytes in 60 msecs (HTTP/1.1 404) 5 headers in 183 bytes (1 switches on core 0)
Apr 24 23:59:41 ubuntu devstack@keystone.service[68931]: DEBUG keystone.server.flask.request_processing.middleware.auth_context [None req-3fc17080-e74f-485b-a844-d72e92dcc9ac None admin] Authenticating user token {{(pid=68931) process_request /opt/stack/data/venv/lib/python3.12/site-packages/keystonemiddleware/auth_token/__init__.py:407}}
Apr 24 23:59:41 ubuntu devstack@keystone.service[68931]: DEBUG keystone.server.flask.request_processing.middleware.auth_context [None req-3fc17080-e74f-485b-a844-d72e92dcc9ac None admin] Validating token access rules against request {{(pid=68931) validate_allowed_request /opt/stack/data/venv/lib/python3.12/site-packages/keystonemiddleware/auth_token/__init__.py:545}}
Apr 24 23:59:41 ubuntu devstack@keystone.service[68932]: [pid: 68932|app: 0|req: 21/39] 10.120.125.137 () {60 vars in 1048 bytes} [Fri Apr 24 23:59:41 2026] POST /identity/v3/auth/tokens => generated 863 bytes in 48 msecs (HTTP/1.1 201) 6 headers in 363 bytes (1 switches on core 0)
Apr 24 23:59:41 ubuntu devstack@keystone.service[68932]: DEBUG keystone.server.flask.request_processing.middleware.auth_context [None req-ea07599b-9298-44a1-91ee-2af8a45eb76a None None] Authenticating user token {{(pid=68932) process_request /opt/stack/data/venv/lib/python3.12/site-packages/keystonemiddleware/auth_token/__init__.py:407}}
Apr 24 23:59:41 ubuntu devstack@keystone.service[68931]: DEBUG keystone.server.flask.request_processing.middleware.auth_context [None req-ee725b53-591f-43e5-8151-80878580d591 None admin] RBAC: auth_context: {'token': <TokenModel (audit_id=OeT3_1QJRTSujSW8G8KLVA, audit_chain_id=['OeT3_1QJRTSujSW8G8KLVA']) at 0x7462f3e10410>, 'domain_id': None, 'trust_id': None, 'trustor_id': None, 'trustee_id': None, 'domain_name': None, 'group_ids': [], 'user_id': '233d6631f8dd492b81a71c2851cccb57', 'user_domain_id': 'default', 'system_scope': 'all', 'project_id': None, 'project_domain_id': None, 'roles': ['admin', 'manager', 'member', 'reader'], 'is_admin_project': True, 'service_user_id': None, 'service_user_domain_id': None, 'service_project_id': None, 'service_project_domain_id': None, 'service_roles': []} {{(pid=68931) fill_context /opt/stack/keystone/keystone/server/flask/request_processing/middleware/auth_context.py:509}}
Apr 24 23:59:41 ubuntu devstack@keystone.service[68931]: DEBUG keystone.server.flask.request_processing.req_logging [None req-ee725b53-591f-43e5-8151-80878580d591 None admin] REQUEST_METHOD: `GET` {{(pid=68931) log_request_info /opt/stack/keystone/keystone/server/flask/request_processing/req_logging.py:26}}
Apr 24 23:59:41 ubuntu devstack@keystone.service[68931]: DEBUG keystone.server.flask.request_processing.req_logging [None req-ee725b53-591f-43e5-8151-80878580d591 None admin] SCRIPT_NAME: `/identity` {{(pid=68931) log_request_info /opt/stack/keystone/keystone/server/flask/request_processing/req_logging.py:27}}
Apr 24 23:59:41 ubuntu devstack@keystone.service[68931]: DEBUG keystone.server.flask.request_processing.req_logging [None req-ee725b53-591f-43e5-8151-80878580d591 None admin] PATH_INFO: `/v3/roles/service` {{(pid=68931) log_request_info /opt/stack/keystone/keystone/server/flask/request_processing/req_logging.py:28}}
Apr 24 23:59:41 ubuntu devstack@keystone.service[68931]: DEBUG keystone.common.rbac_enforcer.enforcer [None req-ee725b53-591f-43e5-8151-80878580d591 None admin] Extracting inferred target data resulted in "NOT FOUND (404)". {{(pid=68931) enforce_call /opt/stack/keystone/keystone/common/rbac_enforcer/enforcer.py:445}}
Apr 24 23:59:41 ubuntu devstack@keystone.service[68931]: DEBUG keystone.server.flask.application [None req-ee725b53-591f-43e5-8151-80878580d591 None admin] Could not find role: service. {{(pid=68931) _handle_keystone_exception /opt/stack/keystone/keystone/server/flask/application.py:146}}
Apr 24 23:59:41 ubuntu devstack@keystone.service[68931]: [pid: 68931|app: 0|req: 19/40] 10.120.125.137 () {58 vars in 1170 bytes} [Fri Apr 24 23:59:41 2026] GET /identity/v3/roles/service => generated 85 bytes in 55 msecs (HTTP/1.1 404) 5 headers in 183 bytes (1 switches on core 0)
Apr 24 23:59:41 ubuntu devstack@keystone.service[68931]: DEBUG keystone.server.flask.request_processing.middleware.auth_context [None req-ee725b53-591f-43e5-8151-80878580d591 None admin] Authenticating user token {{(pid=68931) process_request /opt/stack/data/venv/lib/python3.12/site-packages/keystonemiddleware/auth_token/__init__.py:407}}
Apr 24 23:59:41 ubuntu devstack@keystone.service[68932]: DEBUG keystone.server.flask.request_processing.middleware.auth_context [None req-ea07599b-9298-44a1-91ee-2af8a45eb76a None None] Validating token access rules against request {{(pid=68932) validate_allowed_request /opt/stack/data/venv/lib/python3.12/site-packages/keystonemiddleware/auth_token/__init__.py:545}}
Apr 24 23:59:41 ubuntu devstack@keystone.service[68931]: DEBUG keystone.server.flask.request_processing.middleware.auth_context [None req-ee725b53-591f-43e5-8151-80878580d591 None admin] Validating token access rules against request {{(pid=68931) validate_allowed_request /opt/stack/data/venv/lib/python3.12/site-packages/keystonemiddleware/auth_token/__init__.py:545}}
Apr 24 23:59:41 ubuntu devstack@keystone.service[68932]: DEBUG keystone.server.flask.request_processing.middleware.auth_context [None req-8fa4b0b6-1896-42c1-9ffb-35b74d747916 None admin] RBAC: auth_context: {'token': <TokenModel (audit_id=pg2AcTE6RJSHl5A9ZsPnsg, audit_chain_id=['pg2AcTE6RJSHl5A9ZsPnsg']) at 0x7462f81c2030>, 'domain_id': None, 'trust_id': None, 'trustor_id': None, 'trustee_id': None, 'domain_name': None, 'group_ids': [], 'user_id': '233d6631f8dd492b81a71c2851cccb57', 'user_domain_id': 'default', 'system_scope': 'all', 'project_id': None, 'project_domain_id': None, 'roles': ['admin', 'manager', 'member', 'reader'], 'is_admin_project': True, 'service_user_id': None, 'service_user_domain_id': None, 'service_project_id': None, 'service_project_domain_id': None, 'service_roles': []} {{(pid=68932) fill_context /opt/stack/keystone/keystone/server/flask/request_processing/middleware/auth_context.py:509}}
Apr 24 23:59:41 ubuntu devstack@keystone.service[68932]: DEBUG keystone.server.flask.request_processing.req_logging [None req-8fa4b0b6-1896-42c1-9ffb-35b74d747916 None admin] REQUEST_METHOD: `GET` {{(pid=68932) log_request_info /opt/stack/keystone/keystone/server/flask/request_processing/req_logging.py:26}}
Apr 24 23:59:41 ubuntu devstack@keystone.service[68932]: DEBUG keystone.server.flask.request_processing.req_logging [None req-8fa4b0b6-1896-42c1-9ffb-35b74d747916 None admin] SCRIPT_NAME: `/identity` {{(pid=68932) log_request_info /opt/stack/keystone/keystone/server/flask/request_processing/req_logging.py:27}}
Apr 24 23:59:41 ubuntu devstack@keystone.service[68932]: DEBUG keystone.server.flask.request_processing.req_logging [None req-8fa4b0b6-1896-42c1-9ffb-35b74d747916 None admin] PATH_INFO: `/v3/domains/default` {{(pid=68932) log_request_info /opt/stack/keystone/keystone/server/flask/request_processing/req_logging.py:28}}
Apr 24 23:59:41 ubuntu devstack@keystone.service[68932]: DEBUG keystone.common.rbac_enforcer.enforcer [None req-8fa4b0b6-1896-42c1-9ffb-35b74d747916 None admin] RBAC: Authorizing `identity:get_domain(domain_id=default)` {{(pid=68932) enforce_call /opt/stack/keystone/keystone/common/rbac_enforcer/enforcer.py:494}}
Apr 24 23:59:41 ubuntu devstack@keystone.service[68932]: DEBUG keystone.common.rbac_enforcer.enforcer [None req-8fa4b0b6-1896-42c1-9ffb-35b74d747916 None admin] RBAC: Authorization granted {{(pid=68932) enforce_call /opt/stack/keystone/keystone/common/rbac_enforcer/enforcer.py:505}}
Apr 24 23:59:41 ubuntu devstack@keystone.service[68932]: [pid: 68932|app: 0|req: 22/41] 10.120.125.137 () {58 vars in 1176 bytes} [Fri Apr 24 23:59:41 2026] GET /identity/v3/domains/default => generated 200 bytes in 57 msecs (HTTP/1.1 200) 5 headers in 177 bytes (1 switches on core 0)
Apr 24 23:59:41 ubuntu devstack@keystone.service[68931]: DEBUG keystone.server.flask.request_processing.middleware.auth_context [None req-e5315f28-6314-430c-97d1-9518e25fd123 None admin] RBAC: auth_context: {'token': <TokenModel (audit_id=xdRZd9VVSB6aFVF_ek3OFg, audit_chain_id=['xdRZd9VVSB6aFVF_ek3OFg']) at 0x7462f3e13290>, 'domain_id': None, 'trust_id': None, 'trustor_id': None, 'trustee_id': None, 'domain_name': None, 'group_ids': [], 'user_id': '233d6631f8dd492b81a71c2851cccb57', 'user_domain_id': 'default', 'system_scope': 'all', 'project_id': None, 'project_domain_id': None, 'roles': ['admin', 'manager', 'member', 'reader'], 'is_admin_project': True, 'service_user_id': None, 'service_user_domain_id': None, 'service_project_id': None, 'service_project_domain_id': None, 'service_roles': []} {{(pid=68931) fill_context /opt/stack/keystone/keystone/server/flask/request_processing/middleware/auth_context.py:509}}
Apr 24 23:59:41 ubuntu devstack@keystone.service[68931]: DEBUG keystone.server.flask.request_processing.req_logging [None req-e5315f28-6314-430c-97d1-9518e25fd123 None admin] REQUEST_METHOD: `GET` {{(pid=68931) log_request_info /opt/stack/keystone/keystone/server/flask/request_processing/req_logging.py:26}}
Apr 24 23:59:41 ubuntu devstack@keystone.service[68931]: DEBUG keystone.server.flask.request_processing.req_logging [None req-e5315f28-6314-430c-97d1-9518e25fd123 None admin] SCRIPT_NAME: `/identity` {{(pid=68931) log_request_info /opt/stack/keystone/keystone/server/flask/request_processing/req_logging.py:27}}
Apr 24 23:59:41 ubuntu devstack@keystone.service[68931]: DEBUG keystone.server.flask.request_processing.req_logging [None req-e5315f28-6314-430c-97d1-9518e25fd123 None admin] PATH_INFO: `/v3/domains` {{(pid=68931) log_request_info /opt/stack/keystone/keystone/server/flask/request_processing/req_logging.py:28}}
Apr 24 23:59:41 ubuntu devstack@keystone.service[68931]: DEBUG keystone.common.rbac_enforcer.enforcer [None req-e5315f28-6314-430c-97d1-9518e25fd123 None admin] RBAC: Adding query filter params (name=Default) {{(pid=68931) _extract_filter_values /opt/stack/keystone/keystone/common/rbac_enforcer/enforcer.py:176}}
Apr 24 23:59:41 ubuntu devstack@keystone.service[68931]: DEBUG keystone.common.rbac_enforcer.enforcer [None req-e5315f28-6314-430c-97d1-9518e25fd123 None admin] RBAC: Authorizing `identity:list_domains()` {{(pid=68931) enforce_call /opt/stack/keystone/keystone/common/rbac_enforcer/enforcer.py:494}}
Apr 24 23:59:41 ubuntu devstack@keystone.service[68931]: DEBUG keystone.common.rbac_enforcer.enforcer [None req-e5315f28-6314-430c-97d1-9518e25fd123 None admin] RBAC: Authorization granted {{(pid=68931) enforce_call /opt/stack/keystone/keystone/common/rbac_enforcer/enforcer.py:505}}
Apr 24 23:59:41 ubuntu devstack@keystone.service[68931]: [pid: 68931|app: 0|req: 20/42] 10.120.125.137 () {58 vars in 1190 bytes} [Fri Apr 24 23:59:41 2026] GET /identity/v3/domains?name=Default => generated 310 bytes in 53 msecs (HTTP/1.1 200) 5 headers in 177 bytes (1 switches on core 0)
Apr 24 23:59:41 ubuntu devstack@keystone.service[68932]: DEBUG keystone.server.flask.request_processing.middleware.auth_context [None req-8fa4b0b6-1896-42c1-9ffb-35b74d747916 None admin] Authenticating user token {{(pid=68932) process_request /opt/stack/data/venv/lib/python3.12/site-packages/keystonemiddleware/auth_token/__init__.py:407}}
Apr 24 23:59:41 ubuntu devstack@keystone.service[68931]: DEBUG keystone.server.flask.request_processing.middleware.auth_context [None req-e5315f28-6314-430c-97d1-9518e25fd123 None admin] Authenticating user token {{(pid=68931) process_request /opt/stack/data/venv/lib/python3.12/site-packages/keystonemiddleware/auth_token/__init__.py:407}}
Apr 24 23:59:41 ubuntu devstack@keystone.service[68932]: DEBUG keystone.server.flask.request_processing.middleware.auth_context [None req-8fa4b0b6-1896-42c1-9ffb-35b74d747916 None admin] Validating token access rules against request {{(pid=68932) validate_allowed_request /opt/stack/data/venv/lib/python3.12/site-packages/keystonemiddleware/auth_token/__init__.py:545}}
Apr 24 23:59:41 ubuntu devstack@keystone.service[68931]: DEBUG keystone.server.flask.request_processing.middleware.auth_context [None req-e5315f28-6314-430c-97d1-9518e25fd123 None admin] Validating token access rules against request {{(pid=68931) validate_allowed_request /opt/stack/data/venv/lib/python3.12/site-packages/keystonemiddleware/auth_token/__init__.py:545}}
Apr 24 23:59:41 ubuntu devstack@keystone.service[68932]: DEBUG keystone.server.flask.request_processing.middleware.auth_context [None req-c082bfce-a232-4bbf-ace2-9a9eaa094154 None admin] RBAC: auth_context: {'token': <TokenModel (audit_id=OeT3_1QJRTSujSW8G8KLVA, audit_chain_id=['OeT3_1QJRTSujSW8G8KLVA']) at 0x7462f80f7920>, 'domain_id': None, 'trust_id': None, 'trustor_id': None, 'trustee_id': None, 'domain_name': None, 'group_ids': [], 'user_id': '233d6631f8dd492b81a71c2851cccb57', 'user_domain_id': 'default', 'system_scope': 'all', 'project_id': None, 'project_domain_id': None, 'roles': ['admin', 'manager', 'member', 'reader'], 'is_admin_project': True, 'service_user_id': None, 'service_user_domain_id': None, 'service_project_id': None, 'service_project_domain_id': None, 'service_roles': []} {{(pid=68932) fill_context /opt/stack/keystone/keystone/server/flask/request_processing/middleware/auth_context.py:509}}
Apr 24 23:59:41 ubuntu devstack@keystone.service[68932]: DEBUG keystone.server.flask.request_processing.req_logging [None req-c082bfce-a232-4bbf-ace2-9a9eaa094154 None admin] REQUEST_METHOD: `GET` {{(pid=68932) log_request_info /opt/stack/keystone/keystone/server/flask/request_processing/req_logging.py:26}}
Apr 24 23:59:41 ubuntu devstack@keystone.service[68932]: DEBUG keystone.server.flask.request_processing.req_logging [None req-c082bfce-a232-4bbf-ace2-9a9eaa094154 None admin] SCRIPT_NAME: `/identity` {{(pid=68932) log_request_info /opt/stack/keystone/keystone/server/flask/request_processing/req_logging.py:27}}
Apr 24 23:59:41 ubuntu devstack@keystone.service[68932]: DEBUG keystone.server.flask.request_processing.req_logging [None req-c082bfce-a232-4bbf-ace2-9a9eaa094154 None admin] PATH_INFO: `/v3/roles` {{(pid=68932) log_request_info /opt/stack/keystone/keystone/server/flask/request_processing/req_logging.py:28}}
Apr 24 23:59:41 ubuntu devstack@keystone.service[68932]: DEBUG keystone.common.rbac_enforcer.enforcer [None req-c082bfce-a232-4bbf-ace2-9a9eaa094154 None admin] RBAC: Adding query filter params (name=service) {{(pid=68932) _extract_filter_values /opt/stack/keystone/keystone/common/rbac_enforcer/enforcer.py:176}}
Apr 24 23:59:41 ubuntu devstack@keystone.service[68932]: DEBUG keystone.common.rbac_enforcer.enforcer [None req-c082bfce-a232-4bbf-ace2-9a9eaa094154 None admin] RBAC: Authorizing `identity:list_roles()` {{(pid=68932) enforce_call /opt/stack/keystone/keystone/common/rbac_enforcer/enforcer.py:494}}
Apr 24 23:59:41 ubuntu devstack@keystone.service[68932]: DEBUG keystone.common.rbac_enforcer.enforcer [None req-c082bfce-a232-4bbf-ace2-9a9eaa094154 None admin] RBAC: Authorization granted {{(pid=68932) enforce_call /opt/stack/keystone/keystone/common/rbac_enforcer/enforcer.py:505}}
Apr 24 23:59:41 ubuntu devstack@keystone.service[68931]: DEBUG keystone.server.flask.request_processing.middleware.auth_context [None req-33015f31-8486-4232-bd96-a5dfdac143d0 None admin] RBAC: auth_context: {'token': <TokenModel (audit_id=0m4_LLmHTre0k8MuAJd0uw, audit_chain_id=['0m4_LLmHTre0k8MuAJd0uw']) at 0x7462f81ab050>, 'domain_id': None, 'trust_id': None, 'trustor_id': None, 'trustee_id': None, 'domain_name': None, 'group_ids': [], 'user_id': '233d6631f8dd492b81a71c2851cccb57', 'user_domain_id': 'default', 'system_scope': 'all', 'project_id': None, 'project_domain_id': None, 'roles': ['admin', 'manager', 'member', 'reader'], 'is_admin_project': True, 'service_user_id': None, 'service_user_domain_id': None, 'service_project_id': None, 'service_project_domain_id': None, 'service_roles': []} {{(pid=68931) fill_context /opt/stack/keystone/keystone/server/flask/request_processing/middleware/auth_context.py:509}}
Apr 24 23:59:41 ubuntu devstack@keystone.service[68931]: DEBUG keystone.server.flask.request_processing.req_logging [None req-33015f31-8486-4232-bd96-a5dfdac143d0 None admin] REQUEST_METHOD: `POST` {{(pid=68931) log_request_info /opt/stack/keystone/keystone/server/flask/request_processing/req_logging.py:26}}
Apr 24 23:59:41 ubuntu devstack@keystone.service[68931]: DEBUG keystone.server.flask.request_processing.req_logging [None req-33015f31-8486-4232-bd96-a5dfdac143d0 None admin] SCRIPT_NAME: `/identity` {{(pid=68931) log_request_info /opt/stack/keystone/keystone/server/flask/request_processing/req_logging.py:27}}
Apr 24 23:59:41 ubuntu devstack@keystone.service[68931]: DEBUG keystone.server.flask.request_processing.req_logging [None req-33015f31-8486-4232-bd96-a5dfdac143d0 None admin] PATH_INFO: `/v3/roles` {{(pid=68931) log_request_info /opt/stack/keystone/keystone/server/flask/request_processing/req_logging.py:28}}
Apr 24 23:59:41 ubuntu devstack@keystone.service[68931]: DEBUG keystone.common.rbac_enforcer.enforcer [None req-33015f31-8486-4232-bd96-a5dfdac143d0 None admin] RBAC: Authorizing `identity:create_role()` {{(pid=68931) enforce_call /opt/stack/keystone/keystone/common/rbac_enforcer/enforcer.py:494}}
Apr 24 23:59:41 ubuntu devstack@keystone.service[68931]: DEBUG keystone.common.rbac_enforcer.enforcer [None req-33015f31-8486-4232-bd96-a5dfdac143d0 None admin] RBAC: Authorization granted {{(pid=68931) enforce_call /opt/stack/keystone/keystone/common/rbac_enforcer/enforcer.py:505}}
Apr 24 23:59:41 ubuntu devstack@keystone.service[68932]: [pid: 68932|app: 0|req: 23/43] 10.120.125.137 () {58 vars in 1184 bytes} [Fri Apr 24 23:59:41 2026] GET /identity/v3/roles?name=service => generated 345 bytes in 55 msecs (HTTP/1.1 200) 5 headers in 177 bytes (1 switches on core 0)
Apr 24 23:59:41 ubuntu devstack@keystone.service[68932]: DEBUG keystone.server.flask.request_processing.middleware.auth_context [None req-c082bfce-a232-4bbf-ace2-9a9eaa094154 None admin] Authenticating user token {{(pid=68932) process_request /opt/stack/data/venv/lib/python3.12/site-packages/keystonemiddleware/auth_token/__init__.py:407}}
Apr 24 23:59:41 ubuntu devstack@keystone.service[68932]: DEBUG keystone.server.flask.request_processing.middleware.auth_context [None req-c082bfce-a232-4bbf-ace2-9a9eaa094154 None admin] Validating token access rules against request {{(pid=68932) validate_allowed_request /opt/stack/data/venv/lib/python3.12/site-packages/keystonemiddleware/auth_token/__init__.py:545}}
Apr 24 23:59:41 ubuntu devstack@keystone.service[68932]: DEBUG keystone.server.flask.request_processing.middleware.auth_context [None req-29c8b138-7a7f-4eab-ac46-24500dbbc5e1 None admin] RBAC: auth_context: {'token': <TokenModel (audit_id=pg2AcTE6RJSHl5A9ZsPnsg, audit_chain_id=['pg2AcTE6RJSHl5A9ZsPnsg']) at 0x7462f80f7e90>, 'domain_id': None, 'trust_id': None, 'trustor_id': None, 'trustee_id': None, 'domain_name': None, 'group_ids': [], 'user_id': '233d6631f8dd492b81a71c2851cccb57', 'user_domain_id': 'default', 'system_scope': 'all', 'project_id': None, 'project_domain_id': None, 'roles': ['admin', 'manager', 'member', 'reader'], 'is_admin_project': True, 'service_user_id': None, 'service_user_domain_id': None, 'service_project_id': None, 'service_project_domain_id': None, 'service_roles': []} {{(pid=68932) fill_context /opt/stack/keystone/keystone/server/flask/request_processing/middleware/auth_context.py:509}}
Apr 24 23:59:41 ubuntu devstack@keystone.service[68932]: DEBUG keystone.server.flask.request_processing.req_logging [None req-29c8b138-7a7f-4eab-ac46-24500dbbc5e1 None admin] REQUEST_METHOD: `GET` {{(pid=68932) log_request_info /opt/stack/keystone/keystone/server/flask/request_processing/req_logging.py:26}}
Apr 24 23:59:41 ubuntu devstack@keystone.service[68932]: DEBUG keystone.server.flask.request_processing.req_logging [None req-29c8b138-7a7f-4eab-ac46-24500dbbc5e1 None admin] SCRIPT_NAME: `/identity` {{(pid=68932) log_request_info /opt/stack/keystone/keystone/server/flask/request_processing/req_logging.py:27}}
Apr 24 23:59:41 ubuntu devstack@keystone.service[68932]: DEBUG keystone.server.flask.request_processing.req_logging [None req-29c8b138-7a7f-4eab-ac46-24500dbbc5e1 None admin] PATH_INFO: `/v3/role_assignments` {{(pid=68932) log_request_info /opt/stack/keystone/keystone/server/flask/request_processing/req_logging.py:28}}
Apr 24 23:59:41 ubuntu devstack@keystone.service[68932]: DEBUG keystone.common.rbac_enforcer.enforcer [None req-29c8b138-7a7f-4eab-ac46-24500dbbc5e1 None admin] RBAC: Adding query filter params (role.id=cdb36ea253eb4b639c194a3bccffbe79, scope.domain.id=default, user.id=233d6631f8dd492b81a71c2851cccb57) {{(pid=68932) _extract_filter_values /opt/stack/keystone/keystone/common/rbac_enforcer/enforcer.py:176}}
Apr 24 23:59:41 ubuntu devstack@keystone.service[68932]: DEBUG keystone.common.rbac_enforcer.enforcer [None req-29c8b138-7a7f-4eab-ac46-24500dbbc5e1 None admin] RBAC: Authorizing `identity:list_role_assignments()` {{(pid=68932) enforce_call /opt/stack/keystone/keystone/common/rbac_enforcer/enforcer.py:494}}
Apr 24 23:59:41 ubuntu devstack@keystone.service[68932]: DEBUG keystone.common.rbac_enforcer.enforcer [None req-29c8b138-7a7f-4eab-ac46-24500dbbc5e1 None admin] RBAC: Authorization granted {{(pid=68932) enforce_call /opt/stack/keystone/keystone/common/rbac_enforcer/enforcer.py:505}}
Apr 24 23:59:41 ubuntu devstack@keystone.service[68932]: [pid: 68932|app: 0|req: 24/44] 10.120.125.137 () {58 vars in 1402 bytes} [Fri Apr 24 23:59:41 2026] GET /identity/v3/role_assignments?role.id=cdb36ea253eb4b639c194a3bccffbe79&scope.domain.id=default&user.id=233d6631f8dd492b81a71c2851cccb57 => generated 532 bytes in 71 msecs (HTTP/1.1 200) 5 headers in 177 bytes (1 switches on core 0)
Apr 24 23:59:41 ubuntu devstack@keystone.service[68931]: [pid: 68931|app: 0|req: 21/45] 10.120.125.137 () {62 vars in 1199 bytes} [Fri Apr 24 23:59:41 2026] POST /identity/v3/roles => generated 224 bytes in 123 msecs (HTTP/1.1 201) 5 headers in 182 bytes (2 switches on core 0)
Apr 24 23:59:41 ubuntu devstack@keystone.service[68932]: DEBUG keystone.server.flask.request_processing.middleware.auth_context [None req-29c8b138-7a7f-4eab-ac46-24500dbbc5e1 None admin] Authenticating user token {{(pid=68932) process_request /opt/stack/data/venv/lib/python3.12/site-packages/keystonemiddleware/auth_token/__init__.py:407}}
Apr 24 23:59:41 ubuntu devstack@keystone.service[68932]: DEBUG keystone.server.flask.request_processing.middleware.auth_context [None req-29c8b138-7a7f-4eab-ac46-24500dbbc5e1 None admin] Validating token access rules against request {{(pid=68932) validate_allowed_request /opt/stack/data/venv/lib/python3.12/site-packages/keystonemiddleware/auth_token/__init__.py:545}}
Apr 24 23:59:41 ubuntu devstack@keystone.service[68932]: DEBUG keystone.server.flask.request_processing.middleware.auth_context [None req-e825eafa-e733-4f7e-9d1a-8e16b2b6c24f None admin] RBAC: auth_context: {'token': <TokenModel (audit_id=xdRZd9VVSB6aFVF_ek3OFg, audit_chain_id=['xdRZd9VVSB6aFVF_ek3OFg']) at 0x7462f832a7b0>, 'domain_id': None, 'trust_id': None, 'trustor_id': None, 'trustee_id': None, 'domain_name': None, 'group_ids': [], 'user_id': '233d6631f8dd492b81a71c2851cccb57', 'user_domain_id': 'default', 'system_scope': 'all', 'project_id': None, 'project_domain_id': None, 'roles': ['admin', 'manager', 'member', 'reader'], 'is_admin_project': True, 'service_user_id': None, 'service_user_domain_id': None, 'service_project_id': None, 'service_project_domain_id': None, 'service_roles': []} {{(pid=68932) fill_context /opt/stack/keystone/keystone/server/flask/request_processing/middleware/auth_context.py:509}}
Apr 24 23:59:41 ubuntu devstack@keystone.service[68932]: DEBUG keystone.server.flask.request_processing.req_logging [None req-e825eafa-e733-4f7e-9d1a-8e16b2b6c24f None admin] REQUEST_METHOD: `POST` {{(pid=68932) log_request_info /opt/stack/keystone/keystone/server/flask/request_processing/req_logging.py:26}}
Apr 24 23:59:41 ubuntu devstack@keystone.service[68932]: DEBUG keystone.server.flask.request_processing.req_logging [None req-e825eafa-e733-4f7e-9d1a-8e16b2b6c24f None admin] SCRIPT_NAME: `/identity` {{(pid=68932) log_request_info /opt/stack/keystone/keystone/server/flask/request_processing/req_logging.py:27}}
Apr 24 23:59:41 ubuntu devstack@keystone.service[68932]: DEBUG keystone.server.flask.request_processing.req_logging [None req-e825eafa-e733-4f7e-9d1a-8e16b2b6c24f None admin] PATH_INFO: `/v3/projects` {{(pid=68932) log_request_info /opt/stack/keystone/keystone/server/flask/request_processing/req_logging.py:28}}
Apr 24 23:59:41 ubuntu devstack@keystone.service[68932]: DEBUG keystone.common.rbac_enforcer.enforcer [None req-e825eafa-e733-4f7e-9d1a-8e16b2b6c24f None admin] RBAC: Authorizing `identity:create_project()` {{(pid=68932) enforce_call /opt/stack/keystone/keystone/common/rbac_enforcer/enforcer.py:494}}
Apr 24 23:59:41 ubuntu devstack@keystone.service[68932]: DEBUG keystone.common.rbac_enforcer.enforcer [None req-e825eafa-e733-4f7e-9d1a-8e16b2b6c24f None admin] RBAC: Authorization granted {{(pid=68932) enforce_call /opt/stack/keystone/keystone/common/rbac_enforcer/enforcer.py:505}}
Apr 24 23:59:41 ubuntu devstack@keystone.service[68932]: [pid: 68932|app: 0|req: 25/46] 10.120.125.137 () {62 vars in 1207 bytes} [Fri Apr 24 23:59:41 2026] POST /identity/v3/projects => generated 302 bytes in 75 msecs (HTTP/1.1 201) 5 headers in 182 bytes (1 switches on core 0)
Apr 24 23:59:41 ubuntu devstack@keystone.service[68931]: DEBUG keystone.server.flask.request_processing.middleware.auth_context [None req-33015f31-8486-4232-bd96-a5dfdac143d0 None admin] Authenticating user token {{(pid=68931) process_request /opt/stack/data/venv/lib/python3.12/site-packages/keystonemiddleware/auth_token/__init__.py:407}}
Apr 24 23:59:41 ubuntu devstack@keystone.service[68932]: DEBUG keystone.server.flask.request_processing.middleware.auth_context [None req-e825eafa-e733-4f7e-9d1a-8e16b2b6c24f None admin] Authenticating user token {{(pid=68932) process_request /opt/stack/data/venv/lib/python3.12/site-packages/keystonemiddleware/auth_token/__init__.py:407}}
Apr 24 23:59:41 ubuntu devstack@keystone.service[68932]: DEBUG keystone.server.flask.request_processing.middleware.auth_context [None req-e825eafa-e733-4f7e-9d1a-8e16b2b6c24f None admin] Validating token access rules against request {{(pid=68932) validate_allowed_request /opt/stack/data/venv/lib/python3.12/site-packages/keystonemiddleware/auth_token/__init__.py:545}}
Apr 24 23:59:41 ubuntu devstack@keystone.service[68931]: DEBUG keystone.server.flask.request_processing.middleware.auth_context [None req-33015f31-8486-4232-bd96-a5dfdac143d0 None admin] Validating token access rules against request {{(pid=68931) validate_allowed_request /opt/stack/data/venv/lib/python3.12/site-packages/keystonemiddleware/auth_token/__init__.py:545}}
Apr 24 23:59:41 ubuntu devstack@keystone.service[68932]: DEBUG keystone.server.flask.request_processing.middleware.auth_context [None req-21da1d01-b453-4aeb-9337-abaf139873fb None admin] RBAC: auth_context: {'token': <TokenModel (audit_id=5fxKvMDTQlC5tIGGVFyz7Q, audit_chain_id=['5fxKvMDTQlC5tIGGVFyz7Q']) at 0x7462f832b020>, 'domain_id': None, 'trust_id': None, 'trustor_id': None, 'trustee_id': None, 'domain_name': None, 'group_ids': [], 'user_id': '233d6631f8dd492b81a71c2851cccb57', 'user_domain_id': 'default', 'system_scope': 'all', 'project_id': None, 'project_domain_id': None, 'roles': ['admin', 'manager', 'member', 'reader'], 'is_admin_project': True, 'service_user_id': None, 'service_user_domain_id': None, 'service_project_id': None, 'service_project_domain_id': None, 'service_roles': []} {{(pid=68932) fill_context /opt/stack/keystone/keystone/server/flask/request_processing/middleware/auth_context.py:509}}
