Apr 21 20:08:09 ubuntu devstack@c-api.service[111590]: DEBUG cinder.api.extensions [-] Ext alias: backups {{(pid=111590) _check_extension /opt/stack/cinder/cinder/api/extensions.py:180}}
Apr 21 20:08:09 ubuntu devstack@c-api.service[111590]: DEBUG cinder.api.extensions [-] Ext description: Backups support. {{(pid=111590) _check_extension /opt/stack/cinder/cinder/api/extensions.py:181}}
Apr 21 20:08:09 ubuntu devstack@c-api.service[111590]: DEBUG cinder.api.extensions [-] Ext updated: 2012-12-12T00:00:00+00:00 {{(pid=111590) _check_extension /opt/stack/cinder/cinder/api/extensions.py:183}}
Apr 21 20:08:09 ubuntu devstack@c-api.service[111590]: DEBUG cinder.api.extensions [-] Loaded extension: backups {{(pid=111590) register /opt/stack/cinder/cinder/api/extensions.py:140}}
Apr 21 20:08:09 ubuntu devstack@c-api.service[111590]: DEBUG cinder.api.extensions [-] Loading extension cinder.api.contrib.volume_manage.Volume_manage {{(pid=111590) load_extension /opt/stack/cinder/cinder/api/extensions.py:199}}
Apr 21 20:08:09 ubuntu devstack@c-api.service[111590]: DEBUG cinder.api.extensions [-] Calling extension factory cinder.api.contrib.volume_manage.Volume_manage {{(pid=111590) load_extension /opt/stack/cinder/cinder/api/extensions.py:205}}
Apr 21 20:08:09 ubuntu devstack@c-api.service[111590]: DEBUG cinder.api.extensions [-] Ext name: VolumeManage {{(pid=111590) _check_extension /opt/stack/cinder/cinder/api/extensions.py:179}}
Apr 21 20:08:09 ubuntu devstack@c-api.service[111590]: DEBUG cinder.api.extensions [-] Ext alias: os-volume-manage {{(pid=111590) _check_extension /opt/stack/cinder/cinder/api/extensions.py:180}}
Apr 21 20:08:09 ubuntu devstack@c-api.service[111590]: DEBUG cinder.api.extensions [-] Ext description: Allows existing backend storage to be 'managed' by Cinder. {{(pid=111590) _check_extension /opt/stack/cinder/cinder/api/extensions.py:181}}
Apr 21 20:08:09 ubuntu devstack@c-api.service[111590]: DEBUG cinder.api.extensions [-] Ext updated: 2014-02-10T00:00:00+00:00 {{(pid=111590) _check_extension /opt/stack/cinder/cinder/api/extensions.py:183}}
Apr 21 20:08:09 ubuntu devstack@c-api.service[111590]: DEBUG cinder.api.extensions [-] Loaded extension: os-volume-manage {{(pid=111590) register /opt/stack/cinder/cinder/api/extensions.py:140}}
Apr 21 20:08:09 ubuntu devstack@c-api.service[111590]: DEBUG cinder.api.extensions [-] Loading extension cinder.api.contrib.volume_transfer.Volume_transfer {{(pid=111590) load_extension /opt/stack/cinder/cinder/api/extensions.py:199}}
Apr 21 20:08:09 ubuntu devstack@c-api.service[111590]: DEBUG cinder.api.extensions [-] Calling extension factory cinder.api.contrib.volume_transfer.Volume_transfer {{(pid=111590) load_extension /opt/stack/cinder/cinder/api/extensions.py:205}}
Apr 21 20:08:09 ubuntu devstack@c-api.service[111590]: DEBUG cinder.api.extensions [-] Ext name: VolumeTransfer {{(pid=111590) _check_extension /opt/stack/cinder/cinder/api/extensions.py:179}}
Apr 21 20:08:09 ubuntu devstack@c-api.service[111590]: DEBUG cinder.api.extensions [-] Ext alias: os-volume-transfer {{(pid=111590) _check_extension /opt/stack/cinder/cinder/api/extensions.py:180}}
Apr 21 20:08:09 ubuntu devstack@c-api.service[111590]: DEBUG cinder.api.extensions [-] Ext description: Volume transfer management support. {{(pid=111590) _check_extension /opt/stack/cinder/cinder/api/extensions.py:181}}
Apr 21 20:08:09 ubuntu devstack@c-api.service[111590]: DEBUG cinder.api.extensions [-] Ext updated: 2013-05-29T00:00:00+00:00 {{(pid=111590) _check_extension /opt/stack/cinder/cinder/api/extensions.py:183}}
Apr 21 20:08:09 ubuntu devstack@c-api.service[111590]: DEBUG cinder.api.extensions [-] Loaded extension: os-volume-transfer {{(pid=111590) register /opt/stack/cinder/cinder/api/extensions.py:140}}
Apr 21 20:08:09 ubuntu devstack@c-api.service[111590]: DEBUG cinder.api.extensions [-] Loading extension cinder.api.contrib.snapshot_manage.Snapshot_manage {{(pid=111590) load_extension /opt/stack/cinder/cinder/api/extensions.py:199}}
Apr 21 20:08:09 ubuntu devstack@c-api.service[111590]: DEBUG cinder.api.extensions [-] Calling extension factory cinder.api.contrib.snapshot_manage.Snapshot_manage {{(pid=111590) load_extension /opt/stack/cinder/cinder/api/extensions.py:205}}
Apr 21 20:08:09 ubuntu devstack@c-api.service[111590]: DEBUG cinder.api.extensions [-] Ext name: SnapshotManage {{(pid=111590) _check_extension /opt/stack/cinder/cinder/api/extensions.py:179}}
Apr 21 20:08:09 ubuntu devstack@c-api.service[111590]: DEBUG cinder.api.extensions [-] Ext alias: os-snapshot-manage {{(pid=111590) _check_extension /opt/stack/cinder/cinder/api/extensions.py:180}}
Apr 21 20:08:09 ubuntu devstack@c-api.service[111590]: DEBUG cinder.api.extensions [-] Ext description: Allows existing backend storage to be 'managed' by Cinder. {{(pid=111590) _check_extension /opt/stack/cinder/cinder/api/extensions.py:181}}
Apr 21 20:08:09 ubuntu devstack@c-api.service[111590]: DEBUG cinder.api.extensions [-] Ext updated: 2014-12-31T00:00:00+00:00 {{(pid=111590) _check_extension /opt/stack/cinder/cinder/api/extensions.py:183}}
Apr 21 20:08:09 ubuntu devstack@c-api.service[111590]: DEBUG cinder.api.extensions [-] Loaded extension: os-snapshot-manage {{(pid=111590) register /opt/stack/cinder/cinder/api/extensions.py:140}}
Apr 21 20:08:09 ubuntu devstack@c-api.service[111590]: DEBUG cinder.api.extensions [-] Loading extension cinder.api.contrib.availability_zones.Availability_zones {{(pid=111590) load_extension /opt/stack/cinder/cinder/api/extensions.py:199}}
Apr 21 20:08:09 ubuntu devstack@c-api.service[111590]: DEBUG cinder.api.extensions [-] Calling extension factory cinder.api.contrib.availability_zones.Availability_zones {{(pid=111590) load_extension /opt/stack/cinder/cinder/api/extensions.py:205}}
Apr 21 20:08:09 ubuntu devstack@c-api.service[111590]: DEBUG cinder.api.extensions [-] Ext name: AvailabilityZones {{(pid=111590) _check_extension /opt/stack/cinder/cinder/api/extensions.py:179}}
Apr 21 20:08:09 ubuntu devstack@c-api.service[111590]: DEBUG cinder.api.extensions [-] Ext alias: os-availability-zone {{(pid=111590) _check_extension /opt/stack/cinder/cinder/api/extensions.py:180}}
Apr 21 20:08:09 ubuntu devstack@c-api.service[111590]: DEBUG cinder.api.extensions [-] Ext description: Describe Availability Zones. {{(pid=111590) _check_extension /opt/stack/cinder/cinder/api/extensions.py:181}}
Apr 21 20:08:09 ubuntu devstack@c-api.service[111590]: DEBUG cinder.api.extensions [-] Ext updated: 2013-06-27T00:00:00+00:00 {{(pid=111590) _check_extension /opt/stack/cinder/cinder/api/extensions.py:183}}
Apr 21 20:08:09 ubuntu devstack@c-api.service[111590]: DEBUG cinder.api.extensions [-] Loaded extension: os-availability-zone {{(pid=111590) register /opt/stack/cinder/cinder/api/extensions.py:140}}
Apr 21 20:08:09 ubuntu devstack@c-api.service[111589]: DEBUG oslo_db.sqlalchemy.engines [None req-a6abc88d-f436-4802-be17-c2edec290bc2 None None] MySQL server mode set to STRICT_TRANS_TABLES,STRICT_ALL_TABLES,NO_ZERO_IN_DATE,NO_ZERO_DATE,ERROR_FOR_DIVISION_BY_ZERO,TRADITIONAL,NO_ENGINE_SUBSTITUTION {{(pid=111589) _check_effective_sql_mode /opt/stack/data/venv/lib/python3.10/site-packages/oslo_db/sqlalchemy/engines.py:397}}
Apr 21 20:08:09 ubuntu devstack@c-api.service[111589]: INFO cinder.rpc [None req-a6abc88d-f436-4802-be17-c2edec290bc2 None None] Automatically selected cinder-backup objects version 1.39 as minimum service version.
Apr 21 20:08:09 ubuntu devstack@c-api.service[111589]: INFO cinder.rpc [None req-a6abc88d-f436-4802-be17-c2edec290bc2 None None] Automatically selected cinder-backup RPC version 2.4 as minimum service version.
Apr 21 20:08:09 ubuntu devstack@c-api.service[111589]: WARNING stevedore.named [None req-a6abc88d-f436-4802-be17-c2edec290bc2 None None] Could not load cinder.keymgr.conf_key_mgr.ConfKeyManager
Apr 21 20:08:09 ubuntu devstack@c-api.service[111589]: WARNING castellan.key_manager [None req-a6abc88d-f436-4802-be17-c2edec290bc2 None None] Deprecation Warning : cinder.keymgr.conf_key_mgr.ConfKeyManager is not a stevedore based driver, trying to load it as a class: stevedore.exception.NoMatches: No 'castellan.drivers' driver found, looking for 'cinder.keymgr.conf_key_mgr.ConfKeyManager'
Apr 21 20:08:09 ubuntu devstack@c-api.service[111589]: WARNING stevedore.named [None req-a6abc88d-f436-4802-be17-c2edec290bc2 None None] Could not load cinder.keymgr.conf_key_mgr.ConfKeyManager
Apr 21 20:08:09 ubuntu devstack@c-api.service[111589]: WARNING castellan.key_manager [None req-a6abc88d-f436-4802-be17-c2edec290bc2 None None] Deprecation Warning : cinder.keymgr.conf_key_mgr.ConfKeyManager is not a stevedore based driver, trying to load it as a class: stevedore.exception.NoMatches: No 'castellan.drivers' driver found, looking for 'cinder.keymgr.conf_key_mgr.ConfKeyManager'
Apr 21 20:08:09 ubuntu devstack@c-api.service[111589]: WARNING stevedore.named [None req-a6abc88d-f436-4802-be17-c2edec290bc2 None None] Could not load cinder.keymgr.conf_key_mgr.ConfKeyManager
Apr 21 20:08:09 ubuntu devstack@c-api.service[111589]: WARNING castellan.key_manager [None req-a6abc88d-f436-4802-be17-c2edec290bc2 None None] Deprecation Warning : cinder.keymgr.conf_key_mgr.ConfKeyManager is not a stevedore based driver, trying to load it as a class: stevedore.exception.NoMatches: No 'castellan.drivers' driver found, looking for 'cinder.keymgr.conf_key_mgr.ConfKeyManager'
Apr 21 20:08:09 ubuntu devstack@c-api.service[111589]: WARNING stevedore.named [None req-a6abc88d-f436-4802-be17-c2edec290bc2 None None] Could not load cinder.keymgr.conf_key_mgr.ConfKeyManager
Apr 21 20:08:09 ubuntu devstack@c-api.service[111589]: WARNING castellan.key_manager [None req-a6abc88d-f436-4802-be17-c2edec290bc2 None None] Deprecation Warning : cinder.keymgr.conf_key_mgr.ConfKeyManager is not a stevedore based driver, trying to load it as a class: stevedore.exception.NoMatches: No 'castellan.drivers' driver found, looking for 'cinder.keymgr.conf_key_mgr.ConfKeyManager'
Apr 21 20:08:09 ubuntu devstack@c-api.service[111589]: WARNING stevedore.named [None req-a6abc88d-f436-4802-be17-c2edec290bc2 None None] Could not load cinder.keymgr.conf_key_mgr.ConfKeyManager
Apr 21 20:08:09 ubuntu devstack@c-api.service[111589]: WARNING castellan.key_manager [None req-a6abc88d-f436-4802-be17-c2edec290bc2 None None] Deprecation Warning : cinder.keymgr.conf_key_mgr.ConfKeyManager is not a stevedore based driver, trying to load it as a class: stevedore.exception.NoMatches: No 'castellan.drivers' driver found, looking for 'cinder.keymgr.conf_key_mgr.ConfKeyManager'
Apr 21 20:08:09 ubuntu devstack@c-api.service[111589]: WARNING stevedore.named [None req-a6abc88d-f436-4802-be17-c2edec290bc2 None None] Could not load cinder.keymgr.conf_key_mgr.ConfKeyManager
Apr 21 20:08:09 ubuntu devstack@c-api.service[111589]: WARNING castellan.key_manager [None req-a6abc88d-f436-4802-be17-c2edec290bc2 None None] Deprecation Warning : cinder.keymgr.conf_key_mgr.ConfKeyManager is not a stevedore based driver, trying to load it as a class: stevedore.exception.NoMatches: No 'castellan.drivers' driver found, looking for 'cinder.keymgr.conf_key_mgr.ConfKeyManager'
Apr 21 20:08:09 ubuntu devstack@c-api.service[111589]: WARNING stevedore.named [None req-a6abc88d-f436-4802-be17-c2edec290bc2 None None] Could not load cinder.keymgr.conf_key_mgr.ConfKeyManager
Apr 21 20:08:09 ubuntu devstack@c-api.service[111590]: INFO dbcounter [None req-ea43fe0d-53ce-4e26-afab-45a119ff38c3 None None] Registered counter for database cinder
Apr 21 20:08:09 ubuntu devstack@c-api.service[111589]: WARNING castellan.key_manager [None req-a6abc88d-f436-4802-be17-c2edec290bc2 None None] Deprecation Warning : cinder.keymgr.conf_key_mgr.ConfKeyManager is not a stevedore based driver, trying to load it as a class: stevedore.exception.NoMatches: No 'castellan.drivers' driver found, looking for 'cinder.keymgr.conf_key_mgr.ConfKeyManager'
Apr 21 20:08:09 ubuntu devstack@c-api.service[111589]: WARNING stevedore.named [None req-a6abc88d-f436-4802-be17-c2edec290bc2 None None] Could not load cinder.keymgr.conf_key_mgr.ConfKeyManager
Apr 21 20:08:09 ubuntu devstack@c-api.service[111589]: WARNING castellan.key_manager [None req-a6abc88d-f436-4802-be17-c2edec290bc2 None None] Deprecation Warning : cinder.keymgr.conf_key_mgr.ConfKeyManager is not a stevedore based driver, trying to load it as a class: stevedore.exception.NoMatches: No 'castellan.drivers' driver found, looking for 'cinder.keymgr.conf_key_mgr.ConfKeyManager'
Apr 21 20:08:09 ubuntu devstack@c-api.service[111589]: WARNING stevedore.named [None req-a6abc88d-f436-4802-be17-c2edec290bc2 None None] Could not load cinder.keymgr.conf_key_mgr.ConfKeyManager
Apr 21 20:08:09 ubuntu devstack@c-api.service[111589]: WARNING castellan.key_manager [None req-a6abc88d-f436-4802-be17-c2edec290bc2 None None] Deprecation Warning : cinder.keymgr.conf_key_mgr.ConfKeyManager is not a stevedore based driver, trying to load it as a class: stevedore.exception.NoMatches: No 'castellan.drivers' driver found, looking for 'cinder.keymgr.conf_key_mgr.ConfKeyManager'
Apr 21 20:08:09 ubuntu devstack@c-api.service[111589]: WARNING stevedore.named [None req-a6abc88d-f436-4802-be17-c2edec290bc2 None None] Could not load cinder.keymgr.conf_key_mgr.ConfKeyManager
Apr 21 20:08:09 ubuntu devstack@c-api.service[111589]: WARNING castellan.key_manager [None req-a6abc88d-f436-4802-be17-c2edec290bc2 None None] Deprecation Warning : cinder.keymgr.conf_key_mgr.ConfKeyManager is not a stevedore based driver, trying to load it as a class: stevedore.exception.NoMatches: No 'castellan.drivers' driver found, looking for 'cinder.keymgr.conf_key_mgr.ConfKeyManager'
Apr 21 20:08:09 ubuntu devstack@c-api.service[111589]: WARNING stevedore.named [None req-a6abc88d-f436-4802-be17-c2edec290bc2 None None] Could not load cinder.keymgr.conf_key_mgr.ConfKeyManager
Apr 21 20:08:09 ubuntu devstack@c-api.service[111589]: WARNING castellan.key_manager [None req-a6abc88d-f436-4802-be17-c2edec290bc2 None None] Deprecation Warning : cinder.keymgr.conf_key_mgr.ConfKeyManager is not a stevedore based driver, trying to load it as a class: stevedore.exception.NoMatches: No 'castellan.drivers' driver found, looking for 'cinder.keymgr.conf_key_mgr.ConfKeyManager'
Apr 21 20:08:09 ubuntu devstack@c-api.service[111590]: DEBUG oslo_db.sqlalchemy.engines [None req-ea43fe0d-53ce-4e26-afab-45a119ff38c3 None None] MySQL server mode set to STRICT_TRANS_TABLES,STRICT_ALL_TABLES,NO_ZERO_IN_DATE,NO_ZERO_DATE,ERROR_FOR_DIVISION_BY_ZERO,TRADITIONAL,NO_ENGINE_SUBSTITUTION {{(pid=111590) _check_effective_sql_mode /opt/stack/data/venv/lib/python3.10/site-packages/oslo_db/sqlalchemy/engines.py:397}}
Apr 21 20:08:09 ubuntu devstack@c-api.service[111589]: WARNING stevedore.named [None req-a6abc88d-f436-4802-be17-c2edec290bc2 None None] Could not load cinder.keymgr.conf_key_mgr.ConfKeyManager
Apr 21 20:08:09 ubuntu devstack@c-api.service[111589]: WARNING castellan.key_manager [None req-a6abc88d-f436-4802-be17-c2edec290bc2 None None] Deprecation Warning : cinder.keymgr.conf_key_mgr.ConfKeyManager is not a stevedore based driver, trying to load it as a class: stevedore.exception.NoMatches: No 'castellan.drivers' driver found, looking for 'cinder.keymgr.conf_key_mgr.ConfKeyManager'
Apr 21 20:08:09 ubuntu devstack@c-api.service[111589]: WARNING stevedore.named [None req-a6abc88d-f436-4802-be17-c2edec290bc2 None None] Could not load cinder.keymgr.conf_key_mgr.ConfKeyManager
Apr 21 20:08:09 ubuntu devstack@c-api.service[111589]: WARNING castellan.key_manager [None req-a6abc88d-f436-4802-be17-c2edec290bc2 None None] Deprecation Warning : cinder.keymgr.conf_key_mgr.ConfKeyManager is not a stevedore based driver, trying to load it as a class: stevedore.exception.NoMatches: No 'castellan.drivers' driver found, looking for 'cinder.keymgr.conf_key_mgr.ConfKeyManager'
Apr 21 20:08:09 ubuntu devstack@c-api.service[111589]: WARNING stevedore.named [None req-a6abc88d-f436-4802-be17-c2edec290bc2 None None] Could not load cinder.keymgr.conf_key_mgr.ConfKeyManager
Apr 21 20:08:09 ubuntu devstack@c-api.service[111589]: WARNING castellan.key_manager [None req-a6abc88d-f436-4802-be17-c2edec290bc2 None None] Deprecation Warning : cinder.keymgr.conf_key_mgr.ConfKeyManager is not a stevedore based driver, trying to load it as a class: stevedore.exception.NoMatches: No 'castellan.drivers' driver found, looking for 'cinder.keymgr.conf_key_mgr.ConfKeyManager'
Apr 21 20:08:09 ubuntu devstack@c-api.service[111589]: WARNING stevedore.named [None req-a6abc88d-f436-4802-be17-c2edec290bc2 None None] Could not load cinder.keymgr.conf_key_mgr.ConfKeyManager
Apr 21 20:08:09 ubuntu devstack@c-api.service[111589]: WARNING castellan.key_manager [None req-a6abc88d-f436-4802-be17-c2edec290bc2 None None] Deprecation Warning : cinder.keymgr.conf_key_mgr.ConfKeyManager is not a stevedore based driver, trying to load it as a class: stevedore.exception.NoMatches: No 'castellan.drivers' driver found, looking for 'cinder.keymgr.conf_key_mgr.ConfKeyManager'
Apr 21 20:08:09 ubuntu devstack@c-api.service[111589]: WARNING cinder.api.contrib.hosts [None req-a6abc88d-f436-4802-be17-c2edec290bc2 None None] Deprecated: The Host API is deprecated and will be be removed in a future version.
Apr 21 20:08:09 ubuntu devstack@c-api.service[111589]: WARNING stevedore.named [None req-a6abc88d-f436-4802-be17-c2edec290bc2 None None] Could not load cinder.keymgr.conf_key_mgr.ConfKeyManager
Apr 21 20:08:09 ubuntu devstack@c-api.service[111589]: WARNING castellan.key_manager [None req-a6abc88d-f436-4802-be17-c2edec290bc2 None None] Deprecation Warning : cinder.keymgr.conf_key_mgr.ConfKeyManager is not a stevedore based driver, trying to load it as a class: stevedore.exception.NoMatches: No 'castellan.drivers' driver found, looking for 'cinder.keymgr.conf_key_mgr.ConfKeyManager'
Apr 21 20:08:09 ubuntu devstack@c-api.service[111589]: WARNING stevedore.named [None req-a6abc88d-f436-4802-be17-c2edec290bc2 None None] Could not load cinder.keymgr.conf_key_mgr.ConfKeyManager
Apr 21 20:08:09 ubuntu devstack@c-api.service[111589]: WARNING castellan.key_manager [None req-a6abc88d-f436-4802-be17-c2edec290bc2 None None] Deprecation Warning : cinder.keymgr.conf_key_mgr.ConfKeyManager is not a stevedore based driver, trying to load it as a class: stevedore.exception.NoMatches: No 'castellan.drivers' driver found, looking for 'cinder.keymgr.conf_key_mgr.ConfKeyManager'
Apr 21 20:08:09 ubuntu devstack@c-api.service[111589]: WARNING stevedore.named [None req-a6abc88d-f436-4802-be17-c2edec290bc2 None None] Could not load cinder.keymgr.conf_key_mgr.ConfKeyManager
Apr 21 20:08:09 ubuntu devstack@c-api.service[111589]: WARNING castellan.key_manager [None req-a6abc88d-f436-4802-be17-c2edec290bc2 None None] Deprecation Warning : cinder.keymgr.conf_key_mgr.ConfKeyManager is not a stevedore based driver, trying to load it as a class: stevedore.exception.NoMatches: No 'castellan.drivers' driver found, looking for 'cinder.keymgr.conf_key_mgr.ConfKeyManager'
Apr 21 20:08:09 ubuntu devstack@c-api.service[111589]: WARNING stevedore.named [None req-a6abc88d-f436-4802-be17-c2edec290bc2 None None] Could not load cinder.keymgr.conf_key_mgr.ConfKeyManager
Apr 21 20:08:09 ubuntu devstack@c-api.service[111589]: WARNING castellan.key_manager [None req-a6abc88d-f436-4802-be17-c2edec290bc2 None None] Deprecation Warning : cinder.keymgr.conf_key_mgr.ConfKeyManager is not a stevedore based driver, trying to load it as a class: stevedore.exception.NoMatches: No 'castellan.drivers' driver found, looking for 'cinder.keymgr.conf_key_mgr.ConfKeyManager'
Apr 21 20:08:09 ubuntu devstack@c-api.service[111589]: WARNING stevedore.named [None req-a6abc88d-f436-4802-be17-c2edec290bc2 None None] Could not load cinder.keymgr.conf_key_mgr.ConfKeyManager
Apr 21 20:08:09 ubuntu devstack@c-api.service[111589]: WARNING castellan.key_manager [None req-a6abc88d-f436-4802-be17-c2edec290bc2 None None] Deprecation Warning : cinder.keymgr.conf_key_mgr.ConfKeyManager is not a stevedore based driver, trying to load it as a class: stevedore.exception.NoMatches: No 'castellan.drivers' driver found, looking for 'cinder.keymgr.conf_key_mgr.ConfKeyManager'
Apr 21 20:08:09 ubuntu devstack@c-api.service[111589]: WARNING stevedore.named [None req-a6abc88d-f436-4802-be17-c2edec290bc2 None None] Could not load cinder.keymgr.conf_key_mgr.ConfKeyManager
Apr 21 20:08:09 ubuntu devstack@c-api.service[111589]: WARNING castellan.key_manager [None req-a6abc88d-f436-4802-be17-c2edec290bc2 None None] Deprecation Warning : cinder.keymgr.conf_key_mgr.ConfKeyManager is not a stevedore based driver, trying to load it as a class: stevedore.exception.NoMatches: No 'castellan.drivers' driver found, looking for 'cinder.keymgr.conf_key_mgr.ConfKeyManager'
Apr 21 20:08:09 ubuntu devstack@c-api.service[111589]: WARNING stevedore.named [None req-a6abc88d-f436-4802-be17-c2edec290bc2 None None] Could not load cinder.keymgr.conf_key_mgr.ConfKeyManager
Apr 21 20:08:09 ubuntu devstack@c-api.service[111589]: WARNING castellan.key_manager [None req-a6abc88d-f436-4802-be17-c2edec290bc2 None None] Deprecation Warning : cinder.keymgr.conf_key_mgr.ConfKeyManager is not a stevedore based driver, trying to load it as a class: stevedore.exception.NoMatches: No 'castellan.drivers' driver found, looking for 'cinder.keymgr.conf_key_mgr.ConfKeyManager'
Apr 21 20:08:09 ubuntu devstack@c-api.service[111589]: WARNING stevedore.named [None req-a6abc88d-f436-4802-be17-c2edec290bc2 None None] Could not load cinder.keymgr.conf_key_mgr.ConfKeyManager
Apr 21 20:08:09 ubuntu devstack@c-api.service[111589]: WARNING castellan.key_manager [None req-a6abc88d-f436-4802-be17-c2edec290bc2 None None] Deprecation Warning : cinder.keymgr.conf_key_mgr.ConfKeyManager is not a stevedore based driver, trying to load it as a class: stevedore.exception.NoMatches: No 'castellan.drivers' driver found, looking for 'cinder.keymgr.conf_key_mgr.ConfKeyManager'
Apr 21 20:08:09 ubuntu devstack@c-api.service[111589]: WARNING stevedore.named [None req-a6abc88d-f436-4802-be17-c2edec290bc2 None None] Could not load cinder.keymgr.conf_key_mgr.ConfKeyManager
Apr 21 20:08:09 ubuntu devstack@c-api.service[111589]: WARNING castellan.key_manager [None req-a6abc88d-f436-4802-be17-c2edec290bc2 None None] Deprecation Warning : cinder.keymgr.conf_key_mgr.ConfKeyManager is not a stevedore based driver, trying to load it as a class: stevedore.exception.NoMatches: No 'castellan.drivers' driver found, looking for 'cinder.keymgr.conf_key_mgr.ConfKeyManager'
Apr 21 20:08:09 ubuntu devstack@c-api.service[111589]: DEBUG cinder.api.openstack [None req-a6abc88d-f436-4802-be17-c2edec290bc2 None None] Extended resource: extensions {{(pid=111589) _setup_ext_routes /opt/stack/cinder/cinder/api/openstack/__init__.py:129}}
Apr 21 20:08:09 ubuntu devstack@c-api.service[111589]: DEBUG cinder.api.openstack [None req-a6abc88d-f436-4802-be17-c2edec290bc2 None None] Extended resource: os-hosts {{(pid=111589) _setup_ext_routes /opt/stack/cinder/cinder/api/openstack/__init__.py:129}}
Apr 21 20:08:09 ubuntu devstack@c-api.service[111589]: DEBUG cinder.api.openstack [None req-a6abc88d-f436-4802-be17-c2edec290bc2 None None] Extended resource: os-services {{(pid=111589) _setup_ext_routes /opt/stack/cinder/cinder/api/openstack/__init__.py:129}}
Apr 21 20:08:09 ubuntu devstack@c-api.service[111589]: DEBUG cinder.api.openstack [None req-a6abc88d-f436-4802-be17-c2edec290bc2 None None] Extended resource: extra_specs {{(pid=111589) _setup_ext_routes /opt/stack/cinder/cinder/api/openstack/__init__.py:129}}
Apr 21 20:08:09 ubuntu devstack@c-api.service[111589]: DEBUG cinder.api.openstack [None req-a6abc88d-f436-4802-be17-c2edec290bc2 None None] Extended resource: consistencygroups {{(pid=111589) _setup_ext_routes /opt/stack/cinder/cinder/api/openstack/__init__.py:129}}
Apr 21 20:08:09 ubuntu devstack@c-api.service[111589]: DEBUG cinder.api.openstack [None req-a6abc88d-f436-4802-be17-c2edec290bc2 None None] Extended resource: cgsnapshots {{(pid=111589) _setup_ext_routes /opt/stack/cinder/cinder/api/openstack/__init__.py:129}}
Apr 21 20:08:09 ubuntu devstack@c-api.service[111589]: DEBUG cinder.api.openstack [None req-a6abc88d-f436-4802-be17-c2edec290bc2 None None] Extended resource: os-volume-type-access {{(pid=111589) _setup_ext_routes /opt/stack/cinder/cinder/api/openstack/__init__.py:129}}
Apr 21 20:08:09 ubuntu devstack@c-api.service[111589]: DEBUG cinder.api.openstack [None req-a6abc88d-f436-4802-be17-c2edec290bc2 None None] Extended resource: qos-specs {{(pid=111589) _setup_ext_routes /opt/stack/cinder/cinder/api/openstack/__init__.py:129}}
Apr 21 20:08:09 ubuntu devstack@c-api.service[111589]: DEBUG cinder.api.openstack [None req-a6abc88d-f436-4802-be17-c2edec290bc2 None None] Extended resource: encryption {{(pid=111589) _setup_ext_routes /opt/stack/cinder/cinder/api/openstack/__init__.py:129}}
Apr 21 20:08:09 ubuntu devstack@c-api.service[111589]: DEBUG cinder.api.openstack [None req-a6abc88d-f436-4802-be17-c2edec290bc2 None None] Extended resource: encryption {{(pid=111589) _setup_ext_routes /opt/stack/cinder/cinder/api/openstack/__init__.py:129}}
Apr 21 20:08:09 ubuntu devstack@c-api.service[111589]: DEBUG cinder.api.openstack [None req-a6abc88d-f436-4802-be17-c2edec290bc2 None None] Extended resource: os-quota-sets {{(pid=111589) _setup_ext_routes /opt/stack/cinder/cinder/api/openstack/__init__.py:129}}
Apr 21 20:08:09 ubuntu devstack@c-api.service[111590]: DEBUG dbcounter [-] [111590] Writer thread running {{(pid=111590) stat_writer /opt/stack/data/venv/lib/python3.10/site-packages/dbcounter.py:102}}
Apr 21 20:08:09 ubuntu devstack@c-api.service[111589]: DEBUG cinder.api.openstack [None req-a6abc88d-f436-4802-be17-c2edec290bc2 None None] Extended resource: capabilities {{(pid=111589) _setup_ext_routes /opt/stack/cinder/cinder/api/openstack/__init__.py:129}}
Apr 21 20:08:09 ubuntu devstack@c-api.service[111590]: INFO cinder.rpc [None req-ea43fe0d-53ce-4e26-afab-45a119ff38c3 None None] Automatically selected cinder-scheduler objects version 1.39 as minimum service version.
Apr 21 20:08:09 ubuntu devstack@c-api.service[111589]: DEBUG cinder.api.openstack [None req-a6abc88d-f436-4802-be17-c2edec290bc2 None None] Extended resource: os-quota-class-sets {{(pid=111589) _setup_ext_routes /opt/stack/cinder/cinder/api/openstack/__init__.py:129}}
Apr 21 20:08:09 ubuntu devstack@c-api.service[111589]: DEBUG cinder.api.openstack [None req-a6abc88d-f436-4802-be17-c2edec290bc2 None None] Extended resource: scheduler-stats {{(pid=111589) _setup_ext_routes /opt/stack/cinder/cinder/api/openstack/__init__.py:129}}
Apr 21 20:08:09 ubuntu devstack@c-api.service[111589]: DEBUG cinder.api.openstack [None req-a6abc88d-f436-4802-be17-c2edec290bc2 None None] Extended resource: backups {{(pid=111589) _setup_ext_routes /opt/stack/cinder/cinder/api/openstack/__init__.py:129}}
Apr 21 20:08:09 ubuntu devstack@c-api.service[111590]: INFO cinder.rpc [None req-ea43fe0d-53ce-4e26-afab-45a119ff38c3 None None] Automatically selected cinder-scheduler RPC version 3.12 as minimum service version.
Apr 21 20:08:09 ubuntu devstack@c-api.service[111589]: DEBUG cinder.api.openstack [None req-a6abc88d-f436-4802-be17-c2edec290bc2 None None] Extended resource: os-volume-manage {{(pid=111589) _setup_ext_routes /opt/stack/cinder/cinder/api/openstack/__init__.py:129}}
Apr 21 20:08:09 ubuntu devstack@c-api.service[111589]: DEBUG cinder.api.openstack [None req-a6abc88d-f436-4802-be17-c2edec290bc2 None None] Extended resource: os-volume-transfer {{(pid=111589) _setup_ext_routes /opt/stack/cinder/cinder/api/openstack/__init__.py:129}}
Apr 21 20:08:09 ubuntu devstack@c-api.service[111590]: INFO cinder.rpc [None req-ea43fe0d-53ce-4e26-afab-45a119ff38c3 None None] Automatically selected cinder-volume objects version 1.39 as minimum service version.
Apr 21 20:08:09 ubuntu devstack@c-api.service[111589]: DEBUG cinder.api.openstack [None req-a6abc88d-f436-4802-be17-c2edec290bc2 None None] Extended resource: os-snapshot-manage {{(pid=111589) _setup_ext_routes /opt/stack/cinder/cinder/api/openstack/__init__.py:129}}
Apr 21 20:08:09 ubuntu devstack@c-api.service[111589]: DEBUG cinder.api.openstack [None req-a6abc88d-f436-4802-be17-c2edec290bc2 None None] Extended resource: os-availability-zone {{(pid=111589) _setup_ext_routes /opt/stack/cinder/cinder/api/openstack/__init__.py:129}}
Apr 21 20:08:09 ubuntu devstack@c-api.service[111590]: INFO cinder.rpc [None req-ea43fe0d-53ce-4e26-afab-45a119ff38c3 None None] Automatically selected cinder-volume RPC version 3.20 as minimum service version.
Apr 21 20:08:09 ubuntu devstack@c-api.service[111590]: WARNING stevedore.named [None req-ea43fe0d-53ce-4e26-afab-45a119ff38c3 None None] Could not load cinder.keymgr.conf_key_mgr.ConfKeyManager
Apr 21 20:08:09 ubuntu devstack@c-api.service[111590]: WARNING castellan.key_manager [None req-ea43fe0d-53ce-4e26-afab-45a119ff38c3 None None] Deprecation Warning : cinder.keymgr.conf_key_mgr.ConfKeyManager is not a stevedore based driver, trying to load it as a class: stevedore.exception.NoMatches: No 'castellan.drivers' driver found, looking for 'cinder.keymgr.conf_key_mgr.ConfKeyManager'
Apr 21 20:08:09 ubuntu devstack@c-api.service[111589]: WARNING stevedore.named [None req-a6abc88d-f436-4802-be17-c2edec290bc2 None None] Could not load cinder.keymgr.conf_key_mgr.ConfKeyManager
Apr 21 20:08:09 ubuntu devstack@c-api.service[111589]: WARNING castellan.key_manager [None req-a6abc88d-f436-4802-be17-c2edec290bc2 None None] Deprecation Warning : cinder.keymgr.conf_key_mgr.ConfKeyManager is not a stevedore based driver, trying to load it as a class: stevedore.exception.NoMatches: No 'castellan.drivers' driver found, looking for 'cinder.keymgr.conf_key_mgr.ConfKeyManager'
Apr 21 20:08:09 ubuntu devstack@c-api.service[111590]: WARNING cinder.keymgr.conf_key_mgr [None req-ea43fe0d-53ce-4e26-afab-45a119ff38c3 None None] This key manager is insecure and is not recommended for production deployments: stevedore.exception.NoMatches: No 'castellan.drivers' driver found, looking for 'cinder.keymgr.conf_key_mgr.ConfKeyManager'
Apr 21 20:08:09 ubuntu devstack@c-api.service[111589]: WARNING stevedore.named [None req-a6abc88d-f436-4802-be17-c2edec290bc2 None None] Could not load cinder.keymgr.conf_key_mgr.ConfKeyManager
Apr 21 20:08:09 ubuntu devstack@c-api.service[111589]: WARNING castellan.key_manager [None req-a6abc88d-f436-4802-be17-c2edec290bc2 None None] Deprecation Warning : cinder.keymgr.conf_key_mgr.ConfKeyManager is not a stevedore based driver, trying to load it as a class: stevedore.exception.NoMatches: No 'castellan.drivers' driver found, looking for 'cinder.keymgr.conf_key_mgr.ConfKeyManager'
Apr 21 20:08:09 ubuntu devstack@c-api.service[111589]: WARNING stevedore.named [None req-a6abc88d-f436-4802-be17-c2edec290bc2 None None] Could not load cinder.keymgr.conf_key_mgr.ConfKeyManager
Apr 21 20:08:09 ubuntu devstack@c-api.service[111589]: WARNING castellan.key_manager [None req-a6abc88d-f436-4802-be17-c2edec290bc2 None None] Deprecation Warning : cinder.keymgr.conf_key_mgr.ConfKeyManager is not a stevedore based driver, trying to load it as a class: stevedore.exception.NoMatches: No 'castellan.drivers' driver found, looking for 'cinder.keymgr.conf_key_mgr.ConfKeyManager'
Apr 21 20:08:09 ubuntu devstack@c-api.service[111589]: WARNING stevedore.named [None req-a6abc88d-f436-4802-be17-c2edec290bc2 None None] Could not load cinder.keymgr.conf_key_mgr.ConfKeyManager
Apr 21 20:08:09 ubuntu devstack@c-api.service[111589]: WARNING castellan.key_manager [None req-a6abc88d-f436-4802-be17-c2edec290bc2 None None] Deprecation Warning : cinder.keymgr.conf_key_mgr.ConfKeyManager is not a stevedore based driver, trying to load it as a class: stevedore.exception.NoMatches: No 'castellan.drivers' driver found, looking for 'cinder.keymgr.conf_key_mgr.ConfKeyManager'
Apr 21 20:08:09 ubuntu devstack@c-api.service[111589]: WARNING stevedore.named [None req-a6abc88d-f436-4802-be17-c2edec290bc2 None None] Could not load cinder.keymgr.conf_key_mgr.ConfKeyManager
Apr 21 20:08:09 ubuntu devstack@c-api.service[111589]: WARNING castellan.key_manager [None req-a6abc88d-f436-4802-be17-c2edec290bc2 None None] Deprecation Warning : cinder.keymgr.conf_key_mgr.ConfKeyManager is not a stevedore based driver, trying to load it as a class: stevedore.exception.NoMatches: No 'castellan.drivers' driver found, looking for 'cinder.keymgr.conf_key_mgr.ConfKeyManager'
Apr 21 20:08:09 ubuntu devstack@c-api.service[111590]: DEBUG oslo_db.sqlalchemy.engines [None req-ea43fe0d-53ce-4e26-afab-45a119ff38c3 None None] MySQL server mode set to STRICT_TRANS_TABLES,STRICT_ALL_TABLES,NO_ZERO_IN_DATE,NO_ZERO_DATE,ERROR_FOR_DIVISION_BY_ZERO,TRADITIONAL,NO_ENGINE_SUBSTITUTION {{(pid=111590) _check_effective_sql_mode /opt/stack/data/venv/lib/python3.10/site-packages/oslo_db/sqlalchemy/engines.py:397}}
Apr 21 20:08:09 ubuntu devstack@c-api.service[111589]: WARNING stevedore.named [None req-a6abc88d-f436-4802-be17-c2edec290bc2 None None] Could not load cinder.keymgr.conf_key_mgr.ConfKeyManager
Apr 21 20:08:09 ubuntu devstack@c-api.service[111589]: WARNING castellan.key_manager [None req-a6abc88d-f436-4802-be17-c2edec290bc2 None None] Deprecation Warning : cinder.keymgr.conf_key_mgr.ConfKeyManager is not a stevedore based driver, trying to load it as a class: stevedore.exception.NoMatches: No 'castellan.drivers' driver found, looking for 'cinder.keymgr.conf_key_mgr.ConfKeyManager'
Apr 21 20:08:09 ubuntu devstack@c-api.service[111589]: WARNING stevedore.named [None req-a6abc88d-f436-4802-be17-c2edec290bc2 None None] Could not load cinder.keymgr.conf_key_mgr.ConfKeyManager
Apr 21 20:08:09 ubuntu devstack@c-api.service[111589]: WARNING castellan.key_manager [None req-a6abc88d-f436-4802-be17-c2edec290bc2 None None] Deprecation Warning : cinder.keymgr.conf_key_mgr.ConfKeyManager is not a stevedore based driver, trying to load it as a class: stevedore.exception.NoMatches: No 'castellan.drivers' driver found, looking for 'cinder.keymgr.conf_key_mgr.ConfKeyManager'
Apr 21 20:08:09 ubuntu devstack@c-api.service[111589]: WARNING stevedore.named [None req-a6abc88d-f436-4802-be17-c2edec290bc2 None None] Could not load cinder.keymgr.conf_key_mgr.ConfKeyManager
Apr 21 20:08:09 ubuntu devstack@c-api.service[111590]: INFO cinder.rpc [None req-ea43fe0d-53ce-4e26-afab-45a119ff38c3 None None] Automatically selected cinder-backup objects version 1.39 as minimum service version.
Apr 21 20:08:09 ubuntu devstack@c-api.service[111589]: WARNING castellan.key_manager [None req-a6abc88d-f436-4802-be17-c2edec290bc2 None None] Deprecation Warning : cinder.keymgr.conf_key_mgr.ConfKeyManager is not a stevedore based driver, trying to load it as a class: stevedore.exception.NoMatches: No 'castellan.drivers' driver found, looking for 'cinder.keymgr.conf_key_mgr.ConfKeyManager'
Apr 21 20:08:09 ubuntu devstack@c-api.service[111589]: WARNING stevedore.named [None req-a6abc88d-f436-4802-be17-c2edec290bc2 None None] Could not load cinder.keymgr.conf_key_mgr.ConfKeyManager
Apr 21 20:08:09 ubuntu devstack@c-api.service[111589]: WARNING castellan.key_manager [None req-a6abc88d-f436-4802-be17-c2edec290bc2 None None] Deprecation Warning : cinder.keymgr.conf_key_mgr.ConfKeyManager is not a stevedore based driver, trying to load it as a class: stevedore.exception.NoMatches: No 'castellan.drivers' driver found, looking for 'cinder.keymgr.conf_key_mgr.ConfKeyManager'
Apr 21 20:08:09 ubuntu devstack@c-api.service[111590]: INFO cinder.rpc [None req-ea43fe0d-53ce-4e26-afab-45a119ff38c3 None None] Automatically selected cinder-backup RPC version 2.4 as minimum service version.
Apr 21 20:08:09 ubuntu devstack@c-api.service[111590]: WARNING stevedore.named [None req-ea43fe0d-53ce-4e26-afab-45a119ff38c3 None None] Could not load cinder.keymgr.conf_key_mgr.ConfKeyManager
Apr 21 20:08:09 ubuntu devstack@c-api.service[111589]: WARNING stevedore.named [None req-a6abc88d-f436-4802-be17-c2edec290bc2 None None] Could not load cinder.keymgr.conf_key_mgr.ConfKeyManager
Apr 21 20:08:09 ubuntu devstack@c-api.service[111589]: WARNING castellan.key_manager [None req-a6abc88d-f436-4802-be17-c2edec290bc2 None None] Deprecation Warning : cinder.keymgr.conf_key_mgr.ConfKeyManager is not a stevedore based driver, trying to load it as a class: stevedore.exception.NoMatches: No 'castellan.drivers' driver found, looking for 'cinder.keymgr.conf_key_mgr.ConfKeyManager'
Apr 21 20:08:09 ubuntu devstack@c-api.service[111590]: WARNING castellan.key_manager [None req-ea43fe0d-53ce-4e26-afab-45a119ff38c3 None None] Deprecation Warning : cinder.keymgr.conf_key_mgr.ConfKeyManager is not a stevedore based driver, trying to load it as a class: stevedore.exception.NoMatches: No 'castellan.drivers' driver found, looking for 'cinder.keymgr.conf_key_mgr.ConfKeyManager'
Apr 21 20:08:09 ubuntu devstack@c-api.service[111589]: DEBUG cinder.api.contrib.snapshot_actions [None req-a6abc88d-f436-4802-be17-c2edec290bc2 None None] SnapshotActionsController initialized {{(pid=111589) __init__ /opt/stack/cinder/cinder/api/contrib/snapshot_actions.py:33}}
Apr 21 20:08:09 ubuntu devstack@c-api.service[111589]: DEBUG cinder.api.openstack [None req-a6abc88d-f436-4802-be17-c2edec290bc2 None None] Extension ExtendedSnapshotAttributes extending resource: snapshots {{(pid=111589) _setup_extensions /opt/stack/cinder/cinder/api/openstack/__init__.py:159}}
Apr 21 20:08:09 ubuntu devstack@c-api.service[111589]: DEBUG cinder.api.openstack [None req-a6abc88d-f436-4802-be17-c2edec290bc2 None None] Extension TypesManage extending resource: types {{(pid=111589) _setup_extensions /opt/stack/cinder/cinder/api/openstack/__init__.py:159}}
Apr 21 20:08:09 ubuntu devstack@c-api.service[111589]: DEBUG cinder.api.openstack [None req-a6abc88d-f436-4802-be17-c2edec290bc2 None None] Extension VolumeUnmanage extending resource: volumes {{(pid=111589) _setup_extensions /opt/stack/cinder/cinder/api/openstack/__init__.py:159}}
Apr 21 20:08:09 ubuntu devstack@c-api.service[111590]: WARNING stevedore.named [None req-ea43fe0d-53ce-4e26-afab-45a119ff38c3 None None] Could not load cinder.keymgr.conf_key_mgr.ConfKeyManager
Apr 21 20:08:09 ubuntu devstack@c-api.service[111589]: DEBUG cinder.api.openstack [None req-a6abc88d-f436-4802-be17-c2edec290bc2 None None] Extension SnapshotUnmanage extending resource: snapshots {{(pid=111589) _setup_extensions /opt/stack/cinder/cinder/api/openstack/__init__.py:159}}
Apr 21 20:08:09 ubuntu devstack@c-api.service[111589]: DEBUG cinder.api.openstack [None req-a6abc88d-f436-4802-be17-c2edec290bc2 None None] Extension VolumeActions extending resource: volumes {{(pid=111589) _setup_extensions /opt/stack/cinder/cinder/api/openstack/__init__.py:159}}
Apr 21 20:08:09 ubuntu devstack@c-api.service[111590]: WARNING castellan.key_manager [None req-ea43fe0d-53ce-4e26-afab-45a119ff38c3 None None] Deprecation Warning : cinder.keymgr.conf_key_mgr.ConfKeyManager is not a stevedore based driver, trying to load it as a class: stevedore.exception.NoMatches: No 'castellan.drivers' driver found, looking for 'cinder.keymgr.conf_key_mgr.ConfKeyManager'
Apr 21 20:08:09 ubuntu devstack@c-api.service[111589]: DEBUG cinder.api.openstack [None req-a6abc88d-f436-4802-be17-c2edec290bc2 None None] Extension VolumeTenantAttribute extending resource: volumes {{(pid=111589) _setup_extensions /opt/stack/cinder/cinder/api/openstack/__init__.py:159}}
Apr 21 20:08:09 ubuntu devstack@c-api.service[111589]: DEBUG cinder.api.openstack [None req-a6abc88d-f436-4802-be17-c2edec290bc2 None None] Extension VolumeTypeAccess extending resource: types {{(pid=111589) _setup_extensions /opt/stack/cinder/cinder/api/openstack/__init__.py:159}}
Apr 21 20:08:09 ubuntu devstack@c-api.service[111589]: DEBUG cinder.api.openstack [None req-a6abc88d-f436-4802-be17-c2edec290bc2 None None] Extension VolumeImageMetadata extending resource: volumes {{(pid=111589) _setup_extensions /opt/stack/cinder/cinder/api/openstack/__init__.py:159}}
Apr 21 20:08:09 ubuntu devstack@c-api.service[111589]: DEBUG cinder.api.openstack [None req-a6abc88d-f436-4802-be17-c2edec290bc2 None None] Extension VolumeMigStatusAttribute extending resource: volumes {{(pid=111589) _setup_extensions /opt/stack/cinder/cinder/api/openstack/__init__.py:159}}
Apr 21 20:08:09 ubuntu devstack@c-api.service[111589]: DEBUG cinder.api.openstack [None req-a6abc88d-f436-4802-be17-c2edec290bc2 None None] Extension VolumeTypeEncryption extending resource: types {{(pid=111589) _setup_extensions /opt/stack/cinder/cinder/api/openstack/__init__.py:159}}
Apr 21 20:08:09 ubuntu devstack@c-api.service[111589]: DEBUG cinder.api.openstack [None req-a6abc88d-f436-4802-be17-c2edec290bc2 None None] Extension UsedLimits extending resource: limits {{(pid=111589) _setup_extensions /opt/stack/cinder/cinder/api/openstack/__init__.py:159}}
Apr 21 20:08:09 ubuntu devstack@c-api.service[111589]: DEBUG cinder.api.openstack [None req-a6abc88d-f436-4802-be17-c2edec290bc2 None None] Extension VolumeHostAttribute extending resource: volumes {{(pid=111589) _setup_extensions /opt/stack/cinder/cinder/api/openstack/__init__.py:159}}
Apr 21 20:08:09 ubuntu devstack@c-api.service[111590]: WARNING stevedore.named [None req-ea43fe0d-53ce-4e26-afab-45a119ff38c3 None None] Could not load cinder.keymgr.conf_key_mgr.ConfKeyManager
Apr 21 20:08:09 ubuntu devstack@c-api.service[111589]: DEBUG cinder.api.openstack [None req-a6abc88d-f436-4802-be17-c2edec290bc2 None None] Extension AdminActions extending resource: volumes {{(pid=111589) _setup_extensions /opt/stack/cinder/cinder/api/openstack/__init__.py:159}}
Apr 21 20:08:09 ubuntu devstack@c-api.service[111589]: DEBUG cinder.api.openstack [None req-a6abc88d-f436-4802-be17-c2edec290bc2 None None] Extension AdminActions extending resource: snapshots {{(pid=111589) _setup_extensions /opt/stack/cinder/cinder/api/openstack/__init__.py:159}}
Apr 21 20:08:09 ubuntu devstack@c-api.service[111590]: WARNING castellan.key_manager [None req-ea43fe0d-53ce-4e26-afab-45a119ff38c3 None None] Deprecation Warning : cinder.keymgr.conf_key_mgr.ConfKeyManager is not a stevedore based driver, trying to load it as a class: stevedore.exception.NoMatches: No 'castellan.drivers' driver found, looking for 'cinder.keymgr.conf_key_mgr.ConfKeyManager'
Apr 21 20:08:09 ubuntu devstack@c-api.service[111589]: DEBUG cinder.api.openstack [None req-a6abc88d-f436-4802-be17-c2edec290bc2 None None] Extension AdminActions extending resource: backups {{(pid=111589) _setup_extensions /opt/stack/cinder/cinder/api/openstack/__init__.py:159}}
Apr 21 20:08:09 ubuntu devstack@c-api.service[111589]: DEBUG cinder.api.openstack [None req-a6abc88d-f436-4802-be17-c2edec290bc2 None None] Extension SnapshotActions extending resource: snapshots {{(pid=111589) _setup_extensions /opt/stack/cinder/cinder/api/openstack/__init__.py:159}}
Apr 21 20:08:09 ubuntu devstack@c-api.service[111589]: WARNING keystonemiddleware.auth_token [None req-a6abc88d-f436-4802-be17-c2edec290bc2 None None] AuthToken middleware is set with keystone_authtoken.service_token_roles_required set to False. This is backwards compatible but deprecated behaviour. Please set this to True.
Apr 21 20:08:09 ubuntu devstack@c-api.service[111589]: WARNING keystonemiddleware.auth_token [None req-a6abc88d-f436-4802-be17-c2edec290bc2 None None] Configuring www_authenticate_uri to point to the public identity endpoint is required; clients may not be able to authenticate against an admin endpoint
Apr 21 20:08:09 ubuntu devstack@c-api.service[111590]: WARNING stevedore.named [None req-ea43fe0d-53ce-4e26-afab-45a119ff38c3 None None] Could not load cinder.keymgr.conf_key_mgr.ConfKeyManager
Apr 21 20:08:09 ubuntu devstack@c-api.service[111590]: WARNING castellan.key_manager [None req-ea43fe0d-53ce-4e26-afab-45a119ff38c3 None None] Deprecation Warning : cinder.keymgr.conf_key_mgr.ConfKeyManager is not a stevedore based driver, trying to load it as a class: stevedore.exception.NoMatches: No 'castellan.drivers' driver found, looking for 'cinder.keymgr.conf_key_mgr.ConfKeyManager'
Apr 21 20:08:09 ubuntu devstack@c-api.service[111589]: WSGI app 0 (mountpoint='') ready in 2 seconds on interpreter 0x55fd8b079d40 pid: 111589 (default app)
Apr 21 20:08:09 ubuntu devstack@c-api.service[111590]: WARNING stevedore.named [None req-ea43fe0d-53ce-4e26-afab-45a119ff38c3 None None] Could not load cinder.keymgr.conf_key_mgr.ConfKeyManager
Apr 21 20:08:09 ubuntu devstack@c-api.service[111590]: WARNING castellan.key_manager [None req-ea43fe0d-53ce-4e26-afab-45a119ff38c3 None None] Deprecation Warning : cinder.keymgr.conf_key_mgr.ConfKeyManager is not a stevedore based driver, trying to load it as a class: stevedore.exception.NoMatches: No 'castellan.drivers' driver found, looking for 'cinder.keymgr.conf_key_mgr.ConfKeyManager'
Apr 21 20:08:09 ubuntu devstack@c-api.service[111590]: WARNING stevedore.named [None req-ea43fe0d-53ce-4e26-afab-45a119ff38c3 None None] Could not load cinder.keymgr.conf_key_mgr.ConfKeyManager
Apr 21 20:08:09 ubuntu devstack@c-api.service[111590]: WARNING castellan.key_manager [None req-ea43fe0d-53ce-4e26-afab-45a119ff38c3 None None] Deprecation Warning : cinder.keymgr.conf_key_mgr.ConfKeyManager is not a stevedore based driver, trying to load it as a class: stevedore.exception.NoMatches: No 'castellan.drivers' driver found, looking for 'cinder.keymgr.conf_key_mgr.ConfKeyManager'
Apr 21 20:08:09 ubuntu devstack@c-api.service[111589]: /opt/stack/data/venv/lib/python3.10/site-packages/oslo_policy/policy.py:813: UserWarning: Policy "volume:attachment_create":"" was deprecated in X in favor of "volume:attachment_create":"rule:xena_system_admin_or_project_member". Reason: Default policies now support the three Keystone default roles, namely 'admin', 'member', and 'reader' to implement three Cinder "personas".  See "Policy Personas and Permissions" in the "Cinder Service Configuration" documentation (Xena release) for details.. Either ensure your deployment is ready for the new default or copy/paste the deprecated policy into your policy file and maintain it manually.
Apr 21 20:08:09 ubuntu devstack@c-api.service[111589]:   warnings.warn(deprecated_msg)
Apr 21 20:08:09 ubuntu devstack@c-api.service[111589]: /opt/stack/data/venv/lib/python3.10/site-packages/oslo_policy/policy.py:813: UserWarning: Policy "volume:attachment_update":"rule:admin_or_owner" was deprecated in X in favor of "volume:attachment_update":"rule:xena_system_admin_or_project_member". Reason: Default policies now support the three Keystone default roles, namely 'admin', 'member', and 'reader' to implement three Cinder "personas".  See "Policy Personas and Permissions" in the "Cinder Service Configuration" documentation (Xena release) for details.. Either ensure your deployment is ready for the new default or copy/paste the deprecated policy into your policy file and maintain it manually.
Apr 21 20:08:09 ubuntu devstack@c-api.service[111589]:   warnings.warn(deprecated_msg)
Apr 21 20:08:09 ubuntu devstack@c-api.service[111589]: /opt/stack/data/venv/lib/python3.10/site-packages/oslo_policy/policy.py:813: UserWarning: Policy "volume:attachment_delete":"rule:admin_or_owner" was deprecated in X in favor of "volume:attachment_delete":"rule:xena_system_admin_or_project_member". Reason: Default policies now support the three Keystone default roles, namely 'admin', 'member', and 'reader' to implement three Cinder "personas".  See "Policy Personas and Permissions" in the "Cinder Service Configuration" documentation (Xena release) for details.. Either ensure your deployment is ready for the new default or copy/paste the deprecated policy into your policy file and maintain it manually.
Apr 21 20:08:09 ubuntu devstack@c-api.service[111589]:   warnings.warn(deprecated_msg)
Apr 21 20:08:09 ubuntu devstack@c-api.service[111589]: /opt/stack/data/venv/lib/python3.10/site-packages/oslo_policy/policy.py:813: UserWarning: Policy "volume:attachment_complete":"rule:admin_or_owner" was deprecated in X in favor of "volume:attachment_complete":"rule:xena_system_admin_or_project_member". Reason: Default policies now support the three Keystone default roles, namely 'admin', 'member', and 'reader' to implement three Cinder "personas".  See "Policy Personas and Permissions" in the "Cinder Service Configuration" documentation (Xena release) for details.. Either ensure your deployment is ready for the new default or copy/paste the deprecated policy into your policy file and maintain it manually.
Apr 21 20:08:09 ubuntu devstack@c-api.service[111589]:   warnings.warn(deprecated_msg)
Apr 21 20:08:09 ubuntu devstack@c-api.service[111589]: /opt/stack/data/venv/lib/python3.10/site-packages/oslo_policy/policy.py:813: UserWarning: Policy "volume:multiattach_bootable_volume":"rule:admin_or_owner" was deprecated in X in favor of "volume:multiattach_bootable_volume":"rule:xena_system_admin_or_project_member". Reason: Default policies now support the three Keystone default roles, namely 'admin', 'member', and 'reader' to implement three Cinder "personas".  See "Policy Personas and Permissions" in the "Cinder Service Configuration" documentation (Xena release) for details.. Either ensure your deployment is ready for the new default or copy/paste the deprecated policy into your policy file and maintain it manually.
Apr 21 20:08:09 ubuntu devstack@c-api.service[111589]:   warnings.warn(deprecated_msg)
