"pcp-dstat 6.2.0 CSV Output"
"Author:","PCP team <pcp@groups.io> and Dag Wieers <dag@wieers.com>",,,,"URL:","https://pcp.io/ and http://dag.wieers.com/home-made/dstat/"
"Host:","ubuntu",,,,"User:","ubuntu"
"Cmdline:","dstat -tcmndrylpg --tcp --output /tmp/devstack_logs/dstat-csv.log",,,,"Date:","25 Jun 2026 22:49:28 UTC"
"system","total usage",,,,,"memory usage",,,,"net/total",,"dsk/total",,"io/total",,"system",,"load avg",,,"procs",,,"paging",,"tcp sockets",,,,
"time","total usage:usr","total usage:sys","total usage:idl","total usage:wai","total usage:stl","used","free","buf","cach","net/total:recv","net/total:send","dsk/total:read","dsk/total:writ","read","writ","int","csw","1m","5m","15m","run","blk","new","in","out","lis","act","syn","tim","clo"
25-06 22:49:28,,953132,1466916,168000,5219800,,,,,,,1.410,0.930,0.500,2,0,,,,10,4,0,17,0
25-06 22:49:29,21.730,21.481,55.200,0.500,0,962592,1456760,168148,5220212,31811.294,11904.258,0,1642.518,0,109.901,5641,4051,1.410,0.930,0.500,2,0,373.663,0,0,10,6,0,17,0
25-06 22:49:30,19.255,21.755,56.764,1.000,0,946664,1471836,168332,5220696,39195.503,16893.096,0,2384.578,0,78.019,5550,4395,1.460,0.950,0.510,3,0,343.083,0,0,10,6,0,17,0
25-06 22:49:31,27.950,19.216,50.910,0.250,0,990488,1427256,168504,5221116,41988.399,14180.805,0,1740.907,0,58.895,5730,5413,1.460,0.950,0.510,2,0,273.514,0,0,10,5,0,17,1
25-06 22:49:32,33.315,16.783,46.841,0.501,0,1113216,1303684,168664,5331908,23694.117,13902.058,0,1695.300,0,49.096,7160,9413,1.460,0.950,0.510,2,0,161.314,0,0,11,5,0,17,1
25-06 22:49:33,29.487,10.245,57.974,0.500,0,1133308,1257436,168984,5370888,175392.118,8099.357,0,1811.185,0,63.971,3528,2489,1.460,0.950,0.510,1,1,92.958,0,0,11,6,0,17,2
25-06 22:49:34,36.266,14.506,47.270,0.500,0,1158696,1210004,170008,5389136,5102.181,1620.693,0,5706.439,0,93.040,4890,3592,1.460,0.950,0.510,4,0,189.081,0,0,11,6,0,19,2
25-06 22:49:35,43.222,6.746,48.469,0.750,0,1223572,1122036,170520,5409612,4814.923,1499.042,31.980,2722.261,1.999,43.972,3023,1739,1.500,0.960,0.510,2,1,0,0,0,11,6,0,19,2
25-06 22:49:36,43.244,5.749,47.743,1.000,0,1242944,1082828,171780,5424984,5056.260,1619.763,0,4651.319,0,236.965,3489,2514,1.500,0.960,0.510,6,0,1.000,0,0,11,8,0,19,2
25-06 22:49:37,32.011,7.753,44.515,13.755,0,1266096,1023984,173380,5456192,4519.500,1458.484,0,36220.024,0,2342.778,12294,21823,1.500,0.960,0.510,2,1,39.013,0,0,11,8,0,19,2
25-06 22:49:38,33.206,7.740,41.445,13.482,0,1278652,1016896,174404,5448660,5494.652,1935.412,0,45351.350,0,3342.530,13382,24189,1.500,0.960,0.510,3,0,43.941,0,0,11,6,0,19,0
25-06 22:49:39,37.829,9.770,50.605,1.503,0,1241000,1054472,174456,5448684,11814.594,4570.514,0,10533.928,0,594.237,4444,4697,1.500,0.960,0.510,2,0,108.225,0,0,11,5,0,19,0
25-06 22:49:40,44.248,6.250,47.498,0.750,0,1266340,1021604,174684,5455068,5161.779,1631.930,0,2287.902,0,111.995,4866,5590,1.540,0.980,0.520,2,0,9.000,0,0,11,4,0,19,0
25-06 22:49:41,43.964,8.993,44.963,1.249,0,1249148,1037508,174732,5456088,4027.674,1133.064,0,9556.108,0,532.560,9302,15216,1.540,0.980,0.520,2,0,22.981,0,0,11,4,0,19,0
25-06 22:49:42,41.876,10.469,45.366,0,0,1253876,1032648,174736,5456180,3415.877,484.564,0,570.310,0,24.926,10926,18032,1.540,0.980,0.520,2,0,14.956,0,0,11,4,0,19,0
25-06 22:49:43,41.091,10.273,48.859,0.251,0,1174460,1120216,174740,5448804,4269.498,1623.612,0,649.445,0,35.078,4105,2746,1.540,0.980,0.520,3,0,186.415,0,0,11,4,0,19,0
25-06 22:49:44,14.776,23.040,60.605,0,0,1113196,1181516,174740,5448840,4688.111,1664.881,0,156.270,0,12.021,5801,4347,1.540,0.980,0.520,2,0,419.726,0,0,11,4,0,19,0
25-06 22:49:45,14.991,19.488,63.710,0,0,1101656,1192896,174740,5449332,4856.969,1618.990,0,15.990,0,3.998,6542,7236,1.500,0.980,0.530,1,0,270.831,0,0,11,4,0,19,0
25-06 22:49:46,38.177,11.727,49.156,0,0,1181928,1112572,174740,5449472,5125.166,1455.208,0,31.939,0,2.994,3909,2667,1.500,0.980,0.530,2,0,130.749,0,0,11,5,0,15,0
25-06 22:49:47,46.993,3.999,48.742,0,0,1250384,1043672,174740,5449916,4979.219,1619.746,0,183.971,0,1.000,2697,1161,1.500,0.980,0.530,2,0,0,0,0,11,5,0,15,0
25-06 22:49:48,42.837,9.018,46.595,0,0,1270352,1021608,174780,5451944,5170.491,1623.294,0,2108.278,0,106.216,3579,4086,1.500,0.980,0.530,5,0,0,0,0,11,5,0,15,0
25-06 22:49:49,11.974,12.723,73.093,0.249,0,1277056,1014504,174788,5452336,4687.961,1454.885,0,27696.690,0,331.291,4116,3659,1.500,0.980,0.530,2,0,139.701,0,0,11,4,0,16,0
25-06 22:49:50,22.751,4.000,73.255,0,0,1347864,943692,174788,5452340,4638.296,1458.093,0,0,0,0,1914,1500,1.460,0.980,0.530,1,0,1.000,0,0,11,4,0,14,0
25-06 22:49:51,23.754,2.250,73.511,0,0,1377016,914352,174788,5452528,2519.385,162.025,0,372.057,0,4.001,1680,1122,1.460,0.980,0.530,1,0,0,0,0,11,4,0,14,0
25-06 22:49:52,21.234,4.746,70.447,1.998,0.250,1263644,1027552,174900,5452588,4454.623,1456.896,0,4588.522,0,458.652,4459,5780,1.460,0.980,0.530,2,0,42.967,0,0,11,4,0,16,0
25-06 22:49:53,21.779,4.005,73.099,0.250,0,1324592,966568,174900,5452588,4686.324,1664.246,0,909.227,0,88.119,1971,1604,1.460,0.980,0.530,1,0,0,0,0,11,4,0,16,0
25-06 22:49:54,19.023,4.005,75.842,0.250,0.250,1349432,941648,174904,5452780,7246.748,5478.613,0,32755.540,0,490.592,2941,2823,1.460,0.980,0.530,1,0,1.001,0,0,11,17,0,16,0
25-06 22:49:55,21.226,1.748,75.664,0.499,0,1353216,937364,174948,5453152,11033.416,5930.236,267.695,1362.446,65.925,18.978,2379,2053,1.420,0.980,0.530,2,0,1.998,0,0,11,28,0,17,0
25-06 22:49:56,18.997,6.999,72.488,0,0,1399496,891080,174948,5453156,5782.031,1685.718,0,2259.621,0,13.998,2272,1554,1.420,0.980,0.530,1,0,42.993,0,0,11,28,0,17,0
25-06 22:49:57,18.499,2.000,78.996,0,0,1415580,874980,174948,5453172,11737.466,8406.618,0,23.999,0,1.000,2064,1690,1.420,0.980,0.530,1,0,0,0,0,11,28,0,18,0
25-06 22:49:58,28.779,12.012,58.059,0,0,1404284,886264,174948,5453184,5217.303,1633.660,0,16.016,0,4.004,3590,2367,1.420,0.980,0.530,2,0,156.159,0,0,11,28,0,17,0
25-06 22:49:59,37.208,5.744,55.937,0.250,0,1455596,834936,174948,5453192,12711.678,9471.329,0,6608.554,0,79.910,3249,2361,1.420,0.980,0.530,2,0,0,0,0,11,30,0,17,0
25-06 22:50:00,38.811,6.761,54.085,0.250,0,1424548,865724,174948,5453440,16659.264,12392.537,0,288.455,0,29.046,6282,7681,1.470,1,0.540,2,0,34.054,0,0,11,28,0,18,0
25-06 22:50:01,64.786,29.766,5.253,0,0,1542504,747684,174952,5453488,5840.203,1620.889,0,532.292,0,80.044,5677,4581,1.470,1,0.540,6,0,545.299,0,0,11,28,0,18,0
25-06 22:50:02,84.746,13.249,0.500,0,0,1762120,528056,174952,5453496,11131.494,7751.648,0,295.987,0,13.999,5292,13861,1.470,1,0.540,3,0,37.998,0,0,11,30,2,17,0
25-06 22:50:03,80.255,10.251,9.001,0,0,1811932,478152,174968,5453568,38727.328,34297.062,0,392.024,0,43.003,8615,12320,1.470,1,0.540,7,0,0,0,0,11,31,0,20,0
25-06 22:50:04,48.373,16.457,33.662,0.249,0,1570028,719844,174980,5453768,12636.951,8240.449,0,19409.239,0,177.536,5836,6902,1.470,1,0.540,1,0,309.191,0,0,11,28,0,23,0
25-06 22:50:05,19.767,3.753,76.064,0.250,0,1576948,712900,174980,5453776,7966.691,3974.338,0,564.474,0,12.010,1943,1389,1.430,1,0.540,1,0,6.005,0,0,11,29,0,23,0
25-06 22:50:06,18.018,4.004,76.578,0,0,1529436,760384,174996,5453788,10911.064,6119.205,0,560.568,0,41.042,3204,3506,1.430,1,0.540,1,0,26.026,0,0,11,28,0,24,0
25-06 22:50:07,19.742,6.248,72.472,0,0,1525388,764424,175004,5453788,6057.669,1661.361,0,431.834,0,45.982,2349,1617,1.430,1,0.540,2,0,41.984,0,0,11,28,0,24,0
25-06 22:50:08,16.973,2.746,80.122,0.250,0,1517860,771940,175004,5453800,9349.063,6258.001,0,115.815,0,5.990,2141,2180,1.430,1,0.540,1,0,0,0,0,11,29,0,24,0
25-06 22:50:09,13.517,15.269,69.085,0,0,1471724,818052,175004,5453820,6037.395,2223.724,0,75168.071,0,483.592,5150,4791,1.430,1,0.540,1,0,234.287,0,0,11,28,0,25,0
25-06 22:50:10,12.503,29.508,56.015,0,0,1441024,848752,175004,5453824,4501.166,1620.420,0,1368.355,0,19.005,6008,4521,1.400,1,0.550,5,0,562.146,0,0,11,28,0,25,0
25-06 22:50:11,79.852,19.775,0.250,0,0,1600932,688804,175012,5453856,4664.967,1243.591,0,644.825,0,44.056,5085,3217,1.400,1,0.550,5,0,243.311,0,0,11,28,0,25,0
25-06 22:50:12,78.242,9.499,11.749,0,0,1727456,562100,175016,5454032,31288.704,27448.109,0,75.992,0,5.999,5869,6586,1.400,1,0.550,6,0,0,0,0,11,33,0,25,0
25-06 22:50:13,77.507,11.001,10.501,0.250,0,1720376,569088,175036,5454104,29727.744,24755.285,0,796.073,0,76.007,8752,13606,1.400,1,0.550,6,0,83.008,0,0,11,28,0,26,0
25-06 22:50:14,79.912,20.228,0,0,0,1649480,639872,175044,5454208,4539.006,1172.710,0,227.749,0,14.984,5255,3677,1.400,1,0.550,6,0,226.750,0,0,11,28,0,26,0
25-06 22:50:15,87.309,11.758,0.751,0,0,1814488,474848,175044,5454224,21631.683,18583.614,0,2281.549,0,94.064,6385,5226,1.770,1.080,0.580,5,0,0,0,0,11,32,0,26,0
25-06 22:50:16,78.410,8.990,12.236,0,0,1813848,475100,175052,5454604,47820.881,42298.246,0,307.645,0,25.970,9374,15946,1.770,1.080,0.580,6,0,49.942,0,0,11,30,0,29,0
25-06 22:50:17,52.953,15.736,29.723,0.500,0,1547300,741444,175092,5454768,9998.061,6483.203,0,3628.755,0,207.814,5973,6378,1.770,1.080,0.580,3,0,247.778,0,0,11,28,0,31,0
25-06 22:50:18,36.810,5.759,56.593,0,0,1571156,717580,175092,5454776,12686.847,9455.537,0,380.625,0,12.020,3272,2397,1.770,1.080,0.580,2,0,0,0,0,11,30,0,31,0
25-06 22:50:19,36.527,10.758,51.288,0.250,0,1430648,858016,175100,5454808,15920.858,12102.014,0,1369.020,0,82.061,6223,7256,1.770,1.080,0.580,5,0,196.146,0,0,11,28,0,30,0
25-06 22:50:20,56.989,17.496,25.495,0,0,1528232,760404,175100,5454836,5338.925,1619.674,0,1675.663,0,125.975,4612,2656,1.860,1.120,0.590,3,0,183.963,0,0,11,28,0,30,0
25-06 22:50:21,49.516,6.002,43.264,0,0,1595696,692908,175100,5454868,22425.311,19636.402,0,0,0,0,5304,5617,1.860,1.120,0.590,1,0,0,0,0,11,31,0,30,0
25-06 22:50:22,56.993,17.998,24.747,0.250,0,1519816,768588,175124,5455044,16464.094,11698.646,0,1335.845,0,53.994,7453,8525,1.860,1.120,0.590,4,0,257.970,0,0,11,28,0,31,0
25-06 22:50:23,78.451,10.493,10.493,0,0,1652636,635736,175128,5455072,11333.977,9862.889,0,375.767,0,19.988,4843,2223,1.860,1.120,0.590,1,0,0,0,0,11,32,0,29,0
25-06 22:50:24,62.774,7.503,28.761,0,0,1654180,633972,175136,5455284,37438.437,31902.302,0,240.093,0,21.008,9134,12976,1.860,1.120,0.590,5,0,0,0,0,11,30,0,30,1
25-06 22:50:25,64.252,20.001,15.751,0.250,0,1547136,741056,175140,5455316,6251.231,3349.124,0,4152.153,0,325.012,5141,4002,2.120,1.180,0.610,3,0,324.012,0,0,11,28,0,32,0
25-06 22:50:26,54.456,6.745,37.969,0,0,1579796,708376,175148,5455328,17479.841,13706.898,0,175.858,0,10.991,3802,2547,2.120,1.180,0.610,4,0,0,0,0,11,31,0,32,0
25-06 22:50:27,53.047,14.013,32.529,0.250,0,1509668,778280,175184,5455512,23101.617,17806.892,0,1265.129,0,94.084,7665,10370,2.120,1.180,0.610,5,0,249.222,0,0,11,28,0,31,0
25-06 22:50:28,64.010,12.502,22.754,0,0,1575540,712356,175184,5455532,6032.956,1596.253,0,140.022,0,12.002,3866,1695,2.120,1.180,0.610,4,0,50.008,0,0,11,28,0,31,0
25-06 22:50:29,44.984,5.498,48.233,0,0,1607636,680200,175184,5455584,28986.539,23451.537,0,0,0,0,6580,7677,2.120,1.180,0.610,2,0,0,0,0,11,31,0,31,0
25-06 22:50:30,61.217,17.491,20.739,0.250,0,1484296,803216,175200,5455892,10993.094,6967.257,0,395.787,0,26.986,5350,5415,2.590,1.290,0.650,3,0,287.845,0,0,11,28,0,34,0
25-06 22:50:31,53.045,7.256,39.033,0,0,1592748,694748,175200,5455908,17000.351,13241.178,0,144.122,0,7.006,3903,2706,2.590,1.290,0.650,3,0,0,0,0,11,31,0,34,0
25-06 22:50:32,55.458,8.244,35.223,0,0,1405452,881836,175216,5456100,19046.463,15369.270,0,1067.185,0,78.940,6300,8214,2.590,1.290,0.650,4,0,86.934,0,0,11,28,0,36,0
25-06 22:50:33,63.976,11.746,24.741,0,0,1591652,695624,175216,5456112,4484.327,1565.416,0,75.972,0,6.997,3840,1834,2.590,1.290,0.650,3,0,24.991,0,0,11,28,0,36,0
25-06 22:50:34,45.551,5.756,48.054,0,0,1627604,659628,175216,5456152,26412.606,23460.297,0,80.090,0,7.008,5966,7250,2.590,1.290,0.650,2,0,0,0,0,11,31,0,36,0
25-06 22:50:35,61.496,25.498,12.999,0,0,1547336,739836,175232,5456196,9886.386,5278.672,0,491.969,0,48.997,6231,6176,2.460,1.290,0.650,8,0,488.970,0,0,11,28,0,36,0
25-06 22:50:36,79.494,19.748,0,0,0,1669648,617476,175232,5456244,7025.463,3585.726,0,2303.824,0,103.992,5546,4247,2.460,1.290,0.650,8,0,339.974,0,0,11,29,0,36,0
25-06 22:50:37,77.867,20.215,1.248,0,0,1816356,470580,175232,5456424,31056.901,27099.667,0,606.962,0,41.928,6724,6680,2.460,1.290,0.650,9,0,343.413,0,0,11,32,0,36,0
25-06 22:50:38,77.263,19.753,3.000,0,0,1846308,440540,175248,5456492,38248.309,33462.520,0,444.073,0,39.006,9119,11082,2.460,1.290,0.650,7,0,326.054,0,0,11,29,0,37,0
25-06 22:50:39,76.369,23.537,0,0,0,1605604,680992,175260,5456728,9192.267,5626.733,0,276.429,0,21.033,5787,4660,2.460,1.290,0.650,5,0,355.552,0,0,11,28,0,37,0
25-06 22:50:40,82.452,10.494,6.246,0,0.500,1745452,541108,175260,5456756,17583.809,14222.757,0,139.919,0,9.994,5905,4475,2.660,1.350,0.680,4,0,0.999,0,0,11,32,0,37,0
25-06 22:50:41,64.770,11.504,22.757,0,0,1706832,579484,175264,5456988,44676.991,38642.101,0,124.039,0,9.003,9982,14750,2.660,1.350,0.680,4,0,133.042,0,0,11,30,0,40,0
25-06 22:50:42,38.161,18.706,41.902,0.249,0,1548492,737800,175264,5457012,11649.694,8263.631,0,227.467,0,13.967,6140,5607,2.660,1.350,0.680,1,0,354.170,0,0,11,28,0,42,0
25-06 22:50:43,12.027,27.562,58.883,0,0,1512764,773512,175264,5457028,3874.782,1028.331,0,24.055,0,6.014,5930,4387,2.660,1.350,0.680,4,0,526.193,0,0,11,28,0,42,0
25-06 22:50:44,64.030,31.014,4.752,0,0,1561184,725052,175264,5457068,4774.222,1512.704,0,24.011,0,6.003,5463,4119,2.660,1.350,0.680,4,0,589.274,0,0,11,28,0,42,0
25-06 22:50:45,66.566,9.225,23.685,0,0,1670388,615664,175280,5457232,24593.072,21318.118,0,630.259,0,44.876,6017,6335,2.690,1.380,0.690,4,0,0,0,0,11,31,0,43,0
25-06 22:50:46,65.426,15.041,18.550,0,0,1580252,705728,175288,5457296,19065.417,14554.251,0,533.439,0,52.141,7035,8955,2.690,1.380,0.690,5,0,201.544,0,0,11,28,0,46,0
25-06 22:50:47,78.007,14.001,8.001,0,0,1628560,657388,175304,5457312,10052.962,7442.712,0,2284.219,0,119.011,4851,2630,2.690,1.380,0.690,3,0,69.007,0,0,11,30,0,46,0
25-06 22:50:48,61.900,7.238,29.702,0,0,1662580,623128,175308,5457532,37800.095,33968.269,0,143.768,0,7.987,8392,13069,2.690,1.380,0.690,3,0,0,0,0,11,32,0,46,0
25-06 22:50:49,55.567,7.008,35.793,0.250,0,1618700,666752,175320,5457768,35564.913,29916.097,0,324.391,0,34.041,11155,16688,2.690,1.380,0.690,4,0,30.036,0,0,11,30,0,46,0
25-06 22:50:50,79.778,14.755,5.252,0,0,1550656,734744,175336,5457804,11878.096,8346.878,0,544.188,0,44.015,6307,6168,2.720,1.410,0.700,4,0,93.032,0,0,11,28,0,46,0
25-06 22:50:51,68.803,8.227,22.187,0,0,1659164,626188,175340,5457812,22875.655,20371.807,0,171.510,0,9.972,5310,5131,2.720,1.410,0.700,3,0,0,0,0,11,32,0,45,0
25-06 22:50:52,54.855,6.012,37.322,0,0,1660120,624968,175340,5458072,45086.495,40129.986,0,148.284,0,11.021,13189,19823,2.720,1.410,0.700,3,0,0,0,0,11,31,0,46,0
25-06 22:50:53,66.813,15.515,16.766,0,0,1582212,702660,175340,5458280,25324.852,20581.385,0,152.143,0,6.006,8788,10875,2.720,1.410,0.700,4,0,205.193,0,0,11,28,0,49,0
25-06 22:50:54,79.252,13.500,7.500,0,0,1632568,652296,175340,5458292,10608.210,7538.149,0,1352.027,0,9.000,4737,2397,2.720,1.410,0.700,3,0,55.001,0,0,11,30,0,49,0
25-06 22:50:55,59.178,7.741,31.711,0,0,1658268,626352,175352,5458520,38350.313,33799.853,0,463.436,0,57.929,9085,13343,2.740,1.430,0.720,3,0,1.998,0,0,11,35,0,46,1
25-06 22:50:56,74.091,13.767,12.015,0,0,1560228,724224,175352,5458700,20879.655,15692.281,0,352.433,0,33.041,7835,10078,2.740,1.430,0.720,4,0,98.121,0,0,11,32,0,48,0
25-06 22:50:57,74.643,12.482,11.983,0.250,0,1634620,649816,175352,5458716,14514.129,11413.587,0,111.839,0,7.989,4765,2672,2.740,1.430,0.720,3,0,29.957,0,0,11,35,0,48,0
25-06 22:50:58,68.209,11.493,20.238,0.250,0,1625300,659092,175356,5458752,24408.276,20203.812,0,363.781,0,39.976,6554,8975,2.740,1.430,0.720,5,0,119.928,0,0,11,34,0,50,0
25-06 22:50:59,74.859,8.763,16.524,0,0,1619676,664484,175356,5458976,28228.058,24068.007,0,156.227,0,8.012,6687,9765,2.740,1.430,0.720,3,0,5.007,0,0,11,34,0,51,0
25-06 22:51:00,70.785,14.507,13.757,0,0,1630340,653716,175364,5459068,24595.162,20370.073,0,128.063,0,8.004,6643,8466,2.680,1.440,0.720,3,0,137.068,0,0,11,33,0,52,0
25-06 22:51:01,75.611,12.727,11.479,0,0,1615952,668080,175364,5459092,17434.838,13010.999,0,275.492,0,11.978,4941,4199,2.680,1.440,0.720,4,0,85.842,0,0,11,34,0,53,0
25-06 22:51:02,75.901,15.280,8.517,0,0,1653168,630696,175368,5459272,19161.137,15227.307,0,116.231,0,7.014,5805,14232,2.680,1.440,0.720,4,0,104.207,0,0,11,34,0,56,0
25-06 22:51:03,68.684,9.990,19.981,0,0,1678224,605440,175380,5459440,21375.352,17515.081,0,311.699,0,31.969,6881,7804,2.680,1.440,0.720,4,0,0,0,0,11,33,0,58,0
25-06 22:51:04,57.048,13.011,29.275,0,0,1525548,758068,175388,5459476,16154.694,11238.527,0,404.343,0,39.033,5801,5494,2.680,1.440,0.720,3,0,198.168,0,0,11,32,0,55,0
25-06 22:51:05,59.199,12.739,28.226,0,0,1568208,715392,175392,5459484,10093.243,6027.770,0,147.872,0,8.992,4134,2348,2.700,1.470,0.740,4,0,62.945,0,0,11,33,0,55,0
25-06 22:51:06,50.018,7.753,40.515,0,0,1569880,713628,175396,5459568,26110.574,20189.403,0,244.089,0,16.006,5165,6592,2.700,1.470,0.740,5,0,57.021,0,0,11,34,0,56,0
25-06 22:51:07,57.252,13.750,28.501,0.250,0,1465048,818300,175396,5459724,14710.462,9550.300,0,3600.113,0,153.005,5302,5166,2.700,1.470,0.740,3,0,128.004,0,0,11,32,0,58,0
25-06 22:51:08,55.927,6.991,36.702,0,0,1564276,719044,175400,5459748,17309.524,13633.297,0,115.850,0,6.991,3762,2760,2.700,1.470,0.740,3,0,0,0,0,11,35,0,54,0
25-06 22:51:09,44.480,7.497,46.230,0,0,1534364,748692,175428,5459976,23666.580,20087.156,0,367.838,0,28.987,6539,9447,2.700,1.470,0.740,1,0,85.962,0,0,11,33,0,56,0
25-06 22:51:10,36.588,13.282,50.121,0,0,1460276,822756,175448,5459980,6496.627,2908.998,0,252.608,0,23.055,4410,3288,2.650,1.480,0.740,2,0,136.328,0,0,11,32,0,57,0
25-06 22:51:11,37.632,4.735,56.573,0,0,1529808,753216,175452,5459984,11758.283,8764.631,0,147.539,0,9.969,2914,2071,2.650,1.480,0.740,3,0,0,0,0,11,34,0,57,0
25-06 22:51:12,37.329,6.263,55.367,0.501,0,1517836,764956,175480,5460188,15611.891,12034.354,0,681.436,0,48.101,4882,5815,2.650,1.480,0.740,2,0,34.072,0,0,11,32,0,58,0
25-06 22:51:13,37.685,11.480,49.664,0,0,1491552,791212,175488,5460204,5858.822,3579.781,0,163.716,0,18.967,3700,2376,2.650,1.480,0.740,1,0,103.820,0,0,11,33,0,58,0
25-06 22:51:14,35.062,5.259,58.603,0.501,0,1489240,793464,175532,5460216,15239.783,11091.493,0,1694.979,0,112.197,3860,3736,2.650,1.480,0.740,2,0,29.051,0,0,11,33,0,59,0
25-06 22:51:15,37.787,7.758,54.303,0,0,1509500,773176,175536,5460240,11027.709,7175.968,0,204.198,0,21.020,3887,4069,2.600,1.490,0.750,2,0,36.035,0,0,11,32,0,60,0
25-06 22:51:16,37.379,5.981,55.819,0,0,1527848,754816,175536,5460252,13191.238,9377.601,0,91.703,0,1.994,2949,2626,2.600,1.490,0.750,1,0,0,0,0,11,33,0,58,0
25-06 22:51:17,33.267,6.753,58.530,0,0,1445808,836816,175536,5460292,18741.647,14457.442,0,152.078,0,30.015,4590,5239,2.600,1.490,0.750,1,0,43.022,0,0,11,33,0,59,0
25-06 22:51:18,40.043,5.756,53.557,0.250,0,1508928,773672,175544,5460308,8270.803,4575.871,0,264.281,0,25.027,3224,2453,2.600,1.490,0.750,1,0,5.005,0,0,11,33,0,60,0
25-06 22:51:19,35.490,4.999,58.983,0,0,1540124,742300,175556,5460468,19690.422,14963.761,0,107.969,0,5.998,4641,5278,2.600,1.490,0.750,2,0,0,0,0,11,34,0,60,0
25-06 22:51:20,28.805,17.534,51.599,0,0,1487964,794360,175580,5460540,12047.100,8101.534,0,320.615,0,33.063,6467,6320,2.550,1.500,0.760,2,0,283.544,0,0,11,32,0,56,0
25-06 22:51:21,21.444,4.239,73.307,0,0,1479128,803184,175588,5460544,4730.540,1561.886,0,183.517,0,8.976,1859,1220,2.550,1.500,0.760,1,0,0,0,0,11,32,0,56,0
25-06 22:51:22,16.739,2.498,79.949,0,0,1478248,804044,175592,5460560,12665.978,9347.080,0,111.929,0,8.994,2734,2989,2.550,1.500,0.760,2,0,0,0,0,11,33,0,56,0
25-06 22:51:23,12.786,12.285,73.708,0.251,0,1438936,843340,175592,5460576,6899.437,3905.001,0,220.622,0,24.068,4185,3579,2.550,1.500,0.760,2,0,180.509,0,0,11,32,0,57,0
25-06 22:51:24,16.475,10.734,71.393,0,0,1477624,804648,175592,5460580,3800.280,1024.458,0,159.760,0,9.985,2905,1907,2.550,1.500,0.760,1,0,103.844,0,0,11,32,0,56,0
25-06 22:51:25,18.742,2.999,77.469,0.250,0,1500644,781608,175604,5460588,10162.886,6649.309,0,1251.493,0,24.990,2007,1751,2.420,1.490,0.760,1,0,0,0,0,11,33,0,56,0
25-06 22:51:26,20.235,2.998,74.695,0.250,0,1389708,892512,175612,5460608,11420.538,7198.666,0,303.775,0,46.965,3502,3664,2.420,1.490,0.760,2,0,17.987,0,0,11,32,0,57,0
25-06 22:51:27,20.250,6.500,72.999,0,0,1444416,837804,175612,5460608,6477.869,1511.969,0,2235.955,0,145.997,2252,1390,2.420,1.490,0.760,1,0,27.999,0,0,11,32,0,57,0
25-06 22:51:28,17.746,2.250,78.733,0,0,1456044,826020,175620,5460756,14071.990,8466.189,0,199.957,0,19.996,2619,2781,2.420,1.490,0.760,1,0,0,0,0,11,33,0,52,0
25-06 22:51:29,19.298,2.757,76.189,0.251,0,1424468,857564,175624,5460784,13459.349,8835.893,0,212.527,0,19.047,4096,5036,2.420,1.490,0.760,1,0,8.020,0,0,11,32,0,52,0
25-06 22:51:30,7.754,23.262,67.285,0,0,1407360,874512,175628,5460932,5222.733,1662.870,0,152.080,0,9.005,5397,3516,2.230,1.460,0.750,1,0,339.177,0,0,11,32,0,52,0
25-06 22:51:31,26.244,19.245,53.487,0,0,1421620,860220,175656,5460932,4995.827,1619.620,0,459.892,0,26.994,4835,3628,2.230,1.460,0.750,2,0,280.934,0,0,11,32,0,54,0
25-06 22:51:32,43.756,6.251,48.507,0.250,0,1503112,776884,175712,5462408,4500.667,1620.240,0,1704.252,0,29.004,3135,1854,2.230,1.460,0.750,1,1,5.001,0,0,11,36,0,49,0
25-06 22:51:33,35.741,7.498,42.739,11.747,0,1476192,797072,176576,5467912,4558.788,1661.558,0,28060.542,0,2693.284,12808,23656,2.230,1.460,0.750,2,0,117.969,0,0,11,36,0,49,0
25-06 22:51:34,35.517,10.005,39.519,12.506,0,1542328,729120,177124,5469092,4700.274,1458.706,0,51428.886,0,4227.045,16446,32792,2.230,1.460,0.750,3,0,48.023,0,0,11,36,0,49,0
25-06 22:51:35,43.988,7.498,46.488,1.500,0,1556748,714636,177176,5469100,5158.635,1661.560,0,10521.217,0,600.841,4310,4591,2.210,1.470,0.760,3,0,6.998,0,0,11,32,0,49,0
25-06 22:51:36,41.264,7.002,46.516,4.251,0,1574120,697024,177268,5469244,5076.758,1458.505,0,5898.042,0,917.318,7525,11143,2.210,1.470,0.760,3,1,2.001,0,0,11,34,0,47,0
25-06 22:51:37,38.002,7.250,44.252,7.750,0,1543120,727452,177452,5469620,5400.249,1620.075,0,16524.762,0,2020.093,12185,20353,2.210,1.470,0.760,2,0,2.000,0,0,11,32,0,47,0
25-06 22:51:38,24.200,8.981,65.863,0.249,0,1487448,783104,177456,5469636,4808.004,1454.975,0,1924.000,0,116.757,3113,2510,2.210,1.470,0.760,1,0,98.795,0,0,11,32,0,47,0
25-06 22:51:39,21.702,4.490,72.590,0.249,0,1497052,773488,177468,5469636,5208.507,1616.433,0,774.291,0,50.888,1999,1545,2.210,1.470,0.760,4,0,1.996,0,0,11,32,0,47,0
25-06 22:51:40,22.320,3.511,72.477,0.752,0,1496684,773840,177484,5469636,5194.256,1462.577,0,6512.382,0,345.080,2379,2569,2.110,1.460,0.760,2,0,1.003,0,0,11,32,0,47,0
25-06 22:51:41,22.501,4.250,73.754,0,0,1453272,817224,177484,5469660,4937.271,1620.089,0,0,0,0,1760,1215,2.110,1.460,0.760,2,0,1.000,0,0,11,32,0,46,0
25-06 22:51:42,21.261,4.252,73.289,0,0,1495744,774752,177484,5469660,5120.701,1458.769,0,0,0,0,1779,1175,2.110,1.460,0.760,2,0,2.001,0,0,11,32,0,46,0
25-06 22:51:43,22.010,3.502,73.532,0,0,1450244,820240,177484,5469672,4828.099,1620.705,0,704.306,0,117.051,1724,1157,2.110,1.460,0.760,2,0,1.000,0,0,11,32,0,46,0
25-06 22:51:44,22.241,3.748,73.719,0,0,1459328,811152,177484,5469676,5021.870,1457.382,0,0,0,0,1732,1152,2.110,1.460,0.760,2,0,1.999,0,0,11,32,0,46,0
25-06 22:51:45,23.216,2.746,73.892,0,0,1439680,830768,177484,5469704,4759.047,1617.637,0,171.749,0,1.997,1648,1029,2.020,1.450,0.760,4,0,0.999,0,0,11,32,0,41,0
25-06 22:51:46,21.731,3.497,72.687,0,0,1497760,772640,177484,5469752,4950.737,1456.746,0,139.880,0,12.989,1892,1393,2.020,1.450,0.760,1,0,0,0,0,11,32,0,41,0
25-06 22:51:47,21.749,4.500,73.746,0.250,0,1518992,751404,177484,5469752,5531.729,1619.921,0,415.980,0,30.998,1895,1339,2.020,1.450,0.760,1,0,2.000,0,0,11,32,0,41,0
25-06 22:51:48,23.497,2.750,73.241,0,0.250,1466396,803912,177484,5469840,5159.334,1619.791,0,0,0,0,1720,1052,2.020,1.450,0.760,1,0,1.000,0,0,11,32,0,41,0
25-06 22:51:49,21.750,4.000,73.251,0,0,1449156,821128,177484,5469864,4560.032,1620.011,0,0,0,0,1777,1247,2.020,1.450,0.760,1,0,1.000,0,0,11,32,0,37,0
25-06 22:51:50,21.551,4.009,73.673,0,0,1483688,786596,177484,5469864,5172.154,1623.816,0,0,0,0,1806,1229,1.940,1.450,0.760,1,0,3.007,0,0,11,32,0,37,0
25-06 22:51:51,22.989,2.749,73.715,0,0,1457924,812336,177484,5469884,4934.682,1619.239,0,0,0,0,1630,969,1.940,1.450,0.760,2,0,1.000,0,0,11,32,0,37,0
25-06 22:51:52,22.235,3.747,73.700,0,0,1482212,788004,177484,5469892,5096.574,1618.912,0,27.981,0,4.997,1773,1161,1.940,1.450,0.760,2,0,0,0,0,11,32,0,37,0
25-06 22:51:53,22.522,3.754,73.072,0,0,1465384,804800,177484,5469924,4522.432,1501.472,0,144.141,0,2.002,1738,1159,1.940,1.450,0.760,2,0,1.001,0,0,11,32,0,35,0
25-06 22:51:54,22.237,3.498,74.208,0,0,1507468,762716,177484,5469924,5227.047,1619.085,0,139.921,0,28.984,1714,1056,1.940,1.450,0.760,3,0,1.999,0,0,11,32,0,35,0
25-06 22:51:55,16.023,11.266,71.854,0,0,1467556,802448,177492,5470076,5065.335,1460.114,0,176.255,0,2.003,3807,2754,1.870,1.440,0.770,1,0,223.323,0,0,11,32,0,35,0
25-06 22:51:56,9.242,20.982,67.942,0,0,1451872,818072,177496,5470120,5232.569,1660.594,0,1047.113,0,24.979,6076,4720,1.870,1.440,0.770,1,0,455.614,0,0,11,32,0,35,0
25-06 22:51:57,7.253,22.508,68.274,0.250,0,1446844,823060,177500,5470152,4879.746,1458.522,0,808.289,0,35.013,5502,4015,1.870,1.440,0.770,1,0,333.119,0,0,11,32,0,31,0
25-06 22:51:58,7.489,20.968,69.394,0,0.499,1431040,838844,177500,5470172,4912.498,1617.530,0,7.988,0,1.997,5180,3538,1.870,1.440,0.770,1,0,299.543,0,0,11,32,0,31,0
25-06 22:51:59,18.775,7.510,72.346,0.250,0,1479664,790228,177500,5470160,4550.048,1459.940,0,452.602,0,79.105,2463,1684,1.870,1.440,0.770,1,0,57.076,0,0,11,32,0,31,0
25-06 22:52:00,22.742,3.999,72.723,0,0,1483536,786344,177500,5470164,5244.086,1619.409,0,0,0,0,1836,1160,1.800,1.430,0.770,2,0,2.999,0,0,11,32,0,31,0
25-06 22:52:01,21.954,3.742,73.847,0,0,1414336,855492,177500,5470212,5212.174,1454.978,0,23.950,0,1.996,1744,1142,1.800,1.430,0.770,2,0,0.998,0,0,11,32,0,25,0
25-06 22:52:02,27.556,5.511,65.383,0,0,1466256,803584,177504,5470192,5170.540,1623.309,0,2400.894,0,199.406,2970,10437,1.800,1.430,0.770,2,0,38.078,0,0,11,32,0,26,0
25-06 22:52:03,23.485,3.248,73.704,0,0,1459432,810388,177504,5470212,5294.709,1457.094,0,19.988,0,0.999,1691,1007,1.800,1.430,0.770,2,0,0.999,0,0,11,32,0,26,0
25-06 22:52:04,20.988,3.998,73.708,0,0,1519188,750644,177504,5470200,5436.884,1619.072,0,3.998,0,0.999,1764,1142,1.800,1.430,0.770,2,0,1.999,0,0,11,32,0,26,0
25-06 22:52:05,23.017,3.002,73.805,0,0,1497568,772252,177504,5470212,5043.725,1621.197,0,12.009,0,1.001,1668,985,1.730,1.420,0.770,1,0,1.001,0,0,11,32,0,19,0
25-06 22:52:06,23.029,3.755,72.342,0,0,1486552,783264,177504,5470188,6385.130,1622.065,0,96.122,0,8.010,1870,1271,1.730,1.420,0.770,1,0,6.008,0,0,11,32,0,19,0
25-06 22:52:07,21.726,4.495,73.420,0,0,1523924,745888,177504,5470196,6592.848,1618.245,0,2137.681,0,34.962,1950,1423,1.730,1.420,0.770,1,0,1.998,0,0,11,32,0,19,0
25-06 22:52:08,21.492,3.499,73.973,0,0,1487212,782588,177504,5470208,5278.082,1619.411,0,0,0,0,1721,1136,1.730,1.420,0.770,1,0,1.000,0,0,11,32,0,19,0
25-06 22:52:09,22.508,3.751,73.527,0,0,1529076,740724,177504,5470208,4099.495,1458.532,0,0,0,0,1726,1158,1.730,1.420,0.770,1,0,2.001,0,0,11,32,0,15,0
25-06 22:52:10,23.209,3.244,73.369,0,0,1480656,789132,177504,5470220,4851.346,1617.115,0,163.708,0,34.938,1770,1173,1.670,1.420,0.770,1,0,1.996,0,0,11,32,0,15,0
25-06 22:52:11,22.024,3.504,73.579,0,0,1524244,745572,177504,5470192,4599.923,1459.562,0,0,0,0,1718,1094,1.670,1.420,0.770,1,0,2.002,0,0,11,32,0,15,0
25-06 22:52:12,22.986,2.748,73.455,0,0,1493480,776308,177504,5470220,4677.158,1619.016,0,207.874,0,5.996,1704,1025,1.670,1.420,0.770,2,0,0.999,0,0,11,32,0,15,0
25-06 22:52:13,22.793,3.256,73.888,0,0,1506992,762884,177504,5470132,4356.147,1460.732,0,0,0,0,1671,1084,1.670,1.420,0.770,1,0,0,0,0,11,32,0,11,0
25-06 22:52:14,20.996,4.749,73.737,0,0,1530848,739028,177504,5470132,5343.085,1713.707,0,0,0,0,1685,1001,1.670,1.420,0.770,1,0,2.000,0,0,11,32,0,11,0
25-06 22:52:15,23.241,1.749,73.721,0,0,1479184,790604,177504,5470220,4816.107,1457.427,0,207.918,0,27.989,1667,941,1.620,1.410,0.770,1,0,1.000,0,0,11,32,0,11,0
25-06 22:52:16,22.020,3.753,73.816,0,0,1466084,803688,177508,5470232,5139.595,1459.305,0,128.115,0,11.010,1829,1379,1.620,1.410,0.770,1,0,1.001,0,0,11,32,0,11,0
25-06 22:52:17,21.222,4.744,73.155,0.250,0,1476724,793068,177508,5470212,5351.029,1456.103,0,451.412,0,31.958,1830,1512,1.620,1.410,0.770,1,0,0,0,0,11,32,0,8,0
25-06 22:52:18,21.774,4.004,73.830,0,0,1512628,757164,177508,5470212,5183.626,1459.584,0,28.030,0,2.002,1664,1010,1.620,1.410,0.770,1,0,2.002,0,0,11,32,0,8,0
25-06 22:52:19,21.727,4.495,73.423,0,0,1492092,777704,177508,5470208,5052.718,1456.477,0,0,0,0,1783,1186,1.620,1.410,0.770,1,0,0.999,0,0,11,32,0,8,0
25-06 22:52:20,22.514,3.252,73.294,0,0,1473148,796624,177508,5470232,5121.077,1458.877,0,24.014,0,1.001,1741,1106,1.570,1.400,0.770,1,0,2.001,0,0,11,32,0,8,0
25-06 22:52:21,21.476,4.245,73.419,0,0,1493356,776424,177508,5470224,5171.276,1618.209,0,127.858,0,27.969,1783,1216,1.570,1.400,0.770,1,0,1.998,0,0,11,32,0,5,0
25-06 22:52:22,22.531,3.254,73.851,0,0,1464948,804820,177508,5470236,4926.746,1622.221,0,92.126,0,5.007,1629,1029,1.570,1.400,0.770,1,0,8.011,0,0,11,32,0,5,0
25-06 22:52:23,6.996,23.235,67.708,0,0,1453312,816416,177508,5470276,5336.652,1618.984,0,219.862,0,8.994,5281,3466,1.570,1.400,0.770,1,0,327.794,0,0,11,32,0,5,0
25-06 22:52:24,15.978,11.484,71.153,0,0,1482592,787124,177508,5470288,4631.688,1456.016,0,51.929,0,2.996,3169,2145,1.570,1.400,0.770,1,0,123.831,0,0,11,32,0,5,0
25-06 22:52:25,23.252,2.500,73.506,0,0,1513948,755748,177508,5470308,4860.372,1620.124,0,0,0,0,1674,990,1.520,1.400,0.770,1,0,0,0,0,11,32,0,5,0
25-06 22:52:26,22.253,3.751,73.261,0,0,1496520,772940,177508,5470540,5777.845,1620.237,0,184.027,0,8.001,1900,1256,1.520,1.400,0.770,2,0,9.001,0,0,11,32,0,4,0
25-06 22:52:27,23.499,3.000,72.998,0.250,0,1497028,772412,177528,5470540,6059.808,1619.949,0,515.984,0,55.998,1926,1574,1.520,1.400,0.770,2,0,0,0,0,11,32,0,4,0
25-06 22:52:28,13.249,17.749,67.246,0,0,1457188,812112,177528,5470680,6511.588,1511.904,39.997,71.995,2.000,4.000,4321,2923,1.520,1.400,0.770,1,0,260.983,0,0,11,32,0,4,0
25-06 22:52:29,8.744,21.235,68.202,0,0,1450336,818944,177528,5470700,5142.401,1564.905,0,139.902,0,4.997,5107,3412,1.520,1.400,0.770,1,0,292.795,0,0,11,32,0,4,0
25-06 22:52:30,8.755,22.013,67.539,0,0,1436128,833132,177528,5470716,4502.567,1620.924,0,60.034,0,3.002,5139,3529,1.480,1.390,0.780,1,0,306.175,0,0,11,32,0,3,0
25-06 22:52:31,8.012,22.533,67.598,0,0,1411848,857392,177528,5470732,4541.560,1460.109,0,180.260,0,3.004,5285,3560,1.480,1.390,0.780,2,0,333.482,0,0,11,32,0,3,0
25-06 22:52:32,8.508,22.020,67.560,0,0,1401316,867900,177532,5470752,4624.116,1621.443,0,472.420,0,9.008,5184,3550,1.480,1.390,0.780,1,0,304.271,0,0,11,32,0,3,0
25-06 22:52:33,7.495,22.736,67.709,0.250,0,1382216,886964,177552,5470772,4575.252,1457.125,0,2882.269,0,136.918,5421,3870,1.480,1.390,0.780,1,0,324.805,0,0,11,32,0,3,0
25-06 22:52:34,9.242,21.482,67.444,0,0,1364188,904976,177552,5470788,4768.024,1510.740,0,707.410,0,8.993,5152,3372,1.480,1.390,0.780,1,0,305.745,0,0,11,32,0,1,0
25-06 22:52:35,7.745,22.734,67.703,0,0,1360140,909004,177552,5470804,4356.963,1121.218,0,711.504,0,8.994,5105,3318,1.440,1.380,0.780,1,0,304.788,0,0,11,32,0,1,0
25-06 22:52:36,8.516,20.789,69.382,0,0.250,1359664,909456,177552,5470824,5413.270,1568.977,0,468.890,0,6.011,5098,3359,1.440,1.380,0.780,1,0,289.549,0,0,11,32,0,1,0
25-06 22:52:37,7.754,21.262,69.538,0,0,1366840,902260,177552,5470844,5074.745,1512.818,0,444.240,0,74.040,5023,3272,1.440,1.380,0.780,2,0,282.153,0,0,11,32,0,1,0
25-06 22:52:38,7.484,20.707,68.856,0,0,1353652,915428,177552,5470864,4955.629,1562.730,0,215.549,0,6.985,5025,3296,1.440,1.380,0.780,1,0,280.413,0,0,11,32,0,1,0
25-06 22:52:39,7.514,23.042,68.126,0,0,1342484,926572,177552,5470888,4688.639,1622.990,0,220.406,0,7.013,5223,3535,1.440,1.380,0.780,1,0,320.591,0,0,11,32,0,1,0
25-06 22:52:40,8.245,22.987,66.962,0,0,1351696,917348,177552,5470900,4769.270,1511.135,0,43.975,0,10.994,5362,3672,1.410,1.380,0.780,2,0,346.802,0,0,11,32,0,1,0
25-06 22:52:41,9.761,20.523,68.078,0,0,1326292,942676,177568,5470924,4942.655,1621.855,0,20.023,0,5.006,5170,3733,1.410,1.380,0.780,1,0,322.369,0,0,11,32,0,1,0
25-06 22:52:42,22.998,29.497,46.246,0.250,0,1394236,874688,177588,5470952,4619.564,1619.847,0,843.920,0,46.996,6947,6054,1.410,1.380,0.780,5,0,663.937,0,0,11,34,0,4,0
25-06 22:52:43,62.858,14.966,21.202,0,0,1570268,698068,177624,5471468,4475.904,1562.476,0,1827.877,0,177.599,4545,2986,1.410,1.380,0.780,3,0,148.665,0,0,11,32,0,7,0
25-06 22:52:44,54.849,12.523,26.047,6.512,0,1671048,589536,177872,5478360,4508.170,1622.941,372.675,18120.839,3.005,1387.515,9089,13694,1.410,1.380,0.780,3,0,59.107,0,0,11,36,0,7,0
25-06 22:52:45,40.511,12.003,32.509,12.253,0,1673668,576676,178796,5486840,4861.333,1620.444,0,76809.064,0,5395.480,19424,39340,2.100,1.520,0.830,3,0,162.044,0,0,11,36,0,8,0
25-06 22:52:46,39.744,9.748,34.245,13.998,0,1723156,517388,179192,5495912,7142.856,3477.443,0,60814.261,0,4784.234,18246,35540,2.100,1.520,0.830,2,1,59.990,0,0,11,37,0,8,0
25-06 22:52:47,42.465,7.993,33.723,12.989,0,1716264,517068,179416,5502648,13095.350,8750.883,0,65970.346,0,5181.786,18503,36011,2.100,1.520,0.830,3,2,35.971,0,0,11,36,0,9,0
25-06 22:52:48,39.469,23.731,27.229,8.993,0,1622068,604808,179740,5508796,3431.315,647.493,295.769,36919.114,3.997,2980.668,16243,29712,2.100,1.520,0.830,8,2,433.661,0,0,11,34,0,9,0
25-06 22:52:49,40.578,20.289,26.802,9.518,0,1622100,597504,180188,5514976,9653.574,6568.639,1603.084,63146.500,27.052,4248.174,17073,33258,2.100,1.520,0.830,2,2,224.432,0,0,11,35,0,9,0
25-06 22:52:50,30.229,6.995,48.466,11.742,0,1613148,603524,180416,5517600,14636.653,11165.107,0,39464.102,0,3426.578,17654,32114,2.170,1.540,0.840,8,0,54.961,0,0,11,35,0,9,0
25-06 22:52:51,31.183,8.232,45.901,12.473,0,1545932,666420,180476,5521740,7877.979,4957.290,0,41542.247,0,3411.629,16265,29904,2.170,1.540,0.840,3,1,77.832,0,0,11,34,0,9,0
25-06 22:52:52,36.330,7.767,41.091,12.277,0,1610572,602272,180576,5521120,6200.689,3473.669,0,42525.886,0,3710.191,14170,27609,2.170,1.540,0.840,1,0,21.046,0,0,11,35,0,9,0
25-06 22:52:53,29.765,7.504,46.774,14.007,0,1607900,603732,180908,5521972,15447.022,11564.006,0,52199.109,0,4524.350,19338,36622,2.170,1.540,0.840,4,1,39.020,0,0,11,35,0,9,0
25-06 22:52:54,34.252,6.000,47.503,9.501,0,1572068,637932,181064,5523420,13934.778,9677.540,0,35982.009,0,3209.179,15076,27046,2.170,1.540,0.840,3,0,52.003,0,0,11,34,0,10,0
25-06 22:52:55,39.505,10.001,36.755,11.251,0,1636504,570932,181176,5525808,5008.663,1500.199,0,39173.186,0,3644.482,14953,29110,1.990,1.520,0.840,2,1,100.013,0,0,11,36,0,10,0
25-06 22:52:56,29.902,8.472,45.102,13.456,0,1644656,559844,181236,5528608,11803.164,8359.495,0,69156.455,0,5275.642,19128,37486,1.990,1.520,0.840,2,0,44.852,0,0,11,37,0,10,0
25-06 22:52:57,28.318,8.019,47.615,13.533,0,1633960,567416,181320,5531552,17006.102,12063.156,0,54968.855,0,4393.619,19954,38332,1.990,1.520,0.840,1,1,51.124,0,0,11,37,0,10,0
25-06 22:52:58,31.756,9.752,42.508,13.002,0,1622152,576104,181412,5534484,7361.360,3778.698,0,37314.895,0,3497.646,15636,30123,1.990,1.520,0.840,2,0,126.023,0,0,11,36,0,10,0
25-06 22:52:59,30.267,9.255,44.274,13.507,0,1657568,538580,181536,5536404,9836.370,6655.634,0,51115.907,0,4162.272,15948,31756,1.990,1.520,0.840,4,0,48.026,0,0,11,37,0,10,0
25-06 22:53:00,31.005,7.751,46.758,12.002,0,1649456,551868,181556,5531172,13701.208,10208.645,0,47675.682,0,4157.670,18928,36708,2.240,1.580,0.860,4,0,13.002,0,0,11,37,0,10,0
25-06 22:53:01,30.500,9.500,46.000,11.000,0,1557036,641728,181572,5533716,11940.959,8245.972,0,47215.838,0,3754.987,17147,31525,2.240,1.580,0.860,3,0,88.000,0,0,11,36,0,11,0
25-06 22:53:02,41.686,11.982,42.935,2.746,0,1498008,700868,181572,5534460,4972.425,1617.536,0,16982.130,0,1126.284,6473,10800,2.240,1.580,0.860,4,0,170.740,0,0,11,32,0,11,0
25-06 22:53:03,20.998,6.499,70.994,0.250,0,1488720,710100,181572,5533652,13388.834,9760.150,0,1267.890,0,84.993,4166,11469,2.240,1.580,0.860,1,0,82.993,0,0,11,33,0,12,0
25-06 22:53:04,21.466,5.491,72.635,0,0,1459600,738976,181572,5533900,5761.876,2265.413,0,962.476,0,53.915,2577,2069,2.240,1.580,0.860,1,0,33.946,0,0,11,32,0,13,0
25-06 22:53:05,18.012,3.002,77.552,0.250,0,1470708,727856,181572,5533912,10498.056,6656.474,0,496.334,0,33.022,1935,1658,2.140,1.570,0.860,1,0,0,0,0,11,33,0,13,0
25-06 22:53:06,17.037,7.015,73.408,0.752,0,1440232,758204,181572,5534012,8553.456,3142.781,0,7207.552,0,371.802,3607,3915,2.140,1.570,0.860,1,0,66.143,0,0,11,32,0,14,0
25-06 22:53:07,22.456,3.493,73.355,0,0,1445320,753116,181572,5534012,5165.807,754.511,0,758.503,0,44.911,1726,1222,2.140,1.570,0.860,1,0,0,0,0,11,32,0,14,0
25-06 22:53:08,17.493,2.249,79.467,0.250,0,1449028,749392,181572,5534028,14209.061,9629.975,0,1367.428,0,66.972,3060,3436,2.140,1.570,0.860,1,0,0,0,0,11,33,0,14,0
25-06 22:53:09,19.046,5.513,74.178,0,0,1446164,752116,181572,5534168,7210.316,3709.910,0,1563.756,0,143.344,2762,2294,2.140,1.570,0.860,1,0,43.104,0,0,11,32,0,15,0
25-06 22:53:10,19.199,3.491,76.796,0,0.249,1480684,717588,181572,5534176,9805.896,6575.496,0,327.129,0,23.936,2116,2005,2.040,1.560,0.860,1,0,0.997,0,0,11,33,0,15,0
25-06 22:53:11,18.520,2.002,77.833,0.501,0,1467240,731012,181572,5534196,10793.579,7304.836,0,244.262,0,22.024,3301,3877,2.040,1.560,0.860,1,0,0,0,0,11,32,0,16,0
25-06 22:53:12,9.512,20.526,68.586,0,0,1406704,791444,181572,5534300,4413.554,1459.837,0,188.237,0,10.013,4869,3185,2.040,1.560,0.860,1,0,298.375,0,0,11,32,0,16,0
25-06 22:53:13,12.998,25.745,60.239,0,0,1398440,799464,181584,5534532,4559.187,1619.711,0,499.911,0,33.994,5924,4475,2.040,1.560,0.860,3,0,474.915,0,0,11,34,0,18,0
25-06 22:53:14,62.764,12.003,24.255,0.250,0,1533888,663636,181604,5534892,5063.132,1552.347,0,1696.379,0,54.012,4363,2517,2.040,1.560,0.860,3,0,27.006,0,0,11,32,0,22,0
25-06 22:53:15,65.758,9.501,24.253,0,0,1689952,504624,181716,5537520,5520.712,1620.209,0,2720.351,0,67.009,3972,1727,2.120,1.580,0.870,3,0,0,0,0,11,32,0,22,0
25-06 22:53:16,59.713,8.745,27.483,3.248,0,1797408,391476,181856,5542492,5293.729,1619.000,0,11896.649,0,719.555,6376,7148,2.120,1.580,0.870,3,0,38.976,0,0,11,38,0,22,0
25-06 22:53:17,27.495,7.999,46.242,15.247,0,1795516,382180,181960,5553236,5219.130,1619.730,0,81198.469,0,5861.023,22315,43797,2.120,1.580,0.870,2,3,197.967,0,0,11,38,0,22,0
25-06 22:53:18,23.497,8.749,47.994,16.998,0,1794204,373360,182036,5562928,5459.339,1619.804,0,81366.148,0,6067.265,23295,45292,2.120,1.580,0.870,2,2,212.974,0,0,11,38,0,22,0
25-06 22:53:19,32.018,7.504,41.274,15.759,0,1795112,365296,182072,5569804,5403.089,1620.927,0,83031.474,0,5954.404,21399,41992,2.120,1.580,0.870,4,2,150.086,0,0,11,38,0,22,0
25-06 22:53:20,37.184,13.975,30.446,15.223,0,1755456,394472,182156,5579868,5210.733,1617.124,0,83088.236,0,5948.421,21069,42333,2.270,1.620,0.890,4,1,223.602,0,0,11,36,0,22,0
25-06 22:53:21,45.583,10.519,29.053,13.274,0,1817016,322784,182196,5589556,5264.632,1460.673,0,81116.414,0,5275.653,17924,36309,2.270,1.620,0.890,4,0,3.005,0,0,11,36,0,22,0
25-06 22:53:22,38.767,8.754,36.016,14.006,0,1782020,350372,182216,5596644,5102.287,1620.726,0,76722.386,0,5675.544,18610,39147,2.270,1.620,0.890,3,0,79.035,0,0,11,36,0,22,0
25-06 22:53:23,27.974,9.491,45.458,14.237,0,1757964,371340,182244,5599592,4633.680,1456.642,0,60959.168,0,4871.458,18632,35968,2.270,1.620,0.890,2,0,141.868,0,0,11,36,0,22,0
25-06 22:53:24,27.757,15.754,54.513,0.750,0,1457672,671596,182244,5599628,5223.284,1620.398,0,2804.690,0,152.037,4725,3682,2.270,1.620,0.890,1,0,249.061,0,0,11,32,0,22,0
25-06 22:53:25,21.469,4.494,72.895,0.250,0,1516136,613132,182244,5599628,4511.524,1455.910,0,1186.297,0,136.804,1953,1559,2.170,1.610,0.890,1,0,0.999,0,0,11,32,0,22,0
25-06 22:53:26,22.549,3.508,72.408,0.752,0,1560412,568848,182248,5599628,5729.503,1623.543,0,5572.159,0,335.733,2418,2568,2.170,1.610,0.890,1,0,2.004,0,0,11,34,0,22,0
25-06 22:53:27,25.217,1.248,72.656,0,0,1573432,555820,182248,5599636,5770.534,1456.116,0,159.793,0,11.984,2208,1707,2.170,1.610,0.890,1,0,0,0,0,11,34,0,22,0
25-06 22:53:28,19.478,5.993,73.167,0,0,1430560,698692,182248,5599636,6832.203,1618.153,0,39.954,0,4.994,2209,1400,2.170,1.610,0.890,1,0,27.968,0,0,11,32,0,22,0
25-06 22:53:29,22.012,4.252,73.789,0,0,1487232,642020,182248,5599636,5130.720,1458.773,0,0,0,0,1724,1080,2.170,1.610,0.890,1,0,0,0,0,11,32,0,22,0
25-06 22:53:30,23.953,2.745,72.607,0.250,0.250,1520608,608632,182248,5599648,4748.640,1455.132,0,614.788,0,45.910,2182,1782,2.080,1.600,0.890,2,0,2.994,0,0,11,34,0,22,0
25-06 22:53:31,13.804,28.109,56.469,0.251,0,1451076,678136,182248,5599672,4775.529,1626.310,0,305.184,0,24.093,5705,4811,2.080,1.600,0.890,2,0,588.282,0,0,11,32,0,22,0
25-06 22:53:32,10.495,37.233,50.977,0,0,1453912,675248,182248,5599724,4755.840,1457.338,0,171.922,0,13.994,6514,5289,2.080,1.600,0.890,2,0,714.675,0,0,11,32,0,22,0
25-06 22:53:33,6.997,22.241,67.973,0,0,1446176,682976,182248,5599732,4258.294,1619.351,0,27.989,0,6.997,4918,3065,2.080,1.600,0.890,1,0,288.884,0,0,11,32,0,22,0
25-06 22:53:34,8.247,21.493,68.728,0,0,1450168,678916,182248,5599800,4558.538,1619.481,0,323.896,0,45.985,5117,3343,2.080,1.600,0.890,2,0,286.908,0,0,11,32,0,22,0
25-06 22:53:35,7.738,21.717,69.146,0,0,1429024,700016,182248,5599836,4553.176,1617.576,0,15.976,0,3.994,5207,3611,1.990,1.590,0.890,1,0,292.561,0,0,11,32,0,22,0
25-06 22:53:36,8.772,22.056,67.923,0,0,1391592,737420,182248,5599864,4769.141,1624.135,0,701.787,0,126.322,5360,3609,1.990,1.590,0.890,1,0,296.755,0,0,11,32,0,22,0
25-06 22:53:37,21.736,16.489,60.710,0,0,1419672,709320,182256,5600208,4676.926,1618.936,0,127.916,0,3.997,5993,7973,1.990,1.590,0.890,3,0,180.881,0,0,11,32,0,22,0
25-06 22:53:38,44.732,11.245,43.482,0,0,1530256,598604,182260,5600444,5037.968,1619.347,0,47.981,0,1.999,3525,2114,1.990,1.590,0.890,2,0,88.964,0,0,11,33,0,22,0
25-06 22:53:39,49.038,5.504,45.285,0.250,0,1610716,518108,182272,5600464,5001.893,1459.136,0,252.196,0,17.013,3701,2667,1.990,1.590,0.890,2,0,17.013,0,0,11,49,0,22,0
25-06 22:53:40,45.873,6.981,45.873,0.249,0,1659808,465176,182336,5603852,4786.752,1615.529,0,1787.054,0,140.611,3797,5511,1.990,1.600,0.900,4,0,2.992,0,0,11,49,0,22,0
25-06 22:53:41,9.769,20.039,68.633,0,0,1676080,448196,182340,5604536,4664.066,1460.839,0,284.553,0,16.031,5182,5088,1.990,1.600,0.900,2,0,233.454,0,0,11,48,0,22,0
25-06 22:53:42,16.493,18.493,63.224,0,0,1677712,446504,182340,5604972,4738.082,1619.344,0,107.956,0,7.997,6129,7785,1.990,1.600,0.900,1,0,229.907,0,0,11,48,0,22,0
25-06 22:53:43,3.248,2.249,93.191,0,0,1672220,452000,182340,5604548,4695.006,1499.044,0,51.967,0,6.996,1487,1800,1.990,1.600,0.900,0,0,27.982,0,0,11,48,0,16,0
25-06 22:53:44,0.750,1.251,97.792,0,0,1672220,452000,182340,5604548,4399.868,1458.619,0,328.139,0,13.006,761,1007,1.990,1.600,0.900,2,0,3.001,0,0,11,48,0,16,0
25-06 22:53:45,0.750,0.250,97.943,0,0,1672216,452000,182340,5604552,4737.257,1619.062,0,0,0,0,708,982,1.830,1.570,0.890,0,0,2.998,0,0,11,48,0,16,0
25-06 22:53:46,0.250,0.500,98.524,0,0,1672216,452000,182340,5604552,5058.234,1620.395,0,812.198,0,4.001,632,904,1.830,1.570,0.890,1,0,1.000,0,0,11,48,0,16,0
25-06 22:53:47,9.001,11.251,77.510,0,0,1638880,485216,182340,5605112,4038.496,1458.179,0,0,0,0,4526,5276,1.830,1.570,0.890,1,0,198.024,0,0,11,48,0,16,0
25-06 22:53:48,15.736,14.986,67.939,0,0,1619872,504164,182340,5604668,4647.797,1510.634,0,3.996,0,0.999,4700,5677,1.830,1.570,0.890,2,0,156.858,0,0,11,48,0,14,0
25-06 22:53:49,21.062,21.814,55.162,0,0,1681076,442884,182340,5604720,4615.554,1809.313,0,288.848,0,20.059,5828,4947,1.830,1.570,0.890,3,0,354.040,0,0,12,60,0,14,0
25-06 22:53:50,19.711,16.966,61.628,0.250,0,1684880,439028,182340,5604760,4531.013,1077.862,0,2606.829,0,61.877,5887,7983,1.680,1.540,0.890,0,0,216.570,0,0,12,64,0,14,0
25-06 22:53:51,5.004,7.756,85.562,0.250,0,1684884,439028,182340,5604756,4820.475,1621.169,0,264.190,0,14.010,2468,2492,1.680,1.540,0.890,1,0,142.102,0,0,12,64,0,14,0
25-06 22:53:52,14.012,18.516,65.057,0,0,1683924,439968,182340,5605120,4804.203,1621.418,0,24.021,0,5.004,5704,6500,1.680,1.540,0.890,5,0,227.199,0,0,14,64,0,14,0
25-06 22:53:53,13.004,17.006,68.773,0,0,1685092,438752,182340,5604808,4293.423,1512.501,0,16.005,0,4.001,4937,4384,1.680,1.540,0.890,1,0,233.077,0,0,14,66,0,14,0
25-06 22:53:54,7.752,20.754,70.265,0,0,1669056,454632,182340,5604964,5101.083,1704.362,0,20.004,0,5.001,5146,3414,1.680,1.540,0.890,1,0,276.059,0,0,14,66,0,14,0
25-06 22:53:55,10.002,22.754,65.512,0,0,1684052,439616,182340,5605328,5146.933,1650.299,0,340.062,0,9.002,6396,6137,1.550,1.520,0.880,2,0,316.057,0,0,14,66,0,14,0
25-06 22:53:56,21.490,16.992,60.223,0,0,1683060,440576,182340,5604992,5054.717,1619.269,0,127.942,0,6.997,5147,5367,1.550,1.520,0.880,4,0,162.926,0,0,14,66,0,13,0
25-06 22:53:57,27.760,25.759,44.766,0,0,1758604,364976,182352,5605044,5181.820,1620.569,0,384.135,0,8.003,6078,4478,1.550,1.520,0.880,3,0,412.145,0,0,14,66,0,13,0
25-06 22:53:58,29.224,25.478,44.711,0,0,1808272,313888,182420,5606312,4839.771,1456.727,0,35.969,0,5.995,6988,7717,1.550,1.520,0.880,3,0,512.552,0,0,14,68,0,15,0
25-06 22:53:59,28.777,26.525,43.791,0,0,1921376,200528,182428,5606528,5070.723,1711.594,0,32.030,0,8.007,5878,4295,1.550,1.520,0.880,3,0,362.337,0,0,14,70,0,15,0
25-06 22:54:00,37.234,20.491,41.482,0,0,1934504,187288,182428,5606940,4126.224,1241.466,0,19.991,0,4.998,6358,7963,1.590,1.530,0.890,2,0,258.889,0,0,14,70,0,15,0
25-06 22:54:01,48.249,26.500,24.250,0.250,0,2012744,179028,176692,5544464,4018.927,755.986,20.000,6927.874,3.000,401.993,6075,4943,1.590,1.530,0.890,5,0,374.993,0,0,14,70,0,15,0
25-06 22:54:02,57.156,23.212,18.969,0,0,2108136,140456,174496,5491128,4778.159,1563.434,187.692,894.532,1.997,11.980,6627,9667,1.590,1.530,0.890,15,0,335.450,0,0,14,70,0,15,0
25-06 22:54:03,69.137,26.803,4.008,0,0,2202444,260108,173856,5282444,4961.812,1514.996,525.038,1282.536,27.053,59.117,5465,13860,1.590,1.530,0.890,4,0,419.830,0,0,14,70,0,16,0
25-06 22:54:04,74.238,21.996,2.750,0.500,0,2333632,135892,174408,5275376,5157.141,1457.757,715.881,815.864,75.987,49.992,6365,7485,1.590,1.530,0.890,6,0,337.944,0,0,14,74,0,12,0
25-06 22:54:05,64.679,28.718,5.244,1.498,0,2459528,197652,173308,5092580,5513.912,1618.213,551.391,28424.618,13.985,1902.899,12789,22800,1.860,1.580,0.910,5,1,314.653,0,0,14,74,0,12,0
25-06 22:54:06,66.748,25.249,6.000,1.500,0,2564432,161744,173156,5025820,6214.768,1457.946,379.986,20487.236,18.999,1846.931,14133,23388,1.860,1.580,0.910,4,0,351.987,0,0,14,76,0,12,0
25-06 22:54:07,71.987,24.162,3.238,0,0,2657452,140932,173172,4954900,6217.248,1614.093,470.279,1211.566,9.964,53.803,8640,14069,1.860,1.580,0.910,5,0,331.786,0,0,14,87,0,20,0
25-06 22:54:08,58.751,27.618,12.554,1.004,0,2750040,188228,173180,4817800,6086.030,1626.959,16.069,7636.662,4.017,387.658,7795,10402,1.860,1.580,0.910,4,0,510.182,0,0,14,93,0,23,0
25-06 22:54:09,42.516,22.759,33.262,0,0,2818056,189420,173180,4750432,4339.621,1458.545,0,3273.223,0,52.019,8567,12792,1.860,1.580,0.910,4,0,333.124,0,0,14,93,0,25,0
25-06 22:54:10,60.243,13.748,24.747,0.250,0.250,2932136,141048,173184,4686432,4561.489,1709.808,3187.643,2831.683,35.996,297.967,6580,8282,1.870,1.590,0.920,3,0,132.985,0,0,14,94,0,26,0
25-06 22:54:11,41.484,10.496,46.982,0.750,0,3017552,125296,173208,4618392,4935.113,1619.381,7.997,4158.410,1.999,233.911,4408,4217,1.870,1.590,0.920,1,0,59.977,0,0,14,99,0,28,0
25-06 22:54:12,8.007,20.268,69.811,0,0,3021832,188196,173208,4552500,4684.094,1621.417,8.007,80.070,2.002,10.009,5114,3624,1.870,1.590,0.920,1,0,270.236,0,0,14,99,0,26,0
25-06 22:54:13,7.489,19.721,70.896,0,0,3028688,181304,173208,4552520,4493.426,1659.572,0,103.848,0,10.984,5060,3449,1.870,1.590,0.920,1,0,266.610,0,0,14,99,0,26,0
25-06 22:54:14,8.003,19.758,71.027,0,0,3036964,173000,173208,4552548,5165.974,1714.655,0,0,0,0,5142,3526,1.870,1.590,0.920,1,0,287.110,0,0,14,99,0,26,0
25-06 22:54:15,15.493,11.495,71.219,0,0,3075604,134348,173208,4552560,4755.917,1457.362,0,0,0,0,3169,2127,1.800,1.580,0.920,1,0,111.951,0,0,14,99,0,26,0
25-06 22:54:16,20.253,3.751,75.011,0,0,3113708,163832,173212,4486804,10900.574,7400.068,40.006,128.018,4.001,5.001,2146,1696,1.800,1.580,0.920,1,0,1.000,0,0,14,102,0,20,0
25-06 22:54:17,21.508,2.751,74.028,0.250,0,3046892,230628,173212,4486824,22193.333,18453.929,4.002,264.099,1.000,25.009,2425,2327,1.800,1.580,0.920,1,0,5.002,0,0,14,103,0,21,0
25-06 22:54:18,23.753,8.001,67.258,0.250,0,3118268,159264,173212,4486840,5070.578,1404.160,4.000,224.026,1.000,31.004,2783,2003,1.800,1.580,0.920,2,0,61.007,0,0,14,109,0,21,0
25-06 22:54:19,16.736,2.498,80.181,0,0,3139572,137952,173212,4486848,11481.178,8153.025,0,263.774,0,19.983,1999,1907,1.800,1.580,0.920,1,0,0,0,0,14,110,0,21,0
25-06 22:54:20,26.009,5.252,65.772,1.501,0,3143088,133364,173312,4487760,4851.632,1548.521,516.174,1600.538,32.011,196.066,4930,6869,1.740,1.570,0.920,3,0,4.001,0,0,14,115,0,21,0
25-06 22:54:21,42.249,8.500,48.749,0.500,0,3234468,175240,173312,4358096,6043.865,2762.938,27.999,1271.972,5.000,125.997,5434,6056,1.740,1.570,0.920,1,0,4.000,0,0,14,118,0,23,0
25-06 22:54:22,19.740,8.746,70.466,0.250,0,3204704,204864,173312,4358220,4635.751,1457.293,0,691.664,0,50.975,3254,2705,1.740,1.570,0.920,1,0,112.945,0,0,14,120,0,23,0
25-06 22:54:23,18.500,3.250,76.499,0.250,0,3237668,171892,173312,4358228,10189.813,7276.867,63.999,539.990,4.000,40.999,2262,2079,1.740,1.570,0.920,1,0,1.000,0,0,14,121,0,23,0
25-06 22:54:24,19.011,3.752,75.292,0.750,0,3237768,171640,173312,4358380,6523.645,3726.082,32.018,1668.932,2.001,136.076,3529,4490,1.740,1.570,0.920,1,0,0,0,0,14,121,0,23,0
25-06 22:54:25,35.518,10.755,51.776,0.500,0,3257224,152012,173320,4358544,6081.021,2815.399,0,1540.765,0,108.054,4661,4610,1.680,1.560,0.920,2,0,95.047,0,0,14,120,0,24,0
25-06 22:54:26,41.498,8.000,49.247,0,0.250,3329168,145372,173320,4294824,6228.650,3079.827,0,367.979,0,17.999,2950,1507,1.680,1.560,0.920,1,0,4.000,0,0,14,121,0,24,0
25-06 22:54:27,26.229,5.995,66.446,0.500,0,3263200,211336,173324,4294828,29405.254,23652.899,3.997,12925.562,0.999,677.453,2944,2262,1.680,1.560,0.920,1,0,54.956,0,0,14,120,0,25,0
25-06 22:54:28,22.010,4.252,73.032,0,0,3335504,139012,173324,4294848,5674.494,1512.665,8.004,80.035,2.001,10.004,1840,1293,1.680,1.560,0.920,1,0,0,0,0,14,120,0,25,0
25-06 22:54:29,17.261,2.001,79.799,0,0,3320348,154160,173324,4294856,30939.890,25333.467,0,84.051,0,6.004,2011,1521,1.680,1.560,0.920,2,0,9.005,0,0,14,120,0,26,0
25-06 22:54:30,21.718,5.742,72.144,0,0,3382472,155084,173324,4233180,4673.150,1617.629,3.994,39.941,0.999,3.994,2245,1545,1.620,1.550,0.920,1,0,42.937,0,0,14,120,0,26,0
25-06 22:54:31,26.526,4.504,67.066,0.500,0,3393596,143616,173324,4233524,11485.240,8099.927,68.067,2186.139,6.006,187.183,4925,6619,1.620,1.550,0.920,1,0,8.008,0,0,14,123,0,27,0
25-06 22:54:32,20.019,6.756,73.319,0.250,0,3385308,151872,173324,4233556,5349.069,2662.523,0,332.315,0,31.029,2795,2397,1.620,1.550,0.920,1,0,82.078,0,0,14,122,0,28,0
25-06 22:54:33,18.222,2.496,76.883,0,0,3389084,148092,173324,4233560,10062.679,7267.934,0,183.720,0,12.980,1751,1265,1.620,1.550,0.920,1,0,0,0,0,14,123,0,28,0
25-06 22:54:34,20.213,5.240,74.362,0,0,3327284,209876,173324,4233576,22718.974,19275.344,0,159.705,0,11.978,2442,1738,1.620,1.550,0.920,1,0,54.898,0,0,14,122,0,29,0
25-06 22:54:35,19.027,3.255,76.610,0,0,3383728,153424,173324,4233584,10641.242,7343.518,0,176.252,0,17.024,1842,1401,1.570,1.540,0.920,1,0,0,0,0,14,123,0,29,0
25-06 22:54:36,23.467,4.993,68.403,2.496,0,3381756,155148,173328,4233828,6083.389,2393.612,0,8056.596,0,606.142,5903,8978,1.570,1.540,0.920,1,0,1.997,0,0,14,126,0,29,0
25-06 22:54:37,23.263,5.503,68.788,0.750,0,3344076,192696,173332,4233956,4840.677,1901.051,0,2077.149,0,182.101,4816,6133,1.570,1.540,0.920,1,0,53.029,0,0,14,125,0,31,0
25-06 22:54:38,22.287,4.257,72.870,0,0,3375828,160944,173332,4233956,4631.639,1406.319,0,256.423,0,18.030,1888,1420,1.570,1.540,0.920,1,0,0,0,0,14,125,0,31,0
25-06 22:54:39,14.498,1.750,82.237,0.250,0,3384100,152656,173332,4233972,15230.651,11488.228,0,187.971,0,8.999,2006,1738,1.570,1.540,0.920,1,0,0,0,0,14,126,0,31,0
25-06 22:54:40,26.037,4.256,67.845,0.501,0,3385512,151144,173332,4234072,4792.724,1568.200,32.045,2415.388,2.003,135.190,5328,7675,1.610,1.550,0.930,2,0,1.001,0,0,14,126,0,31,0
25-06 22:54:41,39.846,6.973,51.551,0.747,0,3353240,183180,173332,4234320,5320.457,1992.307,0,1669.554,0,193.254,8169,11900,1.610,1.550,0.930,2,0,31.877,0,0,14,131,0,32,0
25-06 22:54:42,21.517,6.005,71.307,0,0,3373864,162544,173340,4234324,3985.201,1242.998,0,404.325,0,24.019,2328,1889,1.610,1.550,0.930,1,0,48.039,0,0,14,131,0,32,0
25-06 22:54:43,16.509,2.501,80.043,0,0.250,3397280,139120,173340,4234332,11955.426,9528.122,0,316.170,0,18.010,1892,1537,1.610,1.550,0.930,1,0,0,0,0,14,132,0,32,0
25-06 22:54:44,17.259,11.506,69.036,0.500,0.250,3373704,162640,173344,4234384,7201.761,3070.604,0,1040.543,0,108.056,4817,4911,1.610,1.550,0.930,1,0,147.077,0,0,14,131,0,33,0
25-06 22:54:45,21.976,4.745,72.671,0,0,3435448,152540,173344,4183460,5817.675,2262.540,0,411.553,0,25.972,1920,1347,1.560,1.540,0.930,0,0,0,0,0,14,132,0,33,0
25-06 22:54:46,19.010,2.751,77.040,0.250,0,3431024,156940,173348,4183480,16100.448,12361.486,12.006,760.399,3.002,62.033,3640,4725,1.560,1.540,0.930,1,0,0,0,0,14,132,0,34,0
25-06 22:54:47,24.784,6.008,67.341,1.252,0,3431172,156572,173356,4183692,4996.756,1622.193,0,1710.313,0,173.234,6727,9642,1.560,1.540,0.930,1,0,0,0,0,14,132,0,34,0
25-06 22:54:48,43.804,9.011,43.804,0.250,0,3347776,239344,173372,4184268,6481.976,3280.036,396.488,2098.582,64.079,182.224,14671,24175,1.560,1.540,0.930,2,0,14.017,0,0,14,131,0,35,0
25-06 22:54:49,27.409,15.199,55.066,0.997,0,3395716,191156,173372,4184484,4945.518,1973.423,0,5964.123,0,360.798,7057,9572,1.560,1.540,0.930,1,0,274.087,0,0,14,131,0,35,0
25-06 22:54:50,19.519,3.253,76.326,0,0,3437856,149000,173372,4184500,10150.121,7482.461,12.012,320.319,1.001,17.017,1841,1455,1.510,1.530,0.930,2,0,1.001,0,0,14,132,0,35,0
25-06 22:54:51,16.536,11.024,71.406,0,0,3406104,180740,173372,4184512,6095.335,3200.001,0,200.439,0,10.022,3663,2682,1.510,1.530,0.930,1,0,139.305,0,0,14,131,0,36,0
25-06 22:54:52,7.986,21.213,69.128,0.250,0,3358804,228004,173372,4184548,4939.299,1617.151,0,395.304,0,27.951,5178,3752,1.510,1.530,0.930,1,0,247.564,0,0,14,131,0,36,0
25-06 22:54:53,8.738,21.721,66.662,0,0,3317764,269024,173376,4184564,4705.791,1551.952,0,3866.898,0,361.523,5385,3834,1.510,1.530,0.930,2,0,251.668,0,0,14,131,0,36,0
25-06 22:54:54,22.046,16.534,60.125,0,0,3349824,236960,173376,4184576,4735.870,1723.592,0,208.434,0,11.023,6375,8164,1.510,1.530,0.930,2,0,202.422,0,0,14,131,0,36,0
25-06 22:54:55,28.257,24.756,45.762,0,0,3411788,174928,173376,4184640,5193.313,1512.382,20.005,264.067,2.001,20.005,6039,4593,1.550,1.540,0.930,2,0,382.097,0,0,14,131,0,36,0
25-06 22:54:56,29.488,20.991,48.230,0.250,0,3441180,145160,173392,4185352,5368.767,1565.349,63.973,575.761,3.998,35.985,6438,7350,1.550,1.540,0.930,2,0,361.849,0,0,14,137,0,36,0
25-06 22:54:57,36.735,21.491,40.233,0,0,3501780,165968,173400,4104920,5129.885,1511.377,103.957,95.960,6.997,4.998,7248,12835,1.550,1.540,0.930,5,0,258.893,0,0,16,137,0,36,0
25-06 22:54:58,50.237,29.492,19.495,0,0,3634600,131760,173400,4007876,5204.637,1565.590,15.996,739.806,2.999,45.988,6614,6206,1.550,1.540,0.930,4,0,436.886,0,0,16,143,0,36,0
25-06 22:54:59,57.539,25.267,16.511,0,0,3732576,137096,173400,3906544,4835.256,1603.079,24.016,320.216,3.002,26.018,8561,13902,1.550,1.540,0.930,12,0,362.244,0,0,16,159,0,36,0
25-06 22:55:00,27.764,21.011,50.275,0.500,0,3777056,139640,173400,3859732,5028.527,1566.787,12.006,588.296,3.002,23.012,6536,6870,1.510,1.530,0.930,2,0,343.172,0,0,16,159,0,36,0
25-06 22:55:01,34.475,24.982,38.722,0,0,3823568,148172,173400,3805516,4785.525,1510.903,75.945,575.582,1.999,11.991,13118,5539,1.510,1.530,0.930,2,0,544.605,0,0,16,161,0,34,0
25-06 22:55:02,24.519,21.767,52.541,0,0,3848324,178856,173412,3751872,5164.022,1691.317,132.103,336.262,12.009,22.017,6948,8401,1.510,1.530,0.930,2,0,439.342,0,0,17,161,0,34,0
25-06 22:55:03,32.760,29.509,35.761,0.250,0,3909612,155140,173420,3714740,4681.441,1620.499,188.058,592.182,12.004,37.011,7379,16274,1.510,1.530,0.930,2,0,593.183,0,0,17,161,0,35,0
25-06 22:55:04,34.418,23.694,41.651,0,0,3949580,161024,173420,3670392,5321.319,1562.277,0,35.914,0,8.979,6997,6532,1.510,1.530,0.930,3,0,375.106,0,0,17,163,0,35,0
25-06 22:55:05,28.146,17.187,53.304,0,0,3979904,135644,173420,3664996,5260.654,1614.064,31.883,71.736,1.993,1.993,5854,6264,1.550,1.540,0.940,6,0,216.205,0,0,17,167,0,34,0
25-06 22:55:06,42.998,30.677,25.396,0.251,0,4085524,167568,173424,3530728,6174.547,1629.380,32.185,603.474,5.029,37.214,9310,12747,1.550,1.540,0.940,2,0,500.884,0,0,17,179,0,34,0
25-06 22:55:07,27.757,27.257,43.261,0,0,4159196,138064,173424,3487784,5793.438,1512.376,24.006,580.144,6.001,50.012,8881,13286,1.550,1.540,0.940,1,0,461.114,0,0,17,185,0,35,0
25-06 22:55:08,9.992,20.483,67.693,0.250,0,4165576,131472,173424,3487980,6054.892,1618.635,39.966,723.390,2.997,50.957,5733,4550,1.550,1.540,0.940,1,0,284.760,0,0,17,185,0,35,0
25-06 22:55:09,23.395,19.164,55.749,0.249,0,4166132,173032,173424,3447012,4340.492,1164.765,11.946,505.727,2.987,49.776,6102,5778,1.550,1.540,0.940,2,0,275.761,0,0,17,201,0,21,0
25-06 22:55:10,26.096,17.816,54.952,0,0,4229860,138816,173424,3417848,4474.455,1463.382,429.580,4568.802,7.026,36.133,5592,5763,1.580,1.550,0.950,3,0,190.701,0,0,17,201,0,21,0
25-06 22:55:11,43.742,9.248,45.742,0.250,0,4346828,130168,173424,3311460,4622.162,1565.716,727.868,799.855,10.998,109.980,3253,1967,1.580,1.550,0.950,3,0,1.000,0,0,17,201,0,21,0
25-06 22:55:12,37.441,8.986,51.669,0.499,0,4443432,160804,173428,3187520,4345.192,1509.635,67.894,315.506,6.989,26.958,3317,2557,1.580,1.550,0.950,3,0,9.984,0,0,17,206,0,21,0
25-06 22:55:13,31.368,14.555,53.450,0.502,0,4340188,263988,173428,3187580,4261.969,1614.047,20.075,15827.301,2.008,879.295,4639,3395,1.580,1.550,0.950,2,0,210.790,0,0,17,209,0,21,0
25-06 22:55:14,33.410,29.670,34.906,0,0,4415124,186420,173452,3190188,4160.837,1507.954,2736.658,27.925,42.885,6.981,6469,6068,1.580,1.550,0.950,6,0,558.502,0,0,17,209,0,18,0
25-06 22:55:15,39.787,23.022,36.784,0,0,4435116,164088,173452,3192492,11768.035,8507.978,340.319,324.304,6.006,18.017,7188,8694,1.700,1.570,0.960,6,0,350.329,0,0,17,218,0,18,0
25-06 22:55:16,62.450,19.734,17.486,0,0,4498828,139564,173456,3155464,5601.550,2383.107,63.949,1039.174,8.993,22.982,5702,7180,1.700,1.570,0.960,5,0,231.816,0,0,17,218,0,19,0
25-06 22:55:17,68.008,14.002,17.002,0.250,0,4623480,138148,173472,3035432,9295.153,6431.798,1888.234,340.042,48.006,17.002,4512,3240,1.700,1.570,0.960,3,0,21.003,0,0,17,225,0,19,0
25-06 22:55:18,66.357,11.268,18.280,4.006,0,4650524,215844,173548,2933884,10154.432,6528.565,6430.406,2620.240,467.757,166.269,6410,8195,1.700,1.570,0.960,3,0,28.045,0,0,17,226,0,23,0
25-06 22:55:19,38.910,24.942,34.171,0,0,4684500,180368,173556,2935456,5267.806,1616.259,3.991,8368.628,0.998,29.931,7074,6962,1.700,1.570,0.960,4,0,424.018,0,0,17,225,0,23,0
25-06 22:55:20,35.556,21.784,41.565,0,0,4681084,181756,173556,2937760,12962.338,9886.512,108.170,532.836,7.011,29.046,7570,10786,2.120,1.660,0.990,2,0,350.550,0,0,17,228,0,23,0
25-06 22:55:21,51.825,22.032,25.036,0.501,0,4686960,174340,173556,2938976,7479.827,4232.126,136.197,781.131,7.010,52.075,5941,6098,2.120,1.660,0.990,6,0,362.525,0,0,17,231,0,24,0
25-06 22:55:22,56.048,25.907,16.939,0.498,0,4785704,153372,173572,2862776,10613.719,7372.409,1052.205,924.665,48.824,51.813,6814,8062,2.120,1.660,0.990,3,0,378.634,0,0,17,234,0,22,0
25-06 22:55:23,56.578,24.534,18.275,0.250,0,4776792,194424,173576,2830616,9615.215,6803.350,272.374,981.349,13.018,75.103,9781,15070,2.120,1.660,0.990,5,0,342.471,0,0,17,235,0,25,0
25-06 22:55:24,58.560,27.411,12.459,0,0,4885744,116904,173588,2800292,4870.166,1614.750,75.754,394.717,2.990,28.906,6413,7965,2.120,1.660,0.990,3,0,477.448,0,0,17,237,0,25,0
25-06 22:55:25,48.470,20.342,29.885,0.251,0,4926336,151276,173588,2727092,15896.071,12569.991,502.277,1985.000,30.137,127.578,7977,12143,2.190,1.680,1,4,0,239.084,0,0,17,241,0,26,1
25-06 22:55:26,67.828,15.461,15.710,0.249,0,5005240,125868,173592,2674680,5935.940,1574.007,981.510,2286.200,13.965,119.696,6950,12593,2.190,1.680,1,3,0,38.901,0,0,17,241,0,26,0
25-06 22:55:27,56.584,9.183,33.504,0.496,0,5089348,135820,173600,2583144,17054.665,13395.556,996.675,460.615,74.453,23.825,4619,4259,2.190,1.680,1,4,0,3.971,0,0,17,248,0,29,0
25-06 22:55:28,55.177,12.094,31.494,0.756,0,5103092,201576,173600,2506020,14154.584,8303.283,1269.831,999.740,34.265,84.655,5794,7500,2.190,1.680,1,4,0,26.203,0,0,17,252,0,31,0
25-06 22:55:29,52.864,24.302,22.047,0.251,0,5114524,186396,173728,2509600,7270.621,2497.366,4197.017,1377.961,67.144,76.164,7185,7479,2.190,1.680,1,2,0,334.719,0,0,17,251,1,32,0
25-06 22:55:30,44.008,27.005,28.005,0,0,5051784,248884,173728,2509824,15607.011,12180.350,1024.198,824.159,8.002,27.005,6555,6028,2.260,1.710,1.010,3,0,450.087,0,0,17,251,0,32,0
25-06 22:55:31,59.074,22.184,17.946,0,0,5130436,170188,173732,2509988,4655.122,1507.506,514.466,3003.047,4.985,31.905,6540,7229,2.260,1.710,1.010,4,0,193.423,0,0,18,255,0,32,0
25-06 22:55:32,76.248,18.309,4.515,0,0,5218892,139592,173736,2454736,14634.514,11433.120,1143.713,2335.583,40.130,234.762,7240,8378,2.260,1.710,1.010,3,0,161.524,0,0,18,259,0,34,0
25-06 22:55:33,78.016,15.952,4.487,1.246,0.249,5258780,148060,173748,2408176,6237.253,2546.347,3158.507,8809.521,151.545,1020.931,6081,4984,2.260,1.710,1.010,4,1,21.934,0,0,18,262,0,35,0
25-06 22:55:34,70.974,15.800,12.038,0.752,0,5344112,134752,173784,2338352,10196.108,7193.653,1007.172,7676.173,37.117,297.938,6630,7087,2.260,1.710,1.010,4,0,137.433,0,0,18,266,0,34,0
25-06 22:55:35,37.746,11.999,48.994,0.250,0,5280608,199372,173788,2337584,15421.220,8057.070,775.910,9294.927,7.999,71.992,4461,3677,2.320,1.730,1.020,2,0,97.989,0,0,18,268,0,35,0
25-06 22:55:36,41.132,10.719,46.367,0,0,5358380,133060,173788,2326636,20265.678,4761.298,558.393,374.921,6.980,22.934,3744,3023,2.320,1.730,1.020,3,0,5.983,0,0,18,272,0,35,1
25-06 22:55:37,40.100,18.296,39.849,0.251,0,5335836,160912,173788,2321664,17140710.901,264790.750,3063.622,629.566,32.080,54.135,20351,10293,2.320,1.730,1.020,2,0,264.658,0,0,18,271,0,35,0
25-06 22:55:38,46.284,6.755,45.783,0.250,0,5364580,132140,173788,2321692,6514.748,2609.902,0,648.473,0,72.053,3930,3413,2.320,1.730,1.020,3,0,8.006,0,0,18,274,0,34,0
25-06 22:55:39,34.984,6.247,57.474,0.250,0,5420468,138364,173788,2261952,19961.958,16425.560,0,447.797,0,37.983,3855,3520,2.320,1.730,1.020,4,0,1.000,0,0,18,283,0,35,0
25-06 22:55:40,25.719,4.994,67.170,0.749,0,5354976,203104,173796,2262696,413975.626,16373218.496,575.314,2840.615,34.958,79.905,6324,5632,2.290,1.730,1.030,1,0,6.992,0,0,18,280,0,37,0
25-06 22:55:41,38.002,6.500,54.003,0,0,5434152,119352,173800,2267268,10295883.602,34371.788,32.002,640.033,2.000,50.003,6880,6391,2.290,1.730,1.030,1,0,1.000,0,0,18,285,0,37,0
25-06 22:55:42,23.989,6.997,67.219,1.000,0,5396784,168604,173800,2255548,6223390.122,54299.021,47.978,23101.373,2.999,308.858,5626,5232,2.290,1.730,1.030,0,0,65.970,0,0,18,283,0,39,0
25-06 22:55:43,14.030,15.783,68.895,0.251,0,5295320,269996,173800,2255620,5181.919,1713.611,32.068,456.963,3.006,27.057,4723,3661,2.290,1.730,1.030,2,0,236.498,0,0,18,282,0,40,0
25-06 22:55:44,16.230,11.486,70.414,0,0,5310876,254420,173800,2255640,3935.197,1120.632,0,5261.578,0,619.244,3821,3124,2.290,1.730,1.030,2,0,199.756,0,0,18,282,0,40,0
25-06 22:55:45,21.012,5.503,72.292,0.250,0,5292460,272832,173800,2255644,4308.476,1566.901,0,1588.913,0,95.055,2536,2079,2.190,1.720,1.030,2,0,41.024,0,0,18,282,0,40,0
25-06 22:55:46,8.220,19.429,70.242,0,0,5294388,270872,173800,2255676,4293.246,1506.472,0,123.547,0,11.956,5114,3693,2.190,1.720,1.030,1,0,259.049,0,0,18,282,0,38,0
25-06 22:55:47,11.296,20.583,66.017,0,0,5284740,280428,173800,2255768,4684.940,1572.357,48.195,12679.258,2.008,130.528,5641,4256,2.190,1.720,1.030,2,0,294.189,0,0,18,286,0,38,0
25-06 22:55:48,3.241,4.488,90.009,0,0,5279436,285728,173800,2255772,4164.825,1362.345,0,51.861,0,5.984,2229,2142,2.190,1.720,1.030,0,0,79.786,0,0,18,286,0,38,0
25-06 22:55:49,17.969,4.492,76.620,0,0,5338444,226712,173800,2255780,4095.047,1239.895,0,0,0,0,2056,1691,2.190,1.720,1.030,1,0,8.985,0,0,18,286,0,38,0
25-06 22:55:50,19.035,2.755,77.140,0,0,5363648,201496,173800,2255792,12423.591,9517.306,0,60.109,0,6.011,2119,1824,2.090,1.710,1.030,1,0,3.005,0,0,18,287,0,37,0
25-06 22:55:51,15.787,12.279,70.917,0.501,0,5340044,224948,173804,2255924,5532.029,2517.930,88.208,260.614,7.017,18.042,4105,3255,2.090,1.710,1.030,2,0,133.314,0,0,18,290,0,38,0
25-06 22:55:52,14.736,16.984,66.439,0,0,5339940,224816,173804,2256144,4961.412,1634.488,0,831.231,0,63.941,5286,4507,2.090,1.710,1.030,1,0,158.853,0,0,18,294,0,38,0
25-06 22:55:53,12.241,16.488,69.199,0.500,0,5327472,237164,173804,2256248,4648.579,1510.888,0,271.800,0,20.985,4963,3714,2.090,1.710,1.030,1,0,156.885,0,0,18,294,0,38,0
25-06 22:55:54,12.995,14.245,70.474,0,0,5315976,248452,173804,2256456,4966.135,1565.412,3.998,147.944,1.000,8.997,4137,3019,2.090,1.710,1.030,1,0,151.943,0,0,18,294,0,37,0
25-06 22:55:55,22.052,4.761,72.421,0,0,5353268,211160,173804,2256456,5112.099,1708.042,0,244.579,0,15.036,2149,1789,2.080,1.710,1.030,1,0,1.002,0,0,18,294,0,37,0
25-06 22:55:56,23.732,2.998,71.945,0.250,0,5403124,161012,173804,2256748,5113.069,1618.756,291.776,2697.926,5.995,131.899,2363,2173,2.080,1.710,1.030,1,0,2.998,0,0,18,296,0,37,0
25-06 22:55:57,24.020,3.002,72.059,0.250,0,5322296,241712,173808,2256876,5044.147,1621.333,96.079,624.513,6.005,50.041,2549,2333,2.080,1.710,1.030,2,0,6.005,0,0,18,294,0,37,0
25-06 22:55:58,23.731,3.497,72.441,0,0,5385188,178788,173808,2256908,4768.105,1510.766,23.980,75.938,3.997,7.993,2211,1905,2.080,1.710,1.030,2,0,1.998,0,0,18,294,0,37,0
25-06 22:55:59,17.949,3.989,76.781,0.249,0,5421328,142644,173808,2256912,6695.870,3916.810,0,79.772,0,5.983,2140,1811,2.080,1.710,1.030,2,0,2.991,0,0,18,297,0,37,0
25-06 22:56:00,16.516,1.501,80.827,0,0,5417908,146044,173808,2256932,21539.593,18366.560,0,0,0,0,2390,2195,1.920,1.680,1.030,1,0,2.002,0,0,18,300,0,39,0
25-06 22:56:01,22.516,5.754,71.301,0.250,0,5338024,225728,173808,2257132,5466.909,1567.121,32.023,392.280,1.001,39.028,2425,2114,1.920,1.680,1.030,1,0,15.011,0,0,18,294,0,39,0
25-06 22:56:02,27.250,3.000,68.750,0,0,5368744,195004,173808,2257136,3916.016,756.003,0,1180.005,0,49.000,2405,2169,1.920,1.680,1.030,1,0,0,0,0,18,298,0,39,0
25-06 22:56:03,17.255,18.005,63.267,0.250,0,5336508,227068,173820,2257312,5003.308,1284.336,392.103,516.135,5.001,23.006,5302,11974,1.920,1.680,1.030,1,0,276.072,0,0,18,298,0,40,0
25-06 22:56:04,9.501,19.001,69.005,0,0,5338984,224452,173820,2257436,5232.374,1512.108,24.002,2912.208,3.000,425.030,5481,4084,1.920,1.680,1.030,1,0,327.023,0,0,18,298,0,40,0
25-06 22:56:05,21.022,5.256,72.827,0,0.501,5373228,190180,173840,2257444,5211.534,1567.665,0,4.004,0,1.001,2382,1928,1.840,1.670,1.030,1,0,48.051,0,0,18,298,0,40,0
25-06 22:56:06,18.749,3.250,76.996,0.500,0,5348712,208840,174408,2262620,12586.311,4638.746,0,999.945,0,18.999,2106,1618,1.840,1.670,1.030,1,0,9.000,0,0,18,298,0,40,0
25-06 22:56:07,23.982,5.746,68.448,0,0,5402812,152908,174476,2264352,5847.530,1510.845,0,771.410,0,22.982,7297,14680,1.840,1.670,1.030,2,0,6.995,0,0,18,298,0,38,0
25-06 22:56:08,18.012,4.003,76.052,0.250,0,5404864,150028,174536,2265100,12383.548,4576.159,52.036,744.514,8.006,27.019,2351,2248,1.840,1.670,1.030,2,0,8.006,0,0,18,299,0,38,0
25-06 22:56:09,22.251,6.750,69.003,0,0.250,5402468,152284,174584,2265192,5132.234,1512.069,0,528.024,0,17.001,9666,17798,1.840,1.670,1.030,2,0,19.001,0,0,18,299,0,38,0
25-06 22:56:10,15.739,11.492,70.453,0.250,0,5368404,192312,174668,2259168,4884.726,1738.835,0,1023.314,0,34.977,3858,3042,1.780,1.660,1.030,2,0,137.908,0,0,18,298,0,38,0
25-06 22:56:11,17.482,10.489,70.677,0.250,0,5396044,164656,174668,2259184,4784.056,1510.439,31.967,379.608,0.999,26.972,3504,2998,1.780,1.660,1.030,1,0,131.864,0,0,18,298,0,38,0
25-06 22:56:12,21.232,2.748,74.938,0.250,0,5420952,139524,174668,2259408,10057.614,7338.881,0,223.813,0,19.983,2340,2141,1.780,1.660,1.030,1,0,0.999,0,0,18,299,0,38,0
25-06 22:56:13,19.285,9.517,69.627,0.250,0,5329596,230828,174668,2259468,9022.405,6227.323,20.036,1506.740,2.004,110.200,3795,3333,1.780,1.660,1.030,1,0,119.217,0,0,18,298,0,41,0
25-06 22:56:14,25.243,5.249,67.981,0,0,5384884,175528,174668,2259480,5648.410,1619.544,0,215.939,0,19.994,2615,2218,1.780,1.660,1.030,1,0,1.999,0,0,18,298,0,41,0
25-06 22:56:15,18.741,2.499,77.711,0.250,0,5388672,171728,174668,2259492,14229.942,10398.842,0,115.942,0,7.996,2166,1856,1.710,1.650,1.020,1,0,0,0,0,18,298,0,42,0
25-06 22:56:16,19.213,7.486,71.612,0,0,5378356,182044,174668,2259492,5466.454,1616.881,0,43.915,0,4.990,2794,2083,1.710,1.650,1.020,1,0,69.865,0,0,18,298,0,42,0
25-06 22:56:17,18.522,2.753,77.843,0,0,5400836,159548,174668,2259508,13463.170,14291.165,0,44.053,0,6.007,2242,1976,1.710,1.650,1.020,0,0,0,0,0,18,299,0,42,0
25-06 22:56:18,20.234,6.745,72.193,0,0,5380232,180144,174668,2259516,10827.491,1882.521,0,79.937,0,7.994,2724,2107,1.710,1.650,1.020,2,0,55.956,0,0,18,298,0,43,0
25-06 22:56:19,18.520,3.254,76.834,0,0,5409696,150672,174668,2259524,11290.282,7286.927,0,0,0,0,1911,1587,1.710,1.650,1.020,2,0,0,0,0,18,299,0,37,0
25-06 22:56:20,20.028,5.257,73.854,0,0,5336724,223628,174668,2259540,9545.504,6028.528,0,0,0,0,2695,2068,1.660,1.640,1.020,2,0,33.047,0,0,18,298,0,40,0
25-06 22:56:21,21.755,3.501,74.019,0,0,5396864,163464,174668,2259564,6833.721,3532.890,16.004,228.057,1.000,21.005,2158,1879,1.660,1.640,1.020,1,0,0,0,0,18,299,0,40,0
25-06 22:56:22,15.731,1.748,80.901,0.499,0,5391584,168728,174668,2259580,14369.456,10410.290,0,495.395,0,57.929,2653,3056,1.660,1.640,1.020,1,0,0,0,0,18,298,0,41,0
25-06 22:56:23,20.267,7.006,71.559,0.250,0,5359680,200620,174668,2259592,4976.079,1633.339,0,252.207,0,23.019,2655,2334,1.660,1.640,1.020,1,0,47.039,0,0,18,298,0,37,0
25-06 22:56:24,18.755,3.501,76.772,0,0,5387288,173008,174668,2259596,10607.101,7377.157,0,204.060,0,17.005,2047,1708,1.660,1.640,1.020,2,0,0,0,0,18,299,0,37,0
25-06 22:56:25,20.762,5.003,73.293,0,0,5362732,197424,174668,2259736,9497.534,6143.580,0,152.089,0,10.006,2688,2182,1.600,1.630,1.020,2,0,32.019,0,0,18,298,0,40,0
25-06 22:56:26,19.973,2.746,76.397,0,0,5410108,150044,174668,2259740,11257.810,7227.249,0,143.806,0,7.989,2079,1596,1.600,1.630,1.020,2,0,0,0,0,18,299,0,40,0
25-06 22:56:27,17.267,3.253,78.075,0.250,0,5379596,180540,174672,2259752,11623.217,6750.515,0,788.761,0,65.063,2708,2776,1.600,1.630,1.020,3,0,27.026,0,0,18,298,0,38,0
25-06 22:56:28,6.244,10.989,79.170,1.998,0,5378976,179940,175212,2260432,9906.024,3958.014,1122.869,223.775,250.747,15.984,3725,3351,1.600,1.630,1.020,0,0,152.846,0,0,18,300,0,38,0
25-06 22:56:29,4.003,8.005,86.305,0.250,0,5365180,193688,175212,2260480,16877.688,3016.910,0,148.094,0,15.010,2764,2338,1.600,1.630,1.020,1,0,113.072,0,0,18,298,0,39,0
25-06 22:56:30,4.989,6.237,87.066,0,0,5320228,238628,175212,2260492,10820.153,5070.294,0,1999.777,0,337.288,2396,2066,1.560,1.620,1.020,1,0,79.831,0,0,18,298,0,40,0
25-06 22:56:31,14.794,12.538,70.963,0.502,0,5337688,220144,175216,2261512,4937.848,1570.723,686.063,577.737,68.205,34.103,4038,3372,1.560,1.620,1.020,0,1,146.440,0,0,18,298,0,33,0
25-06 22:56:32,23.505,4.001,70.515,0.750,0,5365892,180060,175320,2273200,4680.984,1620.341,1128.237,1640.345,106.022,31.007,2695,2583,1.560,1.620,1.020,1,0,13.003,0,0,18,298,0,33,0
25-06 22:56:33,14.976,2.496,81.121,0.250,0,5333644,208576,175408,2276752,16003.626,6053.402,7.987,1102.252,1.997,36.941,2001,1859,1.560,1.620,1.020,1,0,5.991,0,0,18,298,0,33,0
25-06 22:56:34,13.267,14.268,70.091,1.001,0,5300236,238824,175416,2279856,4806.216,1622.098,1289.668,3196.134,21.027,106.137,5303,4659,1.560,1.620,1.020,1,0,240.311,0,0,18,298,0,33,0
25-06 22:56:35,19.659,7.465,71.420,0,0,5363640,175416,175416,2279860,5076.510,1612.539,0,75.650,0,3.982,2702,2034,1.510,1.610,1.020,1,0,61.714,0,0,18,298,0,27,0
25-06 22:56:36,18.819,2.509,78.034,0,0,5383360,155684,175416,2279872,29429.218,25223.897,0,0,0,0,2148,1768,1.510,1.610,1.020,1,0,0,0,0,18,299,0,28,0
25-06 22:56:37,21.733,6.495,69.946,0.500,0,5383808,155212,175416,2279896,5094.053,1696.685,0,379.706,0,45.964,2835,2418,1.510,1.610,1.020,1,0,46.964,0,0,18,298,0,29,0
25-06 22:56:38,18.761,4.253,76.045,0.250,0,5362292,194056,175416,2262748,10374.126,6797.014,0,204.121,0,20.012,2239,2044,1.510,1.610,1.020,1,0,0,0,0,18,299,0,29,0
25-06 22:56:39,19.948,3.990,74.055,0.249,0,5308336,247540,175416,2263220,8380.942,4694.644,462.782,11.969,26.929,0.997,2484,1970,1.510,1.610,1.020,1,0,13.963,0,0,18,298,0,31,0
25-06 22:56:40,22.742,3.749,72.473,0,0,5376216,179660,175416,2263220,5171.077,1753.348,0,3.999,0,1.000,2161,1667,1.470,1.600,1.020,0,0,1.000,0,0,18,298,1,29,0
25-06 22:56:41,18.833,4.269,75.083,0.753,0,5365388,188516,175416,2265192,11560.211,7975.330,1912.472,2338.359,73.325,188.837,4197,5663,1.470,1.600,1.020,1,0,1.004,0,0,18,299,0,29,0
25-06 22:56:42,26.184,4.239,67.082,1.247,0,5325992,227356,175416,2265748,5841.383,2745.131,351.121,2318.199,21.945,185.536,3858,4887,1.470,1.600,1.020,1,0,4.988,0,0,18,298,0,30,0
25-06 22:56:43,21.006,2.501,74.770,0,0,5362476,190872,175416,2265748,6390.720,3532.951,0,312.084,0,18.005,2074,1639,1.470,1.600,1.020,0,0,0,0,0,18,299,0,30,0
25-06 22:56:44,18.499,3.750,74.998,0.750,0,5358732,194412,175416,2265960,13336.588,9318.712,175.995,6415.802,8.000,334.990,3871,4759,1.470,1.600,1.020,3,0,0,0,0,18,299,0,24,0
25-06 22:56:45,18.547,12.030,66.918,0.501,0,5289248,263860,175416,2265996,5810.598,2865.198,0,557.400,0,61.154,4838,4955,1.430,1.590,1.020,2,0,158.398,0,0,18,298,0,25,0
25-06 22:56:46,26.495,28.495,44.492,0,0,5337884,215196,175416,2266024,4428.219,1511.733,767.865,2375.581,5.999,372.934,6595,5320,1.430,1.590,1.020,4,0,533.906,0,0,18,298,0,25,0
25-06 22:56:47,16.466,28.691,53.390,0.249,0,5340648,212404,175416,2266052,4119.520,1562.783,255.474,830.291,1.996,62.871,6404,5315,1.430,1.590,1.020,1,0,487.995,0,0,18,298,0,25,0
25-06 22:56:48,9.240,22.226,66.429,0,0,5330400,222628,175416,2266076,4555.150,1618.277,0,43.953,0,10.988,5735,4242,1.430,1.590,1.020,2,0,386.588,0,0,18,298,0,25,0
25-06 22:56:49,7.771,23.063,67.185,0,0,5323280,229728,175416,2266096,4873.410,1624.470,0,24.066,0,6.017,5618,4142,1.430,1.590,1.020,1,0,353.974,0,0,18,298,0,25,0
25-06 22:56:50,8.250,22.749,67.497,0,0,5308140,244848,175416,2266116,4421.814,1511.937,0,39.998,0,10.000,5873,4421,1.400,1.580,1.020,1,0,398.983,0,0,18,298,0,25,0
25-06 22:56:51,9.254,22.009,67.028,0,0,5300792,252176,175416,2266136,5179.188,1620.685,0,28.012,0,7.003,5799,4345,1.400,1.580,1.020,2,0,385.163,0,0,18,298,0,25,0
25-06 22:56:52,8.482,22.452,66.859,0.249,0,5302468,250472,175416,2266164,4909.612,1616.580,0,682.556,0,52.888,6166,5261,1.400,1.580,1.020,4,0,386.183,0,0,18,298,0,24,0
25-06 22:56:53,9.505,22.010,66.782,0,0,5295784,257132,175416,2266188,5282.516,1620.772,0,344.164,0,26.012,5968,4786,1.400,1.580,1.020,1,0,371.177,0,0,18,298,0,24,0
25-06 22:56:54,8.511,21.527,67.836,0,0,5293064,259816,175416,2266224,4491.705,1567.992,16.020,408.519,1.001,28.036,5703,4466,1.400,1.580,1.020,1,0,327.416,0,0,18,298,0,24,0
25-06 22:56:55,15.948,10.466,71.764,0.249,0,5301948,366176,175424,2162468,3548.319,538.228,3.987,1977.490,0.997,9.967,3177,2651,1.280,1.550,1.020,2,0,95.685,0,0,18,298,0,24,0
25-06 22:56:56,21.804,5.012,72.179,0,0,5321952,335236,175488,2173336,4907.167,1531.798,0,1158.873,0,17.042,2388,1914,1.280,1.550,1.020,1,0,18.045,0,0,18,298,0,24,0
25-06 22:56:57,16.984,1.249,79.675,0.500,0,5332508,323696,175492,2174312,18759.448,8563.987,643.398,843.211,35.966,23.978,1821,1523,1.280,1.550,1.020,1,0,0,0,0,18,299,0,24,0
25-06 22:56:58,14.757,1.751,81.789,1.501,0,5330748,324284,175564,2175404,27270.982,15632.442,596.284,1944.926,70.033,61.029,1982,1959,1.280,1.550,1.020,1,0,2.001,0,0,18,299,0,24,0
25-06 22:56:59,17.018,1.502,80.333,0.751,0,5334144,319260,175612,2176976,21834.601,12116.542,1329.376,1509.563,63.065,46.048,1857,1620,1.280,1.550,1.020,1,0,0,0,0,18,299,0,24,0
25-06 22:57:00,18.219,1.747,78.366,0.749,0,5341888,309992,175660,2178440,19649.462,11495.380,1018.262,1277.819,51.911,38.934,1989,1677,1.180,1.520,1.010,0,0,0.998,0,0,18,299,0,23,0
25-06 22:57:01,21.003,2.750,74.009,1.250,0,5339024,276828,175684,2214436,10967.373,4498.563,12429.556,1208.151,136.017,45.006,2350,2056,1.180,1.520,1.010,1,0,1.000,0,0,18,299,0,23,0
25-06 22:57:02,23.490,3.249,70.969,0.500,0,5338820,260712,175752,2230524,4899.854,1595.301,0,2550.883,0,91.960,2643,2624,1.180,1.520,1.010,1,0,0,0,0,18,299,0,23,0
25-06 22:57:03,28.974,4.996,64.692,0.749,0,5380996,200768,175752,2250680,5193.384,1564.609,0,1790.409,0,62.944,3595,7436,1.180,1.520,1.010,6,0,33.970,0,0,18,299,0,23,0
25-06 22:57:04,24.060,4.261,69.675,1.003,0,5380760,181732,176032,2266608,5571.975,1515.802,0,18101.401,0,221.556,3352,8387,1.180,1.520,1.010,1,0,2.005,0,0,18,299,0,22,0
25-06 22:57:05,22.209,2.994,72.367,0.499,0,5381524,154276,176368,2292624,5256.315,1605.043,0,2239.873,0,79.853,2350,2203,1.170,1.520,1.010,1,0,0,0,0,18,299,0,22,0
25-06 22:57:06,22.786,4.507,71.361,0.250,0,5380012,165024,176844,2282704,6368.927,1796.801,0,2143.341,0,77.120,2559,2166,1.170,1.520,1.010,1,0,8.012,0,0,18,298,0,22,0
25-06 22:57:07,18.756,4.251,75.774,0.250,0,5400116,144892,176844,2282732,13774.414,4562.462,0,1716.550,0,240.077,2456,2213,1.170,1.520,1.010,1,0,33.011,0,0,18,299,0,22,0
25-06 22:57:08,23.006,4.501,71.768,0.750,0,5382960,155504,176948,2289120,5983.481,1794.444,0,1624.402,0,31.008,3178,3796,1.170,1.520,1.010,1,0,8.002,0,0,18,298,0,22,0
25-06 22:57:09,21.478,6.244,70.178,0,0,5363676,173756,176968,2290124,4960.941,1564.405,0,87.910,0,0.999,8690,15317,1.170,1.520,1.010,1,0,8.991,0,0,18,298,0,22,0
25-06 22:57:10,21.235,7.994,68.701,0,0,5368072,169224,177012,2290216,4542.790,1564.894,0,1914.647,0,18.987,9798,17900,1.150,1.510,1.010,1,0,19.986,0,0,18,298,0,22,0
25-06 22:57:11,22.482,4.746,70.942,0,0.250,5325868,218852,177012,2282824,4823.053,1618.675,0,891.271,0,36.970,3173,3002,1.150,1.510,1.010,1,0,50.958,0,0,18,298,0,22,0
25-06 22:57:12,23.541,6.762,68.620,0.250,0,5369440,175256,177012,2282848,4433.761,1568.746,0,284.498,0,12.021,7472,14795,1.150,1.510,1.010,1,0,24.042,0,0,18,298,0,22,0
25-06 22:57:13,18.744,3.249,76.727,0,0,5373424,166224,177012,2287896,10344.854,3911.810,0,1123.658,0,26.992,2196,1914,1.150,1.510,1.010,1,0,17.995,0,0,18,298,0,22,0
25-06 22:57:14,22.972,5.493,68.917,0.499,0,5384632,152888,177012,2290128,4097.075,1240.509,15.981,7618.842,0.999,315.621,10367,19217,1.150,1.510,1.010,2,0,7.990,0,0,18,298,0,22,0
25-06 22:57:15,23.222,8.490,66.669,0,0,5401788,135512,177012,2290316,5217.630,1711.910,0,87.893,0,0.999,9591,17919,1.140,1.500,1.010,1,0,21.973,0,0,18,298,0,22,0
25-06 22:57:16,22.288,6.261,70.119,0,0,5353088,191604,177056,2282896,5023.503,1460.472,0,605.024,0,15.025,2685,2158,1.140,1.500,1.010,1,0,14.024,0,0,18,298,0,20,0
25-06 22:57:17,22.289,6.261,69.873,0,0,5312220,232452,177056,2282920,3912.891,486.857,0,629.108,0,24.042,3075,2672,1.140,1.500,1.010,1,0,71.125,0,0,18,298,0,20,0
25-06 22:57:18,21.232,4.996,72.687,0.250,0,5336124,200700,177056,2290752,4310.253,1133.015,0,115.899,0,8.992,2669,2313,1.140,1.500,1.010,1,0,43.962,0,0,18,298,0,20,0
25-06 22:57:19,20.002,2.250,76.507,0,0,5347076,186604,177072,2293816,10655.024,3705.356,0,1456.140,0,21.002,2041,1741,1.140,1.500,1.010,1,1,16.002,0,0,18,298,0,20,0
25-06 22:57:20,15.262,2.002,81.814,0.250,0,5361636,171604,177140,2294188,24271.931,12510.758,4.003,1289.005,1.001,42.033,1770,1700,1.130,1.490,1.010,2,0,1.001,0,0,18,299,0,16,0
25-06 22:57:21,11.232,1.248,85.117,0.749,0,5358700,173852,177336,2294680,158935.336,18371.372,0,2024.845,0,73.885,1983,1952,1.130,1.490,1.010,0,1,0,0,0,18,300,0,16,0
25-06 22:57:22,17.711,1.996,78.080,0.748,0,5375672,156424,177492,2294960,31632.953,14013.412,0,3029.388,0,279.390,2466,2547,1.130,1.490,1.010,1,0,0,0,0,18,300,0,16,0
25-06 22:57:23,15.538,1.504,81.451,0.251,0,5373564,158100,177600,2295284,37129.538,11452.234,0,1247.074,0,48.119,1968,1967,1.130,1.490,1.010,1,0,0,0,0,18,300,0,16,0
25-06 22:57:24,9.255,2.001,86.042,1.251,0,5372684,158100,177916,2295832,372309.326,24369.934,44.022,2861.401,5.002,121.059,2517,2618,1.130,1.490,1.010,1,0,0,0,0,18,300,0,16,0
25-06 22:57:25,13.751,1.750,82.503,1.250,0,5371900,158100,178180,2296320,76885.852,18000.668,104.004,2360.088,6.000,95.004,2098,2114,1.040,1.460,1,0,0,0,0,0,18,300,0,15,0
25-06 22:57:26,5.997,1.999,88.958,0.250,0,5366256,150064,178244,2309884,2684529.485,51791.527,0,2518.810,0,50.976,3817,2991,1.040,1.460,1,0,0,1.999,0,0,18,300,0,15,0
25-06 22:57:27,5.738,2.993,87.061,0.499,0,5366320,132200,178304,2327572,9364160.216,96280.654,0,7236.266,0,128.720,5967,4134,1.040,1.460,1,0,0,1.996,0,0,18,300,0,15,0
25-06 22:57:28,11.266,3.505,82.116,0.751,0,5340908,151868,178460,2333328,6591331.313,65447.296,164.232,13410.913,4.006,84.119,4244,3028,1.040,1.460,1,1,0,1.001,0,0,18,300,0,15,0
25-06 22:57:29,22.530,3.254,72.846,0.501,0,5350456,126104,181320,2346572,5785.641,1459.928,0,4397.808,0,96.127,2426,2243,1.040,1.460,1,2,0,1.001,0,0,18,300,0,11,0
25-06 22:57:30,22.497,4.999,71.491,0.500,0,5355716,151232,182184,2315932,4679.379,1619.785,0,12978.278,0,114.985,2401,2110,1.030,1.460,1,1,0,1.000,0,0,18,300,0,11,0
25-06 22:57:31,23.250,3.500,72.001,0.500,0,5377492,133704,182552,2311280,5135.060,1458.017,0,788.009,0,25.000,2284,1904,1.030,1.460,1,1,0,0,0,0,18,300,0,11,0
25-06 22:57:32,22.021,8.508,66.564,1.251,0,5392276,167420,182584,2263392,4804.601,1621.553,0,86210.561,0,654.627,3797,3775,1.030,1.460,1,1,0,0,0,0,18,300,0,11,0
25-06 22:57:33,22.500,4.000,72.252,0.750,0,5387956,155384,183480,2278536,4818.102,1458.031,0,4192.089,0,218.005,2453,2281,1.030,1.460,1,1,0,0,0,0,18,300,0,9,0
25-06 22:57:34,23.495,3.249,71.985,0.250,0,5394240,123524,184804,2302468,4859.009,1619.670,3.999,2291.533,1.000,52.989,2380,2200,1.030,1.460,1,2,0,0,0,0,18,300,0,9,0
25-06 22:57:35,23.220,2.996,71.908,0.499,0,5394036,151056,184656,2275256,4821.818,1456.133,0,1466.120,0,41.946,2309,2037,1.110,1.470,1.010,1,0,0,0,0,18,300,0,9,0
25-06 22:57:36,22.774,6.757,67.570,1.502,0,5369928,157028,185648,2290912,5062.229,1621.675,52.054,155300.405,13.013,1521.572,5334,5928,1.110,1.470,1.010,2,0,0,0,0,18,300,0,9,0
25-06 22:57:37,23.008,6.252,69.525,0.500,0,5333544,229052,185668,2255272,4783.742,1806.658,0,1056.385,0,38.014,2664,2404,1.110,1.470,1.010,2,0,19.007,0,0,18,298,0,7,0
25-06 22:57:38,14.992,2.749,80.959,0.250,0,5351260,205568,185700,2260848,11186.281,4492.703,3.998,1419.274,0.999,44.977,2357,2619,1.110,1.470,1.010,2,0,17.991,0,0,18,299,0,7,0
25-06 22:57:39,23.977,4.995,68.933,0,0,5330496,225132,185756,2261688,5334.822,1672.377,0,179.825,0,5.994,7496,13991,1.110,1.470,1.010,1,0,6.993,0,0,18,298,0,7,0
25-06 22:57:40,21.276,6.258,71.338,0,0,5349948,204544,185776,2262692,5106.301,1622.002,0,2963.657,0,32.040,2986,3347,1.100,1.460,1.010,1,0,9.011,0,0,18,298,0,7,0
25-06 22:57:41,21.991,6.997,69.473,0,0,5359164,195300,185776,2262720,5654.768,1619.361,0,31.987,0,3.998,7131,15250,1.100,1.460,1.010,1,0,12.995,0,0,18,298,0,5,0
25-06 22:57:42,20.993,6.748,71.226,0.250,0,5328336,233320,185784,2255488,4516.474,1499.494,0,851.712,0,33.989,2384,1963,1.100,1.460,1.010,1,0,6.998,0,0,18,298,0,5,0
25-06 22:57:43,22.244,3.749,71.981,0,0,5366040,194252,185888,2257196,5038.675,1661.563,251.934,687.819,4.999,146.961,2332,1945,1.100,1.460,1.010,1,0,5.998,0,0,18,298,0,5,0
25-06 22:57:44,22.768,4.504,70.807,0.751,0,5374700,183884,185896,2258864,4323.470,1663.335,524.421,3879.113,19.015,148.119,4647,6243,1.100,1.460,1.010,2,0,0,0,0,18,299,0,9,0
25-06 22:57:45,23.773,8.258,63.811,2.002,0,5311264,245916,185900,2260248,4864.654,1621.551,1012.969,3147.011,57.055,330.316,7257,10692,1.090,1.450,1.010,2,0,83.079,0,0,18,300,0,8,0
25-06 22:57:46,31.963,20.477,46.197,0.999,0,5327284,226064,185900,2264108,4751.562,1618.148,4275.107,447.488,97.888,24.971,5806,4807,1.090,1.450,1.010,3,0,364.583,0,0,18,300,0,10,0
25-06 22:57:47,15.227,7.738,59.162,15.976,0,5294996,218520,185904,2303936,4912.658,1617.583,40267.820,3598.622,3079.398,151.773,5921,8496,1.090,1.450,1.010,1,0,12.981,0,0,18,300,0,10,0
25-06 22:57:48,6.740,2.996,86.624,2.496,0.250,5271836,238024,185908,2307588,8355.830,3076.519,3658.671,826.796,420.388,18.972,2062,2617,1.090,1.450,1.010,0,0,5.991,0,0,18,301,0,10,0
25-06 22:57:49,1.502,0.501,96.864,0,0,5269256,240604,185908,2307588,6567.753,2991.531,0,32.038,0,5.006,1090,1412,1.090,1.450,1.010,0,0,0,0,0,18,301,0,10,0
25-06 22:57:50,2.747,0.999,94.912,0,0,5267052,242804,185908,2307592,8836.776,3220.003,0,15.985,0,3.996,1080,1388,1.010,1.430,1,0,0,1.998,0,0,18,301,0,10,0
25-06 22:57:51,1.504,0.501,96.513,0,0,5264040,245816,185908,2307592,42513.006,4125.257,0,0,0,0,1061,1332,1.010,1.430,1,0,0,0,0,0,18,301,0,10,0
25-06 22:57:52,2.751,1.250,94.783,0.250,0,5262576,247208,185908,2307664,83793.351,2118.742,0,632.221,0,57.020,1455,2261,1.010,1.430,1,0,0,2.001,0,0,18,301,0,10,0
25-06 22:57:53,5.249,2.249,90.477,0.750,0,5241708,267488,185916,2308244,180614.286,128389.504,639.838,919.767,21.994,22.994,1930,2214,1.010,1.430,1,0,0,12.997,0,0,18,300,0,10,0
25-06 22:57:54,0.500,1.000,97.205,0,0,5218600,290596,185916,2308244,4395.981,1457.331,0,2131.021,0,337.845,994,1301,1.010,1.430,1,0,0,0,0,0,18,300,0,10,0
25-06 22:57:55,2.999,1.250,93.482,0.500,0,5218948,290092,185920,2308396,4757.080,1457.718,15.997,1023.802,1.000,78.985,1705,2545,0.930,1.400,0.990,1,0,0,0,0,18,300,0,10,0
25-06 22:57:56,1.500,0.500,97.262,0,0,5218948,290092,185920,2308396,5177.638,1620.200,0,32.004,0,4.000,982,1341,0.930,1.400,0.990,0,0,0,0,0,18,300,0,10,0
25-06 22:57:57,0.999,0.500,97.442,0,0,5218948,290092,185920,2308396,4215.500,1457.136,0,0,0,0,921,1286,0.930,1.400,0.990,0,0,0,0,0,18,300,0,10,0
25-06 22:57:58,1.498,0.749,96.596,0,0,5218948,290092,185920,2308396,2977.252,161.742,0,3.994,0,0.998,934,1346,0.930,1.400,0.990,0,0,1.997,0,0,18,300,0,10,0
25-06 22:57:59,1.000,0.750,97.212,0,0,5218944,290092,185920,2308400,4576.199,1457.427,0,0,0,0,895,1281,0.930,1.400,0.990,0,0,0,0,0,18,300,0,10,0
25-06 22:58:00,1.755,1.254,96.527,0,0,5219444,289592,185920,2308400,5235.000,1624.655,0,36.103,0,4.011,1059,1394,0.850,1.380,0.990,0,0,1.003,0,0,18,300,0,10,0
25-06 22:58:01,1.250,0.250,97.740,0,0,5219404,289592,185924,2308436,5014.474,1457.847,0,35.996,0,1.000,916,1291,0.850,1.380,0.990,0,0,0,0,0,18,300,0,10,0
25-06 22:58:02,2.001,1.000,96.277,0,0,5219400,289592,185924,2308440,4621.312,1620.460,0,352.100,0,33.009,1190,1752,0.850,1.380,0.990,0,0,0,0,0,18,300,0,10,0
25-06 22:58:03,0.750,0.500,97.483,0,0,5219396,289592,185924,2308444,4919.125,1619.712,0,27.995,0,3.999,884,1290,0.850,1.380,0.990,0,0,0,0,0,18,300,0,10,0
25-06 22:58:04,6.247,3.498,89.203,0,0,5231956,277024,185924,2308452,5257.244,1619.151,7.996,7.996,0.999,0.999,2108,6035,0.850,1.380,0.990,0,0,35.981,0,0,18,300,0,11,0
25-06 22:58:05,1.500,1.000,94.732,1.000,0,5231940,277024,185924,2308468,5458.991,1619.701,0,3743.308,0,188.965,1623,2592,0.780,1.360,0.980,0,0,0,0,0,18,300,0,11,0
25-06 22:58:06,1.995,1.995,94.503,0,0,5232444,276520,185924,2308468,6557.849,1454.197,0,199.478,0,0.997,1234,1455,0.780,1.360,0.980,0,0,5.984,0,0,18,300,0,10,0
25-06 22:58:07,1.755,3.761,93.014,0.251,0.251,5226076,282884,185932,2308464,6378.077,1624.604,8.023,94612.149,2.006,923.618,2598,2879,0.780,1.360,0.980,0,0,0,0,0,18,300,0,10,0
25-06 22:58:08,1.748,0.749,96.404,0.250,0,5226728,282380,185932,2308480,5112.923,1456.554,0,1474.536,0,13.986,1091,1589,0.780,1.360,0.980,0,0,0,0,0,18,300,0,10,0
25-06 22:58:09,1.498,0.749,97.138,0,0,5226952,282156,185932,2308480,5094.117,1618.131,0,31.963,0,2.997,1017,1459,0.780,1.360,0.980,1,0,0,0,0,18,300,0,10,0
25-06 22:58:10,1.002,1.002,96.702,0,0,5227424,281684,185932,2308480,3745.834,1461.056,0,1098.297,0,195.409,1098,1532,0.720,1.330,0.980,1,0,1.002,0,0,18,300,0,10,0
25-06 22:58:11,1.500,0.250,97.221,0,0,5227424,281684,185932,2308480,4515.671,1619.524,0,27.992,0,3.999,919,1273,0.720,1.330,0.980,0,0,0,0,0,18,300,0,10,0
25-06 22:58:12,1.999,1.999,95.198,0,0,5236300,272808,185932,2308480,4035.792,1457.203,0,255.860,0,22.987,1238,1727,0.720,1.330,0.980,0,0,0,0,0,18,300,0,10,0
25-06 22:58:13,1.498,0.250,96.860,0,0,5236296,272808,185932,2308484,4253.837,1617.656,0,63.907,0,0.999,1025,1489,0.720,1.330,0.980,1,0,0,0,0,18,300,0,10,0
25-06 22:58:14,1.250,0.750,96.472,0.250,0,5236296,272808,185932,2308484,4396.729,1457.579,0,51.985,0,3.999,939,1276,0.720,1.330,0.980,0,0,0,0,0,18,300,0,10,0
25-06 22:58:15,1.750,0.500,96.271,0.250,0,5236292,272808,185932,2308488,4861.040,1662.356,36.008,360.077,2.000,28.006,1253,1845,0.660,1.310,0.970,0,0,0,0,0,18,300,0,10,0
25-06 22:58:16,1.252,0.501,97.410,0,0,5236260,272808,185932,2308520,5323.767,1460.405,0,12.020,0,2.003,986,1337,0.660,1.310,0.970,0,0,0,0,0,18,300,0,10,0
25-06 22:58:17,2.003,0.751,96.137,0,0,5236496,272568,185932,2308524,4806.834,1622.307,0,104.148,0,10.014,1056,1494,0.660,1.310,0.970,1,0,0,0,0,18,300,0,10,0
25-06 22:58:18,3.745,2.247,93.385,0,0,5236456,272568,185932,2308548,5033.814,1659.960,0,2844.504,0,26.967,1485,1921,0.660,1.310,0.970,0,0,2.996,0,0,18,300,0,8,0
25-06 22:58:19,3.251,1.000,94.531,0,0,5236456,272568,185932,2308548,5281.706,1620.524,0,0,0,0,1321,1678,0.660,1.310,0.970,1,0,2.001,0,0,18,300,0,10,0
25-06 22:58:20,2.498,0.749,95.413,0,0,5236436,272568,185932,2308568,5345.150,1618.532,0,147.866,0,12.988,1284,1807,0.690,1.310,0.970,1,0,0.999,0,0,18,300,0,10,0
25-06 22:58:21,0.999,0.250,97.660,0,0,5236436,272568,185932,2308568,5232.169,1618.506,0,0,0,0,877,1323,0.690,1.310,0.970,0,0,0.999,0,0,18,300,0,10,0
25-06 22:58:22,1.751,0.750,96.286,0.250,0,5236436,272568,185932,2308568,4561.708,1620.607,0,560.210,0,53.020,1317,2109,0.690,1.310,0.970,0,0,0,0,0,18,300,0,10,0
25-06 22:58:23,1.249,0.750,96.460,0,0,5236432,272568,185932,2308572,3832.418,1133.532,0,99.959,0,11.995,1102,1688,0.690,1.310,0.970,0,0,0,0,0,18,300,0,10,0
25-06 22:58:24,5.015,2.006,92.534,0,0,5236152,272844,185932,2308576,133349.063,2349.206,0,4.012,0,1.003,1270,1368,0.690,1.310,0.970,2,0,5.015,0,0,18,300,0,10,0
25-06 22:58:25,10.748,4.499,82.983,0.500,0,5247252,261524,185940,2308788,282966.564,9188.135,207.958,651.868,7.998,43.991,2769,2548,0.790,1.320,0.980,2,0,33.993,0,0,18,300,0,10,0
25-06 22:58:26,14.744,5.748,77.968,0.250,0,5264444,241572,185944,2311544,285235.290,4322.247,151.938,1059.570,2.999,216.912,2568,1967,0.790,1.320,0.980,2,0,27.989,0,0,18,300,0,10,0
